Archive member included to satisfy reference by file (symbol)

/home/nikola/intelFPGA_lite/21.1/nios2eds/bin/gnu/H-x86_64-pc-linux-gnu/bin/../lib/gcc/nios2-elf/10.3.1/../../../../../H-x86_64-pc-linux-gnu/nios2-elf/lib/mno-hw-mul/libc.a(lib_a-puts.o)
                              obj/default/matches.o (puts)
/home/nikola/intelFPGA_lite/21.1/nios2eds/bin/gnu/H-x86_64-pc-linux-gnu/bin/../lib/gcc/nios2-elf/10.3.1/../../../../../H-x86_64-pc-linux-gnu/nios2-elf/lib/mno-hw-mul/libc.a(lib_a-strlen.o)
                              /home/nikola/intelFPGA_lite/21.1/nios2eds/bin/gnu/H-x86_64-pc-linux-gnu/bin/../lib/gcc/nios2-elf/10.3.1/../../../../../H-x86_64-pc-linux-gnu/nios2-elf/lib/mno-hw-mul/libc.a(lib_a-puts.o) (strlen)
/home/nikola/intelFPGA_lite/21.1/nios2eds/bin/gnu/H-x86_64-pc-linux-gnu/bin/../lib/gcc/nios2-elf/10.3.1/../../../../../H-x86_64-pc-linux-gnu/nios2-elf/lib/mno-hw-mul/libc.a(lib_a-findfp.o)
                              /home/nikola/intelFPGA_lite/21.1/nios2eds/bin/gnu/H-x86_64-pc-linux-gnu/bin/../lib/gcc/nios2-elf/10.3.1/../../../../../H-x86_64-pc-linux-gnu/nios2-elf/lib/mno-hw-mul/libc.a(lib_a-puts.o) (__sinit)
/home/nikola/intelFPGA_lite/21.1/nios2eds/bin/gnu/H-x86_64-pc-linux-gnu/bin/../lib/gcc/nios2-elf/10.3.1/../../../../../H-x86_64-pc-linux-gnu/nios2-elf/lib/mno-hw-mul/libc.a(lib_a-fvwrite.o)
                              /home/nikola/intelFPGA_lite/21.1/nios2eds/bin/gnu/H-x86_64-pc-linux-gnu/bin/../lib/gcc/nios2-elf/10.3.1/../../../../../H-x86_64-pc-linux-gnu/nios2-elf/lib/mno-hw-mul/libc.a(lib_a-puts.o) (__sfvwrite_r)
/home/nikola/intelFPGA_lite/21.1/nios2eds/bin/gnu/H-x86_64-pc-linux-gnu/bin/../lib/gcc/nios2-elf/10.3.1/../../../../../H-x86_64-pc-linux-gnu/nios2-elf/lib/mno-hw-mul/libc.a(lib_a-fwalk.o)
                              /home/nikola/intelFPGA_lite/21.1/nios2eds/bin/gnu/H-x86_64-pc-linux-gnu/bin/../lib/gcc/nios2-elf/10.3.1/../../../../../H-x86_64-pc-linux-gnu/nios2-elf/lib/mno-hw-mul/libc.a(lib_a-findfp.o) (_fwalk)
/home/nikola/intelFPGA_lite/21.1/nios2eds/bin/gnu/H-x86_64-pc-linux-gnu/bin/../lib/gcc/nios2-elf/10.3.1/../../../../../H-x86_64-pc-linux-gnu/nios2-elf/lib/mno-hw-mul/libc.a(lib_a-impure.o)
                              /home/nikola/intelFPGA_lite/21.1/nios2eds/bin/gnu/H-x86_64-pc-linux-gnu/bin/../lib/gcc/nios2-elf/10.3.1/../../../../../H-x86_64-pc-linux-gnu/nios2-elf/lib/mno-hw-mul/libc.a(lib_a-findfp.o) (_global_impure_ptr)
/home/nikola/intelFPGA_lite/21.1/nios2eds/bin/gnu/H-x86_64-pc-linux-gnu/bin/../lib/gcc/nios2-elf/10.3.1/../../../../../H-x86_64-pc-linux-gnu/nios2-elf/lib/mno-hw-mul/libc.a(lib_a-mallocr.o)
                              /home/nikola/intelFPGA_lite/21.1/nios2eds/bin/gnu/H-x86_64-pc-linux-gnu/bin/../lib/gcc/nios2-elf/10.3.1/../../../../../H-x86_64-pc-linux-gnu/nios2-elf/lib/mno-hw-mul/libc.a(lib_a-findfp.o) (_malloc_r)
/home/nikola/intelFPGA_lite/21.1/nios2eds/bin/gnu/H-x86_64-pc-linux-gnu/bin/../lib/gcc/nios2-elf/10.3.1/../../../../../H-x86_64-pc-linux-gnu/nios2-elf/lib/mno-hw-mul/libc.a(lib_a-memchr.o)
                              /home/nikola/intelFPGA_lite/21.1/nios2eds/bin/gnu/H-x86_64-pc-linux-gnu/bin/../lib/gcc/nios2-elf/10.3.1/../../../../../H-x86_64-pc-linux-gnu/nios2-elf/lib/mno-hw-mul/libc.a(lib_a-fvwrite.o) (memchr)
/home/nikola/intelFPGA_lite/21.1/nios2eds/bin/gnu/H-x86_64-pc-linux-gnu/bin/../lib/gcc/nios2-elf/10.3.1/../../../../../H-x86_64-pc-linux-gnu/nios2-elf/lib/mno-hw-mul/libc.a(lib_a-memcpy.o)
                              /home/nikola/intelFPGA_lite/21.1/nios2eds/bin/gnu/H-x86_64-pc-linux-gnu/bin/../lib/gcc/nios2-elf/10.3.1/../../../../../H-x86_64-pc-linux-gnu/nios2-elf/lib/mno-hw-mul/libc.a(lib_a-fvwrite.o) (memcpy)
/home/nikola/intelFPGA_lite/21.1/nios2eds/bin/gnu/H-x86_64-pc-linux-gnu/bin/../lib/gcc/nios2-elf/10.3.1/../../../../../H-x86_64-pc-linux-gnu/nios2-elf/lib/mno-hw-mul/libc.a(lib_a-memmove.o)
                              /home/nikola/intelFPGA_lite/21.1/nios2eds/bin/gnu/H-x86_64-pc-linux-gnu/bin/../lib/gcc/nios2-elf/10.3.1/../../../../../H-x86_64-pc-linux-gnu/nios2-elf/lib/mno-hw-mul/libc.a(lib_a-fvwrite.o) (memmove)
/home/nikola/intelFPGA_lite/21.1/nios2eds/bin/gnu/H-x86_64-pc-linux-gnu/bin/../lib/gcc/nios2-elf/10.3.1/../../../../../H-x86_64-pc-linux-gnu/nios2-elf/lib/mno-hw-mul/libc.a(lib_a-memset.o)
                              /home/nikola/intelFPGA_lite/21.1/nios2eds/bin/gnu/H-x86_64-pc-linux-gnu/bin/../lib/gcc/nios2-elf/10.3.1/../../../../../H-x86_64-pc-linux-gnu/nios2-elf/lib/mno-hw-mul/libc.a(lib_a-findfp.o) (memset)
/home/nikola/intelFPGA_lite/21.1/nios2eds/bin/gnu/H-x86_64-pc-linux-gnu/bin/../lib/gcc/nios2-elf/10.3.1/../../../../../H-x86_64-pc-linux-gnu/nios2-elf/lib/mno-hw-mul/libc.a(lib_a-reallocr.o)
                              /home/nikola/intelFPGA_lite/21.1/nios2eds/bin/gnu/H-x86_64-pc-linux-gnu/bin/../lib/gcc/nios2-elf/10.3.1/../../../../../H-x86_64-pc-linux-gnu/nios2-elf/lib/mno-hw-mul/libc.a(lib_a-fvwrite.o) (_realloc_r)
[...]
Memory Configuration

Name             Origin             Length             Attributes
reset            0x0000000006000000 0x0000000000000020
sdram_controller_0 0x0000000006000020 0x0000000001ffffe0
*default*        0x0000000000000000 0xffffffffffffffff

Linker script and memory map

LOAD /home/nikola/PNRS/pnrs-2023/de1-soc-demo/sw/nios/individual/matches_bsp//obj/HAL/src/crt0.o
LOAD obj/default/matches.o
LOAD /home/nikola/intelFPGA_lite/21.1/nios2eds/bin/gnu/H-x86_64-pc-linux-gnu/bin/../lib/gcc/nios2-elf/10.3.1/../../../../../H-x86_64-pc-linux-gnu/nios2-elf/lib/mno-hw-mul/libstdc++.a
LOAD /home/nikola/intelFPGA_lite/21.1/nios2eds/bin/gnu/H-x86_64-pc-linux-gnu/bin/../lib/gcc/nios2-elf/10.3.1/../../../../../H-x86_64-pc-linux-gnu/nios2-elf/lib/mno-hw-mul/libm.a
LOAD /home/nikola/intelFPGA_lite/21.1/nios2eds/bin/gnu/H-x86_64-pc-linux-gnu/bin/../lib/gcc/nios2-elf/10.3.1/mno-hw-mul/libgcc.a
START GROUP
LOAD /home/nikola/intelFPGA_lite/21.1/nios2eds/bin/gnu/H-x86_64-pc-linux-gnu/bin/../lib/gcc/nios2-elf/10.3.1/../../../../../H-x86_64-pc-linux-gnu/nios2-elf/lib/mno-hw-mul/libc.a
LOAD /home/nikola/intelFPGA_lite/21.1/nios2eds/bin/gnu/H-x86_64-pc-linux-gnu/bin/../lib/gcc/nios2-elf/10.3.1/mno-hw-mul/libgcc.a
LOAD /home/nikola/PNRS/pnrs-2023/de1-soc-demo/sw/nios/individual/matches_bsp//libhal_bsp.a
LOAD /home/nikola/intelFPGA_lite/21.1/nios2eds/bin/gnu/H-x86_64-pc-linux-gnu/bin/../lib/gcc/nios2-elf/10.3.1/../../../../../H-x86_64-pc-linux-gnu/nios2-elf/lib/mno-hw-mul/libm.a
END GROUP
LOAD /home/nikola/intelFPGA_lite/21.1/nios2eds/bin/gnu/H-x86_64-pc-linux-gnu/bin/../lib/gcc/nios2-elf/10.3.1/mno-hw-mul/libgcc.a
                0x0000000004000000                __alt_mem_sdram_controller_0 = 0x4000000

.entry          0x0000000006000000       0x20
 *(.entry)
 .entry         0x0000000006000000       0x20 /home/nikola/PNRS/pnrs-2023/de1-soc-demo/sw/nios/individual/matches_bsp//obj/HAL/src/crt0.o
                0x0000000006000000                __reset

.exceptions     0x0000000006000020      0x204
                0x0000000006000020                PROVIDE (__ram_exceptions_start = ABSOLUTE (.))
                0x0000000006000020                . = ALIGN (0x20)
 *(.irq)
 *(.exceptions.entry.label)
 .exceptions.entry.label
                0x0000000006000020        0x0 /home/nikola/PNRS/pnrs-2023/de1-soc-demo/sw/nios/individual/matches_bsp//libhal_bsp.a(alt_irq_entry.o)
                0x0000000006000020                alt_irq_entry
 .exceptions.entry.label
                0x0000000006000020        0x0 /home/nikola/PNRS/pnrs-2023/de1-soc-demo/sw/nios/individual/matches_bsp//libhal_bsp.a(alt_exception_entry.o)
                0x0000000006000020                alt_exception
 *(.exceptions.entry.user)
 *(.exceptions.entry.ecc_fatal)
 *(.exceptions.entry)
 .exceptions.entry
                0x0000000006000020       0x54 /home/nikola/PNRS/pnrs-2023/de1-soc-demo/sw/nios/individual/matches_bsp//libhal_bsp.a(alt_exception_entry.o)
 *(.exceptions.irqtest.user)
 *(.exceptions.irqtest)
 .exceptions.irqtest
                0x0000000006000074       0x10 /home/nikola/PNRS/pnrs-2023/de1-soc-demo/sw/nios/individual/matches_bsp//libhal_bsp.a(alt_irq_entry.o)
 *(.exceptions.irqhandler.user)
 *(.exceptions.irqhandler)
 .exceptions.irqhandler
                0x0000000006000084        0x4 /home/nikola/PNRS/pnrs-2023/de1-soc-demo/sw/nios/individual/matches_bsp//libhal_bsp.a(alt_irq_entry.o)
 *(.exceptions.irqreturn.user)
 *(.exceptions.irqreturn)
 .exceptions.irqreturn
                0x0000000006000088        0x4 /home/nikola/PNRS/pnrs-2023/de1-soc-demo/sw/nios/individual/matches_bsp//libhal_bsp.a(alt_irq_entry.o)
 *(.exceptions.notirq.label)
 .exceptions.notirq.label
                0x000000000600008c        0x0 /home/nikola/PNRS/pnrs-2023/de1-soc-demo/sw/nios/individual/matches_bsp//libhal_bsp.a(alt_irq_entry.o)
 *(.exceptions.notirq.user)
 *(.exceptions.notirq)
 .exceptions.notirq
                0x000000000600008c        0x8 /home/nikola/PNRS/pnrs-2023/de1-soc-demo/sw/nios/individual/matches_bsp//libhal_bsp.a(alt_exception_entry.o)
 *(.exceptions.soft.user)
 *(.exceptions.soft)
 *(.exceptions.unknown.user)
 *(.exceptions.unknown)
 .exceptions.unknown
                0x0000000006000094       0x14 /home/nikola/PNRS/pnrs-2023/de1-soc-demo/sw/nios/individual/matches_bsp//libhal_bsp.a(alt_exception_entry.o)
 *(.exceptions.exit.label)
 .exceptions.exit.label
                0x00000000060000a8        0x0 /home/nikola/PNRS/pnrs-2023/de1-soc-demo/sw/nios/individual/matches_bsp//libhal_bsp.a(alt_irq_entry.o)
 .exceptions.exit.label
                0x00000000060000a8        0x0 /home/nikola/PNRS/pnrs-2023/de1-soc-demo/sw/nios/individual/matches_bsp//libhal_bsp.a(alt_exception_entry.o)
 *(.exceptions.exit.user)
 *(.exceptions.exit)
 .exceptions.exit
                0x00000000060000a8       0x54 /home/nikola/PNRS/pnrs-2023/de1-soc-demo/sw/nios/individual/matches_bsp//libhal_bsp.a(alt_exception_entry.o)
 *(.exceptions)
 .exceptions    0x00000000060000fc       0xc8 /home/nikola/PNRS/pnrs-2023/de1-soc-demo/sw/nios/individual/matches_bsp//libhal_bsp.a(alt_irq_handler.o)
                0x00000000060000fc                alt_irq_handler
 .exceptions    0x00000000060001c4       0x60 /home/nikola/PNRS/pnrs-2023/de1-soc-demo/sw/nios/individual/matches_bsp//libhal_bsp.a(alt_instruction_exception_entry.o)
                0x00000000060001c4                alt_instruction_exception_entry
                0x0000000006000224                PROVIDE (__ram_exceptions_end = ABSOLUTE (.))
                0x0000000006000020                PROVIDE (__flash_exceptions_start = LOADADDR (.exceptions))

.text           0x0000000006000224     0x5ca8
                [!provide]                        PROVIDE (stext = ABSOLUTE (.))
 *(.interp)
 *(.hash)
 *(.dynsym)
 *(.dynstr)
 *(.gnu.version)
 *(.gnu.version_d)
 *(.gnu.version_r)
 *(.rel.init)
 *(.rela.init)
 *(.rel.text .rel.text.* .rel.gnu.linkonce.t.*)
 *(.rela.text .rela.text.* .rela.gnu.linkonce.t.*)
 *(.rel.fini)
 *(.rela.fini)
 *(.rel.rodata .rel.rodata.* .rel.gnu.linkonce.r.*)
 *(.rela.rodata .rela.rodata.* .rela.gnu.linkonce.r.*)
 *(.rel.data .rel.data.* .rel.gnu.linkonce.d.*)
 *(.rela.data .rela.data.* .rela.gnu.linkonce.d.*)
 *(.rel.tdata .rel.tdata.* .rel.gnu.linkonce.td.*)
 *(.rela.tdata .rela.tdata.* .rela.gnu.linkonce.td.*)
 *(.rel.tbss .rel.tbss.* .rel.gnu.linkonce.tb.*)
 *(.rela.tbss .rela.tbss.* .rela.gnu.linkonce.tb.*)
 *(.rel.ctors)
 *(.rela.ctors)
 *(.rel.dtors)
 *(.rela.dtors)
 *(.rel.got)
 *(.rela.got)
 *(.rel.sdata .rel.sdata.* .rel.gnu.linkonce.s.*)
 *(.rela.sdata .rela.sdata.* .rela.gnu.linkonce.s.*)
 *(.rel.sbss .rel.sbss.* .rel.gnu.linkonce.sb.*)
 *(.rela.sbss .rela.sbss.* .rela.gnu.linkonce.sb.*)
 *(.rel.sdata2 .rel.sdata2.* .rel.gnu.linkonce.s2.*)
 *(.rela.sdata2 .rela.sdata2.* .rela.gnu.linkonce.s2.*)
 *(.rel.sbss2 .rel.sbss2.* .rel.gnu.linkonce.sb2.*)
 *(.rela.sbss2 .rela.sbss2.* .rela.gnu.linkonce.sb2.*)
 *(.rel.bss .rel.bss.* .rel.gnu.linkonce.b.*)
 *(.rela.bss .rela.bss.* .rela.gnu.linkonce.b.*)
 *(.rel.plt)
 *(.rela.plt)
 *(.rel.dyn)
 *(.init)
 *(.plt)
 *(.text .stub .text.* .gnu.linkonce.t.*)
 .text          0x0000000006000224       0x3c /home/nikola/PNRS/pnrs-2023/de1-soc-demo/sw/nios/individual/matches_bsp//obj/HAL/src/crt0.o
                0x0000000006000224                _start
 .text          0x0000000006000260      0x21c obj/default/matches.o
                0x00000000060002d8                resource_mutex_lock
                0x000000000600032c                release_resources
                0x0000000006000370                notify_mutex_unlock
                0x00000000060003c8                notify_agent
                0x0000000006000404                main
 .text          0x000000000600047c        0x0 /home/nikola/intelFPGA_lite/21.1/nios2eds/bin/gnu/H-x86_64-pc-linux-gnu/bin/../lib/gcc/nios2-elf/10.3.1/../../../../../H-x86_64-pc-linux-gnu/nios2-elf/lib/mno-hw-mul/libc.a(lib_a-puts.o)
 .text._puts_r  0x000000000600047c       0xcc /home/nikola/intelFPGA_lite/21.1/nios2eds/bin/gnu/H-x86_64-pc-linux-gnu/bin/../lib/gcc/nios2-elf/10.3.1/../../../../../H-x86_64-pc-linux-gnu/nios2-elf/lib/mno-hw-mul/libc.a(lib_a-puts.o)
                0x000000000600047c                _puts_r
 .text.puts     0x0000000006000548       0x10 /home/nikola/intelFPGA_lite/21.1/nios2eds/bin/gnu/H-x86_64-pc-linux-gnu/bin/../lib/gcc/nios2-elf/10.3.1/../../../../../H-x86_64-pc-linux-gnu/nios2-elf/lib/mno-hw-mul/libc.a(lib_a-puts.o)
                0x0000000006000548                puts
 .text          0x0000000006000558        0x0 /home/nikola/intelFPGA_lite/21.1/nios2eds/bin/gnu/H-x86_64-pc-linux-gnu/bin/../lib/gcc/nios2-elf/10.3.1/../../../../../H-x86_64-pc-linux-gnu/nios2-elf/lib/mno-hw-mul/libc.a(lib_a-strlen.o)
 .text.strlen   0x0000000006000558       0x98 /home/nikola/intelFPGA_lite/21.1/nios2eds/bin/gnu/H-x86_64-pc-linux-gnu/bin/../lib/gcc/nios2-elf/10.3.1/../../../../../H-x86_64-pc-linux-gnu/nios2-elf/lib/mno-hw-mul/libc.a(lib_a-strlen.o)
                0x0000000006000558                strlen
 .text          0x00000000060005f0        0x0 /home/nikola/intelFPGA_lite/21.1/nios2eds/bin/gnu/H-x86_64-pc-linux-gnu/bin/../lib/gcc/nios2-elf/10.3.1/../../../../../H-x86_64-pc-linux-gnu/nios2-elf/lib/mno-hw-mul/libc.a(lib_a-findfp.o)
 .text.__fp_lock
                0x00000000060005f0        0x8 /home/nikola/intelFPGA_lite/21.1/nios2eds/bin/gnu/H-x86_64-pc-linux-gnu/bin/../lib/gcc/nios2-elf/10.3.1/../../../../../H-x86_64-pc-linux-gnu/nios2-elf/lib/mno-hw-mul/libc.a(lib_a-findfp.o)
 .text._cleanup_r
                0x00000000060005f8        0xc /home/nikola/intelFPGA_lite/21.1/nios2eds/bin/gnu/H-x86_64-pc-linux-gnu/bin/../lib/gcc/nios2-elf/10.3.1/../../../../../H-x86_64-pc-linux-gnu/nios2-elf/lib/mno-hw-mul/libc.a(lib_a-findfp.o)
                0x00000000060005f8                _cleanup_r
 .text.__fp_unlock
                0x0000000006000604        0x8 /home/nikola/intelFPGA_lite/21.1/nios2eds/bin/gnu/H-x86_64-pc-linux-gnu/bin/../lib/gcc/nios2-elf/10.3.1/../../../../../H-x86_64-pc-linux-gnu/nios2-elf/lib/mno-hw-mul/libc.a(lib_a-findfp.o)
 .text.__sinit.part.0
                0x000000000600060c      0x168 /home/nikola/intelFPGA_lite/21.1/nios2eds/bin/gnu/H-x86_64-pc-linux-gnu/bin/../lib/gcc/nios2-elf/10.3.1/../../../../../H-x86_64-pc-linux-gnu/nios2-elf/lib/mno-hw-mul/libc.a(lib_a-findfp.o)
 .text.__sfmoreglue
                0x0000000006000774       0x78 /home/nikola/intelFPGA_lite/21.1/nios2eds/bin/gnu/H-x86_64-pc-linux-gnu/bin/../lib/gcc/nios2-elf/10.3.1/../../../../../H-x86_64-pc-linux-gnu/nios2-elf/lib/mno-hw-mul/libc.a(lib_a-findfp.o)
                0x0000000006000774                __sfmoreglue
 .text.__sfp    0x00000000060007ec      0x154 /home/nikola/intelFPGA_lite/21.1/nios2eds/bin/gnu/H-x86_64-pc-linux-gnu/bin/../lib/gcc/nios2-elf/10.3.1/../../../../../H-x86_64-pc-linux-gnu/nios2-elf/lib/mno-hw-mul/libc.a(lib_a-findfp.o)
                0x00000000060007ec                __sfp
 .text._cleanup
                0x0000000006000940       0x14 /home/nikola/intelFPGA_lite/21.1/nios2eds/bin/gnu/H-x86_64-pc-linux-gnu/bin/../lib/gcc/nios2-elf/10.3.1/../../../../../H-x86_64-pc-linux-gnu/nios2-elf/lib/mno-hw-mul/libc.a(lib_a-findfp.o)
                0x0000000006000940                _cleanup
 .text.__sinit  0x0000000006000954       0x10 /home/nikola/intelFPGA_lite/21.1/nios2eds/bin/gnu/H-x86_64-pc-linux-gnu/bin/../lib/gcc/nios2-elf/10.3.1/../../../../../H-x86_64-pc-linux-gnu/nios2-elf/lib/mno-hw-mul/libc.a(lib_a-findfp.o)
                0x0000000006000954                __sinit
 .text.__sfp_lock_acquire
                0x0000000006000964        0x4 /home/nikola/intelFPGA_lite/21.1/nios2eds/bin/gnu/H-x86_64-pc-linux-gnu/bin/../lib/gcc/nios2-elf/10.3.1/../../../../../H-x86_64-pc-linux-gnu/nios2-elf/lib/mno-hw-mul/libc.a(lib_a-findfp.o)
                0x0000000006000964                __sfp_lock_acquire
 .text.__sfp_lock_release
                0x0000000006000968        0x4 /home/nikola/intelFPGA_lite/21.1/nios2eds/bin/gnu/H-x86_64-pc-linux-gnu/bin/../lib/gcc/nios2-elf/10.3.1/../../../../../H-x86_64-pc-linux-gnu/nios2-elf/lib/mno-hw-mul/libc.a(lib_a-findfp.o)
                0x0000000006000968                __sfp_lock_release
 .text.__sinit_lock_acquire
                0x000000000600096c        0x4 /home/nikola/intelFPGA_lite/21.1/nios2eds/bin/gnu/H-x86_64-pc-linux-gnu/bin/../lib/gcc/nios2-elf/10.3.1/../../../../../H-x86_64-pc-linux-gnu/nios2-elf/lib/mno-hw-mul/libc.a(lib_a-findfp.o)
                0x000000000600096c                __sinit_lock_acquire
 .text.__sinit_lock_release
                0x0000000006000970        0x4 /home/nikola/intelFPGA_lite/21.1/nios2eds/bin/gnu/H-x86_64-pc-linux-gnu/bin/../lib/gcc/nios2-elf/10.3.1/../../../../../H-x86_64-pc-linux-gnu/nios2-elf/lib/mno-hw-mul/libc.a(lib_a-findfp.o)
                0x0000000006000970                __sinit_lock_release
 .text.__fp_lock_all
                0x0000000006000974       0x14 /home/nikola/intelFPGA_lite/21.1/nios2eds/bin/gnu/H-x86_64-pc-linux-gnu/bin/../lib/gcc/nios2-elf/10.3.1/../../../../../H-x86_64-pc-linux-gnu/nios2-elf/lib/mno-hw-mul/libc.a(lib_a-findfp.o)
                0x0000000006000974                __fp_lock_all
 .text.__fp_unlock_all
                0x0000000006000988       0x14 /home/nikola/intelFPGA_lite/21.1/nios2eds/bin/gnu/H-x86_64-pc-linux-gnu/bin/../lib/gcc/nios2-elf/10.3.1/../../../../../H-x86_64-pc-linux-gnu/nios2-elf/lib/mno-hw-mul/libc.a(lib_a-findfp.o)
                0x0000000006000988                __fp_unlock_all
 .text          0x000000000600099c        0x0 /home/nikola/intelFPGA_lite/21.1/nios2eds/bin/gnu/H-x86_64-pc-linux-gnu/bin/../lib/gcc/nios2-elf/10.3.1/../../../../../H-x86_64-pc-linux-gnu/nios2-elf/lib/mno-hw-mul/libc.a(lib_a-fvwrite.o)
 .text.__sfvwrite_r
                0x000000000600099c      0x494 /home/nikola/intelFPGA_lite/21.1/nios2eds/bin/gnu/H-x86_64-pc-linux-gnu/bin/../lib/gcc/nios2-elf/10.3.1/../../../../../H-x86_64-pc-linux-gnu/nios2-elf/lib/mno-hw-mul/libc.a(lib_a-fvwrite.o)
                0x000000000600099c                __sfvwrite_r
 .text          0x0000000006000e30        0x0 /home/nikola/intelFPGA_lite/21.1/nios2eds/bin/gnu/H-x86_64-pc-linux-gnu/bin/../lib/gcc/nios2-elf/10.3.1/../../../../../H-x86_64-pc-linux-gnu/nios2-elf/lib/mno-hw-mul/libc.a(lib_a-fwalk.o)
 .text._fwalk   0x0000000006000e30       0x98 /home/nikola/intelFPGA_lite/21.1/nios2eds/bin/gnu/H-x86_64-pc-linux-gnu/bin/../lib/gcc/nios2-elf/10.3.1/../../../../../H-x86_64-pc-linux-gnu/nios2-elf/lib/mno-hw-mul/libc.a(lib_a-fwalk.o)
                0x0000000006000e30                _fwalk
 .text._fwalk_reent
                0x0000000006000ec8       0xa8 /home/nikola/intelFPGA_lite/21.1/nios2eds/bin/gnu/H-x86_64-pc-linux-gnu/bin/../lib/gcc/nios2-elf/10.3.1/../../../../../H-x86_64-pc-linux-gnu/nios2-elf/lib/mno-hw-mul/libc.a(lib_a-fwalk.o)
                0x0000000006000ec8                _fwalk_reent
 .text          0x0000000006000f70        0x0 /home/nikola/intelFPGA_lite/21.1/nios2eds/bin/gnu/H-x86_64-pc-linux-gnu/bin/../lib/gcc/nios2-elf/10.3.1/../../../../../H-x86_64-pc-linux-gnu/nios2-elf/lib/mno-hw-mul/libc.a(lib_a-impure.o)
 .text          0x0000000006000f70        0x0 /home/nikola/intelFPGA_lite/21.1/nios2eds/bin/gnu/H-x86_64-pc-linux-gnu/bin/../lib/gcc/nios2-elf/10.3.1/../../../../../H-x86_64-pc-linux-gnu/nios2-elf/lib/mno-hw-mul/libc.a(lib_a-mallocr.o)
 .text._malloc_r
                0x0000000006000f70      0x7e0 /home/nikola/intelFPGA_lite/21.1/nios2eds/bin/gnu/H-x86_64-pc-linux-gnu/bin/../lib/gcc/nios2-elf/10.3.1/../../../../../H-x86_64-pc-linux-gnu/nios2-elf/lib/mno-hw-mul/libc.a(lib_a-mallocr.o)
                0x0000000006000f70                _malloc_r
 .text          0x0000000006001750        0x0 /home/nikola/intelFPGA_lite/21.1/nios2eds/bin/gnu/H-x86_64-pc-linux-gnu/bin/../lib/gcc/nios2-elf/10.3.1/../../../../../H-x86_64-pc-linux-gnu/nios2-elf/lib/mno-hw-mul/libc.a(lib_a-memchr.o)
 .text.memchr   0x0000000006001750       0xd0 /home/nikola/intelFPGA_lite/21.1/nios2eds/bin/gnu/H-x86_64-pc-linux-gnu/bin/../lib/gcc/nios2-elf/10.3.1/../../../../../H-x86_64-pc-linux-gnu/nios2-elf/lib/mno-hw-mul/libc.a(lib_a-memchr.o)
                0x0000000006001750                memchr
 .text          0x0000000006001820        0x0 /home/nikola/intelFPGA_lite/21.1/nios2eds/bin/gnu/H-x86_64-pc-linux-gnu/bin/../lib/gcc/nios2-elf/10.3.1/../../../../../H-x86_64-pc-linux-gnu/nios2-elf/lib/mno-hw-mul/libc.a(lib_a-memcpy.o)
 .text.memcpy   0x0000000006001820      0x100 /home/nikola/intelFPGA_lite/21.1/nios2eds/bin/gnu/H-x86_64-pc-linux-gnu/bin/../lib/gcc/nios2-elf/10.3.1/../../../../../H-x86_64-pc-linux-gnu/nios2-elf/lib/mno-hw-mul/libc.a(lib_a-memcpy.o)
                0x0000000006001820                memcpy
 .text          0x0000000006001920        0x0 /home/nikola/intelFPGA_lite/21.1/nios2eds/bin/gnu/H-x86_64-pc-linux-gnu/bin/../lib/gcc/nios2-elf/10.3.1/../../../../../H-x86_64-pc-linux-gnu/nios2-elf/lib/mno-hw-mul/libc.a(lib_a-memmove.o)
 .text.memmove  0x0000000006001920      0x12c /home/nikola/intelFPGA_lite/21.1/nios2eds/bin/gnu/H-x86_64-pc-linux-gnu/bin/../lib/gcc/nios2-elf/10.3.1/../../../../../H-x86_64-pc-linux-gnu/nios2-elf/lib/mno-hw-mul/libc.a(lib_a-memmove.o)
                0x0000000006001920                memmove
 .text          0x0000000006001a4c        0x0 /home/nikola/intelFPGA_lite/21.1/nios2eds/bin/gnu/H-x86_64-pc-linux-gnu/bin/../lib/gcc/nios2-elf/10.3.1/../../../../../H-x86_64-pc-linux-gnu/nios2-elf/lib/mno-hw-mul/libc.a(lib_a-memset.o)
 .text.memset   0x0000000006001a4c       0xf0 /home/nikola/intelFPGA_lite/21.1/nios2eds/bin/gnu/H-x86_64-pc-linux-gnu/bin/../lib/gcc/nios2-elf/10.3.1/../../../../../H-x86_64-pc-linux-gnu/nios2-elf/lib/mno-hw-mul/libc.a(lib_a-memset.o)
                0x0000000006001a4c                memset
 .text          0x0000000006001b3c        0x0 /home/nikola/intelFPGA_lite/21.1/nios2eds/bin/gnu/H-x86_64-pc-linux-gnu/bin/../lib/gcc/nios2-elf/10.3.1/../../../../../H-x86_64-pc-linux-gnu/nios2-elf/lib/mno-hw-mul/libc.a(lib_a-reallocr.o)
 .text._realloc_r
                0x0000000006001b3c      0x53c /home/nikola/intelFPGA_lite/21.1/nios2eds/bin/gnu/H-x86_64-pc-linux-gnu/bin/../lib/gcc/nios2-elf/10.3.1/../../../../../H-x86_64-pc-linux-gnu/nios2-elf/lib/mno-hw-mul/libc.a(lib_a-reallocr.o)
                0x0000000006001b3c                _realloc_r
 .text          0x0000000006002078        0x0 /home/nikola/intelFPGA_lite/21.1/nios2eds/bin/gnu/H-x86_64-pc-linux-gnu/bin/../lib/gcc/nios2-elf/10.3.1/../../../../../H-x86_64-pc-linux-gnu/nios2-elf/lib/mno-hw-mul/libc.a(lib_a-sbrkr.o)
 .text._sbrk_r  0x0000000006002078       0x58 /home/nikola/intelFPGA_lite/21.1/nios2eds/bin/gnu/H-x86_64-pc-linux-gnu/bin/../lib/gcc/nios2-elf/10.3.1/../../../../../H-x86_64-pc-linux-gnu/nios2-elf/lib/mno-hw-mul/libc.a(lib_a-sbrkr.o)
                0x0000000006002078                _sbrk_r
 .text          0x00000000060020d0        0x0 /home/nikola/intelFPGA_lite/21.1/nios2eds/bin/gnu/H-x86_64-pc-linux-gnu/bin/../lib/gcc/nios2-elf/10.3.1/../../../../../H-x86_64-pc-linux-gnu/nios2-elf/lib/mno-hw-mul/libc.a(lib_a-stdio.o)
 .text.__sread  0x00000000060020d0       0x54 /home/nikola/intelFPGA_lite/21.1/nios2eds/bin/gnu/H-x86_64-pc-linux-gnu/bin/../lib/gcc/nios2-elf/10.3.1/../../../../../H-x86_64-pc-linux-gnu/nios2-elf/lib/mno-hw-mul/libc.a(lib_a-stdio.o)
                0x00000000060020d0                __sread
 .text.__seofread
                0x0000000006002124        0x8 /home/nikola/intelFPGA_lite/21.1/nios2eds/bin/gnu/H-x86_64-pc-linux-gnu/bin/../lib/gcc/nios2-elf/10.3.1/../../../../../H-x86_64-pc-linux-gnu/nios2-elf/lib/mno-hw-mul/libc.a(lib_a-stdio.o)
                0x0000000006002124                __seofread
 .text.__swrite
                0x000000000600212c       0x80 /home/nikola/intelFPGA_lite/21.1/nios2eds/bin/gnu/H-x86_64-pc-linux-gnu/bin/../lib/gcc/nios2-elf/10.3.1/../../../../../H-x86_64-pc-linux-gnu/nios2-elf/lib/mno-hw-mul/libc.a(lib_a-stdio.o)
                0x000000000600212c                __swrite
 .text.__sseek  0x00000000060021ac       0x5c /home/nikola/intelFPGA_lite/21.1/nios2eds/bin/gnu/H-x86_64-pc-linux-gnu/bin/../lib/gcc/nios2-elf/10.3.1/../../../../../H-x86_64-pc-linux-gnu/nios2-elf/lib/mno-hw-mul/libc.a(lib_a-stdio.o)
                0x00000000060021ac                __sseek
 .text.__sclose
                0x0000000006002208        0x8 /home/nikola/intelFPGA_lite/21.1/nios2eds/bin/gnu/H-x86_64-pc-linux-gnu/bin/../lib/gcc/nios2-elf/10.3.1/../../../../../H-x86_64-pc-linux-gnu/nios2-elf/lib/mno-hw-mul/libc.a(lib_a-stdio.o)
                0x0000000006002208                __sclose
 .text          0x0000000006002210        0x0 /home/nikola/intelFPGA_lite/21.1/nios2eds/bin/gnu/H-x86_64-pc-linux-gnu/bin/../lib/gcc/nios2-elf/10.3.1/../../../../../H-x86_64-pc-linux-gnu/nios2-elf/lib/mno-hw-mul/libc.a(lib_a-writer.o)
 .text._write_r
                0x0000000006002210       0x64 /home/nikola/intelFPGA_lite/21.1/nios2eds/bin/gnu/H-x86_64-pc-linux-gnu/bin/../lib/gcc/nios2-elf/10.3.1/../../../../../H-x86_64-pc-linux-gnu/nios2-elf/lib/mno-hw-mul/libc.a(lib_a-writer.o)
                0x0000000006002210                _write_r
 .text          0x0000000006002274        0x0 /home/nikola/intelFPGA_lite/21.1/nios2eds/bin/gnu/H-x86_64-pc-linux-gnu/bin/../lib/gcc/nios2-elf/10.3.1/../../../../../H-x86_64-pc-linux-gnu/nios2-elf/lib/mno-hw-mul/libc.a(lib_a-wsetup.o)
 .text.__swsetup_r
                0x0000000006002274      0x164 /home/nikola/intelFPGA_lite/21.1/nios2eds/bin/gnu/H-x86_64-pc-linux-gnu/bin/../lib/gcc/nios2-elf/10.3.1/../../../../../H-x86_64-pc-linux-gnu/nios2-elf/lib/mno-hw-mul/libc.a(lib_a-wsetup.o)
                0x0000000006002274                __swsetup_r
 .text          0x00000000060023d8        0x0 /home/nikola/intelFPGA_lite/21.1/nios2eds/bin/gnu/H-x86_64-pc-linux-gnu/bin/../lib/gcc/nios2-elf/10.3.1/../../../../../H-x86_64-pc-linux-gnu/nios2-elf/lib/mno-hw-mul/libc.a(closer.o)
 .text._close_r
                0x00000000060023d8       0x58 /home/nikola/intelFPGA_lite/21.1/nios2eds/bin/gnu/H-x86_64-pc-linux-gnu/bin/../lib/gcc/nios2-elf/10.3.1/../../../../../H-x86_64-pc-linux-gnu/nios2-elf/lib/mno-hw-mul/libc.a(closer.o)
                0x00000000060023d8                _close_r
 .text          0x0000000006002430        0x0 /home/nikola/intelFPGA_lite/21.1/nios2eds/bin/gnu/H-x86_64-pc-linux-gnu/bin/../lib/gcc/nios2-elf/10.3.1/../../../../../H-x86_64-pc-linux-gnu/nios2-elf/lib/mno-hw-mul/libc.a(lib_a-fclose.o)
 .text._fclose_r.part.0
                0x0000000006002430       0xc0 /home/nikola/intelFPGA_lite/21.1/nios2eds/bin/gnu/H-x86_64-pc-linux-gnu/bin/../lib/gcc/nios2-elf/10.3.1/../../../../../H-x86_64-pc-linux-gnu/nios2-elf/lib/mno-hw-mul/libc.a(lib_a-fclose.o)
 .text._fclose_r
                0x00000000060024f0       0x70 /home/nikola/intelFPGA_lite/21.1/nios2eds/bin/gnu/H-x86_64-pc-linux-gnu/bin/../lib/gcc/nios2-elf/10.3.1/../../../../../H-x86_64-pc-linux-gnu/nios2-elf/lib/mno-hw-mul/libc.a(lib_a-fclose.o)
                0x00000000060024f0                _fclose_r
 .text.fclose   0x0000000006002560       0x70 /home/nikola/intelFPGA_lite/21.1/nios2eds/bin/gnu/H-x86_64-pc-linux-gnu/bin/../lib/gcc/nios2-elf/10.3.1/../../../../../H-x86_64-pc-linux-gnu/nios2-elf/lib/mno-hw-mul/libc.a(lib_a-fclose.o)
                0x0000000006002560                fclose
 .text          0x00000000060025d0        0x0 /home/nikola/intelFPGA_lite/21.1/nios2eds/bin/gnu/H-x86_64-pc-linux-gnu/bin/../lib/gcc/nios2-elf/10.3.1/../../../../../H-x86_64-pc-linux-gnu/nios2-elf/lib/mno-hw-mul/libc.a(lib_a-fflush.o)
 .text.__sflush_r
                0x00000000060025d0      0x228 /home/nikola/intelFPGA_lite/21.1/nios2eds/bin/gnu/H-x86_64-pc-linux-gnu/bin/../lib/gcc/nios2-elf/10.3.1/../../../../../H-x86_64-pc-linux-gnu/nios2-elf/lib/mno-hw-mul/libc.a(lib_a-fflush.o)
                0x00000000060025d0                __sflush_r
 .text._fflush_r
                0x00000000060027f8       0x60 /home/nikola/intelFPGA_lite/21.1/nios2eds/bin/gnu/H-x86_64-pc-linux-gnu/bin/../lib/gcc/nios2-elf/10.3.1/../../../../../H-x86_64-pc-linux-gnu/nios2-elf/lib/mno-hw-mul/libc.a(lib_a-fflush.o)
                0x00000000060027f8                _fflush_r
 .text.fflush   0x0000000006002858       0x84 /home/nikola/intelFPGA_lite/21.1/nios2eds/bin/gnu/H-x86_64-pc-linux-gnu/bin/../lib/gcc/nios2-elf/10.3.1/../../../../../H-x86_64-pc-linux-gnu/nios2-elf/lib/mno-hw-mul/libc.a(lib_a-fflush.o)
                0x0000000006002858                fflush
 .text          0x00000000060028dc        0x0 /home/nikola/intelFPGA_lite/21.1/nios2eds/bin/gnu/H-x86_64-pc-linux-gnu/bin/../lib/gcc/nios2-elf/10.3.1/../../../../../H-x86_64-pc-linux-gnu/nios2-elf/lib/mno-hw-mul/libc.a(lib_a-freer.o)
 .text._malloc_trim_r
                0x00000000060028dc      0x11c /home/nikola/intelFPGA_lite/21.1/nios2eds/bin/gnu/H-x86_64-pc-linux-gnu/bin/../lib/gcc/nios2-elf/10.3.1/../../../../../H-x86_64-pc-linux-gnu/nios2-elf/lib/mno-hw-mul/libc.a(lib_a-freer.o)
                0x00000000060028dc                _malloc_trim_r
 .text._free_r  0x00000000060029f8      0x2fc /home/nikola/intelFPGA_lite/21.1/nios2eds/bin/gnu/H-x86_64-pc-linux-gnu/bin/../lib/gcc/nios2-elf/10.3.1/../../../../../H-x86_64-pc-linux-gnu/nios2-elf/lib/mno-hw-mul/libc.a(lib_a-freer.o)
                0x00000000060029f8                _free_r
 .text          0x0000000006002cf4        0x0 /home/nikola/intelFPGA_lite/21.1/nios2eds/bin/gnu/H-x86_64-pc-linux-gnu/bin/../lib/gcc/nios2-elf/10.3.1/../../../../../H-x86_64-pc-linux-gnu/nios2-elf/lib/mno-hw-mul/libc.a(lib_a-int_errno.o)
 .text          0x0000000006002cf4        0x0 /home/nikola/intelFPGA_lite/21.1/nios2eds/bin/gnu/H-x86_64-pc-linux-gnu/bin/../lib/gcc/nios2-elf/10.3.1/../../../../../H-x86_64-pc-linux-gnu/nios2-elf/lib/mno-hw-mul/libc.a(lib_a-lseekr.o)
 .text._lseek_r
                0x0000000006002cf4       0x64 /home/nikola/intelFPGA_lite/21.1/nios2eds/bin/gnu/H-x86_64-pc-linux-gnu/bin/../lib/gcc/nios2-elf/10.3.1/../../../../../H-x86_64-pc-linux-gnu/nios2-elf/lib/mno-hw-mul/libc.a(lib_a-lseekr.o)
                0x0000000006002cf4                _lseek_r
 .text          0x0000000006002d58        0x0 /home/nikola/intelFPGA_lite/21.1/nios2eds/bin/gnu/H-x86_64-pc-linux-gnu/bin/../lib/gcc/nios2-elf/10.3.1/../../../../../H-x86_64-pc-linux-gnu/nios2-elf/lib/mno-hw-mul/libc.a(lib_a-makebuf.o)
 .text.__smakebuf_r
                0x0000000006002d58      0x1b0 /home/nikola/intelFPGA_lite/21.1/nios2eds/bin/gnu/H-x86_64-pc-linux-gnu/bin/../lib/gcc/nios2-elf/10.3.1/../../../../../H-x86_64-pc-linux-gnu/nios2-elf/lib/mno-hw-mul/libc.a(lib_a-makebuf.o)
                0x0000000006002d58                __smakebuf_r
 .text.__swhatbuf_r
                0x0000000006002f08       0x98 /home/nikola/intelFPGA_lite/21.1/nios2eds/bin/gnu/H-x86_64-pc-linux-gnu/bin/../lib/gcc/nios2-elf/10.3.1/../../../../../H-x86_64-pc-linux-gnu/nios2-elf/lib/mno-hw-mul/libc.a(lib_a-makebuf.o)
                0x0000000006002f08                __swhatbuf_r
 .text          0x0000000006002fa0        0x0 /home/nikola/intelFPGA_lite/21.1/nios2eds/bin/gnu/H-x86_64-pc-linux-gnu/bin/../lib/gcc/nios2-elf/10.3.1/../../../../../H-x86_64-pc-linux-gnu/nios2-elf/lib/mno-hw-mul/libc.a(lib_a-readr.o)
 .text._read_r  0x0000000006002fa0       0x64 /home/nikola/intelFPGA_lite/21.1/nios2eds/bin/gnu/H-x86_64-pc-linux-gnu/bin/../lib/gcc/nios2-elf/10.3.1/../../../../../H-x86_64-pc-linux-gnu/nios2-elf/lib/mno-hw-mul/libc.a(lib_a-readr.o)
                0x0000000006002fa0                _read_r
 .text          0x0000000006003004        0x0 /home/nikola/intelFPGA_lite/21.1/nios2eds/bin/gnu/H-x86_64-pc-linux-gnu/bin/../lib/gcc/nios2-elf/10.3.1/../../../../../H-x86_64-pc-linux-gnu/nios2-elf/lib/mno-hw-mul/libc.a(lib_a-fstatr.o)
 .text._fstat_r
                0x0000000006003004       0x60 /home/nikola/intelFPGA_lite/21.1/nios2eds/bin/gnu/H-x86_64-pc-linux-gnu/bin/../lib/gcc/nios2-elf/10.3.1/../../../../../H-x86_64-pc-linux-gnu/nios2-elf/lib/mno-hw-mul/libc.a(lib_a-fstatr.o)
                0x0000000006003004                _fstat_r
 .text          0x0000000006003064        0x0 /home/nikola/intelFPGA_lite/21.1/nios2eds/bin/gnu/H-x86_64-pc-linux-gnu/bin/../lib/gcc/nios2-elf/10.3.1/../../../../../H-x86_64-pc-linux-gnu/nios2-elf/lib/mno-hw-mul/libc.a(lib_a-isattyr.o)
 .text._isatty_r
                0x0000000006003064       0x58 /home/nikola/intelFPGA_lite/21.1/nios2eds/bin/gnu/H-x86_64-pc-linux-gnu/bin/../lib/gcc/nios2-elf/10.3.1/../../../../../H-x86_64-pc-linux-gnu/nios2-elf/lib/mno-hw-mul/libc.a(lib_a-isattyr.o)
                0x0000000006003064                _isatty_r
 .text          0x00000000060030bc      0x1b4 /home/nikola/intelFPGA_lite/21.1/nios2eds/bin/gnu/H-x86_64-pc-linux-gnu/bin/../lib/gcc/nios2-elf/10.3.1/mno-hw-mul/libgcc.a(lib2-divmod.o)
                0x00000000060030bc                __divsi3
                0x000000000600313c                __modsi3
                0x00000000060031b0                __udivsi3
                0x0000000006003214                __umodsi3
 .text          0x0000000006003270       0x28 /home/nikola/intelFPGA_lite/21.1/nios2eds/bin/gnu/H-x86_64-pc-linux-gnu/bin/../lib/gcc/nios2-elf/10.3.1/mno-hw-mul/libgcc.a(lib2-mul.o)
                0x0000000006003270                __mulsi3
 .text          0x0000000006003298      0x118 /home/nikola/PNRS/pnrs-2023/de1-soc-demo/sw/nios/individual/matches_bsp//libhal_bsp.a(alt_close.o)
                0x00000000060032d4                close
 .text          0x00000000060033b0       0x2c /home/nikola/PNRS/pnrs-2023/de1-soc-demo/sw/nios/individual/matches_bsp//libhal_bsp.a(alt_dev.o)
 .text          0x00000000060033dc        0x0 /home/nikola/PNRS/pnrs-2023/de1-soc-demo/sw/nios/individual/matches_bsp//libhal_bsp.a(alt_errno.o)
 .text          0x00000000060033dc       0xf8 /home/nikola/PNRS/pnrs-2023/de1-soc-demo/sw/nios/individual/matches_bsp//libhal_bsp.a(alt_fstat.o)
                0x0000000006003418                fstat
 .text          0x00000000060034d4       0xec /home/nikola/PNRS/pnrs-2023/de1-soc-demo/sw/nios/individual/matches_bsp//libhal_bsp.a(alt_isatty.o)
                0x0000000006003510                isatty
 .text          0x00000000060035c0       0xec /home/nikola/PNRS/pnrs-2023/de1-soc-demo/sw/nios/individual/matches_bsp//libhal_bsp.a(alt_load.o)
                0x0000000006003628                alt_load
 .text          0x00000000060036ac      0x11c /home/nikola/PNRS/pnrs-2023/de1-soc-demo/sw/nios/individual/matches_bsp//libhal_bsp.a(alt_lseek.o)
                0x00000000060036e8                lseek
 .text          0x00000000060037c8       0x7c /home/nikola/PNRS/pnrs-2023/de1-soc-demo/sw/nios/individual/matches_bsp//libhal_bsp.a(alt_main.o)
                0x00000000060037c8                alt_main
 .text          0x0000000006003844       0x48 /home/nikola/PNRS/pnrs-2023/de1-soc-demo/sw/nios/individual/matches_bsp//libhal_bsp.a(alt_malloc_lock.o)
                0x0000000006003844                __malloc_lock
                0x0000000006003868                __malloc_unlock
 .text          0x000000000600388c      0x144 /home/nikola/PNRS/pnrs-2023/de1-soc-demo/sw/nios/individual/matches_bsp//libhal_bsp.a(alt_read.o)
                0x00000000060038c8                read
 .text          0x00000000060039d0       0x70 /home/nikola/PNRS/pnrs-2023/de1-soc-demo/sw/nios/individual/matches_bsp//libhal_bsp.a(alt_release_fd.o)
                0x00000000060039d0                alt_release_fd
 .text          0x0000000006003a40       0xb8 /home/nikola/PNRS/pnrs-2023/de1-soc-demo/sw/nios/individual/matches_bsp//libhal_bsp.a(alt_sbrk.o)
                0x0000000006003a40                sbrk
 .text          0x0000000006003af8       0x30 /home/nikola/PNRS/pnrs-2023/de1-soc-demo/sw/nios/individual/matches_bsp//libhal_bsp.a(alt_usleep.o)
                0x0000000006003af8                usleep
 .text          0x0000000006003b28      0x140 /home/nikola/PNRS/pnrs-2023/de1-soc-demo/sw/nios/individual/matches_bsp//libhal_bsp.a(alt_write.o)
                0x0000000006003b64                write
 .text          0x0000000006003c68      0x1a4 /home/nikola/PNRS/pnrs-2023/de1-soc-demo/sw/nios/individual/matches_bsp//libhal_bsp.a(alt_sys_init.o)
                0x0000000006003d40                alt_irq_init
                0x0000000006003d7c                alt_sys_init
 .text          0x0000000006003e0c      0x164 /home/nikola/PNRS/pnrs-2023/de1-soc-demo/sw/nios/individual/matches_bsp//libhal_bsp.a(altera_avalon_jtag_uart_fd.o)
                0x0000000006003e0c                altera_avalon_jtag_uart_read_fd
                0x0000000006003e6c                altera_avalon_jtag_uart_write_fd
                0x0000000006003ecc                altera_avalon_jtag_uart_close_fd
                0x0000000006003f1c                altera_avalon_jtag_uart_ioctl_fd
 .text          0x0000000006003f70      0x3d4 /home/nikola/PNRS/pnrs-2023/de1-soc-demo/sw/nios/individual/matches_bsp//libhal_bsp.a(altera_avalon_jtag_uart_init.o)
                0x0000000006003f70                altera_avalon_jtag_uart_init
                0x00000000060042dc                altera_avalon_jtag_uart_close
 .text          0x0000000006004344       0xf4 /home/nikola/PNRS/pnrs-2023/de1-soc-demo/sw/nios/individual/matches_bsp//libhal_bsp.a(altera_avalon_jtag_uart_ioctl.o)
                0x0000000006004344                altera_avalon_jtag_uart_ioctl
 .text          0x0000000006004438      0x220 /home/nikola/PNRS/pnrs-2023/de1-soc-demo/sw/nios/individual/matches_bsp//libhal_bsp.a(altera_avalon_jtag_uart_read.o)
                0x0000000006004438                altera_avalon_jtag_uart_read
 .text          0x0000000006004658      0x228 /home/nikola/PNRS/pnrs-2023/de1-soc-demo/sw/nios/individual/matches_bsp//libhal_bsp.a(altera_avalon_jtag_uart_write.o)
                0x0000000006004658                altera_avalon_jtag_uart_write
 .text          0x0000000006004880      0x2c4 /home/nikola/PNRS/pnrs-2023/de1-soc-demo/sw/nios/individual/matches_bsp//libhal_bsp.a(altera_avalon_mutex.o)
                0x0000000006004934                altera_avalon_mutex_open
                0x0000000006004988                altera_avalon_mutex_close
                0x00000000060049ac                altera_avalon_mutex_lock
                0x00000000060049f4                altera_avalon_mutex_trylock
                0x0000000006004a34                altera_avalon_mutex_unlock
                0x0000000006004a84                altera_avalon_mutex_is_mine
                0x0000000006004af4                altera_avalon_mutex_first_lock
 .text          0x0000000006004b44      0x100 /home/nikola/PNRS/pnrs-2023/de1-soc-demo/sw/nios/individual/matches_bsp//libhal_bsp.a(altera_avalon_timer_sc.o)
                0x0000000006004bc0                alt_avalon_timer_sc_init
 .text          0x0000000006004c44      0x160 /home/nikola/PNRS/pnrs-2023/de1-soc-demo/sw/nios/individual/matches_bsp//libhal_bsp.a(alt_alarm_start.o)
                0x0000000006004c44                alt_alarm_start
 .text          0x0000000006004da4      0x158 /home/nikola/PNRS/pnrs-2023/de1-soc-demo/sw/nios/individual/matches_bsp//libhal_bsp.a(alt_busy_sleep.o)
                0x0000000006004da4                alt_busy_sleep
 .text          0x0000000006004efc       0x20 /home/nikola/PNRS/pnrs-2023/de1-soc-demo/sw/nios/individual/matches_bsp//libhal_bsp.a(alt_dcache_flush_all.o)
                0x0000000006004efc                alt_dcache_flush_all
 .text          0x0000000006004f1c       0xe4 /home/nikola/PNRS/pnrs-2023/de1-soc-demo/sw/nios/individual/matches_bsp//libhal_bsp.a(alt_dev_llist_insert.o)
                0x0000000006004f58                alt_dev_llist_insert
 .text          0x0000000006005000       0x64 /home/nikola/PNRS/pnrs-2023/de1-soc-demo/sw/nios/individual/matches_bsp//libhal_bsp.a(alt_do_ctors.o)
                0x0000000006005000                _do_ctors
 .text          0x0000000006005064       0x64 /home/nikola/PNRS/pnrs-2023/de1-soc-demo/sw/nios/individual/matches_bsp//libhal_bsp.a(alt_do_dtors.o)
                0x0000000006005064                _do_dtors
 .text          0x00000000060050c8       0x90 /home/nikola/PNRS/pnrs-2023/de1-soc-demo/sw/nios/individual/matches_bsp//libhal_bsp.a(alt_find_dev.o)
                0x00000000060050c8                alt_find_dev
 .text          0x0000000006005158       0x20 /home/nikola/PNRS/pnrs-2023/de1-soc-demo/sw/nios/individual/matches_bsp//libhal_bsp.a(alt_icache_flush_all.o)
                0x0000000006005158                alt_icache_flush_all
 .text          0x0000000006005178      0x1b0 /home/nikola/PNRS/pnrs-2023/de1-soc-demo/sw/nios/individual/matches_bsp//libhal_bsp.a(alt_iic.o)
                0x0000000006005178                alt_ic_isr_register
                0x00000000060051c8                alt_ic_irq_enable
                0x0000000006005250                alt_ic_irq_disable
                0x00000000060052dc                alt_ic_irq_enabled
 .text          0x0000000006005328       0xe8 /home/nikola/PNRS/pnrs-2023/de1-soc-demo/sw/nios/individual/matches_bsp//libhal_bsp.a(alt_iic_isr_register.o)
                0x0000000006005328                alt_iic_isr_register
 .text          0x0000000006005410      0x150 /home/nikola/PNRS/pnrs-2023/de1-soc-demo/sw/nios/individual/matches_bsp//libhal_bsp.a(alt_io_redirect.o)
                0x00000000060054e4                alt_io_redirect
 .text          0x0000000006005560        0x0 /home/nikola/PNRS/pnrs-2023/de1-soc-demo/sw/nios/individual/matches_bsp//libhal_bsp.a(alt_irq_entry.o)
 .text          0x0000000006005560        0x0 /home/nikola/PNRS/pnrs-2023/de1-soc-demo/sw/nios/individual/matches_bsp//libhal_bsp.a(alt_irq_handler.o)
 .text          0x0000000006005560        0x0 /home/nikola/PNRS/pnrs-2023/de1-soc-demo/sw/nios/individual/matches_bsp//libhal_bsp.a(alt_irq_vars.o)
 .text          0x0000000006005560      0x278 /home/nikola/PNRS/pnrs-2023/de1-soc-demo/sw/nios/individual/matches_bsp//libhal_bsp.a(alt_open.o)
                0x0000000006005678                open
 .text          0x00000000060057d8      0x1d0 /home/nikola/PNRS/pnrs-2023/de1-soc-demo/sw/nios/individual/matches_bsp//libhal_bsp.a(alt_tick.o)
                0x00000000060057d8                alt_alarm_stop
                0x000000000600587c                alt_tick
 .text          0x00000000060059a8       0x24 /home/nikola/PNRS/pnrs-2023/de1-soc-demo/sw/nios/individual/matches_bsp//libhal_bsp.a(altera_nios2_gen2_irq.o)
                0x00000000060059a8                altera_nios2_gen2_irq_init
 .text          0x00000000060059cc        0x0 /home/nikola/PNRS/pnrs-2023/de1-soc-demo/sw/nios/individual/matches_bsp//libhal_bsp.a(alt_exception_entry.o)
 .text          0x00000000060059cc      0x108 /home/nikola/PNRS/pnrs-2023/de1-soc-demo/sw/nios/individual/matches_bsp//libhal_bsp.a(alt_find_file.o)
                0x00000000060059cc                alt_find_file
 .text          0x0000000006005ad4       0xb8 /home/nikola/PNRS/pnrs-2023/de1-soc-demo/sw/nios/individual/matches_bsp//libhal_bsp.a(alt_get_fd.o)
                0x0000000006005ad4                alt_get_fd
 .text          0x0000000006005b8c       0x98 /home/nikola/PNRS/pnrs-2023/de1-soc-demo/sw/nios/individual/matches_bsp//libhal_bsp.a(alt_instruction_exception_entry.o)
                0x0000000006005b8c                alt_exception_cause_generated_bad_addr
 .text          0x0000000006005c24        0x0 /home/nikola/intelFPGA_lite/21.1/nios2eds/bin/gnu/H-x86_64-pc-linux-gnu/bin/../lib/gcc/nios2-elf/10.3.1/../../../../../H-x86_64-pc-linux-gnu/nios2-elf/lib/mno-hw-mul/libc.a(lib_a-atexit.o)
 .text.atexit   0x0000000006005c24       0x14 /home/nikola/intelFPGA_lite/21.1/nios2eds/bin/gnu/H-x86_64-pc-linux-gnu/bin/../lib/gcc/nios2-elf/10.3.1/../../../../../H-x86_64-pc-linux-gnu/nios2-elf/lib/mno-hw-mul/libc.a(lib_a-atexit.o)
                0x0000000006005c24                atexit
 .text          0x0000000006005c38        0x0 /home/nikola/intelFPGA_lite/21.1/nios2eds/bin/gnu/H-x86_64-pc-linux-gnu/bin/../lib/gcc/nios2-elf/10.3.1/../../../../../H-x86_64-pc-linux-gnu/nios2-elf/lib/mno-hw-mul/libc.a(lib_a-exit.o)
 .text.exit     0x0000000006005c38       0x34 /home/nikola/intelFPGA_lite/21.1/nios2eds/bin/gnu/H-x86_64-pc-linux-gnu/bin/../lib/gcc/nios2-elf/10.3.1/../../../../../H-x86_64-pc-linux-gnu/nios2-elf/lib/mno-hw-mul/libc.a(lib_a-exit.o)
                0x0000000006005c38                exit
 .text          0x0000000006005c6c        0x0 /home/nikola/intelFPGA_lite/21.1/nios2eds/bin/gnu/H-x86_64-pc-linux-gnu/bin/../lib/gcc/nios2-elf/10.3.1/../../../../../H-x86_64-pc-linux-gnu/nios2-elf/lib/mno-hw-mul/libc.a(lib_a-memcmp.o)
 .text.memcmp   0x0000000006005c6c       0x78 /home/nikola/intelFPGA_lite/21.1/nios2eds/bin/gnu/H-x86_64-pc-linux-gnu/bin/../lib/gcc/nios2-elf/10.3.1/../../../../../H-x86_64-pc-linux-gnu/nios2-elf/lib/mno-hw-mul/libc.a(lib_a-memcmp.o)
                0x0000000006005c6c                memcmp
 .text          0x0000000006005ce4        0x0 /home/nikola/intelFPGA_lite/21.1/nios2eds/bin/gnu/H-x86_64-pc-linux-gnu/bin/../lib/gcc/nios2-elf/10.3.1/../../../../../H-x86_64-pc-linux-gnu/nios2-elf/lib/mno-hw-mul/libc.a(lib_a-__atexit.o)
 .text.__register_exitproc
                0x0000000006005ce4       0x90 /home/nikola/intelFPGA_lite/21.1/nios2eds/bin/gnu/H-x86_64-pc-linux-gnu/bin/../lib/gcc/nios2-elf/10.3.1/../../../../../H-x86_64-pc-linux-gnu/nios2-elf/lib/mno-hw-mul/libc.a(lib_a-__atexit.o)
                0x0000000006005ce4                __register_exitproc
 .text          0x0000000006005d74        0x0 /home/nikola/intelFPGA_lite/21.1/nios2eds/bin/gnu/H-x86_64-pc-linux-gnu/bin/../lib/gcc/nios2-elf/10.3.1/../../../../../H-x86_64-pc-linux-gnu/nios2-elf/lib/mno-hw-mul/libc.a(lib_a-__call_atexit.o)
 .text.__call_exitprocs
                0x0000000006005d74      0x120 /home/nikola/intelFPGA_lite/21.1/nios2eds/bin/gnu/H-x86_64-pc-linux-gnu/bin/../lib/gcc/nios2-elf/10.3.1/../../../../../H-x86_64-pc-linux-gnu/nios2-elf/lib/mno-hw-mul/libc.a(lib_a-__call_atexit.o)
                0x0000000006005d74                __call_exitprocs
 .text          0x0000000006005e94       0x38 /home/nikola/PNRS/pnrs-2023/de1-soc-demo/sw/nios/individual/matches_bsp//libhal_bsp.a(alt_exit.o)
                0x0000000006005e94                _exit
 *(.gnu.warning.*)
 *(.fini)
                [!provide]                        PROVIDE (__etext = ABSOLUTE (.))
                [!provide]                        PROVIDE (_etext = ABSOLUTE (.))
                [!provide]                        PROVIDE (etext = ABSOLUTE (.))
 *(.eh_frame_hdr)
                0x0000000006005ecc                . = ALIGN (0x4)
                [!provide]                        PROVIDE (__preinit_array_start = ABSOLUTE (.))
 *(.preinit_array)
                [!provide]                        PROVIDE (__preinit_array_end = ABSOLUTE (.))
                [!provide]                        PROVIDE (__init_array_start = ABSOLUTE (.))
 *(.init_array)
                [!provide]                        PROVIDE (__init_array_end = ABSOLUTE (.))
                [!provide]                        PROVIDE (__fini_array_start = ABSOLUTE (.))
 *(.fini_array)
                [!provide]                        PROVIDE (__fini_array_end = ABSOLUTE (.))
 *(.eh_frame)
 *(.gcc_except_table .gcc_except_table.*)
 *(.dynamic)
                0x0000000006005ecc                PROVIDE (__CTOR_LIST__ = ABSOLUTE (.))
 *(.ctors)
 *(SORT_BY_NAME(.ctors.*))
                0x0000000006005ecc                PROVIDE (__CTOR_END__ = ABSOLUTE (.))
                0x0000000006005ecc                PROVIDE (__DTOR_LIST__ = ABSOLUTE (.))
 *(.dtors)
 *(SORT_BY_NAME(.dtors.*))
                0x0000000006005ecc                PROVIDE (__DTOR_END__ = ABSOLUTE (.))
 *(.jcr)
                0x0000000006005ecc                . = ALIGN (0x4)

.rodata         0x0000000006005ecc       0xc8
                0x0000000006005ecc                PROVIDE (__ram_rodata_start = ABSOLUTE (.))
                0x0000000006005ecc                . = ALIGN (0x4)
 *(.rodata .rodata.* .gnu.linkonce.r.*)
 .rodata        0x0000000006005ecc       0x3d obj/default/matches.o
 *fill*         0x0000000006005f09        0x3 
 .rodata._puts_r.str1.4
                0x0000000006005f0c        0x2 /home/nikola/intelFPGA_lite/21.1/nios2eds/bin/gnu/H-x86_64-pc-linux-gnu/bin/../lib/gcc/nios2-elf/10.3.1/../../../../../H-x86_64-pc-linux-gnu/nios2-elf/lib/mno-hw-mul/libc.a(lib_a-puts.o)
 *fill*         0x0000000006005f0e        0x2 
 .rodata        0x0000000006005f10        0xa /home/nikola/PNRS/pnrs-2023/de1-soc-demo/sw/nios/individual/matches_bsp//libhal_bsp.a(alt_dev.o)
 *fill*         0x0000000006005f1a        0x2 
 .rodata        0x0000000006005f1c       0x11 /home/nikola/PNRS/pnrs-2023/de1-soc-demo/sw/nios/individual/matches_bsp//libhal_bsp.a(alt_main.o)
 *fill*         0x0000000006005f2d        0x3 
 .rodata        0x0000000006005f30       0x63 /home/nikola/PNRS/pnrs-2023/de1-soc-demo/sw/nios/individual/matches_bsp//libhal_bsp.a(alt_sys_init.o)
 *(.rodata1)
                0x0000000006005f94                . = ALIGN (0x4)
 *fill*         0x0000000006005f93        0x1 
                0x0000000006005f94                PROVIDE (__ram_rodata_end = ABSOLUTE (.))
                0x0000000006005ecc                PROVIDE (__flash_rodata_start = LOADADDR (.rodata))

.rwdata         0x0000000006005f94     0x1ab4 load address 0x0000000006007a48
                0x0000000006005f94                PROVIDE (__ram_rwdata_start = ABSOLUTE (.))
                0x0000000006005f94                . = ALIGN (0x4)
 *(.got.plt)
 *(.got)
 *(.data1)
 *(.data .data.* .gnu.linkonce.d.*)
 .data          0x0000000006005f94        0x0 /home/nikola/PNRS/pnrs-2023/de1-soc-demo/sw/nios/individual/matches_bsp//obj/HAL/src/crt0.o
 .data          0x0000000006005f94        0x0 obj/default/matches.o
 .data          0x0000000006005f94        0x0 /home/nikola/intelFPGA_lite/21.1/nios2eds/bin/gnu/H-x86_64-pc-linux-gnu/bin/../lib/gcc/nios2-elf/10.3.1/../../../../../H-x86_64-pc-linux-gnu/nios2-elf/lib/mno-hw-mul/libc.a(lib_a-puts.o)
 .data          0x0000000006005f94        0x0 /home/nikola/intelFPGA_lite/21.1/nios2eds/bin/gnu/H-x86_64-pc-linux-gnu/bin/../lib/gcc/nios2-elf/10.3.1/../../../../../H-x86_64-pc-linux-gnu/nios2-elf/lib/mno-hw-mul/libc.a(lib_a-strlen.o)
 .data          0x0000000006005f94        0x0 /home/nikola/intelFPGA_lite/21.1/nios2eds/bin/gnu/H-x86_64-pc-linux-gnu/bin/../lib/gcc/nios2-elf/10.3.1/../../../../../H-x86_64-pc-linux-gnu/nios2-elf/lib/mno-hw-mul/libc.a(lib_a-findfp.o)
 .data          0x0000000006005f94        0x0 /home/nikola/intelFPGA_lite/21.1/nios2eds/bin/gnu/H-x86_64-pc-linux-gnu/bin/../lib/gcc/nios2-elf/10.3.1/../../../../../H-x86_64-pc-linux-gnu/nios2-elf/lib/mno-hw-mul/libc.a(lib_a-fvwrite.o)
 .data          0x0000000006005f94        0x0 /home/nikola/intelFPGA_lite/21.1/nios2eds/bin/gnu/H-x86_64-pc-linux-gnu/bin/../lib/gcc/nios2-elf/10.3.1/../../../../../H-x86_64-pc-linux-gnu/nios2-elf/lib/mno-hw-mul/libc.a(lib_a-fwalk.o)
 .data          0x0000000006005f94        0x0 /home/nikola/intelFPGA_lite/21.1/nios2eds/bin/gnu/H-x86_64-pc-linux-gnu/bin/../lib/gcc/nios2-elf/10.3.1/../../../../../H-x86_64-pc-linux-gnu/nios2-elf/lib/mno-hw-mul/libc.a(lib_a-impure.o)
 .data.impure_data
                0x0000000006005f94      0x424 /home/nikola/intelFPGA_lite/21.1/nios2eds/bin/gnu/H-x86_64-pc-linux-gnu/bin/../lib/gcc/nios2-elf/10.3.1/../../../../../H-x86_64-pc-linux-gnu/nios2-elf/lib/mno-hw-mul/libc.a(lib_a-impure.o)
 .data          0x00000000060063b8        0x0 /home/nikola/intelFPGA_lite/21.1/nios2eds/bin/gnu/H-x86_64-pc-linux-gnu/bin/../lib/gcc/nios2-elf/10.3.1/../../../../../H-x86_64-pc-linux-gnu/nios2-elf/lib/mno-hw-mul/libc.a(lib_a-mallocr.o)
 .data.__malloc_av_
                0x00000000060063b8      0x408 /home/nikola/intelFPGA_lite/21.1/nios2eds/bin/gnu/H-x86_64-pc-linux-gnu/bin/../lib/gcc/nios2-elf/10.3.1/../../../../../H-x86_64-pc-linux-gnu/nios2-elf/lib/mno-hw-mul/libc.a(lib_a-mallocr.o)
                0x00000000060063b8                __malloc_av_
 .data          0x00000000060067c0        0x0 /home/nikola/intelFPGA_lite/21.1/nios2eds/bin/gnu/H-x86_64-pc-linux-gnu/bin/../lib/gcc/nios2-elf/10.3.1/../../../../../H-x86_64-pc-linux-gnu/nios2-elf/lib/mno-hw-mul/libc.a(lib_a-memchr.o)
 .data          0x00000000060067c0        0x0 /home/nikola/intelFPGA_lite/21.1/nios2eds/bin/gnu/H-x86_64-pc-linux-gnu/bin/../lib/gcc/nios2-elf/10.3.1/../../../../../H-x86_64-pc-linux-gnu/nios2-elf/lib/mno-hw-mul/libc.a(lib_a-memcpy.o)
 .data          0x00000000060067c0        0x0 /home/nikola/intelFPGA_lite/21.1/nios2eds/bin/gnu/H-x86_64-pc-linux-gnu/bin/../lib/gcc/nios2-elf/10.3.1/../../../../../H-x86_64-pc-linux-gnu/nios2-elf/lib/mno-hw-mul/libc.a(lib_a-memmove.o)
 .data          0x00000000060067c0        0x0 /home/nikola/intelFPGA_lite/21.1/nios2eds/bin/gnu/H-x86_64-pc-linux-gnu/bin/../lib/gcc/nios2-elf/10.3.1/../../../../../H-x86_64-pc-linux-gnu/nios2-elf/lib/mno-hw-mul/libc.a(lib_a-memset.o)
 .data          0x00000000060067c0        0x0 /home/nikola/intelFPGA_lite/21.1/nios2eds/bin/gnu/H-x86_64-pc-linux-gnu/bin/../lib/gcc/nios2-elf/10.3.1/../../../../../H-x86_64-pc-linux-gnu/nios2-elf/lib/mno-hw-mul/libc.a(lib_a-reallocr.o)
 .data          0x00000000060067c0        0x0 /home/nikola/intelFPGA_lite/21.1/nios2eds/bin/gnu/H-x86_64-pc-linux-gnu/bin/../lib/gcc/nios2-elf/10.3.1/../../../../../H-x86_64-pc-linux-gnu/nios2-elf/lib/mno-hw-mul/libc.a(lib_a-sbrkr.o)
 .data          0x00000000060067c0        0x0 /home/nikola/intelFPGA_lite/21.1/nios2eds/bin/gnu/H-x86_64-pc-linux-gnu/bin/../lib/gcc/nios2-elf/10.3.1/../../../../../H-x86_64-pc-linux-gnu/nios2-elf/lib/mno-hw-mul/libc.a(lib_a-stdio.o)
 .data          0x00000000060067c0        0x0 /home/nikola/intelFPGA_lite/21.1/nios2eds/bin/gnu/H-x86_64-pc-linux-gnu/bin/../lib/gcc/nios2-elf/10.3.1/../../../../../H-x86_64-pc-linux-gnu/nios2-elf/lib/mno-hw-mul/libc.a(lib_a-writer.o)
 .data          0x00000000060067c0        0x0 /home/nikola/intelFPGA_lite/21.1/nios2eds/bin/gnu/H-x86_64-pc-linux-gnu/bin/../lib/gcc/nios2-elf/10.3.1/../../../../../H-x86_64-pc-linux-gnu/nios2-elf/lib/mno-hw-mul/libc.a(lib_a-wsetup.o)
 .data          0x00000000060067c0        0x0 /home/nikola/intelFPGA_lite/21.1/nios2eds/bin/gnu/H-x86_64-pc-linux-gnu/bin/../lib/gcc/nios2-elf/10.3.1/../../../../../H-x86_64-pc-linux-gnu/nios2-elf/lib/mno-hw-mul/libc.a(closer.o)
 .data          0x00000000060067c0        0x0 /home/nikola/intelFPGA_lite/21.1/nios2eds/bin/gnu/H-x86_64-pc-linux-gnu/bin/../lib/gcc/nios2-elf/10.3.1/../../../../../H-x86_64-pc-linux-gnu/nios2-elf/lib/mno-hw-mul/libc.a(lib_a-fclose.o)
 .data          0x00000000060067c0        0x0 /home/nikola/intelFPGA_lite/21.1/nios2eds/bin/gnu/H-x86_64-pc-linux-gnu/bin/../lib/gcc/nios2-elf/10.3.1/../../../../../H-x86_64-pc-linux-gnu/nios2-elf/lib/mno-hw-mul/libc.a(lib_a-fflush.o)
 .data          0x00000000060067c0        0x0 /home/nikola/intelFPGA_lite/21.1/nios2eds/bin/gnu/H-x86_64-pc-linux-gnu/bin/../lib/gcc/nios2-elf/10.3.1/../../../../../H-x86_64-pc-linux-gnu/nios2-elf/lib/mno-hw-mul/libc.a(lib_a-freer.o)
 .data          0x00000000060067c0        0x0 /home/nikola/intelFPGA_lite/21.1/nios2eds/bin/gnu/H-x86_64-pc-linux-gnu/bin/../lib/gcc/nios2-elf/10.3.1/../../../../../H-x86_64-pc-linux-gnu/nios2-elf/lib/mno-hw-mul/libc.a(lib_a-int_errno.o)
 .data          0x00000000060067c0        0x0 /home/nikola/intelFPGA_lite/21.1/nios2eds/bin/gnu/H-x86_64-pc-linux-gnu/bin/../lib/gcc/nios2-elf/10.3.1/../../../../../H-x86_64-pc-linux-gnu/nios2-elf/lib/mno-hw-mul/libc.a(lib_a-lseekr.o)
 .data          0x00000000060067c0        0x0 /home/nikola/intelFPGA_lite/21.1/nios2eds/bin/gnu/H-x86_64-pc-linux-gnu/bin/../lib/gcc/nios2-elf/10.3.1/../../../../../H-x86_64-pc-linux-gnu/nios2-elf/lib/mno-hw-mul/libc.a(lib_a-makebuf.o)
 .data          0x00000000060067c0        0x0 /home/nikola/intelFPGA_lite/21.1/nios2eds/bin/gnu/H-x86_64-pc-linux-gnu/bin/../lib/gcc/nios2-elf/10.3.1/../../../../../H-x86_64-pc-linux-gnu/nios2-elf/lib/mno-hw-mul/libc.a(lib_a-readr.o)
 .data          0x00000000060067c0        0x0 /home/nikola/intelFPGA_lite/21.1/nios2eds/bin/gnu/H-x86_64-pc-linux-gnu/bin/../lib/gcc/nios2-elf/10.3.1/../../../../../H-x86_64-pc-linux-gnu/nios2-elf/lib/mno-hw-mul/libc.a(lib_a-fstatr.o)
 .data          0x00000000060067c0        0x0 /home/nikola/intelFPGA_lite/21.1/nios2eds/bin/gnu/H-x86_64-pc-linux-gnu/bin/../lib/gcc/nios2-elf/10.3.1/../../../../../H-x86_64-pc-linux-gnu/nios2-elf/lib/mno-hw-mul/libc.a(lib_a-isattyr.o)
 .data          0x00000000060067c0        0x0 /home/nikola/intelFPGA_lite/21.1/nios2eds/bin/gnu/H-x86_64-pc-linux-gnu/bin/../lib/gcc/nios2-elf/10.3.1/mno-hw-mul/libgcc.a(lib2-divmod.o)
 .data          0x00000000060067c0        0x0 /home/nikola/intelFPGA_lite/21.1/nios2eds/bin/gnu/H-x86_64-pc-linux-gnu/bin/../lib/gcc/nios2-elf/10.3.1/mno-hw-mul/libgcc.a(lib2-mul.o)
 .data          0x00000000060067c0        0x0 /home/nikola/PNRS/pnrs-2023/de1-soc-demo/sw/nios/individual/matches_bsp//libhal_bsp.a(alt_close.o)
 .data          0x00000000060067c0      0x1a8 /home/nikola/PNRS/pnrs-2023/de1-soc-demo/sw/nios/individual/matches_bsp//libhal_bsp.a(alt_dev.o)
                0x00000000060067c0                alt_dev_null
                0x00000000060067e8                alt_fd_list
 .data          0x0000000006006968        0x0 /home/nikola/PNRS/pnrs-2023/de1-soc-demo/sw/nios/individual/matches_bsp//libhal_bsp.a(alt_errno.o)
 .data          0x0000000006006968        0x0 /home/nikola/PNRS/pnrs-2023/de1-soc-demo/sw/nios/individual/matches_bsp//libhal_bsp.a(alt_fstat.o)
 .data          0x0000000006006968        0x0 /home/nikola/PNRS/pnrs-2023/de1-soc-demo/sw/nios/individual/matches_bsp//libhal_bsp.a(alt_isatty.o)
 .data          0x0000000006006968        0x0 /home/nikola/PNRS/pnrs-2023/de1-soc-demo/sw/nios/individual/matches_bsp//libhal_bsp.a(alt_load.o)
 .data          0x0000000006006968        0x0 /home/nikola/PNRS/pnrs-2023/de1-soc-demo/sw/nios/individual/matches_bsp//libhal_bsp.a(alt_lseek.o)
 .data          0x0000000006006968        0x0 /home/nikola/PNRS/pnrs-2023/de1-soc-demo/sw/nios/individual/matches_bsp//libhal_bsp.a(alt_main.o)
 .data          0x0000000006006968        0x0 /home/nikola/PNRS/pnrs-2023/de1-soc-demo/sw/nios/individual/matches_bsp//libhal_bsp.a(alt_malloc_lock.o)
 .data          0x0000000006006968        0x0 /home/nikola/PNRS/pnrs-2023/de1-soc-demo/sw/nios/individual/matches_bsp//libhal_bsp.a(alt_read.o)
 .data          0x0000000006006968        0x0 /home/nikola/PNRS/pnrs-2023/de1-soc-demo/sw/nios/individual/matches_bsp//libhal_bsp.a(alt_release_fd.o)
 .data          0x0000000006006968        0x0 /home/nikola/PNRS/pnrs-2023/de1-soc-demo/sw/nios/individual/matches_bsp//libhal_bsp.a(alt_sbrk.o)
 .data          0x0000000006006968        0x0 /home/nikola/PNRS/pnrs-2023/de1-soc-demo/sw/nios/individual/matches_bsp//libhal_bsp.a(alt_usleep.o)
 .data          0x0000000006006968        0x0 /home/nikola/PNRS/pnrs-2023/de1-soc-demo/sw/nios/individual/matches_bsp//libhal_bsp.a(alt_write.o)
 .data          0x0000000006006968     0x10a0 /home/nikola/PNRS/pnrs-2023/de1-soc-demo/sw/nios/individual/matches_bsp//libhal_bsp.a(alt_sys_init.o)
 .data          0x0000000006007a08        0x0 /home/nikola/PNRS/pnrs-2023/de1-soc-demo/sw/nios/individual/matches_bsp//libhal_bsp.a(altera_avalon_jtag_uart_fd.o)
 .data          0x0000000006007a08        0x0 /home/nikola/PNRS/pnrs-2023/de1-soc-demo/sw/nios/individual/matches_bsp//libhal_bsp.a(altera_avalon_jtag_uart_init.o)
 .data          0x0000000006007a08        0x0 /home/nikola/PNRS/pnrs-2023/de1-soc-demo/sw/nios/individual/matches_bsp//libhal_bsp.a(altera_avalon_jtag_uart_ioctl.o)
 .data          0x0000000006007a08        0x0 /home/nikola/PNRS/pnrs-2023/de1-soc-demo/sw/nios/individual/matches_bsp//libhal_bsp.a(altera_avalon_jtag_uart_read.o)
 .data          0x0000000006007a08        0x0 /home/nikola/PNRS/pnrs-2023/de1-soc-demo/sw/nios/individual/matches_bsp//libhal_bsp.a(altera_avalon_jtag_uart_write.o)
 .data          0x0000000006007a08        0x0 /home/nikola/PNRS/pnrs-2023/de1-soc-demo/sw/nios/individual/matches_bsp//libhal_bsp.a(altera_avalon_mutex.o)
 .data          0x0000000006007a08        0x0 /home/nikola/PNRS/pnrs-2023/de1-soc-demo/sw/nios/individual/matches_bsp//libhal_bsp.a(altera_avalon_timer_sc.o)
 .data          0x0000000006007a08        0x0 /home/nikola/PNRS/pnrs-2023/de1-soc-demo/sw/nios/individual/matches_bsp//libhal_bsp.a(alt_alarm_start.o)
 .data          0x0000000006007a08        0x0 /home/nikola/PNRS/pnrs-2023/de1-soc-demo/sw/nios/individual/matches_bsp//libhal_bsp.a(alt_busy_sleep.o)
 .data          0x0000000006007a08        0x0 /home/nikola/PNRS/pnrs-2023/de1-soc-demo/sw/nios/individual/matches_bsp//libhal_bsp.a(alt_dcache_flush_all.o)
 .data          0x0000000006007a08        0x0 /home/nikola/PNRS/pnrs-2023/de1-soc-demo/sw/nios/individual/matches_bsp//libhal_bsp.a(alt_dev_llist_insert.o)
 .data          0x0000000006007a08        0x0 /home/nikola/PNRS/pnrs-2023/de1-soc-demo/sw/nios/individual/matches_bsp//libhal_bsp.a(alt_do_ctors.o)
 .data          0x0000000006007a08        0x0 /home/nikola/PNRS/pnrs-2023/de1-soc-demo/sw/nios/individual/matches_bsp//libhal_bsp.a(alt_do_dtors.o)
 .data          0x0000000006007a08        0x0 /home/nikola/PNRS/pnrs-2023/de1-soc-demo/sw/nios/individual/matches_bsp//libhal_bsp.a(alt_find_dev.o)
 .data          0x0000000006007a08        0x0 /home/nikola/PNRS/pnrs-2023/de1-soc-demo/sw/nios/individual/matches_bsp//libhal_bsp.a(alt_icache_flush_all.o)
 .data          0x0000000006007a08        0x0 /home/nikola/PNRS/pnrs-2023/de1-soc-demo/sw/nios/individual/matches_bsp//libhal_bsp.a(alt_iic.o)
 .data          0x0000000006007a08        0x0 /home/nikola/PNRS/pnrs-2023/de1-soc-demo/sw/nios/individual/matches_bsp//libhal_bsp.a(alt_iic_isr_register.o)
 .data          0x0000000006007a08        0x0 /home/nikola/PNRS/pnrs-2023/de1-soc-demo/sw/nios/individual/matches_bsp//libhal_bsp.a(alt_io_redirect.o)
 .data          0x0000000006007a08        0x0 /home/nikola/PNRS/pnrs-2023/de1-soc-demo/sw/nios/individual/matches_bsp//libhal_bsp.a(alt_irq_entry.o)
 .data          0x0000000006007a08        0x0 /home/nikola/PNRS/pnrs-2023/de1-soc-demo/sw/nios/individual/matches_bsp//libhal_bsp.a(alt_irq_handler.o)
 .data          0x0000000006007a08        0x0 /home/nikola/PNRS/pnrs-2023/de1-soc-demo/sw/nios/individual/matches_bsp//libhal_bsp.a(alt_irq_vars.o)
 .data          0x0000000006007a08        0x0 /home/nikola/PNRS/pnrs-2023/de1-soc-demo/sw/nios/individual/matches_bsp//libhal_bsp.a(alt_open.o)
 .data          0x0000000006007a08        0x0 /home/nikola/PNRS/pnrs-2023/de1-soc-demo/sw/nios/individual/matches_bsp//libhal_bsp.a(alt_tick.o)
 .data          0x0000000006007a08        0x0 /home/nikola/PNRS/pnrs-2023/de1-soc-demo/sw/nios/individual/matches_bsp//libhal_bsp.a(altera_nios2_gen2_irq.o)
 .data          0x0000000006007a08        0x0 /home/nikola/PNRS/pnrs-2023/de1-soc-demo/sw/nios/individual/matches_bsp//libhal_bsp.a(alt_exception_entry.o)
 .data          0x0000000006007a08        0x0 /home/nikola/PNRS/pnrs-2023/de1-soc-demo/sw/nios/individual/matches_bsp//libhal_bsp.a(alt_find_file.o)
 .data          0x0000000006007a08        0x0 /home/nikola/PNRS/pnrs-2023/de1-soc-demo/sw/nios/individual/matches_bsp//libhal_bsp.a(alt_get_fd.o)
 .data          0x0000000006007a08        0x0 /home/nikola/PNRS/pnrs-2023/de1-soc-demo/sw/nios/individual/matches_bsp//libhal_bsp.a(alt_instruction_exception_entry.o)
 .data          0x0000000006007a08        0x0 /home/nikola/intelFPGA_lite/21.1/nios2eds/bin/gnu/H-x86_64-pc-linux-gnu/bin/../lib/gcc/nios2-elf/10.3.1/../../../../../H-x86_64-pc-linux-gnu/nios2-elf/lib/mno-hw-mul/libc.a(lib_a-atexit.o)
 .data          0x0000000006007a08        0x0 /home/nikola/intelFPGA_lite/21.1/nios2eds/bin/gnu/H-x86_64-pc-linux-gnu/bin/../lib/gcc/nios2-elf/10.3.1/../../../../../H-x86_64-pc-linux-gnu/nios2-elf/lib/mno-hw-mul/libc.a(lib_a-exit.o)
 .data          0x0000000006007a08        0x0 /home/nikola/intelFPGA_lite/21.1/nios2eds/bin/gnu/H-x86_64-pc-linux-gnu/bin/../lib/gcc/nios2-elf/10.3.1/../../../../../H-x86_64-pc-linux-gnu/nios2-elf/lib/mno-hw-mul/libc.a(lib_a-memcmp.o)
 .data          0x0000000006007a08        0x0 /home/nikola/intelFPGA_lite/21.1/nios2eds/bin/gnu/H-x86_64-pc-linux-gnu/bin/../lib/gcc/nios2-elf/10.3.1/../../../../../H-x86_64-pc-linux-gnu/nios2-elf/lib/mno-hw-mul/libc.a(lib_a-__atexit.o)
 .data          0x0000000006007a08        0x0 /home/nikola/intelFPGA_lite/21.1/nios2eds/bin/gnu/H-x86_64-pc-linux-gnu/bin/../lib/gcc/nios2-elf/10.3.1/../../../../../H-x86_64-pc-linux-gnu/nios2-elf/lib/mno-hw-mul/libc.a(lib_a-__call_atexit.o)
 .data          0x0000000006007a08        0x0 /home/nikola/PNRS/pnrs-2023/de1-soc-demo/sw/nios/individual/matches_bsp//libhal_bsp.a(alt_exit.o)
                0x000000000600fa08                _gp = ABSOLUTE ((. + 0x8000))
                [!provide]                        PROVIDE (gp = _gp)
 *(.rwdata .rwdata.*)
 *(.sdata .sdata.* .gnu.linkonce.s.*)
 .sdata._global_impure_ptr
                0x0000000006007a08        0x4 /home/nikola/intelFPGA_lite/21.1/nios2eds/bin/gnu/H-x86_64-pc-linux-gnu/bin/../lib/gcc/nios2-elf/10.3.1/../../../../../H-x86_64-pc-linux-gnu/nios2-elf/lib/mno-hw-mul/libc.a(lib_a-impure.o)
                0x0000000006007a08                _global_impure_ptr
 .sdata._impure_ptr
                0x0000000006007a0c        0x4 /home/nikola/intelFPGA_lite/21.1/nios2eds/bin/gnu/H-x86_64-pc-linux-gnu/bin/../lib/gcc/nios2-elf/10.3.1/../../../../../H-x86_64-pc-linux-gnu/nios2-elf/lib/mno-hw-mul/libc.a(lib_a-impure.o)
                0x0000000006007a0c                _impure_ptr
 .sdata.__malloc_sbrk_base
                0x0000000006007a10        0x4 /home/nikola/intelFPGA_lite/21.1/nios2eds/bin/gnu/H-x86_64-pc-linux-gnu/bin/../lib/gcc/nios2-elf/10.3.1/../../../../../H-x86_64-pc-linux-gnu/nios2-elf/lib/mno-hw-mul/libc.a(lib_a-mallocr.o)
                0x0000000006007a10                __malloc_sbrk_base
 .sdata.__malloc_trim_threshold
                0x0000000006007a14        0x4 /home/nikola/intelFPGA_lite/21.1/nios2eds/bin/gnu/H-x86_64-pc-linux-gnu/bin/../lib/gcc/nios2-elf/10.3.1/../../../../../H-x86_64-pc-linux-gnu/nios2-elf/lib/mno-hw-mul/libc.a(lib_a-mallocr.o)
                0x0000000006007a14                __malloc_trim_threshold
 .sdata         0x0000000006007a18       0x14 /home/nikola/PNRS/pnrs-2023/de1-soc-demo/sw/nios/individual/matches_bsp//libhal_bsp.a(alt_dev.o)
                0x0000000006007a18                alt_fs_list
                0x0000000006007a20                alt_dev_list
                0x0000000006007a28                alt_max_fd
 .sdata         0x0000000006007a2c        0x4 /home/nikola/PNRS/pnrs-2023/de1-soc-demo/sw/nios/individual/matches_bsp//libhal_bsp.a(alt_errno.o)
                0x0000000006007a2c                alt_errno
 .sdata         0x0000000006007a30        0x4 /home/nikola/PNRS/pnrs-2023/de1-soc-demo/sw/nios/individual/matches_bsp//libhal_bsp.a(alt_sbrk.o)
 .sdata         0x0000000006007a34        0x8 /home/nikola/PNRS/pnrs-2023/de1-soc-demo/sw/nios/individual/matches_bsp//libhal_bsp.a(altera_avalon_mutex.o)
                0x0000000006007a34                alt_mutex_list
 .sdata         0x0000000006007a3c        0x4 /home/nikola/PNRS/pnrs-2023/de1-soc-demo/sw/nios/individual/matches_bsp//libhal_bsp.a(alt_irq_vars.o)
                0x0000000006007a3c                alt_priority_mask
 .sdata         0x0000000006007a40        0x8 /home/nikola/PNRS/pnrs-2023/de1-soc-demo/sw/nios/individual/matches_bsp//libhal_bsp.a(alt_tick.o)
                0x0000000006007a40                alt_alarm_list
 *(.sdata2 .sdata2.* .gnu.linkonce.s2.*)
                0x0000000006007a48                . = ALIGN (0x4)
                0x0000000006007a48                _edata = ABSOLUTE (.)
                [!provide]                        PROVIDE (edata = ABSOLUTE (.))
                0x0000000006007a48                PROVIDE (__ram_rwdata_end = ABSOLUTE (.))
                0x0000000006007a48                PROVIDE (__flash_rwdata_start = LOADADDR (.rwdata))

.bss            0x00000000060094fc      0x160
                0x00000000060094fc                __bss_start = ABSOLUTE (.)
                [!provide]                        PROVIDE (__sbss_start = ABSOLUTE (.))
                [!provide]                        PROVIDE (___sbss_start = ABSOLUTE (.))
 *(.dynsbss)
 *(.sbss .sbss.* .gnu.linkonce.sb.*)
 .sbss          0x00000000060094fc        0x8 obj/default/matches.o
                0x00000000060094fc                mutex
                0x0000000006009500                agent_mutex
 .sbss.__malloc_max_total_mem
                0x0000000006009504        0x4 /home/nikola/intelFPGA_lite/21.1/nios2eds/bin/gnu/H-x86_64-pc-linux-gnu/bin/../lib/gcc/nios2-elf/10.3.1/../../../../../H-x86_64-pc-linux-gnu/nios2-elf/lib/mno-hw-mul/libc.a(lib_a-mallocr.o)
                0x0000000006009504                __malloc_max_total_mem
 .sbss.__malloc_max_sbrked_mem
                0x0000000006009508        0x4 /home/nikola/intelFPGA_lite/21.1/nios2eds/bin/gnu/H-x86_64-pc-linux-gnu/bin/../lib/gcc/nios2-elf/10.3.1/../../../../../H-x86_64-pc-linux-gnu/nios2-elf/lib/mno-hw-mul/libc.a(lib_a-mallocr.o)
                0x0000000006009508                __malloc_max_sbrked_mem
 .sbss.__malloc_top_pad
                0x000000000600950c        0x4 /home/nikola/intelFPGA_lite/21.1/nios2eds/bin/gnu/H-x86_64-pc-linux-gnu/bin/../lib/gcc/nios2-elf/10.3.1/../../../../../H-x86_64-pc-linux-gnu/nios2-elf/lib/mno-hw-mul/libc.a(lib_a-mallocr.o)
                0x000000000600950c                __malloc_top_pad
 .sbss.errno    0x0000000006009510        0x4 /home/nikola/intelFPGA_lite/21.1/nios2eds/bin/gnu/H-x86_64-pc-linux-gnu/bin/../lib/gcc/nios2-elf/10.3.1/../../../../../H-x86_64-pc-linux-gnu/nios2-elf/lib/mno-hw-mul/libc.a(lib_a-int_errno.o)
                0x0000000006009510                errno
 .sbss          0x0000000006009514        0xc /home/nikola/PNRS/pnrs-2023/de1-soc-demo/sw/nios/individual/matches_bsp//libhal_bsp.a(alt_main.o)
                0x0000000006009514                alt_argc
                0x0000000006009518                alt_argv
                0x000000000600951c                alt_envp
 .sbss          0x0000000006009520        0x4 /home/nikola/PNRS/pnrs-2023/de1-soc-demo/sw/nios/individual/matches_bsp//libhal_bsp.a(alt_irq_vars.o)
                0x0000000006009520                alt_irq_active
 .sbss          0x0000000006009524        0xc /home/nikola/PNRS/pnrs-2023/de1-soc-demo/sw/nios/individual/matches_bsp//libhal_bsp.a(alt_tick.o)
                0x0000000006009524                _alt_tick_rate
                0x0000000006009528                _alt_nticks
 .sbss          0x0000000006009530        0x4 /home/nikola/PNRS/pnrs-2023/de1-soc-demo/sw/nios/individual/matches_bsp//libhal_bsp.a(alt_instruction_exception_entry.o)
                0x0000000006009530                alt_instruction_exception_handler
 *(.sbss2 .sbss2.* .gnu.linkonce.sb2.*)
 *(.scommon)
                [!provide]                        PROVIDE (__sbss_end = ABSOLUTE (.))
                [!provide]                        PROVIDE (___sbss_end = ABSOLUTE (.))
 *(.dynbss)
 *(.bss .bss.* .gnu.linkonce.b.*)
 .bss           0x0000000006009534        0x0 /home/nikola/PNRS/pnrs-2023/de1-soc-demo/sw/nios/individual/matches_bsp//obj/HAL/src/crt0.o
 .bss           0x0000000006009534        0x0 obj/default/matches.o
 .bss           0x0000000006009534        0x0 /home/nikola/intelFPGA_lite/21.1/nios2eds/bin/gnu/H-x86_64-pc-linux-gnu/bin/../lib/gcc/nios2-elf/10.3.1/../../../../../H-x86_64-pc-linux-gnu/nios2-elf/lib/mno-hw-mul/libc.a(lib_a-puts.o)
 .bss           0x0000000006009534        0x0 /home/nikola/intelFPGA_lite/21.1/nios2eds/bin/gnu/H-x86_64-pc-linux-gnu/bin/../lib/gcc/nios2-elf/10.3.1/../../../../../H-x86_64-pc-linux-gnu/nios2-elf/lib/mno-hw-mul/libc.a(lib_a-strlen.o)
 .bss           0x0000000006009534        0x0 /home/nikola/intelFPGA_lite/21.1/nios2eds/bin/gnu/H-x86_64-pc-linux-gnu/bin/../lib/gcc/nios2-elf/10.3.1/../../../../../H-x86_64-pc-linux-gnu/nios2-elf/lib/mno-hw-mul/libc.a(lib_a-findfp.o)
 .bss           0x0000000006009534        0x0 /home/nikola/intelFPGA_lite/21.1/nios2eds/bin/gnu/H-x86_64-pc-linux-gnu/bin/../lib/gcc/nios2-elf/10.3.1/../../../../../H-x86_64-pc-linux-gnu/nios2-elf/lib/mno-hw-mul/libc.a(lib_a-fvwrite.o)
 .bss           0x0000000006009534        0x0 /home/nikola/intelFPGA_lite/21.1/nios2eds/bin/gnu/H-x86_64-pc-linux-gnu/bin/../lib/gcc/nios2-elf/10.3.1/../../../../../H-x86_64-pc-linux-gnu/nios2-elf/lib/mno-hw-mul/libc.a(lib_a-fwalk.o)
 .bss           0x0000000006009534        0x0 /home/nikola/intelFPGA_lite/21.1/nios2eds/bin/gnu/H-x86_64-pc-linux-gnu/bin/../lib/gcc/nios2-elf/10.3.1/../../../../../H-x86_64-pc-linux-gnu/nios2-elf/lib/mno-hw-mul/libc.a(lib_a-impure.o)
 .bss           0x0000000006009534        0x0 /home/nikola/intelFPGA_lite/21.1/nios2eds/bin/gnu/H-x86_64-pc-linux-gnu/bin/../lib/gcc/nios2-elf/10.3.1/../../../../../H-x86_64-pc-linux-gnu/nios2-elf/lib/mno-hw-mul/libc.a(lib_a-mallocr.o)
 .bss.__malloc_current_mallinfo
                0x0000000006009534       0x28 /home/nikola/intelFPGA_lite/21.1/nios2eds/bin/gnu/H-x86_64-pc-linux-gnu/bin/../lib/gcc/nios2-elf/10.3.1/../../../../../H-x86_64-pc-linux-gnu/nios2-elf/lib/mno-hw-mul/libc.a(lib_a-mallocr.o)
                0x0000000006009534                __malloc_current_mallinfo
 .bss           0x000000000600955c        0x0 /home/nikola/intelFPGA_lite/21.1/nios2eds/bin/gnu/H-x86_64-pc-linux-gnu/bin/../lib/gcc/nios2-elf/10.3.1/../../../../../H-x86_64-pc-linux-gnu/nios2-elf/lib/mno-hw-mul/libc.a(lib_a-memchr.o)
 .bss           0x000000000600955c        0x0 /home/nikola/intelFPGA_lite/21.1/nios2eds/bin/gnu/H-x86_64-pc-linux-gnu/bin/../lib/gcc/nios2-elf/10.3.1/../../../../../H-x86_64-pc-linux-gnu/nios2-elf/lib/mno-hw-mul/libc.a(lib_a-memcpy.o)
 .bss           0x000000000600955c        0x0 /home/nikola/intelFPGA_lite/21.1/nios2eds/bin/gnu/H-x86_64-pc-linux-gnu/bin/../lib/gcc/nios2-elf/10.3.1/../../../../../H-x86_64-pc-linux-gnu/nios2-elf/lib/mno-hw-mul/libc.a(lib_a-memmove.o)
 .bss           0x000000000600955c        0x0 /home/nikola/intelFPGA_lite/21.1/nios2eds/bin/gnu/H-x86_64-pc-linux-gnu/bin/../lib/gcc/nios2-elf/10.3.1/../../../../../H-x86_64-pc-linux-gnu/nios2-elf/lib/mno-hw-mul/libc.a(lib_a-memset.o)
 .bss           0x000000000600955c        0x0 /home/nikola/intelFPGA_lite/21.1/nios2eds/bin/gnu/H-x86_64-pc-linux-gnu/bin/../lib/gcc/nios2-elf/10.3.1/../../../../../H-x86_64-pc-linux-gnu/nios2-elf/lib/mno-hw-mul/libc.a(lib_a-reallocr.o)
 .bss           0x000000000600955c        0x0 /home/nikola/intelFPGA_lite/21.1/nios2eds/bin/gnu/H-x86_64-pc-linux-gnu/bin/../lib/gcc/nios2-elf/10.3.1/../../../../../H-x86_64-pc-linux-gnu/nios2-elf/lib/mno-hw-mul/libc.a(lib_a-sbrkr.o)
 .bss           0x000000000600955c        0x0 /home/nikola/intelFPGA_lite/21.1/nios2eds/bin/gnu/H-x86_64-pc-linux-gnu/bin/../lib/gcc/nios2-elf/10.3.1/../../../../../H-x86_64-pc-linux-gnu/nios2-elf/lib/mno-hw-mul/libc.a(lib_a-stdio.o)
 .bss           0x000000000600955c        0x0 /home/nikola/intelFPGA_lite/21.1/nios2eds/bin/gnu/H-x86_64-pc-linux-gnu/bin/../lib/gcc/nios2-elf/10.3.1/../../../../../H-x86_64-pc-linux-gnu/nios2-elf/lib/mno-hw-mul/libc.a(lib_a-writer.o)
 .bss           0x000000000600955c        0x0 /home/nikola/intelFPGA_lite/21.1/nios2eds/bin/gnu/H-x86_64-pc-linux-gnu/bin/../lib/gcc/nios2-elf/10.3.1/../../../../../H-x86_64-pc-linux-gnu/nios2-elf/lib/mno-hw-mul/libc.a(lib_a-wsetup.o)
 .bss           0x000000000600955c        0x0 /home/nikola/intelFPGA_lite/21.1/nios2eds/bin/gnu/H-x86_64-pc-linux-gnu/bin/../lib/gcc/nios2-elf/10.3.1/../../../../../H-x86_64-pc-linux-gnu/nios2-elf/lib/mno-hw-mul/libc.a(closer.o)
 .bss           0x000000000600955c        0x0 /home/nikola/intelFPGA_lite/21.1/nios2eds/bin/gnu/H-x86_64-pc-linux-gnu/bin/../lib/gcc/nios2-elf/10.3.1/../../../../../H-x86_64-pc-linux-gnu/nios2-elf/lib/mno-hw-mul/libc.a(lib_a-fclose.o)
 .bss           0x000000000600955c        0x0 /home/nikola/intelFPGA_lite/21.1/nios2eds/bin/gnu/H-x86_64-pc-linux-gnu/bin/../lib/gcc/nios2-elf/10.3.1/../../../../../H-x86_64-pc-linux-gnu/nios2-elf/lib/mno-hw-mul/libc.a(lib_a-fflush.o)
 .bss           0x000000000600955c        0x0 /home/nikola/intelFPGA_lite/21.1/nios2eds/bin/gnu/H-x86_64-pc-linux-gnu/bin/../lib/gcc/nios2-elf/10.3.1/../../../../../H-x86_64-pc-linux-gnu/nios2-elf/lib/mno-hw-mul/libc.a(lib_a-freer.o)
 .bss           0x000000000600955c        0x0 /home/nikola/intelFPGA_lite/21.1/nios2eds/bin/gnu/H-x86_64-pc-linux-gnu/bin/../lib/gcc/nios2-elf/10.3.1/../../../../../H-x86_64-pc-linux-gnu/nios2-elf/lib/mno-hw-mul/libc.a(lib_a-int_errno.o)
 .bss           0x000000000600955c        0x0 /home/nikola/intelFPGA_lite/21.1/nios2eds/bin/gnu/H-x86_64-pc-linux-gnu/bin/../lib/gcc/nios2-elf/10.3.1/../../../../../H-x86_64-pc-linux-gnu/nios2-elf/lib/mno-hw-mul/libc.a(lib_a-lseekr.o)
 .bss           0x000000000600955c        0x0 /home/nikola/intelFPGA_lite/21.1/nios2eds/bin/gnu/H-x86_64-pc-linux-gnu/bin/../lib/gcc/nios2-elf/10.3.1/../../../../../H-x86_64-pc-linux-gnu/nios2-elf/lib/mno-hw-mul/libc.a(lib_a-makebuf.o)
 .bss           0x000000000600955c        0x0 /home/nikola/intelFPGA_lite/21.1/nios2eds/bin/gnu/H-x86_64-pc-linux-gnu/bin/../lib/gcc/nios2-elf/10.3.1/../../../../../H-x86_64-pc-linux-gnu/nios2-elf/lib/mno-hw-mul/libc.a(lib_a-readr.o)
 .bss           0x000000000600955c        0x0 /home/nikola/intelFPGA_lite/21.1/nios2eds/bin/gnu/H-x86_64-pc-linux-gnu/bin/../lib/gcc/nios2-elf/10.3.1/../../../../../H-x86_64-pc-linux-gnu/nios2-elf/lib/mno-hw-mul/libc.a(lib_a-fstatr.o)
 .bss           0x000000000600955c        0x0 /home/nikola/intelFPGA_lite/21.1/nios2eds/bin/gnu/H-x86_64-pc-linux-gnu/bin/../lib/gcc/nios2-elf/10.3.1/../../../../../H-x86_64-pc-linux-gnu/nios2-elf/lib/mno-hw-mul/libc.a(lib_a-isattyr.o)
 .bss           0x000000000600955c        0x0 /home/nikola/intelFPGA_lite/21.1/nios2eds/bin/gnu/H-x86_64-pc-linux-gnu/bin/../lib/gcc/nios2-elf/10.3.1/mno-hw-mul/libgcc.a(lib2-divmod.o)
 .bss           0x000000000600955c        0x0 /home/nikola/intelFPGA_lite/21.1/nios2eds/bin/gnu/H-x86_64-pc-linux-gnu/bin/../lib/gcc/nios2-elf/10.3.1/mno-hw-mul/libgcc.a(lib2-mul.o)
 .bss           0x000000000600955c        0x0 /home/nikola/PNRS/pnrs-2023/de1-soc-demo/sw/nios/individual/matches_bsp//libhal_bsp.a(alt_close.o)
 .bss           0x000000000600955c        0x0 /home/nikola/PNRS/pnrs-2023/de1-soc-demo/sw/nios/individual/matches_bsp//libhal_bsp.a(alt_dev.o)
 .bss           0x000000000600955c        0x0 /home/nikola/PNRS/pnrs-2023/de1-soc-demo/sw/nios/individual/matches_bsp//libhal_bsp.a(alt_errno.o)
 .bss           0x000000000600955c        0x0 /home/nikola/PNRS/pnrs-2023/de1-soc-demo/sw/nios/individual/matches_bsp//libhal_bsp.a(alt_fstat.o)
 .bss           0x000000000600955c        0x0 /home/nikola/PNRS/pnrs-2023/de1-soc-demo/sw/nios/individual/matches_bsp//libhal_bsp.a(alt_isatty.o)
 .bss           0x000000000600955c        0x0 /home/nikola/PNRS/pnrs-2023/de1-soc-demo/sw/nios/individual/matches_bsp//libhal_bsp.a(alt_load.o)
 .bss           0x000000000600955c        0x0 /home/nikola/PNRS/pnrs-2023/de1-soc-demo/sw/nios/individual/matches_bsp//libhal_bsp.a(alt_lseek.o)
 .bss           0x000000000600955c        0x0 /home/nikola/PNRS/pnrs-2023/de1-soc-demo/sw/nios/individual/matches_bsp//libhal_bsp.a(alt_main.o)
 .bss           0x000000000600955c        0x0 /home/nikola/PNRS/pnrs-2023/de1-soc-demo/sw/nios/individual/matches_bsp//libhal_bsp.a(alt_malloc_lock.o)
 .bss           0x000000000600955c        0x0 /home/nikola/PNRS/pnrs-2023/de1-soc-demo/sw/nios/individual/matches_bsp//libhal_bsp.a(alt_read.o)
 .bss           0x000000000600955c        0x0 /home/nikola/PNRS/pnrs-2023/de1-soc-demo/sw/nios/individual/matches_bsp//libhal_bsp.a(alt_release_fd.o)
 .bss           0x000000000600955c        0x0 /home/nikola/PNRS/pnrs-2023/de1-soc-demo/sw/nios/individual/matches_bsp//libhal_bsp.a(alt_sbrk.o)
 .bss           0x000000000600955c        0x0 /home/nikola/PNRS/pnrs-2023/de1-soc-demo/sw/nios/individual/matches_bsp//libhal_bsp.a(alt_usleep.o)
 .bss           0x000000000600955c        0x0 /home/nikola/PNRS/pnrs-2023/de1-soc-demo/sw/nios/individual/matches_bsp//libhal_bsp.a(alt_write.o)
 .bss           0x000000000600955c        0x0 /home/nikola/PNRS/pnrs-2023/de1-soc-demo/sw/nios/individual/matches_bsp//libhal_bsp.a(alt_sys_init.o)
 .bss           0x000000000600955c        0x0 /home/nikola/PNRS/pnrs-2023/de1-soc-demo/sw/nios/individual/matches_bsp//libhal_bsp.a(altera_avalon_jtag_uart_fd.o)
 .bss           0x000000000600955c        0x0 /home/nikola/PNRS/pnrs-2023/de1-soc-demo/sw/nios/individual/matches_bsp//libhal_bsp.a(altera_avalon_jtag_uart_init.o)
 .bss           0x000000000600955c        0x0 /home/nikola/PNRS/pnrs-2023/de1-soc-demo/sw/nios/individual/matches_bsp//libhal_bsp.a(altera_avalon_jtag_uart_ioctl.o)
 .bss           0x000000000600955c        0x0 /home/nikola/PNRS/pnrs-2023/de1-soc-demo/sw/nios/individual/matches_bsp//libhal_bsp.a(altera_avalon_jtag_uart_read.o)
 .bss           0x000000000600955c        0x0 /home/nikola/PNRS/pnrs-2023/de1-soc-demo/sw/nios/individual/matches_bsp//libhal_bsp.a(altera_avalon_jtag_uart_write.o)
 .bss           0x000000000600955c        0x0 /home/nikola/PNRS/pnrs-2023/de1-soc-demo/sw/nios/individual/matches_bsp//libhal_bsp.a(altera_avalon_mutex.o)
 .bss           0x000000000600955c        0x0 /home/nikola/PNRS/pnrs-2023/de1-soc-demo/sw/nios/individual/matches_bsp//libhal_bsp.a(altera_avalon_timer_sc.o)
 .bss           0x000000000600955c        0x0 /home/nikola/PNRS/pnrs-2023/de1-soc-demo/sw/nios/individual/matches_bsp//libhal_bsp.a(alt_alarm_start.o)
 .bss           0x000000000600955c        0x0 /home/nikola/PNRS/pnrs-2023/de1-soc-demo/sw/nios/individual/matches_bsp//libhal_bsp.a(alt_busy_sleep.o)
 .bss           0x000000000600955c        0x0 /home/nikola/PNRS/pnrs-2023/de1-soc-demo/sw/nios/individual/matches_bsp//libhal_bsp.a(alt_dcache_flush_all.o)
 .bss           0x000000000600955c        0x0 /home/nikola/PNRS/pnrs-2023/de1-soc-demo/sw/nios/individual/matches_bsp//libhal_bsp.a(alt_dev_llist_insert.o)
 .bss           0x000000000600955c        0x0 /home/nikola/PNRS/pnrs-2023/de1-soc-demo/sw/nios/individual/matches_bsp//libhal_bsp.a(alt_do_ctors.o)
 .bss           0x000000000600955c        0x0 /home/nikola/PNRS/pnrs-2023/de1-soc-demo/sw/nios/individual/matches_bsp//libhal_bsp.a(alt_do_dtors.o)
 .bss           0x000000000600955c        0x0 /home/nikola/PNRS/pnrs-2023/de1-soc-demo/sw/nios/individual/matches_bsp//libhal_bsp.a(alt_find_dev.o)
 .bss           0x000000000600955c        0x0 /home/nikola/PNRS/pnrs-2023/de1-soc-demo/sw/nios/individual/matches_bsp//libhal_bsp.a(alt_icache_flush_all.o)
 .bss           0x000000000600955c        0x0 /home/nikola/PNRS/pnrs-2023/de1-soc-demo/sw/nios/individual/matches_bsp//libhal_bsp.a(alt_iic.o)
 .bss           0x000000000600955c        0x0 /home/nikola/PNRS/pnrs-2023/de1-soc-demo/sw/nios/individual/matches_bsp//libhal_bsp.a(alt_iic_isr_register.o)
 .bss           0x000000000600955c        0x0 /home/nikola/PNRS/pnrs-2023/de1-soc-demo/sw/nios/individual/matches_bsp//libhal_bsp.a(alt_io_redirect.o)
 .bss           0x000000000600955c        0x0 /home/nikola/PNRS/pnrs-2023/de1-soc-demo/sw/nios/individual/matches_bsp//libhal_bsp.a(alt_irq_entry.o)
 .bss           0x000000000600955c      0x100 /home/nikola/PNRS/pnrs-2023/de1-soc-demo/sw/nios/individual/matches_bsp//libhal_bsp.a(alt_irq_handler.o)
                0x000000000600955c                alt_irq
 .bss           0x000000000600965c        0x0 /home/nikola/PNRS/pnrs-2023/de1-soc-demo/sw/nios/individual/matches_bsp//libhal_bsp.a(alt_irq_vars.o)
 .bss           0x000000000600965c        0x0 /home/nikola/PNRS/pnrs-2023/de1-soc-demo/sw/nios/individual/matches_bsp//libhal_bsp.a(alt_open.o)
 .bss           0x000000000600965c        0x0 /home/nikola/PNRS/pnrs-2023/de1-soc-demo/sw/nios/individual/matches_bsp//libhal_bsp.a(alt_tick.o)
 .bss           0x000000000600965c        0x0 /home/nikola/PNRS/pnrs-2023/de1-soc-demo/sw/nios/individual/matches_bsp//libhal_bsp.a(altera_nios2_gen2_irq.o)
 .bss           0x000000000600965c        0x0 /home/nikola/PNRS/pnrs-2023/de1-soc-demo/sw/nios/individual/matches_bsp//libhal_bsp.a(alt_exception_entry.o)
 .bss           0x000000000600965c        0x0 /home/nikola/PNRS/pnrs-2023/de1-soc-demo/sw/nios/individual/matches_bsp//libhal_bsp.a(alt_find_file.o)
 .bss           0x000000000600965c        0x0 /home/nikola/PNRS/pnrs-2023/de1-soc-demo/sw/nios/individual/matches_bsp//libhal_bsp.a(alt_get_fd.o)
 .bss           0x000000000600965c        0x0 /home/nikola/PNRS/pnrs-2023/de1-soc-demo/sw/nios/individual/matches_bsp//libhal_bsp.a(alt_instruction_exception_entry.o)
 .bss           0x000000000600965c        0x0 /home/nikola/intelFPGA_lite/21.1/nios2eds/bin/gnu/H-x86_64-pc-linux-gnu/bin/../lib/gcc/nios2-elf/10.3.1/../../../../../H-x86_64-pc-linux-gnu/nios2-elf/lib/mno-hw-mul/libc.a(lib_a-atexit.o)
 .bss           0x000000000600965c        0x0 /home/nikola/intelFPGA_lite/21.1/nios2eds/bin/gnu/H-x86_64-pc-linux-gnu/bin/../lib/gcc/nios2-elf/10.3.1/../../../../../H-x86_64-pc-linux-gnu/nios2-elf/lib/mno-hw-mul/libc.a(lib_a-exit.o)
 .bss           0x000000000600965c        0x0 /home/nikola/intelFPGA_lite/21.1/nios2eds/bin/gnu/H-x86_64-pc-linux-gnu/bin/../lib/gcc/nios2-elf/10.3.1/../../../../../H-x86_64-pc-linux-gnu/nios2-elf/lib/mno-hw-mul/libc.a(lib_a-memcmp.o)
 .bss           0x000000000600965c        0x0 /home/nikola/intelFPGA_lite/21.1/nios2eds/bin/gnu/H-x86_64-pc-linux-gnu/bin/../lib/gcc/nios2-elf/10.3.1/../../../../../H-x86_64-pc-linux-gnu/nios2-elf/lib/mno-hw-mul/libc.a(lib_a-__atexit.o)
 .bss           0x000000000600965c        0x0 /home/nikola/intelFPGA_lite/21.1/nios2eds/bin/gnu/H-x86_64-pc-linux-gnu/bin/../lib/gcc/nios2-elf/10.3.1/../../../../../H-x86_64-pc-linux-gnu/nios2-elf/lib/mno-hw-mul/libc.a(lib_a-__call_atexit.o)
 .bss           0x000000000600965c        0x0 /home/nikola/PNRS/pnrs-2023/de1-soc-demo/sw/nios/individual/matches_bsp//libhal_bsp.a(alt_exit.o)
 *(COMMON)
                0x000000000600965c                . = ALIGN (0x4)
                0x000000000600965c                __bss_end = ABSOLUTE (.)

.sdram_controller_0
                0x000000000600965c        0x0
                [!provide]                        PROVIDE (_alt_partition_sdram_controller_0_start = ABSOLUTE (.))
 *(.sdram_controller_0 .sdram_controller_0. sdram_controller_0.*)
                0x000000000600965c                . = ALIGN (0x4)
                [!provide]                        PROVIDE (_alt_partition_sdram_controller_0_end = ABSOLUTE (.))
                0x000000000600965c                _end = ABSOLUTE (.)
                0x000000000600965c                end = ABSOLUTE (.)
                0x000000000600965c                __alt_stack_base = ABSOLUTE (.)
                [!provide]                        PROVIDE (_alt_partition_sdram_controller_0_load_addr = LOADADDR (.sdram_controller_0))

.stab
 *(.stab)

.stabstr
 *(.stabstr)

.stab.excl
 *(.stab.excl)

.stab.exclstr
 *(.stab.exclstr)

.stab.index
 *(.stab.index)

.stab.indexstr
 *(.stab.indexstr)

.comment        0x0000000000000000       0x2d
 *(.comment)
 .comment       0x0000000000000000       0x2d obj/default/matches.o
                                         0x2e (size before relaxing)
 .comment       0x000000000000002d       0x2e /home/nikola/intelFPGA_lite/21.1/nios2eds/bin/gnu/H-x86_64-pc-linux-gnu/bin/../lib/gcc/nios2-elf/10.3.1/../../../../../H-x86_64-pc-linux-gnu/nios2-elf/lib/mno-hw-mul/libc.a(lib_a-puts.o)
 .comment       0x000000000000002d       0x2e /home/nikola/intelFPGA_lite/21.1/nios2eds/bin/gnu/H-x86_64-pc-linux-gnu/bin/../lib/gcc/nios2-elf/10.3.1/../../../../../H-x86_64-pc-linux-gnu/nios2-elf/lib/mno-hw-mul/libc.a(lib_a-strlen.o)
 .comment       0x000000000000002d       0x2e /home/nikola/intelFPGA_lite/21.1/nios2eds/bin/gnu/H-x86_64-pc-linux-gnu/bin/../lib/gcc/nios2-elf/10.3.1/../../../../../H-x86_64-pc-linux-gnu/nios2-elf/lib/mno-hw-mul/libc.a(lib_a-findfp.o)
 .comment       0x000000000000002d       0x2e /home/nikola/intelFPGA_lite/21.1/nios2eds/bin/gnu/H-x86_64-pc-linux-gnu/bin/../lib/gcc/nios2-elf/10.3.1/../../../../../H-x86_64-pc-linux-gnu/nios2-elf/lib/mno-hw-mul/libc.a(lib_a-fvwrite.o)
 .comment       0x000000000000002d       0x2e /home/nikola/intelFPGA_lite/21.1/nios2eds/bin/gnu/H-x86_64-pc-linux-gnu/bin/../lib/gcc/nios2-elf/10.3.1/../../../../../H-x86_64-pc-linux-gnu/nios2-elf/lib/mno-hw-mul/libc.a(lib_a-fwalk.o)
 .comment       0x000000000000002d       0x2e /home/nikola/intelFPGA_lite/21.1/nios2eds/bin/gnu/H-x86_64-pc-linux-gnu/bin/../lib/gcc/nios2-elf/10.3.1/../../../../../H-x86_64-pc-linux-gnu/nios2-elf/lib/mno-hw-mul/libc.a(lib_a-impure.o)
 .comment       0x000000000000002d       0x2e /home/nikola/intelFPGA_lite/21.1/nios2eds/bin/gnu/H-x86_64-pc-linux-gnu/bin/../lib/gcc/nios2-elf/10.3.1/../../../../../H-x86_64-pc-linux-gnu/nios2-elf/lib/mno-hw-mul/libc.a(lib_a-mallocr.o)
 .comment       0x000000000000002d       0x2e /home/nikola/intelFPGA_lite/21.1/nios2eds/bin/gnu/H-x86_64-pc-linux-gnu/bin/../lib/gcc/nios2-elf/10.3.1/../../../../../H-x86_64-pc-linux-gnu/nios2-elf/lib/mno-hw-mul/libc.a(lib_a-memchr.o)
 .comment       0x000000000000002d       0x2e /home/nikola/intelFPGA_lite/21.1/nios2eds/bin/gnu/H-x86_64-pc-linux-gnu/bin/../lib/gcc/nios2-elf/10.3.1/../../../../../H-x86_64-pc-linux-gnu/nios2-elf/lib/mno-hw-mul/libc.a(lib_a-memcpy.o)
 .comment       0x000000000000002d       0x2e /home/nikola/intelFPGA_lite/21.1/nios2eds/bin/gnu/H-x86_64-pc-linux-gnu/bin/../lib/gcc/nios2-elf/10.3.1/../../../../../H-x86_64-pc-linux-gnu/nios2-elf/lib/mno-hw-mul/libc.a(lib_a-memmove.o)
 .comment       0x000000000000002d       0x2e /home/nikola/intelFPGA_lite/21.1/nios2eds/bin/gnu/H-x86_64-pc-linux-gnu/bin/../lib/gcc/nios2-elf/10.3.1/../../../../../H-x86_64-pc-linux-gnu/nios2-elf/lib/mno-hw-mul/libc.a(lib_a-memset.o)
 .comment       0x000000000000002d       0x2e /home/nikola/intelFPGA_lite/21.1/nios2eds/bin/gnu/H-x86_64-pc-linux-gnu/bin/../lib/gcc/nios2-elf/10.3.1/../../../../../H-x86_64-pc-linux-gnu/nios2-elf/lib/mno-hw-mul/libc.a(lib_a-reallocr.o)
 .comment       0x000000000000002d       0x2e /home/nikola/intelFPGA_lite/21.1/nios2eds/bin/gnu/H-x86_64-pc-linux-gnu/bin/../lib/gcc/nios2-elf/10.3.1/../../../../../H-x86_64-pc-linux-gnu/nios2-elf/lib/mno-hw-mul/libc.a(lib_a-sbrkr.o)
 .comment       0x000000000000002d       0x2e /home/nikola/intelFPGA_lite/21.1/nios2eds/bin/gnu/H-x86_64-pc-linux-gnu/bin/../lib/gcc/nios2-elf/10.3.1/../../../../../H-x86_64-pc-linux-gnu/nios2-elf/lib/mno-hw-mul/libc.a(lib_a-stdio.o)
 .comment       0x000000000000002d       0x2e /home/nikola/intelFPGA_lite/21.1/nios2eds/bin/gnu/H-x86_64-pc-linux-gnu/bin/../lib/gcc/nios2-elf/10.3.1/../../../../../H-x86_64-pc-linux-gnu/nios2-elf/lib/mno-hw-mul/libc.a(lib_a-writer.o)
 .comment       0x000000000000002d       0x2e /home/nikola/intelFPGA_lite/21.1/nios2eds/bin/gnu/H-x86_64-pc-linux-gnu/bin/../lib/gcc/nios2-elf/10.3.1/../../../../../H-x86_64-pc-linux-gnu/nios2-elf/lib/mno-hw-mul/libc.a(lib_a-wsetup.o)
 .comment       0x000000000000002d       0x2e /home/nikola/intelFPGA_lite/21.1/nios2eds/bin/gnu/H-x86_64-pc-linux-gnu/bin/../lib/gcc/nios2-elf/10.3.1/../../../../../H-x86_64-pc-linux-gnu/nios2-elf/lib/mno-hw-mul/libc.a(closer.o)
 .comment       0x000000000000002d       0x2e /home/nikola/intelFPGA_lite/21.1/nios2eds/bin/gnu/H-x86_64-pc-linux-gnu/bin/../lib/gcc/nios2-elf/10.3.1/../../../../../H-x86_64-pc-linux-gnu/nios2-elf/lib/mno-hw-mul/libc.a(lib_a-fclose.o)
 .comment       0x000000000000002d       0x2e /home/nikola/intelFPGA_lite/21.1/nios2eds/bin/gnu/H-x86_64-pc-linux-gnu/bin/../lib/gcc/nios2-elf/10.3.1/../../../../../H-x86_64-pc-linux-gnu/nios2-elf/lib/mno-hw-mul/libc.a(lib_a-fflush.o)
 .comment       0x000000000000002d       0x2e /home/nikola/intelFPGA_lite/21.1/nios2eds/bin/gnu/H-x86_64-pc-linux-gnu/bin/../lib/gcc/nios2-elf/10.3.1/../../../../../H-x86_64-pc-linux-gnu/nios2-elf/lib/mno-hw-mul/libc.a(lib_a-freer.o)
 .comment       0x000000000000002d       0x2e /home/nikola/intelFPGA_lite/21.1/nios2eds/bin/gnu/H-x86_64-pc-linux-gnu/bin/../lib/gcc/nios2-elf/10.3.1/../../../../../H-x86_64-pc-linux-gnu/nios2-elf/lib/mno-hw-mul/libc.a(lib_a-int_errno.o)
 .comment       0x000000000000002d       0x2e /home/nikola/intelFPGA_lite/21.1/nios2eds/bin/gnu/H-x86_64-pc-linux-gnu/bin/../lib/gcc/nios2-elf/10.3.1/../../../../../H-x86_64-pc-linux-gnu/nios2-elf/lib/mno-hw-mul/libc.a(lib_a-lseekr.o)
 .comment       0x000000000000002d       0x2e /home/nikola/intelFPGA_lite/21.1/nios2eds/bin/gnu/H-x86_64-pc-linux-gnu/bin/../lib/gcc/nios2-elf/10.3.1/../../../../../H-x86_64-pc-linux-gnu/nios2-elf/lib/mno-hw-mul/libc.a(lib_a-makebuf.o)
 .comment       0x000000000000002d       0x2e /home/nikola/intelFPGA_lite/21.1/nios2eds/bin/gnu/H-x86_64-pc-linux-gnu/bin/../lib/gcc/nios2-elf/10.3.1/../../../../../H-x86_64-pc-linux-gnu/nios2-elf/lib/mno-hw-mul/libc.a(lib_a-readr.o)
 .comment       0x000000000000002d       0x2e /home/nikola/intelFPGA_lite/21.1/nios2eds/bin/gnu/H-x86_64-pc-linux-gnu/bin/../lib/gcc/nios2-elf/10.3.1/../../../../../H-x86_64-pc-linux-gnu/nios2-elf/lib/mno-hw-mul/libc.a(lib_a-fstatr.o)
 .comment       0x000000000000002d       0x2e /home/nikola/intelFPGA_lite/21.1/nios2eds/bin/gnu/H-x86_64-pc-linux-gnu/bin/../lib/gcc/nios2-elf/10.3.1/../../../../../H-x86_64-pc-linux-gnu/nios2-elf/lib/mno-hw-mul/libc.a(lib_a-isattyr.o)
 .comment       0x000000000000002d       0x2e /home/nikola/intelFPGA_lite/21.1/nios2eds/bin/gnu/H-x86_64-pc-linux-gnu/bin/../lib/gcc/nios2-elf/10.3.1/mno-hw-mul/libgcc.a(lib2-divmod.o)
 .comment       0x000000000000002d       0x2e /home/nikola/intelFPGA_lite/21.1/nios2eds/bin/gnu/H-x86_64-pc-linux-gnu/bin/../lib/gcc/nios2-elf/10.3.1/mno-hw-mul/libgcc.a(lib2-mul.o)
 .comment       0x000000000000002d       0x2e /home/nikola/PNRS/pnrs-2023/de1-soc-demo/sw/nios/individual/matches_bsp//libhal_bsp.a(alt_close.o)
 .comment       0x000000000000002d       0x2e /home/nikola/PNRS/pnrs-2023/de1-soc-demo/sw/nios/individual/matches_bsp//libhal_bsp.a(alt_dev.o)
 .comment       0x000000000000002d       0x2e /home/nikola/PNRS/pnrs-2023/de1-soc-demo/sw/nios/individual/matches_bsp//libhal_bsp.a(alt_errno.o)
 .comment       0x000000000000002d       0x2e /home/nikola/PNRS/pnrs-2023/de1-soc-demo/sw/nios/individual/matches_bsp//libhal_bsp.a(alt_fstat.o)
 .comment       0x000000000000002d       0x2e /home/nikola/PNRS/pnrs-2023/de1-soc-demo/sw/nios/individual/matches_bsp//libhal_bsp.a(alt_isatty.o)
 .comment       0x000000000000002d       0x2e /home/nikola/PNRS/pnrs-2023/de1-soc-demo/sw/nios/individual/matches_bsp//libhal_bsp.a(alt_load.o)
 .comment       0x000000000000002d       0x2e /home/nikola/PNRS/pnrs-2023/de1-soc-demo/sw/nios/individual/matches_bsp//libhal_bsp.a(alt_lseek.o)
 .comment       0x000000000000002d       0x2e /home/nikola/PNRS/pnrs-2023/de1-soc-demo/sw/nios/individual/matches_bsp//libhal_bsp.a(alt_main.o)
 .comment       0x000000000000002d       0x2e /home/nikola/PNRS/pnrs-2023/de1-soc-demo/sw/nios/individual/matches_bsp//libhal_bsp.a(alt_malloc_lock.o)
 .comment       0x000000000000002d       0x2e /home/nikola/PNRS/pnrs-2023/de1-soc-demo/sw/nios/individual/matches_bsp//libhal_bsp.a(alt_read.o)
 .comment       0x000000000000002d       0x2e /home/nikola/PNRS/pnrs-2023/de1-soc-demo/sw/nios/individual/matches_bsp//libhal_bsp.a(alt_release_fd.o)
 .comment       0x000000000000002d       0x2e /home/nikola/PNRS/pnrs-2023/de1-soc-demo/sw/nios/individual/matches_bsp//libhal_bsp.a(alt_sbrk.o)
 .comment       0x000000000000002d       0x2e /home/nikola/PNRS/pnrs-2023/de1-soc-demo/sw/nios/individual/matches_bsp//libhal_bsp.a(alt_usleep.o)
 .comment       0x000000000000002d       0x2e /home/nikola/PNRS/pnrs-2023/de1-soc-demo/sw/nios/individual/matches_bsp//libhal_bsp.a(alt_write.o)
 .comment       0x000000000000002d       0x2e /home/nikola/PNRS/pnrs-2023/de1-soc-demo/sw/nios/individual/matches_bsp//libhal_bsp.a(alt_sys_init.o)
 .comment       0x000000000000002d       0x2e /home/nikola/PNRS/pnrs-2023/de1-soc-demo/sw/nios/individual/matches_bsp//libhal_bsp.a(altera_avalon_jtag_uart_fd.o)
 .comment       0x000000000000002d       0x2e /home/nikola/PNRS/pnrs-2023/de1-soc-demo/sw/nios/individual/matches_bsp//libhal_bsp.a(altera_avalon_jtag_uart_init.o)
 .comment       0x000000000000002d       0x2e /home/nikola/PNRS/pnrs-2023/de1-soc-demo/sw/nios/individual/matches_bsp//libhal_bsp.a(altera_avalon_jtag_uart_ioctl.o)
 .comment       0x000000000000002d       0x2e /home/nikola/PNRS/pnrs-2023/de1-soc-demo/sw/nios/individual/matches_bsp//libhal_bsp.a(altera_avalon_jtag_uart_read.o)
 .comment       0x000000000000002d       0x2e /home/nikola/PNRS/pnrs-2023/de1-soc-demo/sw/nios/individual/matches_bsp//libhal_bsp.a(altera_avalon_jtag_uart_write.o)
 .comment       0x000000000000002d       0x2e /home/nikola/PNRS/pnrs-2023/de1-soc-demo/sw/nios/individual/matches_bsp//libhal_bsp.a(altera_avalon_mutex.o)
 .comment       0x000000000000002d       0x2e /home/nikola/PNRS/pnrs-2023/de1-soc-demo/sw/nios/individual/matches_bsp//libhal_bsp.a(altera_avalon_timer_sc.o)
 .comment       0x000000000000002d       0x2e /home/nikola/PNRS/pnrs-2023/de1-soc-demo/sw/nios/individual/matches_bsp//libhal_bsp.a(alt_alarm_start.o)
 .comment       0x000000000000002d       0x2e /home/nikola/PNRS/pnrs-2023/de1-soc-demo/sw/nios/individual/matches_bsp//libhal_bsp.a(alt_busy_sleep.o)
 .comment       0x000000000000002d       0x2e /home/nikola/PNRS/pnrs-2023/de1-soc-demo/sw/nios/individual/matches_bsp//libhal_bsp.a(alt_dcache_flush_all.o)
 .comment       0x000000000000002d       0x2e /home/nikola/PNRS/pnrs-2023/de1-soc-demo/sw/nios/individual/matches_bsp//libhal_bsp.a(alt_dev_llist_insert.o)
 .comment       0x000000000000002d       0x2e /home/nikola/PNRS/pnrs-2023/de1-soc-demo/sw/nios/individual/matches_bsp//libhal_bsp.a(alt_do_ctors.o)
 .comment       0x000000000000002d       0x2e /home/nikola/PNRS/pnrs-2023/de1-soc-demo/sw/nios/individual/matches_bsp//libhal_bsp.a(alt_do_dtors.o)
 .comment       0x000000000000002d       0x2e /home/nikola/PNRS/pnrs-2023/de1-soc-demo/sw/nios/individual/matches_bsp//libhal_bsp.a(alt_find_dev.o)
 .comment       0x000000000000002d       0x2e /home/nikola/PNRS/pnrs-2023/de1-soc-demo/sw/nios/individual/matches_bsp//libhal_bsp.a(alt_icache_flush_all.o)
 .comment       0x000000000000002d       0x2e /home/nikola/PNRS/pnrs-2023/de1-soc-demo/sw/nios/individual/matches_bsp//libhal_bsp.a(alt_iic.o)
 .comment       0x000000000000002d       0x2e /home/nikola/PNRS/pnrs-2023/de1-soc-demo/sw/nios/individual/matches_bsp//libhal_bsp.a(alt_iic_isr_register.o)