Archive member included to satisfy reference by file (symbol)

c:/intelfpga_lite/20.1/nios2eds/bin/gnu/h-x86_64-mingw32/bin/../lib/gcc/nios2-elf/9.2.1/mno-hw-mul\libgcc.a(lib2-divmod.o)
                              obj/default/de1_soc_audio_processing.o (__divsi3)
C:/Users/Medion/Desktop/4.godina/8.semestar/PNRS/Grupni_zadatak/pnrs-2023/de1-soc-audio/sw/nios/app_1/de1_soc_audio_processing_bsp\libhal_bsp.a(alt_load.o)
                              C:/Users/Medion/Desktop/4.godina/8.semestar/PNRS/Grupni_zadatak/pnrs-2023/de1-soc-audio/sw/nios/app_1/de1_soc_audio_processing_bsp/obj/HAL/src/crt0.o (alt_load)
C:/Users/Medion/Desktop/4.godina/8.semestar/PNRS/Grupni_zadatak/pnrs-2023/de1-soc-audio/sw/nios/app_1/de1_soc_audio_processing_bsp\libhal_bsp.a(alt_main.o)
                              C:/Users/Medion/Desktop/4.godina/8.semestar/PNRS/Grupni_zadatak/pnrs-2023/de1-soc-audio/sw/nios/app_1/de1_soc_audio_processing_bsp/obj/HAL/src/crt0.o (alt_main)
C:/Users/Medion/Desktop/4.godina/8.semestar/PNRS/Grupni_zadatak/pnrs-2023/de1-soc-audio/sw/nios/app_1/de1_soc_audio_processing_bsp\libhal_bsp.a(alt_sys_init.o)
                              C:/Users/Medion/Desktop/4.godina/8.semestar/PNRS/Grupni_zadatak/pnrs-2023/de1-soc-audio/sw/nios/app_1/de1_soc_audio_processing_bsp\libhal_bsp.a(alt_main.o) (alt_irq_init)
C:/Users/Medion/Desktop/4.godina/8.semestar/PNRS/Grupni_zadatak/pnrs-2023/de1-soc-audio/sw/nios/app_1/de1_soc_audio_processing_bsp\libhal_bsp.a(altera_avalon_mailbox_simple.o)
                              C:/Users/Medion/Desktop/4.godina/8.semestar/PNRS/Grupni_zadatak/pnrs-2023/de1-soc-audio/sw/nios/app_1/de1_soc_audio_processing_bsp\libhal_bsp.a(alt_sys_init.o) (altera_avalon_mailbox_simple_init)
C:/Users/Medion/Desktop/4.godina/8.semestar/PNRS/Grupni_zadatak/pnrs-2023/de1-soc-audio/sw/nios/app_1/de1_soc_audio_processing_bsp\libhal_bsp.a(altera_avalon_timer_sc.o)
                              C:/Users/Medion/Desktop/4.godina/8.semestar/PNRS/Grupni_zadatak/pnrs-2023/de1-soc-audio/sw/nios/app_1/de1_soc_audio_processing_bsp\libhal_bsp.a(alt_sys_init.o) (alt_avalon_timer_sc_init)
C:/Users/Medion/Desktop/4.godina/8.semestar/PNRS/Grupni_zadatak/pnrs-2023/de1-soc-audio/sw/nios/app_1/de1_soc_audio_processing_bsp\libhal_bsp.a(altera_up_avalon_audio.o)
                              obj/default/de1_soc_audio_processing.o (alt_up_audio_open_dev)
C:/Users/Medion/Desktop/4.godina/8.semestar/PNRS/Grupni_zadatak/pnrs-2023/de1-soc-audio/sw/nios/app_1/de1_soc_audio_processing_bsp\libhal_bsp.a(alt_close.o)
                              C:/Users/Medion/Desktop/4.godina/8.semestar/PNRS/Grupni_zadatak/pnrs-2023/de1-soc-audio/sw/nios/app_1/de1_soc_audio_processing_bsp\libhal_bsp.a(alt_main.o) (close)
C:/Users/Medion/Desktop/4.godina/8.semestar/PNRS/Grupni_zadatak/pnrs-2023/de1-soc-audio/sw/nios/app_1/de1_soc_audio_processing_bsp\libhal_bsp.a(alt_dcache_flush_all.o)
                              C:/Users/Medion/Desktop/4.godina/8.semestar/PNRS/Grupni_zadatak/pnrs-2023/de1-soc-audio/sw/nios/app_1/de1_soc_audio_processing_bsp\libhal_bsp.a(alt_load.o) (alt_dcache_flush_all)
C:/Users/Medion/Desktop/4.godina/8.semestar/PNRS/Grupni_zadatak/pnrs-2023/de1-soc-audio/sw/nios/app_1/de1_soc_audio_processing_bsp\libhal_bsp.a(alt_dev.o)
                              C:/Users/Medion/Desktop/4.godina/8.semestar/PNRS/Grupni_zadatak/pnrs-2023/de1-soc-audio/sw/nios/app_1/de1_soc_audio_processing_bsp\libhal_bsp.a(alt_sys_init.o) (alt_dev_list)
C:/Users/Medion/Desktop/4.godina/8.semestar/PNRS/Grupni_zadatak/pnrs-2023/de1-soc-audio/sw/nios/app_1/de1_soc_audio_processing_bsp\libhal_bsp.a(alt_dev_llist_insert.o)
                              C:/Users/Medion/Desktop/4.godina/8.semestar/PNRS/Grupni_zadatak/pnrs-2023/de1-soc-audio/sw/nios/app_1/de1_soc_audio_processing_bsp\libhal_bsp.a(alt_sys_init.o) (alt_dev_llist_insert)
C:/Users/Medion/Desktop/4.godina/8.semestar/PNRS/Grupni_zadatak/pnrs-2023/de1-soc-audio/sw/nios/app_1/de1_soc_audio_processing_bsp\libhal_bsp.a(alt_do_ctors.o)
                              C:/Users/Medion/Desktop/4.godina/8.semestar/PNRS/Grupni_zadatak/pnrs-2023/de1-soc-audio/sw/nios/app_1/de1_soc_audio_processing_bsp\libhal_bsp.a(alt_main.o) (_do_ctors)
C:/Users/Medion/Desktop/4.godina/8.semestar/PNRS/Grupni_zadatak/pnrs-2023/de1-soc-audio/sw/nios/app_1/de1_soc_audio_processing_bsp\libhal_bsp.a(alt_do_dtors.o)
                              C:/Users/Medion/Desktop/4.godina/8.semestar/PNRS/Grupni_zadatak/pnrs-2023/de1-soc-audio/sw/nios/app_1/de1_soc_audio_processing_bsp\libhal_bsp.a(alt_main.o) (_do_dtors)
C:/Users/Medion/Desktop/4.godina/8.semestar/PNRS/Grupni_zadatak/pnrs-2023/de1-soc-audio/sw/nios/app_1/de1_soc_audio_processing_bsp\libhal_bsp.a(alt_errno.o)
                              C:/Users/Medion/Desktop/4.godina/8.semestar/PNRS/Grupni_zadatak/pnrs-2023/de1-soc-audio/sw/nios/app_1/de1_soc_audio_processing_bsp\libhal_bsp.a(alt_close.o) (alt_errno)
[...]
Memory Configuration

Name             Origin             Length             Attributes
sdram_controller_0_BEFORE_RESET 0x0000000004000000 0x0000000000100000
reset            0x0000000004100000 0x0000000000000020
sdram_controller_0 0x0000000004100020 0x0000000003efffe0
*default*        0x0000000000000000 0xffffffffffffffff

Linker script and memory map

LOAD C:/Users/Medion/Desktop/4.godina/8.semestar/PNRS/Grupni_zadatak/pnrs-2023/de1-soc-audio/sw/nios/app_1/de1_soc_audio_processing_bsp/obj/HAL/src/crt0.o
LOAD obj/default/de1_soc_audio_processing.o
LOAD c:/intelfpga_lite/20.1/nios2eds/bin/gnu/h-x86_64-mingw32/bin/../lib/gcc/nios2-elf/9.2.1/../../../../../H-x86_64-mingw32/nios2-elf/lib/mno-hw-mul\libstdc++.a
LOAD c:/intelfpga_lite/20.1/nios2eds/bin/gnu/h-x86_64-mingw32/bin/../lib/gcc/nios2-elf/9.2.1/../../../../../H-x86_64-mingw32/nios2-elf/lib/mno-hw-mul\libm.a
LOAD c:/intelfpga_lite/20.1/nios2eds/bin/gnu/h-x86_64-mingw32/bin/../lib/gcc/nios2-elf/9.2.1/mno-hw-mul\libgcc.a
START GROUP
LOAD c:/intelfpga_lite/20.1/nios2eds/bin/gnu/h-x86_64-mingw32/bin/../lib/gcc/nios2-elf/9.2.1/../../../../../H-x86_64-mingw32/nios2-elf/lib/mno-hw-mul\libc.a
LOAD c:/intelfpga_lite/20.1/nios2eds/bin/gnu/h-x86_64-mingw32/bin/../lib/gcc/nios2-elf/9.2.1/mno-hw-mul\libgcc.a
LOAD C:/Users/Medion/Desktop/4.godina/8.semestar/PNRS/Grupni_zadatak/pnrs-2023/de1-soc-audio/sw/nios/app_1/de1_soc_audio_processing_bsp\libhal_bsp.a
LOAD c:/intelfpga_lite/20.1/nios2eds/bin/gnu/h-x86_64-mingw32/bin/../lib/gcc/nios2-elf/9.2.1/../../../../../H-x86_64-mingw32/nios2-elf/lib/mno-hw-mul\libm.a
END GROUP
LOAD c:/intelfpga_lite/20.1/nios2eds/bin/gnu/h-x86_64-mingw32/bin/../lib/gcc/nios2-elf/9.2.1/mno-hw-mul\libgcc.a
                0x0000000004000000                __alt_mem_sdram_controller_0 = 0x4000000

.entry          0x0000000004100000       0x20
 *(.entry)
 .entry         0x0000000004100000       0x20 C:/Users/Medion/Desktop/4.godina/8.semestar/PNRS/Grupni_zadatak/pnrs-2023/de1-soc-audio/sw/nios/app_1/de1_soc_audio_processing_bsp/obj/HAL/src/crt0.o
                0x0000000004100000                __reset

.exceptions     0x0000000004100020      0x208
                0x0000000004100020                PROVIDE (__ram_exceptions_start = ABSOLUTE (.))
                0x0000000004100020                . = ALIGN (0x20)
 *(.irq)
 *(.exceptions.entry.label)
 .exceptions.entry.label
                0x0000000004100020        0x0 C:/Users/Medion/Desktop/4.godina/8.semestar/PNRS/Grupni_zadatak/pnrs-2023/de1-soc-audio/sw/nios/app_1/de1_soc_audio_processing_bsp\libhal_bsp.a(alt_irq_entry.o)
                0x0000000004100020                alt_irq_entry
 .exceptions.entry.label
                0x0000000004100020        0x0 C:/Users/Medion/Desktop/4.godina/8.semestar/PNRS/Grupni_zadatak/pnrs-2023/de1-soc-audio/sw/nios/app_1/de1_soc_audio_processing_bsp\libhal_bsp.a(alt_exception_entry.o)
                0x0000000004100020                alt_exception
 *(.exceptions.entry.user)
 *(.exceptions.entry.ecc_fatal)
 *(.exceptions.entry)
 .exceptions.entry
                0x0000000004100020       0x54 C:/Users/Medion/Desktop/4.godina/8.semestar/PNRS/Grupni_zadatak/pnrs-2023/de1-soc-audio/sw/nios/app_1/de1_soc_audio_processing_bsp\libhal_bsp.a(alt_exception_entry.o)
 *(.exceptions.irqtest.user)
 *(.exceptions.irqtest)
 .exceptions.irqtest
                0x0000000004100074       0x10 C:/Users/Medion/Desktop/4.godina/8.semestar/PNRS/Grupni_zadatak/pnrs-2023/de1-soc-audio/sw/nios/app_1/de1_soc_audio_processing_bsp\libhal_bsp.a(alt_irq_entry.o)
 *(.exceptions.irqhandler.user)
 *(.exceptions.irqhandler)
 .exceptions.irqhandler
                0x0000000004100084        0x4 C:/Users/Medion/Desktop/4.godina/8.semestar/PNRS/Grupni_zadatak/pnrs-2023/de1-soc-audio/sw/nios/app_1/de1_soc_audio_processing_bsp\libhal_bsp.a(alt_irq_entry.o)
 *(.exceptions.irqreturn.user)
 *(.exceptions.irqreturn)
 .exceptions.irqreturn
                0x0000000004100088        0x4 C:/Users/Medion/Desktop/4.godina/8.semestar/PNRS/Grupni_zadatak/pnrs-2023/de1-soc-audio/sw/nios/app_1/de1_soc_audio_processing_bsp\libhal_bsp.a(alt_irq_entry.o)
 *(.exceptions.notirq.label)
 .exceptions.notirq.label
                0x000000000410008c        0x0 C:/Users/Medion/Desktop/4.godina/8.semestar/PNRS/Grupni_zadatak/pnrs-2023/de1-soc-audio/sw/nios/app_1/de1_soc_audio_processing_bsp\libhal_bsp.a(alt_irq_entry.o)
 *(.exceptions.notirq.user)
 *(.exceptions.notirq)
 .exceptions.notirq
                0x000000000410008c        0x8 C:/Users/Medion/Desktop/4.godina/8.semestar/PNRS/Grupni_zadatak/pnrs-2023/de1-soc-audio/sw/nios/app_1/de1_soc_audio_processing_bsp\libhal_bsp.a(alt_exception_entry.o)
 *(.exceptions.soft.user)
 *(.exceptions.soft)
 *(.exceptions.unknown.user)
 *(.exceptions.unknown)
 .exceptions.unknown
                0x0000000004100094       0x14 C:/Users/Medion/Desktop/4.godina/8.semestar/PNRS/Grupni_zadatak/pnrs-2023/de1-soc-audio/sw/nios/app_1/de1_soc_audio_processing_bsp\libhal_bsp.a(alt_exception_entry.o)
 *(.exceptions.exit.label)
 .exceptions.exit.label
                0x00000000041000a8        0x0 C:/Users/Medion/Desktop/4.godina/8.semestar/PNRS/Grupni_zadatak/pnrs-2023/de1-soc-audio/sw/nios/app_1/de1_soc_audio_processing_bsp\libhal_bsp.a(alt_irq_entry.o)
 .exceptions.exit.label
                0x00000000041000a8        0x0 C:/Users/Medion/Desktop/4.godina/8.semestar/PNRS/Grupni_zadatak/pnrs-2023/de1-soc-audio/sw/nios/app_1/de1_soc_audio_processing_bsp\libhal_bsp.a(alt_exception_entry.o)
 *(.exceptions.exit.user)
 *(.exceptions.exit)
 .exceptions.exit
                0x00000000041000a8       0x54 C:/Users/Medion/Desktop/4.godina/8.semestar/PNRS/Grupni_zadatak/pnrs-2023/de1-soc-audio/sw/nios/app_1/de1_soc_audio_processing_bsp\libhal_bsp.a(alt_exception_entry.o)
 *(.exceptions)
 .exceptions    0x00000000041000fc       0xcc C:/Users/Medion/Desktop/4.godina/8.semestar/PNRS/Grupni_zadatak/pnrs-2023/de1-soc-audio/sw/nios/app_1/de1_soc_audio_processing_bsp\libhal_bsp.a(alt_irq_handler.o)
                0x00000000041000fc                alt_irq_handler
 .exceptions    0x00000000041001c8       0x60 C:/Users/Medion/Desktop/4.godina/8.semestar/PNRS/Grupni_zadatak/pnrs-2023/de1-soc-audio/sw/nios/app_1/de1_soc_audio_processing_bsp\libhal_bsp.a(alt_instruction_exception_entry.o)
                0x00000000041001c8                alt_instruction_exception_entry
                0x0000000004100228                PROVIDE (__ram_exceptions_end = ABSOLUTE (.))
                0x0000000004100020                PROVIDE (__flash_exceptions_start = LOADADDR (.exceptions))

.text           0x0000000004100228     0x22b0
                [!provide]                        PROVIDE (stext = ABSOLUTE (.))
 *(.interp)
 *(.hash)
 *(.dynsym)
 *(.dynstr)
 *(.gnu.version)
 *(.gnu.version_d)
 *(.gnu.version_r)
 *(.rel.init)
 *(.rela.init)
 *(.rel.text .rel.text.* .rel.gnu.linkonce.t.*)
 *(.rela.text .rela.text.* .rela.gnu.linkonce.t.*)
 *(.rel.fini)
 *(.rela.fini)
 *(.rel.rodata .rel.rodata.* .rel.gnu.linkonce.r.*)
 *(.rela.rodata .rela.rodata.* .rela.gnu.linkonce.r.*)
 *(.rel.data .rel.data.* .rel.gnu.linkonce.d.*)
 *(.rela.data .rela.data.* .rela.gnu.linkonce.d.*)
 *(.rel.tdata .rel.tdata.* .rel.gnu.linkonce.td.*)
 *(.rela.tdata .rela.tdata.* .rela.gnu.linkonce.td.*)
 *(.rel.tbss .rel.tbss.* .rel.gnu.linkonce.tb.*)
 *(.rela.tbss .rela.tbss.* .rela.gnu.linkonce.tb.*)
 *(.rel.ctors)
 *(.rela.ctors)
 *(.rel.dtors)
 *(.rela.dtors)
 *(.rel.got)
 *(.rela.got)
 *(.rel.sdata .rel.sdata.* .rel.gnu.linkonce.s.*)
 *(.rela.sdata .rela.sdata.* .rela.gnu.linkonce.s.*)
 *(.rel.sbss .rel.sbss.* .rel.gnu.linkonce.sb.*)
 *(.rela.sbss .rela.sbss.* .rela.gnu.linkonce.sb.*)
 *(.rel.sdata2 .rel.sdata2.* .rel.gnu.linkonce.s2.*)
 *(.rela.sdata2 .rela.sdata2.* .rela.gnu.linkonce.s2.*)
 *(.rel.sbss2 .rel.sbss2.* .rel.gnu.linkonce.sb2.*)
 *(.rela.sbss2 .rela.sbss2.* .rela.gnu.linkonce.sb2.*)
 *(.rel.bss .rel.bss.* .rel.gnu.linkonce.b.*)
 *(.rela.bss .rela.bss.* .rela.gnu.linkonce.b.*)
 *(.rel.plt)
 *(.rela.plt)
 *(.rel.dyn)
 *(.init)
 *(.plt)
 *(.text .stub .text.* .gnu.linkonce.t.*)
 .text          0x0000000004100228       0x3c C:/Users/Medion/Desktop/4.godina/8.semestar/PNRS/Grupni_zadatak/pnrs-2023/de1-soc-audio/sw/nios/app_1/de1_soc_audio_processing_bsp/obj/HAL/src/crt0.o
                0x0000000004100228                _start
 .text          0x0000000004100264      0x164 obj/default/de1_soc_audio_processing.o
                0x0000000004100264                vometer
                0x0000000004100314                main
 .text          0x00000000041003c8      0x1b4 c:/intelfpga_lite/20.1/nios2eds/bin/gnu/h-x86_64-mingw32/bin/../lib/gcc/nios2-elf/9.2.1/mno-hw-mul\libgcc.a(lib2-divmod.o)
                0x00000000041003c8                __divsi3
                0x0000000004100448                __modsi3
                0x00000000041004bc                __udivsi3
                0x0000000004100520                __umodsi3
 .text          0x000000000410057c       0xec C:/Users/Medion/Desktop/4.godina/8.semestar/PNRS/Grupni_zadatak/pnrs-2023/de1-soc-audio/sw/nios/app_1/de1_soc_audio_processing_bsp\libhal_bsp.a(alt_load.o)
                0x00000000041005e4                alt_load
 .text          0x0000000004100668       0x60 C:/Users/Medion/Desktop/4.godina/8.semestar/PNRS/Grupni_zadatak/pnrs-2023/de1-soc-audio/sw/nios/app_1/de1_soc_audio_processing_bsp\libhal_bsp.a(alt_main.o)
                0x0000000004100668                alt_main
 .text          0x00000000041006c8       0xf0 C:/Users/Medion/Desktop/4.godina/8.semestar/PNRS/Grupni_zadatak/pnrs-2023/de1-soc-audio/sw/nios/app_1/de1_soc_audio_processing_bsp\libhal_bsp.a(alt_sys_init.o)
                0x00000000041006fc                alt_irq_init
                0x0000000004100738                alt_sys_init
 .text          0x00000000041007b8      0x93c C:/Users/Medion/Desktop/4.godina/8.semestar/PNRS/Grupni_zadatak/pnrs-2023/de1-soc-audio/sw/nios/app_1/de1_soc_audio_processing_bsp\libhal_bsp.a(altera_avalon_mailbox_simple.o)
                0x0000000004100aac                altera_avalon_mailbox_simple_init
                0x0000000004100b24                altera_avalon_mailbox_open
                0x0000000004100ce8                altera_avalon_mailbox_close
                0x0000000004100df0                altera_avalon_mailbox_status
                0x0000000004100e68                altera_avalon_mailbox_send
                0x0000000004100fb8                altera_avalon_mailbox_retrieve_poll
 .text          0x00000000041010f4       0xfc C:/Users/Medion/Desktop/4.godina/8.semestar/PNRS/Grupni_zadatak/pnrs-2023/de1-soc-audio/sw/nios/app_1/de1_soc_audio_processing_bsp\libhal_bsp.a(altera_avalon_timer_sc.o)
                0x0000000004101174                alt_avalon_timer_sc_init
 .text          0x00000000041011f0      0x790 C:/Users/Medion/Desktop/4.godina/8.semestar/PNRS/Grupni_zadatak/pnrs-2023/de1-soc-audio/sw/nios/app_1/de1_soc_audio_processing_bsp\libhal_bsp.a(altera_up_avalon_audio.o)
                0x00000000041011f0                alt_up_audio_open_dev
                0x000000000410122c                alt_up_audio_enable_read_interrupt
                0x0000000004101280                alt_up_audio_disable_read_interrupt
                0x00000000041012d8                alt_up_audio_enable_write_interrupt
                0x000000000410132c                alt_up_audio_disable_write_interrupt
                0x0000000004101384                alt_up_audio_read_interrupt_pending
                0x00000000041013c0                alt_up_audio_write_interrupt_pending
                0x00000000041013fc                alt_up_audio_reset_audio_core
                0x0000000004101490                alt_up_audio_read_fifo_avail
                0x00000000041014f0                alt_up_audio_record_r
                0x0000000004101558                alt_up_audio_record_l
                0x00000000041015c0                alt_up_audio_write_fifo_space
                0x0000000004101620                alt_up_audio_play_r
                0x0000000004101688                alt_up_audio_play_l
                0x00000000041016f0                alt_up_audio_read_fifo
                0x00000000041017d0                alt_up_audio_write_fifo
                0x00000000041018c8                alt_up_audio_read_fifo_head
                0x0000000004101918                alt_up_audio_write_fifo_head
 .text          0x0000000004101980      0x118 C:/Users/Medion/Desktop/4.godina/8.semestar/PNRS/Grupni_zadatak/pnrs-2023/de1-soc-audio/sw/nios/app_1/de1_soc_audio_processing_bsp\libhal_bsp.a(alt_close.o)
                0x00000000041019bc                close
 .text          0x0000000004101a98       0x20 C:/Users/Medion/Desktop/4.godina/8.semestar/PNRS/Grupni_zadatak/pnrs-2023/de1-soc-audio/sw/nios/app_1/de1_soc_audio_processing_bsp\libhal_bsp.a(alt_dcache_flush_all.o)
                0x0000000004101a98                alt_dcache_flush_all
 .text          0x0000000004101ab8       0x2c C:/Users/Medion/Desktop/4.godina/8.semestar/PNRS/Grupni_zadatak/pnrs-2023/de1-soc-audio/sw/nios/app_1/de1_soc_audio_processing_bsp\libhal_bsp.a(alt_dev.o)
 .text          0x0000000004101ae4       0xe4 C:/Users/Medion/Desktop/4.godina/8.semestar/PNRS/Grupni_zadatak/pnrs-2023/de1-soc-audio/sw/nios/app_1/de1_soc_audio_processing_bsp\libhal_bsp.a(alt_dev_llist_insert.o)
                0x0000000004101b20                alt_dev_llist_insert
 .text          0x0000000004101bc8       0x64 C:/Users/Medion/Desktop/4.godina/8.semestar/PNRS/Grupni_zadatak/pnrs-2023/de1-soc-audio/sw/nios/app_1/de1_soc_audio_processing_bsp\libhal_bsp.a(alt_do_ctors.o)
                0x0000000004101bc8                _do_ctors
 .text          0x0000000004101c2c       0x64 C:/Users/Medion/Desktop/4.godina/8.semestar/PNRS/Grupni_zadatak/pnrs-2023/de1-soc-audio/sw/nios/app_1/de1_soc_audio_processing_bsp\libhal_bsp.a(alt_do_dtors.o)
                0x0000000004101c2c                _do_dtors
 .text          0x0000000004101c90        0x0 C:/Users/Medion/Desktop/4.godina/8.semestar/PNRS/Grupni_zadatak/pnrs-2023/de1-soc-audio/sw/nios/app_1/de1_soc_audio_processing_bsp\libhal_bsp.a(alt_errno.o)
 .text          0x0000000004101c90       0x90 C:/Users/Medion/Desktop/4.godina/8.semestar/PNRS/Grupni_zadatak/pnrs-2023/de1-soc-audio/sw/nios/app_1/de1_soc_audio_processing_bsp\libhal_bsp.a(alt_find_dev.o)
                0x0000000004101c90                alt_find_dev
 .text          0x0000000004101d20       0x20 C:/Users/Medion/Desktop/4.godina/8.semestar/PNRS/Grupni_zadatak/pnrs-2023/de1-soc-audio/sw/nios/app_1/de1_soc_audio_processing_bsp\libhal_bsp.a(alt_icache_flush_all.o)
                0x0000000004101d20                alt_icache_flush_all
 .text          0x0000000004101d40      0x180 C:/Users/Medion/Desktop/4.godina/8.semestar/PNRS/Grupni_zadatak/pnrs-2023/de1-soc-audio/sw/nios/app_1/de1_soc_audio_processing_bsp\libhal_bsp.a(alt_irq_register.o)
                0x0000000004101d40                alt_irq_register
 .text          0x0000000004101ec0        0x0 C:/Users/Medion/Desktop/4.godina/8.semestar/PNRS/Grupni_zadatak/pnrs-2023/de1-soc-audio/sw/nios/app_1/de1_soc_audio_processing_bsp\libhal_bsp.a(alt_irq_vars.o)
 .text          0x0000000004101ec0       0x70 C:/Users/Medion/Desktop/4.godina/8.semestar/PNRS/Grupni_zadatak/pnrs-2023/de1-soc-audio/sw/nios/app_1/de1_soc_audio_processing_bsp\libhal_bsp.a(alt_release_fd.o)
                0x0000000004101ec0                alt_release_fd
 .text          0x0000000004101f30      0x1ac C:/Users/Medion/Desktop/4.godina/8.semestar/PNRS/Grupni_zadatak/pnrs-2023/de1-soc-audio/sw/nios/app_1/de1_soc_audio_processing_bsp\libhal_bsp.a(alt_tick.o)
                0x0000000004101f30                alt_alarm_stop
                0x0000000004101fd4                alt_tick
 .text          0x00000000041020dc       0x24 C:/Users/Medion/Desktop/4.godina/8.semestar/PNRS/Grupni_zadatak/pnrs-2023/de1-soc-audio/sw/nios/app_1/de1_soc_audio_processing_bsp\libhal_bsp.a(altera_nios2_gen2_irq.o)
                0x00000000041020dc                altera_nios2_gen2_irq_init
 .text          0x0000000004102100        0x0 C:/Users/Medion/Desktop/4.godina/8.semestar/PNRS/Grupni_zadatak/pnrs-2023/de1-soc-audio/sw/nios/app_1/de1_soc_audio_processing_bsp\libhal_bsp.a(alt_irq_entry.o)
 .text          0x0000000004102100        0x0 C:/Users/Medion/Desktop/4.godina/8.semestar/PNRS/Grupni_zadatak/pnrs-2023/de1-soc-audio/sw/nios/app_1/de1_soc_audio_processing_bsp\libhal_bsp.a(alt_irq_handler.o)
 .text          0x0000000004102100        0x0 C:/Users/Medion/Desktop/4.godina/8.semestar/PNRS/Grupni_zadatak/pnrs-2023/de1-soc-audio/sw/nios/app_1/de1_soc_audio_processing_bsp\libhal_bsp.a(alt_exception_entry.o)
 .text          0x0000000004102100       0x98 C:/Users/Medion/Desktop/4.godina/8.semestar/PNRS/Grupni_zadatak/pnrs-2023/de1-soc-audio/sw/nios/app_1/de1_soc_audio_processing_bsp\libhal_bsp.a(alt_instruction_exception_entry.o)
                0x0000000004102100                alt_exception_cause_generated_bad_addr
 .text          0x0000000004102198        0x0 c:/intelfpga_lite/20.1/nios2eds/bin/gnu/h-x86_64-mingw32/bin/../lib/gcc/nios2-elf/9.2.1/../../../../../H-x86_64-mingw32/nios2-elf/lib/mno-hw-mul\libc.a(lib_a-atexit.o)
 .text.atexit   0x0000000004102198       0x14 c:/intelfpga_lite/20.1/nios2eds/bin/gnu/h-x86_64-mingw32/bin/../lib/gcc/nios2-elf/9.2.1/../../../../../H-x86_64-mingw32/nios2-elf/lib/mno-hw-mul\libc.a(lib_a-atexit.o)
                0x0000000004102198                atexit
 .text          0x00000000041021ac        0x0 c:/intelfpga_lite/20.1/nios2eds/bin/gnu/h-x86_64-mingw32/bin/../lib/gcc/nios2-elf/9.2.1/../../../../../H-x86_64-mingw32/nios2-elf/lib/mno-hw-mul\libc.a(lib_a-exit.o)
 .text.exit     0x00000000041021ac       0x34 c:/intelfpga_lite/20.1/nios2eds/bin/gnu/h-x86_64-mingw32/bin/../lib/gcc/nios2-elf/9.2.1/../../../../../H-x86_64-mingw32/nios2-elf/lib/mno-hw-mul\libc.a(lib_a-exit.o)
                0x00000000041021ac                exit
 .text          0x00000000041021e0        0x0 c:/intelfpga_lite/20.1/nios2eds/bin/gnu/h-x86_64-mingw32/bin/../lib/gcc/nios2-elf/9.2.1/../../../../../H-x86_64-mingw32/nios2-elf/lib/mno-hw-mul\libc.a(lib_a-impure.o)
 .text          0x00000000041021e0        0x0 c:/intelfpga_lite/20.1/nios2eds/bin/gnu/h-x86_64-mingw32/bin/../lib/gcc/nios2-elf/9.2.1/../../../../../H-x86_64-mingw32/nios2-elf/lib/mno-hw-mul\libc.a(lib_a-int_errno.o)
 .text          0x00000000041021e0        0x0 c:/intelfpga_lite/20.1/nios2eds/bin/gnu/h-x86_64-mingw32/bin/../lib/gcc/nios2-elf/9.2.1/../../../../../H-x86_64-mingw32/nios2-elf/lib/mno-hw-mul\libc.a(lib_a-memcmp.o)
 .text.memcmp   0x00000000041021e0       0x78 c:/intelfpga_lite/20.1/nios2eds/bin/gnu/h-x86_64-mingw32/bin/../lib/gcc/nios2-elf/9.2.1/../../../../../H-x86_64-mingw32/nios2-elf/lib/mno-hw-mul\libc.a(lib_a-memcmp.o)
                0x00000000041021e0                memcmp
 .text          0x0000000004102258        0x0 c:/intelfpga_lite/20.1/nios2eds/bin/gnu/h-x86_64-mingw32/bin/../lib/gcc/nios2-elf/9.2.1/../../../../../H-x86_64-mingw32/nios2-elf/lib/mno-hw-mul\libc.a(lib_a-strlen.o)
 .text.strlen   0x0000000004102258       0x98 c:/intelfpga_lite/20.1/nios2eds/bin/gnu/h-x86_64-mingw32/bin/../lib/gcc/nios2-elf/9.2.1/../../../../../H-x86_64-mingw32/nios2-elf/lib/mno-hw-mul\libc.a(lib_a-strlen.o)
                0x0000000004102258                strlen
 .text          0x00000000041022f0        0x0 c:/intelfpga_lite/20.1/nios2eds/bin/gnu/h-x86_64-mingw32/bin/../lib/gcc/nios2-elf/9.2.1/../../../../../H-x86_64-mingw32/nios2-elf/lib/mno-hw-mul\libc.a(lib_a-__atexit.o)
 .text.__register_exitproc
                0x00000000041022f0       0x90 c:/intelfpga_lite/20.1/nios2eds/bin/gnu/h-x86_64-mingw32/bin/../lib/gcc/nios2-elf/9.2.1/../../../../../H-x86_64-mingw32/nios2-elf/lib/mno-hw-mul\libc.a(lib_a-__atexit.o)
                0x00000000041022f0                __register_exitproc
 .text          0x0000000004102380        0x0 c:/intelfpga_lite/20.1/nios2eds/bin/gnu/h-x86_64-mingw32/bin/../lib/gcc/nios2-elf/9.2.1/../../../../../H-x86_64-mingw32/nios2-elf/lib/mno-hw-mul\libc.a(lib_a-__call_atexit.o)
 .text.__call_exitprocs
                0x0000000004102380      0x120 c:/intelfpga_lite/20.1/nios2eds/bin/gnu/h-x86_64-mingw32/bin/../lib/gcc/nios2-elf/9.2.1/../../../../../H-x86_64-mingw32/nios2-elf/lib/mno-hw-mul\libc.a(lib_a-__call_atexit.o)
                0x0000000004102380                __call_exitprocs
 .text          0x00000000041024a0       0x38 C:/Users/Medion/Desktop/4.godina/8.semestar/PNRS/Grupni_zadatak/pnrs-2023/de1-soc-audio/sw/nios/app_1/de1_soc_audio_processing_bsp\libhal_bsp.a(alt_exit.o)
                0x00000000041024a0                _exit
 *(.gnu.warning.*)
 *(.fini)
                [!provide]                        PROVIDE (__etext = ABSOLUTE (.))
                [!provide]                        PROVIDE (_etext = ABSOLUTE (.))
                [!provide]                        PROVIDE (etext = ABSOLUTE (.))
 *(.eh_frame_hdr)
                0x00000000041024d8                . = ALIGN (0x4)
                [!provide]                        PROVIDE (__preinit_array_start = ABSOLUTE (.))
 *(.preinit_array)
                [!provide]                        PROVIDE (__preinit_array_end = ABSOLUTE (.))
                [!provide]                        PROVIDE (__init_array_start = ABSOLUTE (.))
 *(.init_array)
                [!provide]                        PROVIDE (__init_array_end = ABSOLUTE (.))
                [!provide]                        PROVIDE (__fini_array_start = ABSOLUTE (.))
 *(.fini_array)
                [!provide]                        PROVIDE (__fini_array_end = ABSOLUTE (.))
 *(.eh_frame)
 *(.gcc_except_table .gcc_except_table.*)
 *(.dynamic)
                0x00000000041024d8                PROVIDE (__CTOR_LIST__ = ABSOLUTE (.))
 *(.ctors)
 *(SORT_BY_NAME(.ctors.*))
                0x00000000041024d8                PROVIDE (__CTOR_END__ = ABSOLUTE (.))
                0x00000000041024d8                PROVIDE (__DTOR_LIST__ = ABSOLUTE (.))
 *(.dtors)
 *(SORT_BY_NAME(.dtors.*))
                0x00000000041024d8                PROVIDE (__DTOR_END__ = ABSOLUTE (.))
 *(.jcr)
                0x00000000041024d8                . = ALIGN (0x4)

.rodata         0x00000000041024d8       0x6c
                0x00000000041024d8                PROVIDE (__ram_rodata_start = ABSOLUTE (.))
                0x00000000041024d8                . = ALIGN (0x4)
 *(.rodata .rodata.* .gnu.linkonce.r.*)
 .rodata        0x00000000041024d8        0xd obj/default/de1_soc_audio_processing.o
 *fill*         0x00000000041024e5        0x3 
 .rodata        0x00000000041024e8       0x4d C:/Users/Medion/Desktop/4.godina/8.semestar/PNRS/Grupni_zadatak/pnrs-2023/de1-soc-audio/sw/nios/app_1/de1_soc_audio_processing_bsp\libhal_bsp.a(alt_sys_init.o)
 *fill*         0x0000000004102535        0x3 
 .rodata        0x0000000004102538        0xa C:/Users/Medion/Desktop/4.godina/8.semestar/PNRS/Grupni_zadatak/pnrs-2023/de1-soc-audio/sw/nios/app_1/de1_soc_audio_processing_bsp\libhal_bsp.a(alt_dev.o)
 *(.rodata1)
                0x0000000004102544                . = ALIGN (0x4)
 *fill*         0x0000000004102542        0x2 
                0x0000000004102544                PROVIDE (__ram_rodata_end = ABSOLUTE (.))
                0x00000000041024d8                PROVIDE (__flash_rodata_start = LOADADDR (.rodata))

.rwdata         0x0000000004102544      0x6f0 load address 0x0000000004102c34
                0x0000000004102544                PROVIDE (__ram_rwdata_start = ABSOLUTE (.))
                0x0000000004102544                . = ALIGN (0x4)
 *(.got.plt)
 *(.got)
 *(.data1)
 *(.data .data.* .gnu.linkonce.d.*)
 .data          0x0000000004102544        0x0 C:/Users/Medion/Desktop/4.godina/8.semestar/PNRS/Grupni_zadatak/pnrs-2023/de1-soc-audio/sw/nios/app_1/de1_soc_audio_processing_bsp/obj/HAL/src/crt0.o
 .data          0x0000000004102544        0x0 obj/default/de1_soc_audio_processing.o
 .data          0x0000000004102544        0x0 c:/intelfpga_lite/20.1/nios2eds/bin/gnu/h-x86_64-mingw32/bin/../lib/gcc/nios2-elf/9.2.1/mno-hw-mul\libgcc.a(lib2-divmod.o)
 .data          0x0000000004102544        0x0 C:/Users/Medion/Desktop/4.godina/8.semestar/PNRS/Grupni_zadatak/pnrs-2023/de1-soc-audio/sw/nios/app_1/de1_soc_audio_processing_bsp\libhal_bsp.a(alt_load.o)
 .data          0x0000000004102544        0x0 C:/Users/Medion/Desktop/4.godina/8.semestar/PNRS/Grupni_zadatak/pnrs-2023/de1-soc-audio/sw/nios/app_1/de1_soc_audio_processing_bsp\libhal_bsp.a(alt_main.o)
 .data          0x0000000004102544       0xf0 C:/Users/Medion/Desktop/4.godina/8.semestar/PNRS/Grupni_zadatak/pnrs-2023/de1-soc-audio/sw/nios/app_1/de1_soc_audio_processing_bsp\libhal_bsp.a(alt_sys_init.o)
 .data          0x0000000004102634        0x0 C:/Users/Medion/Desktop/4.godina/8.semestar/PNRS/Grupni_zadatak/pnrs-2023/de1-soc-audio/sw/nios/app_1/de1_soc_audio_processing_bsp\libhal_bsp.a(altera_avalon_mailbox_simple.o)
 .data          0x0000000004102634        0x0 C:/Users/Medion/Desktop/4.godina/8.semestar/PNRS/Grupni_zadatak/pnrs-2023/de1-soc-audio/sw/nios/app_1/de1_soc_audio_processing_bsp\libhal_bsp.a(altera_avalon_timer_sc.o)
 .data          0x0000000004102634        0x0 C:/Users/Medion/Desktop/4.godina/8.semestar/PNRS/Grupni_zadatak/pnrs-2023/de1-soc-audio/sw/nios/app_1/de1_soc_audio_processing_bsp\libhal_bsp.a(altera_up_avalon_audio.o)
 .data          0x0000000004102634        0x0 C:/Users/Medion/Desktop/4.godina/8.semestar/PNRS/Grupni_zadatak/pnrs-2023/de1-soc-audio/sw/nios/app_1/de1_soc_audio_processing_bsp\libhal_bsp.a(alt_close.o)
 .data          0x0000000004102634        0x0 C:/Users/Medion/Desktop/4.godina/8.semestar/PNRS/Grupni_zadatak/pnrs-2023/de1-soc-audio/sw/nios/app_1/de1_soc_audio_processing_bsp\libhal_bsp.a(alt_dcache_flush_all.o)
 .data          0x0000000004102634      0x1a8 C:/Users/Medion/Desktop/4.godina/8.semestar/PNRS/Grupni_zadatak/pnrs-2023/de1-soc-audio/sw/nios/app_1/de1_soc_audio_processing_bsp\libhal_bsp.a(alt_dev.o)
                0x0000000004102634                alt_dev_null
                0x000000000410265c                alt_fd_list
 .data          0x00000000041027dc        0x0 C:/Users/Medion/Desktop/4.godina/8.semestar/PNRS/Grupni_zadatak/pnrs-2023/de1-soc-audio/sw/nios/app_1/de1_soc_audio_processing_bsp\libhal_bsp.a(alt_dev_llist_insert.o)
 .data          0x00000000041027dc        0x0 C:/Users/Medion/Desktop/4.godina/8.semestar/PNRS/Grupni_zadatak/pnrs-2023/de1-soc-audio/sw/nios/app_1/de1_soc_audio_processing_bsp\libhal_bsp.a(alt_do_ctors.o)
 .data          0x00000000041027dc        0x0 C:/Users/Medion/Desktop/4.godina/8.semestar/PNRS/Grupni_zadatak/pnrs-2023/de1-soc-audio/sw/nios/app_1/de1_soc_audio_processing_bsp\libhal_bsp.a(alt_do_dtors.o)
 .data          0x00000000041027dc        0x0 C:/Users/Medion/Desktop/4.godina/8.semestar/PNRS/Grupni_zadatak/pnrs-2023/de1-soc-audio/sw/nios/app_1/de1_soc_audio_processing_bsp\libhal_bsp.a(alt_errno.o)
 .data          0x00000000041027dc        0x0 C:/Users/Medion/Desktop/4.godina/8.semestar/PNRS/Grupni_zadatak/pnrs-2023/de1-soc-audio/sw/nios/app_1/de1_soc_audio_processing_bsp\libhal_bsp.a(alt_find_dev.o)
 .data          0x00000000041027dc        0x0 C:/Users/Medion/Desktop/4.godina/8.semestar/PNRS/Grupni_zadatak/pnrs-2023/de1-soc-audio/sw/nios/app_1/de1_soc_audio_processing_bsp\libhal_bsp.a(alt_icache_flush_all.o)
 .data          0x00000000041027dc        0x0 C:/Users/Medion/Desktop/4.godina/8.semestar/PNRS/Grupni_zadatak/pnrs-2023/de1-soc-audio/sw/nios/app_1/de1_soc_audio_processing_bsp\libhal_bsp.a(alt_irq_register.o)
 .data          0x00000000041027dc        0x0 C:/Users/Medion/Desktop/4.godina/8.semestar/PNRS/Grupni_zadatak/pnrs-2023/de1-soc-audio/sw/nios/app_1/de1_soc_audio_processing_bsp\libhal_bsp.a(alt_irq_vars.o)
 .data          0x00000000041027dc        0x0 C:/Users/Medion/Desktop/4.godina/8.semestar/PNRS/Grupni_zadatak/pnrs-2023/de1-soc-audio/sw/nios/app_1/de1_soc_audio_processing_bsp\libhal_bsp.a(alt_release_fd.o)
 .data          0x00000000041027dc        0x0 C:/Users/Medion/Desktop/4.godina/8.semestar/PNRS/Grupni_zadatak/pnrs-2023/de1-soc-audio/sw/nios/app_1/de1_soc_audio_processing_bsp\libhal_bsp.a(alt_tick.o)
 .data          0x00000000041027dc        0x0 C:/Users/Medion/Desktop/4.godina/8.semestar/PNRS/Grupni_zadatak/pnrs-2023/de1-soc-audio/sw/nios/app_1/de1_soc_audio_processing_bsp\libhal_bsp.a(altera_nios2_gen2_irq.o)
 .data          0x00000000041027dc        0x0 C:/Users/Medion/Desktop/4.godina/8.semestar/PNRS/Grupni_zadatak/pnrs-2023/de1-soc-audio/sw/nios/app_1/de1_soc_audio_processing_bsp\libhal_bsp.a(alt_irq_entry.o)
 .data          0x00000000041027dc        0x0 C:/Users/Medion/Desktop/4.godina/8.semestar/PNRS/Grupni_zadatak/pnrs-2023/de1-soc-audio/sw/nios/app_1/de1_soc_audio_processing_bsp\libhal_bsp.a(alt_irq_handler.o)
 .data          0x00000000041027dc        0x0 C:/Users/Medion/Desktop/4.godina/8.semestar/PNRS/Grupni_zadatak/pnrs-2023/de1-soc-audio/sw/nios/app_1/de1_soc_audio_processing_bsp\libhal_bsp.a(alt_exception_entry.o)
 .data          0x00000000041027dc        0x0 C:/Users/Medion/Desktop/4.godina/8.semestar/PNRS/Grupni_zadatak/pnrs-2023/de1-soc-audio/sw/nios/app_1/de1_soc_audio_processing_bsp\libhal_bsp.a(alt_instruction_exception_entry.o)
 .data          0x00000000041027dc        0x0 c:/intelfpga_lite/20.1/nios2eds/bin/gnu/h-x86_64-mingw32/bin/../lib/gcc/nios2-elf/9.2.1/../../../../../H-x86_64-mingw32/nios2-elf/lib/mno-hw-mul\libc.a(lib_a-atexit.o)
 .data          0x00000000041027dc        0x0 c:/intelfpga_lite/20.1/nios2eds/bin/gnu/h-x86_64-mingw32/bin/../lib/gcc/nios2-elf/9.2.1/../../../../../H-x86_64-mingw32/nios2-elf/lib/mno-hw-mul\libc.a(lib_a-exit.o)
 .data          0x00000000041027dc        0x0 c:/intelfpga_lite/20.1/nios2eds/bin/gnu/h-x86_64-mingw32/bin/../lib/gcc/nios2-elf/9.2.1/../../../../../H-x86_64-mingw32/nios2-elf/lib/mno-hw-mul\libc.a(lib_a-impure.o)
 .data.impure_data
                0x00000000041027dc      0x424 c:/intelfpga_lite/20.1/nios2eds/bin/gnu/h-x86_64-mingw32/bin/../lib/gcc/nios2-elf/9.2.1/../../../../../H-x86_64-mingw32/nios2-elf/lib/mno-hw-mul\libc.a(lib_a-impure.o)
 .data          0x0000000004102c00        0x0 c:/intelfpga_lite/20.1/nios2eds/bin/gnu/h-x86_64-mingw32/bin/../lib/gcc/nios2-elf/9.2.1/../../../../../H-x86_64-mingw32/nios2-elf/lib/mno-hw-mul\libc.a(lib_a-int_errno.o)
 .data          0x0000000004102c00        0x0 c:/intelfpga_lite/20.1/nios2eds/bin/gnu/h-x86_64-mingw32/bin/../lib/gcc/nios2-elf/9.2.1/../../../../../H-x86_64-mingw32/nios2-elf/lib/mno-hw-mul\libc.a(lib_a-memcmp.o)
 .data          0x0000000004102c00        0x0 c:/intelfpga_lite/20.1/nios2eds/bin/gnu/h-x86_64-mingw32/bin/../lib/gcc/nios2-elf/9.2.1/../../../../../H-x86_64-mingw32/nios2-elf/lib/mno-hw-mul\libc.a(lib_a-strlen.o)
 .data          0x0000000004102c00        0x0 c:/intelfpga_lite/20.1/nios2eds/bin/gnu/h-x86_64-mingw32/bin/../lib/gcc/nios2-elf/9.2.1/../../../../../H-x86_64-mingw32/nios2-elf/lib/mno-hw-mul\libc.a(lib_a-__atexit.o)
 .data          0x0000000004102c00        0x0 c:/intelfpga_lite/20.1/nios2eds/bin/gnu/h-x86_64-mingw32/bin/../lib/gcc/nios2-elf/9.2.1/../../../../../H-x86_64-mingw32/nios2-elf/lib/mno-hw-mul\libc.a(lib_a-__call_atexit.o)
 .data          0x0000000004102c00        0x0 C:/Users/Medion/Desktop/4.godina/8.semestar/PNRS/Grupni_zadatak/pnrs-2023/de1-soc-audio/sw/nios/app_1/de1_soc_audio_processing_bsp\libhal_bsp.a(alt_exit.o)
                0x000000000410ac00                _gp = ABSOLUTE ((. + 0x8000))
                [!provide]                        PROVIDE (gp = _gp)
 *(.rwdata .rwdata.*)
 *(.sdata .sdata.* .gnu.linkonce.s.*)
 .sdata         0x0000000004102c00        0x8 C:/Users/Medion/Desktop/4.godina/8.semestar/PNRS/Grupni_zadatak/pnrs-2023/de1-soc-audio/sw/nios/app_1/de1_soc_audio_processing_bsp\libhal_bsp.a(altera_avalon_mailbox_simple.o)
                0x0000000004102c00                alt_mailbox_simple_list
 .sdata         0x0000000004102c08       0x14 C:/Users/Medion/Desktop/4.godina/8.semestar/PNRS/Grupni_zadatak/pnrs-2023/de1-soc-audio/sw/nios/app_1/de1_soc_audio_processing_bsp\libhal_bsp.a(alt_dev.o)
                0x0000000004102c08                alt_fs_list
                0x0000000004102c10                alt_dev_list
                0x0000000004102c18                alt_max_fd
 .sdata         0x0000000004102c1c        0x4 C:/Users/Medion/Desktop/4.godina/8.semestar/PNRS/Grupni_zadatak/pnrs-2023/de1-soc-audio/sw/nios/app_1/de1_soc_audio_processing_bsp\libhal_bsp.a(alt_errno.o)
                0x0000000004102c1c                alt_errno
 .sdata         0x0000000004102c20        0x4 C:/Users/Medion/Desktop/4.godina/8.semestar/PNRS/Grupni_zadatak/pnrs-2023/de1-soc-audio/sw/nios/app_1/de1_soc_audio_processing_bsp\libhal_bsp.a(alt_irq_vars.o)
                0x0000000004102c20                alt_priority_mask
 .sdata         0x0000000004102c24        0x8 C:/Users/Medion/Desktop/4.godina/8.semestar/PNRS/Grupni_zadatak/pnrs-2023/de1-soc-audio/sw/nios/app_1/de1_soc_audio_processing_bsp\libhal_bsp.a(alt_tick.o)
                0x0000000004102c24                alt_alarm_list
 .sdata._global_impure_ptr
                0x0000000004102c2c        0x4 c:/intelfpga_lite/20.1/nios2eds/bin/gnu/h-x86_64-mingw32/bin/../lib/gcc/nios2-elf/9.2.1/../../../../../H-x86_64-mingw32/nios2-elf/lib/mno-hw-mul\libc.a(lib_a-impure.o)
                0x0000000004102c2c                _global_impure_ptr
 .sdata._impure_ptr
                0x0000000004102c30        0x4 c:/intelfpga_lite/20.1/nios2eds/bin/gnu/h-x86_64-mingw32/bin/../lib/gcc/nios2-elf/9.2.1/../../../../../H-x86_64-mingw32/nios2-elf/lib/mno-hw-mul\libc.a(lib_a-impure.o)
                0x0000000004102c30                _impure_ptr
 *(.sdata2 .sdata2.* .gnu.linkonce.s2.*)
                0x0000000004102c34                . = ALIGN (0x4)
                0x0000000004102c34                _edata = ABSOLUTE (.)
                [!provide]                        PROVIDE (edata = ABSOLUTE (.))
                0x0000000004102c34                PROVIDE (__ram_rwdata_end = ABSOLUTE (.))
                0x0000000004102c34                PROVIDE (__flash_rwdata_start = LOADADDR (.rwdata))

.bss            0x0000000004103324      0x12c
                0x0000000004103324                __bss_start = ABSOLUTE (.)
                [!provide]                        PROVIDE (__sbss_start = ABSOLUTE (.))
                [!provide]                        PROVIDE (___sbss_start = ABSOLUTE (.))
 *(.dynsbss)
 *(.sbss .sbss.* .gnu.linkonce.sb.*)
 .sbss          0x0000000004103324        0xc obj/default/de1_soc_audio_processing.o
                0x0000000004103324                mailbox_0
                0x0000000004103328                mailbox_1
                0x000000000410332c                audio_dev
 .sbss          0x0000000004103330        0xc C:/Users/Medion/Desktop/4.godina/8.semestar/PNRS/Grupni_zadatak/pnrs-2023/de1-soc-audio/sw/nios/app_1/de1_soc_audio_processing_bsp\libhal_bsp.a(alt_main.o)
                0x0000000004103330                alt_argc
                0x0000000004103334                alt_argv
                0x0000000004103338                alt_envp
 .sbss          0x000000000410333c        0x4 C:/Users/Medion/Desktop/4.godina/8.semestar/PNRS/Grupni_zadatak/pnrs-2023/de1-soc-audio/sw/nios/app_1/de1_soc_audio_processing_bsp\libhal_bsp.a(alt_irq_vars.o)
                0x000000000410333c                alt_irq_active
 .sbss          0x0000000004103340        0x8 C:/Users/Medion/Desktop/4.godina/8.semestar/PNRS/Grupni_zadatak/pnrs-2023/de1-soc-audio/sw/nios/app_1/de1_soc_audio_processing_bsp\libhal_bsp.a(alt_tick.o)
                0x0000000004103340                _alt_tick_rate
                0x0000000004103344                _alt_nticks
 .sbss          0x0000000004103348        0x4 C:/Users/Medion/Desktop/4.godina/8.semestar/PNRS/Grupni_zadatak/pnrs-2023/de1-soc-audio/sw/nios/app_1/de1_soc_audio_processing_bsp\libhal_bsp.a(alt_instruction_exception_entry.o)
                0x0000000004103348                alt_instruction_exception_handler
 .sbss          0x000000000410334c        0x4 c:/intelfpga_lite/20.1/nios2eds/bin/gnu/h-x86_64-mingw32/bin/../lib/gcc/nios2-elf/9.2.1/../../../../../H-x86_64-mingw32/nios2-elf/lib/mno-hw-mul\libc.a(lib_a-int_errno.o)
                0x000000000410334c                errno
 *(.sbss2 .sbss2.* .gnu.linkonce.sb2.*)
 *(.scommon)
                [!provide]                        PROVIDE (__sbss_end = ABSOLUTE (.))
                [!provide]                        PROVIDE (___sbss_end = ABSOLUTE (.))
 *(.dynbss)
 *(.bss .bss.* .gnu.linkonce.b.*)
 .bss           0x0000000004103350        0x0 C:/Users/Medion/Desktop/4.godina/8.semestar/PNRS/Grupni_zadatak/pnrs-2023/de1-soc-audio/sw/nios/app_1/de1_soc_audio_processing_bsp/obj/HAL/src/crt0.o
 .bss           0x0000000004103350        0x0 obj/default/de1_soc_audio_processing.o
 .bss           0x0000000004103350        0x0 c:/intelfpga_lite/20.1/nios2eds/bin/gnu/h-x86_64-mingw32/bin/../lib/gcc/nios2-elf/9.2.1/mno-hw-mul\libgcc.a(lib2-divmod.o)
 .bss           0x0000000004103350        0x0 C:/Users/Medion/Desktop/4.godina/8.semestar/PNRS/Grupni_zadatak/pnrs-2023/de1-soc-audio/sw/nios/app_1/de1_soc_audio_processing_bsp\libhal_bsp.a(alt_load.o)
 .bss           0x0000000004103350        0x0 C:/Users/Medion/Desktop/4.godina/8.semestar/PNRS/Grupni_zadatak/pnrs-2023/de1-soc-audio/sw/nios/app_1/de1_soc_audio_processing_bsp\libhal_bsp.a(alt_main.o)
 .bss           0x0000000004103350        0x0 C:/Users/Medion/Desktop/4.godina/8.semestar/PNRS/Grupni_zadatak/pnrs-2023/de1-soc-audio/sw/nios/app_1/de1_soc_audio_processing_bsp\libhal_bsp.a(alt_sys_init.o)
 .bss           0x0000000004103350        0x0 C:/Users/Medion/Desktop/4.godina/8.semestar/PNRS/Grupni_zadatak/pnrs-2023/de1-soc-audio/sw/nios/app_1/de1_soc_audio_processing_bsp\libhal_bsp.a(altera_avalon_mailbox_simple.o)
 .bss           0x0000000004103350        0x0 C:/Users/Medion/Desktop/4.godina/8.semestar/PNRS/Grupni_zadatak/pnrs-2023/de1-soc-audio/sw/nios/app_1/de1_soc_audio_processing_bsp\libhal_bsp.a(altera_avalon_timer_sc.o)
 .bss           0x0000000004103350        0x0 C:/Users/Medion/Desktop/4.godina/8.semestar/PNRS/Grupni_zadatak/pnrs-2023/de1-soc-audio/sw/nios/app_1/de1_soc_audio_processing_bsp\libhal_bsp.a(altera_up_avalon_audio.o)
 .bss           0x0000000004103350        0x0 C:/Users/Medion/Desktop/4.godina/8.semestar/PNRS/Grupni_zadatak/pnrs-2023/de1-soc-audio/sw/nios/app_1/de1_soc_audio_processing_bsp\libhal_bsp.a(alt_close.o)
 .bss           0x0000000004103350        0x0 C:/Users/Medion/Desktop/4.godina/8.semestar/PNRS/Grupni_zadatak/pnrs-2023/de1-soc-audio/sw/nios/app_1/de1_soc_audio_processing_bsp\libhal_bsp.a(alt_dcache_flush_all.o)
 .bss           0x0000000004103350        0x0 C:/Users/Medion/Desktop/4.godina/8.semestar/PNRS/Grupni_zadatak/pnrs-2023/de1-soc-audio/sw/nios/app_1/de1_soc_audio_processing_bsp\libhal_bsp.a(alt_dev.o)
 .bss           0x0000000004103350        0x0 C:/Users/Medion/Desktop/4.godina/8.semestar/PNRS/Grupni_zadatak/pnrs-2023/de1-soc-audio/sw/nios/app_1/de1_soc_audio_processing_bsp\libhal_bsp.a(alt_dev_llist_insert.o)
 .bss           0x0000000004103350        0x0 C:/Users/Medion/Desktop/4.godina/8.semestar/PNRS/Grupni_zadatak/pnrs-2023/de1-soc-audio/sw/nios/app_1/de1_soc_audio_processing_bsp\libhal_bsp.a(alt_do_ctors.o)
 .bss           0x0000000004103350        0x0 C:/Users/Medion/Desktop/4.godina/8.semestar/PNRS/Grupni_zadatak/pnrs-2023/de1-soc-audio/sw/nios/app_1/de1_soc_audio_processing_bsp\libhal_bsp.a(alt_do_dtors.o)
 .bss           0x0000000004103350        0x0 C:/Users/Medion/Desktop/4.godina/8.semestar/PNRS/Grupni_zadatak/pnrs-2023/de1-soc-audio/sw/nios/app_1/de1_soc_audio_processing_bsp\libhal_bsp.a(alt_errno.o)
 .bss           0x0000000004103350        0x0 C:/Users/Medion/Desktop/4.godina/8.semestar/PNRS/Grupni_zadatak/pnrs-2023/de1-soc-audio/sw/nios/app_1/de1_soc_audio_processing_bsp\libhal_bsp.a(alt_find_dev.o)
 .bss           0x0000000004103350        0x0 C:/Users/Medion/Desktop/4.godina/8.semestar/PNRS/Grupni_zadatak/pnrs-2023/de1-soc-audio/sw/nios/app_1/de1_soc_audio_processing_bsp\libhal_bsp.a(alt_icache_flush_all.o)
 .bss           0x0000000004103350        0x0 C:/Users/Medion/Desktop/4.godina/8.semestar/PNRS/Grupni_zadatak/pnrs-2023/de1-soc-audio/sw/nios/app_1/de1_soc_audio_processing_bsp\libhal_bsp.a(alt_irq_register.o)
 .bss           0x0000000004103350        0x0 C:/Users/Medion/Desktop/4.godina/8.semestar/PNRS/Grupni_zadatak/pnrs-2023/de1-soc-audio/sw/nios/app_1/de1_soc_audio_processing_bsp\libhal_bsp.a(alt_irq_vars.o)
 .bss           0x0000000004103350        0x0 C:/Users/Medion/Desktop/4.godina/8.semestar/PNRS/Grupni_zadatak/pnrs-2023/de1-soc-audio/sw/nios/app_1/de1_soc_audio_processing_bsp\libhal_bsp.a(alt_release_fd.o)
 .bss           0x0000000004103350        0x0 C:/Users/Medion/Desktop/4.godina/8.semestar/PNRS/Grupni_zadatak/pnrs-2023/de1-soc-audio/sw/nios/app_1/de1_soc_audio_processing_bsp\libhal_bsp.a(alt_tick.o)
 .bss           0x0000000004103350        0x0 C:/Users/Medion/Desktop/4.godina/8.semestar/PNRS/Grupni_zadatak/pnrs-2023/de1-soc-audio/sw/nios/app_1/de1_soc_audio_processing_bsp\libhal_bsp.a(altera_nios2_gen2_irq.o)
 .bss           0x0000000004103350        0x0 C:/Users/Medion/Desktop/4.godina/8.semestar/PNRS/Grupni_zadatak/pnrs-2023/de1-soc-audio/sw/nios/app_1/de1_soc_audio_processing_bsp\libhal_bsp.a(alt_irq_entry.o)
 .bss           0x0000000004103350        0x0 C:/Users/Medion/Desktop/4.godina/8.semestar/PNRS/Grupni_zadatak/pnrs-2023/de1-soc-audio/sw/nios/app_1/de1_soc_audio_processing_bsp\libhal_bsp.a(alt_irq_handler.o)
 .bss           0x0000000004103350        0x0 C:/Users/Medion/Desktop/4.godina/8.semestar/PNRS/Grupni_zadatak/pnrs-2023/de1-soc-audio/sw/nios/app_1/de1_soc_audio_processing_bsp\libhal_bsp.a(alt_exception_entry.o)
 .bss           0x0000000004103350        0x0 C:/Users/Medion/Desktop/4.godina/8.semestar/PNRS/Grupni_zadatak/pnrs-2023/de1-soc-audio/sw/nios/app_1/de1_soc_audio_processing_bsp\libhal_bsp.a(alt_instruction_exception_entry.o)
 .bss           0x0000000004103350        0x0 c:/intelfpga_lite/20.1/nios2eds/bin/gnu/h-x86_64-mingw32/bin/../lib/gcc/nios2-elf/9.2.1/../../../../../H-x86_64-mingw32/nios2-elf/lib/mno-hw-mul\libc.a(lib_a-atexit.o)
 .bss           0x0000000004103350        0x0 c:/intelfpga_lite/20.1/nios2eds/bin/gnu/h-x86_64-mingw32/bin/../lib/gcc/nios2-elf/9.2.1/../../../../../H-x86_64-mingw32/nios2-elf/lib/mno-hw-mul\libc.a(lib_a-exit.o)
 .bss           0x0000000004103350        0x0 c:/intelfpga_lite/20.1/nios2eds/bin/gnu/h-x86_64-mingw32/bin/../lib/gcc/nios2-elf/9.2.1/../../../../../H-x86_64-mingw32/nios2-elf/lib/mno-hw-mul\libc.a(lib_a-impure.o)
 .bss           0x0000000004103350        0x0 c:/intelfpga_lite/20.1/nios2eds/bin/gnu/h-x86_64-mingw32/bin/../lib/gcc/nios2-elf/9.2.1/../../../../../H-x86_64-mingw32/nios2-elf/lib/mno-hw-mul\libc.a(lib_a-int_errno.o)
 .bss           0x0000000004103350        0x0 c:/intelfpga_lite/20.1/nios2eds/bin/gnu/h-x86_64-mingw32/bin/../lib/gcc/nios2-elf/9.2.1/../../../../../H-x86_64-mingw32/nios2-elf/lib/mno-hw-mul\libc.a(lib_a-memcmp.o)
 .bss           0x0000000004103350        0x0 c:/intelfpga_lite/20.1/nios2eds/bin/gnu/h-x86_64-mingw32/bin/../lib/gcc/nios2-elf/9.2.1/../../../../../H-x86_64-mingw32/nios2-elf/lib/mno-hw-mul\libc.a(lib_a-strlen.o)
 .bss           0x0000000004103350        0x0 c:/intelfpga_lite/20.1/nios2eds/bin/gnu/h-x86_64-mingw32/bin/../lib/gcc/nios2-elf/9.2.1/../../../../../H-x86_64-mingw32/nios2-elf/lib/mno-hw-mul\libc.a(lib_a-__atexit.o)
 .bss           0x0000000004103350        0x0 c:/intelfpga_lite/20.1/nios2eds/bin/gnu/h-x86_64-mingw32/bin/../lib/gcc/nios2-elf/9.2.1/../../../../../H-x86_64-mingw32/nios2-elf/lib/mno-hw-mul\libc.a(lib_a-__call_atexit.o)
 .bss           0x0000000004103350        0x0 C:/Users/Medion/Desktop/4.godina/8.semestar/PNRS/Grupni_zadatak/pnrs-2023/de1-soc-audio/sw/nios/app_1/de1_soc_audio_processing_bsp\libhal_bsp.a(alt_exit.o)
 *(COMMON)
 COMMON         0x0000000004103350      0x100 C:/Users/Medion/Desktop/4.godina/8.semestar/PNRS/Grupni_zadatak/pnrs-2023/de1-soc-audio/sw/nios/app_1/de1_soc_audio_processing_bsp\libhal_bsp.a(alt_irq_handler.o)
                0x0000000004103350                alt_irq
                0x0000000004103450                . = ALIGN (0x4)
                0x0000000004103450                __bss_end = ABSOLUTE (.)

.sdram_controller_0
                0x0000000004103450        0x0
                [!provide]                        PROVIDE (_alt_partition_sdram_controller_0_start = ABSOLUTE (.))
 *(.sdram_controller_0 .sdram_controller_0. sdram_controller_0.*)
                0x0000000004103450                . = ALIGN (0x4)
                [!provide]                        PROVIDE (_alt_partition_sdram_controller_0_end = ABSOLUTE (.))
                0x0000000004103450                _end = ABSOLUTE (.)
                0x0000000004103450                end = ABSOLUTE (.)
                0x0000000004103450                __alt_stack_base = ABSOLUTE (.)
                [!provide]                        PROVIDE (_alt_partition_sdram_controller_0_load_addr = LOADADDR (.sdram_controller_0))

.stab
 *(.stab)

.stabstr
 *(.stabstr)

.stab.excl
 *(.stab.excl)

.stab.exclstr
 *(.stab.exclstr)

.stab.index
 *(.stab.index)

.stab.indexstr
 *(.stab.indexstr)

.comment        0x0000000000000000       0x2c
 *(.comment)
 .comment       0x0000000000000000       0x2c obj/default/de1_soc_audio_processing.o
                                         0x2d (size before relaxing)
 .comment       0x000000000000002c       0x2d c:/intelfpga_lite/20.1/nios2eds/bin/gnu/h-x86_64-mingw32/bin/../lib/gcc/nios2-elf/9.2.1/mno-hw-mul\libgcc.a(lib2-divmod.o)
 .comment       0x000000000000002c       0x2d C:/Users/Medion/Desktop/4.godina/8.semestar/PNRS/Grupni_zadatak/pnrs-2023/de1-soc-audio/sw/nios/app_1/de1_soc_audio_processing_bsp\libhal_bsp.a(alt_load.o)
 .comment       0x000000000000002c       0x2d C:/Users/Medion/Desktop/4.godina/8.semestar/PNRS/Grupni_zadatak/pnrs-2023/de1-soc-audio/sw/nios/app_1/de1_soc_audio_processing_bsp\libhal_bsp.a(alt_main.o)
 .comment       0x000000000000002c       0x2d C:/Users/Medion/Desktop/4.godina/8.semestar/PNRS/Grupni_zadatak/pnrs-2023/de1-soc-audio/sw/nios/app_1/de1_soc_audio_processing_bsp\libhal_bsp.a(alt_sys_init.o)
 .comment       0x000000000000002c       0x2d C:/Users/Medion/Desktop/4.godina/8.semestar/PNRS/Grupni_zadatak/pnrs-2023/de1-soc-audio/sw/nios/app_1/de1_soc_audio_processing_bsp\libhal_bsp.a(altera_avalon_mailbox_simple.o)
 .comment       0x000000000000002c       0x2d C:/Users/Medion/Desktop/4.godina/8.semestar/PNRS/Grupni_zadatak/pnrs-2023/de1-soc-audio/sw/nios/app_1/de1_soc_audio_processing_bsp\libhal_bsp.a(altera_avalon_timer_sc.o)
 .comment       0x000000000000002c       0x2d C:/Users/Medion/Desktop/4.godina/8.semestar/PNRS/Grupni_zadatak/pnrs-2023/de1-soc-audio/sw/nios/app_1/de1_soc_audio_processing_bsp\libhal_bsp.a(altera_up_avalon_audio.o)
 .comment       0x000000000000002c       0x2d C:/Users/Medion/Desktop/4.godina/8.semestar/PNRS/Grupni_zadatak/pnrs-2023/de1-soc-audio/sw/nios/app_1/de1_soc_audio_processing_bsp\libhal_bsp.a(alt_close.o)
 .comment       0x000000000000002c       0x2d C:/Users/Medion/Desktop/4.godina/8.semestar/PNRS/Grupni_zadatak/pnrs-2023/de1-soc-audio/sw/nios/app_1/de1_soc_audio_processing_bsp\libhal_bsp.a(alt_dcache_flush_all.o)
 .comment       0x000000000000002c       0x2d C:/Users/Medion/Desktop/4.godina/8.semestar/PNRS/Grupni_zadatak/pnrs-2023/de1-soc-audio/sw/nios/app_1/de1_soc_audio_processing_bsp\libhal_bsp.a(alt_dev.o)
 .comment       0x000000000000002c       0x2d C:/Users/Medion/Desktop/4.godina/8.semestar/PNRS/Grupni_zadatak/pnrs-2023/de1-soc-audio/sw/nios/app_1/de1_soc_audio_processing_bsp\libhal_bsp.a(alt_dev_llist_insert.o)
 .comment       0x000000000000002c       0x2d C:/Users/Medion/Desktop/4.godina/8.semestar/PNRS/Grupni_zadatak/pnrs-2023/de1-soc-audio/sw/nios/app_1/de1_soc_audio_processing_bsp\libhal_bsp.a(alt_do_ctors.o)
 .comment       0x000000000000002c       0x2d C:/Users/Medion/Desktop/4.godina/8.semestar/PNRS/Grupni_zadatak/pnrs-2023/de1-soc-audio/sw/nios/app_1/de1_soc_audio_processing_bsp\libhal_bsp.a(alt_do_dtors.o)
 .comment       0x000000000000002c       0x2d C:/Users/Medion/Desktop/4.godina/8.semestar/PNRS/Grupni_zadatak/pnrs-2023/de1-soc-audio/sw/nios/app_1/de1_soc_audio_processing_bsp\libhal_bsp.a(alt_errno.o)
 .comment       0x000000000000002c       0x2d C:/Users/Medion/Desktop/4.godina/8.semestar/PNRS/Grupni_zadatak/pnrs-2023/de1-soc-audio/sw/nios/app_1/de1_soc_audio_processing_bsp\libhal_bsp.a(alt_find_dev.o)
 .comment       0x000000000000002c       0x2d C:/Users/Medion/Desktop/4.godina/8.semestar/PNRS/Grupni_zadatak/pnrs-2023/de1-soc-audio/sw/nios/app_1/de1_soc_audio_processing_bsp\libhal_bsp.a(alt_icache_flush_all.o)
 .comment       0x000000000000002c       0x2d C:/Users/Medion/Desktop/4.godina/8.semestar/PNRS/Grupni_zadatak/pnrs-2023/de1-soc-audio/sw/nios/app_1/de1_soc_audio_processing_bsp\libhal_bsp.a(alt_irq_register.o)
 .comment       0x000000000000002c       0x2d C:/Users/Medion/Desktop/4.godina/8.semestar/PNRS/Grupni_zadatak/pnrs-2023/de1-soc-audio/sw/nios/app_1/de1_soc_audio_processing_bsp\libhal_bsp.a(alt_irq_vars.o)
 .comment       0x000000000000002c       0x2d C:/Users/Medion/Desktop/4.godina/8.semestar/PNRS/Grupni_zadatak/pnrs-2023/de1-soc-audio/sw/nios/app_1/de1_soc_audio_processing_bsp\libhal_bsp.a(alt_release_fd.o)
 .comment       0x000000000000002c       0x2d C:/Users/Medion/Desktop/4.godina/8.semestar/PNRS/Grupni_zadatak/pnrs-2023/de1-soc-audio/sw/nios/app_1/de1_soc_audio_processing_bsp\libhal_bsp.a(alt_tick.o)
 .comment       0x000000000000002c       0x2d C:/Users/Medion/Desktop/4.godina/8.semestar/PNRS/Grupni_zadatak/pnrs-2023/de1-soc-audio/sw/nios/app_1/de1_soc_audio_processing_bsp\libhal_bsp.a(altera_nios2_gen2_irq.o)
 .comment       0x000000000000002c       0x2d C:/Users/Medion/Desktop/4.godina/8.semestar/PNRS/Grupni_zadatak/pnrs-2023/de1-soc-audio/sw/nios/app_1/de1_soc_audio_processing_bsp\libhal_bsp.a(alt_irq_handler.o)
 .comment       0x000000000000002c       0x2d C:/Users/Medion/Desktop/4.godina/8.semestar/PNRS/Grupni_zadatak/pnrs-2023/de1-soc-audio/sw/nios/app_1/de1_soc_audio_processing_bsp\libhal_bsp.a(alt_instruction_exception_entry.o)
 .comment       0x000000000000002c       0x2d c:/intelfpga_lite/20.1/nios2eds/bin/gnu/h-x86_64-mingw32/bin/../lib/gcc/nios2-elf/9.2.1/../../../../../H-x86_64-mingw32/nios2-elf/lib/mno-hw-mul\libc.a(lib_a-atexit.o)
 .comment       0x000000000000002c       0x2d c:/intelfpga_lite/20.1/nios2eds/bin/gnu/h-x86_64-mingw32/bin/../lib/gcc/nios2-elf/9.2.1/../../../../../H-x86_64-mingw32/nios2-elf/lib/mno-hw-mul\libc.a(lib_a-exit.o)
 .comment       0x000000000000002c       0x2d c:/intelfpga_lite/20.1/nios2eds/bin/gnu/h-x86_64-mingw32/bin/../lib/gcc/nios2-elf/9.2.1/../../../../../H-x86_64-mingw32/nios2-elf/lib/mno-hw-mul\libc.a(lib_a-impure.o)
 .comment       0x000000000000002c       0x2d c:/intelfpga_lite/20.1/nios2eds/bin/gnu/h-x86_64-mingw32/bin/../lib/gcc/nios2-elf/9.2.1/../../../../../H-x86_64-mingw32/nios2-elf/lib/mno-hw-mul\libc.a(lib_a-int_errno.o)
 .comment       0x000000000000002c       0x2d c:/intelfpga_lite/20.1/nios2eds/bin/gnu/h-x86_64-mingw32/bin/../lib/gcc/nios2-elf/9.2.1/../../../../../H-x86_64-mingw32/nios2-elf/lib/mno-hw-mul\libc.a(lib_a-memcmp.o)
 .comment       0x000000000000002c       0x2d c:/intelfpga_lite/20.1/nios2eds/bin/gnu/h-x86_64-mingw32/bin/../lib/gcc/nios2-elf/9.2.1/../../../../../H-x86_64-mingw32/nios2-elf/lib/mno-hw-mul\libc.a(lib_a-strlen.o)
 .comment       0x000000000000002c       0x2d c:/intelfpga_lite/20.1/nios2eds/bin/gnu/h-x86_64-mingw32/bin/../lib/gcc/nios2-elf/9.2.1/../../../../../H-x86_64-mingw32/nios2-elf/lib/mno-hw-mul\libc.a(lib_a-__atexit.o)
 .comment       0x000000000000002c       0x2d c:/intelfpga_lite/20.1/nios2eds/bin/gnu/h-x86_64-mingw32/bin/../lib/gcc/nios2-elf/9.2.1/../../../../../H-x86_64-mingw32/nios2-elf/lib/mno-hw-mul\libc.a(lib_a-__call_atexit.o)
 .comment       0x000000000000002c       0x2d C:/Users/Medion/Desktop/4.godina/8.semestar/PNRS/Grupni_zadatak/pnrs-2023/de1-soc-audio/sw/nios/app_1/de1_soc_audio_processing_bsp\libhal_bsp.a(alt_exit.o)

.debug
 *(.debug)

.line
 *(.line)

.debug_srcinfo
 *(.debug_srcinfo)

.debug_sfnames
 *(.debug_sfnames)

.debug_aranges  0x0000000000000000      0x498
 *(.debug_aranges)
 .debug_aranges
                0x0000000000000000       0x28 C:/Users/Medion/Desktop/4.godina/8.semestar/PNRS/Grupni_zadatak/pnrs-2023/de1-soc-audio/sw/nios/app_1/de1_soc_audio_processing_bsp/obj/HAL/src/crt0.o
 .debug_aranges
                0x0000000000000028       0x20 obj/default/de1_soc_audio_processing.o
 .debug_aranges
                0x0000000000000048       0x20 c:/intelfpga_lite/20.1/nios2eds/bin/gnu/h-x86_64-mingw32/bin/../lib/gcc/nios2-elf/9.2.1/mno-hw-mul\libgcc.a(lib2-divmod.o)
 .debug_aranges
                0x0000000000000068       0x20 C:/Users/Medion/Desktop/4.godina/8.semestar/PNRS/Grupni_zadatak/pnrs-2023/de1-soc-audio/sw/nios/app_1/de1_soc_audio_processing_bsp\libhal_bsp.a(alt_load.o)
 .debug_aranges
                0x0000000000000088       0x20 C:/Users/Medion/Desktop/4.godina/8.semestar/PNRS/Grupni_zadatak/pnrs-2023/de1-soc-audio/sw/nios/app_1/de1_soc_audio_processing_bsp\libhal_bsp.a(alt_main.o)
 .debug_aranges
                0x00000000000000a8       0x20 C:/Users/Medion/Desktop/4.godina/8.semestar/PNRS/Grupni_zadatak/pnrs-2023/de1-soc-audio/sw/nios/app_1/de1_soc_audio_processing_bsp\libhal_bsp.a(alt_sys_init.o)
 .debug_aranges
                0x00000000000000c8       0x20 C:/Users/Medion/Desktop/4.godina/8.semestar/PNRS/Grupni_zadatak/pnrs-2023/de1-soc-audio/sw/nios/app_1/de1_soc_audio_processing_bsp\libhal_bsp.a(altera_avalon_mailbox_simple.o)
 .debug_aranges
                0x00000000000000e8       0x20 C:/Users/Medion/Desktop/4.godina/8.semestar/PNRS/Grupni_zadatak/pnrs-2023/de1-soc-audio/sw/nios/app_1/de1_soc_audio_processing_bsp\libhal_bsp.a(altera_avalon_timer_sc.o)
 .debug_aranges
                0x0000000000000108       0x20 C:/Users/Medion/Desktop/4.godina/8.semestar/PNRS/Grupni_zadatak/pnrs-2023/de1-soc-audio/sw/nios/app_1/de1_soc_audio_processing_bsp\libhal_bsp.a(altera_up_avalon_audio.o)
 .debug_aranges
                0x0000000000000128       0x20 C:/Users/Medion/Desktop/4.godina/8.semestar/PNRS/Grupni_zadatak/pnrs-2023/de1-soc-audio/sw/nios/app_1/de1_soc_audio_processing_bsp\libhal_bsp.a(alt_close.o)
 .debug_aranges
                0x0000000000000148       0x20 C:/Users/Medion/Desktop/4.godina/8.semestar/PNRS/Grupni_zadatak/pnrs-2023/de1-soc-audio/sw/nios/app_1/de1_soc_audio_processing_bsp\libhal_bsp.a(alt_dcache_flush_all.o)
 .debug_aranges
                0x0000000000000168       0x20 C:/Users/Medion/Desktop/4.godina/8.semestar/PNRS/Grupni_zadatak/pnrs-2023/de1-soc-audio/sw/nios/app_1/de1_soc_audio_processing_bsp\libhal_bsp.a(alt_dev.o)
 .debug_aranges
                0x0000000000000188       0x20 C:/Users/Medion/Desktop/4.godina/8.semestar/PNRS/Grupni_zadatak/pnrs-2023/de1-soc-audio/sw/nios/app_1/de1_soc_audio_processing_bsp\libhal_bsp.a(alt_dev_llist_insert.o)
 .debug_aranges
                0x00000000000001a8       0x20 C:/Users/Medion/Desktop/4.godina/8.semestar/PNRS/Grupni_zadatak/pnrs-2023/de1-soc-audio/sw/nios/app_1/de1_soc_audio_processing_bsp\libhal_bsp.a(alt_do_ctors.o)
 .debug_aranges
                0x00000000000001c8       0x20 C:/Users/Medion/Desktop/4.godina/8.semestar/PNRS/Grupni_zadatak/pnrs-2023/de1-soc-audio/sw/nios/app_1/de1_soc_audio_processing_bsp\libhal_bsp.a(alt_do_dtors.o)
 .debug_aranges
                0x00000000000001e8       0x18 C:/Users/Medion/Desktop/4.godina/8.semestar/PNRS/Grupni_zadatak/pnrs-2023/de1-soc-audio/sw/nios/app_1/de1_soc_audio_processing_bsp\libhal_bsp.a(alt_errno.o)
 .debug_aranges
                0x0000000000000200       0x20 C:/Users/Medion/Desktop/4.godina/8.semestar/PNRS/Grupni_zadatak/pnrs-2023/de1-soc-audio/sw/nios/app_1/de1_soc_audio_processing_bsp\libhal_bsp.a(alt_find_dev.o)
 .debug_aranges
                0x0000000000000220       0x20 C:/Users/Medion/Desktop/4.godina/8.semestar/PNRS/Grupni_zadatak/pnrs-2023/de1-soc-audio/sw/nios/app_1/de1_soc_audio_processing_bsp\libhal_bsp.a(alt_icache_flush_all.o)
 .debug_aranges
                0x0000000000000240       0x20 C:/Users/Medion/Desktop/4.godina/8.semestar/PNRS/Grupni_zadatak/pnrs-2023/de1-soc-audio/sw/nios/app_1/de1_soc_audio_processing_bsp\libhal_bsp.a(alt_irq_register.o)
 .debug_aranges
                0x0000000000000260       0x18 C:/Users/Medion/Desktop/4.godina/8.semestar/PNRS/Grupni_zadatak/pnrs-2023/de1-soc-audio/sw/nios/app_1/de1_soc_audio_processing_bsp\libhal_bsp.a(alt_irq_vars.o)
 .debug_aranges
                0x0000000000000278       0x20 C:/Users/Medion/Desktop/4.godina/8.semestar/PNRS/Grupni_zadatak/pnrs-2023/de1-soc-audio/sw/nios/app_1/de1_soc_audio_processing_bsp\libhal_bsp.a(alt_release_fd.o)
 .debug_aranges
                0x0000000000000298       0x20 C:/Users/Medion/Desktop/4.godina/8.semestar/PNRS/Grupni_zadatak/pnrs-2023/de1-soc-audio/sw/nios/app_1/de1_soc_audio_processing_bsp\libhal_bsp.a(alt_tick.o)
 .debug_aranges
                0x00000000000002b8       0x20 C:/Users/Medion/Desktop/4.godina/8.semestar/PNRS/Grupni_zadatak/pnrs-2023/de1-soc-audio/sw/nios/app_1/de1_soc_audio_processing_bsp\libhal_bsp.a(altera_nios2_gen2_irq.o)
 .debug_aranges
                0x00000000000002d8       0x30 C:/Users/Medion/Desktop/4.godina/8.semestar/PNRS/Grupni_zadatak/pnrs-2023/de1-soc-audio/sw/nios/app_1/de1_soc_audio_processing_bsp\libhal_bsp.a(alt_irq_entry.o)
 .debug_aranges
                0x0000000000000308       0x20 C:/Users/Medion/Desktop/4.godina/8.semestar/PNRS/Grupni_zadatak/pnrs-2023/de1-soc-audio/sw/nios/app_1/de1_soc_audio_processing_bsp\libhal_bsp.a(alt_irq_handler.o)
 .debug_aranges
                0x0000000000000328       0x38 C:/Users/Medion/Desktop/4.godina/8.semestar/PNRS/Grupni_zadatak/pnrs-2023/de1-soc-audio/sw/nios/app_1/de1_soc_audio_processing_bsp\libhal_bsp.a(alt_exception_entry.o)
 .debug_aranges
                0x0000000000000360       0x28 C:/Users/Medion/Desktop/4.godina/8.semestar/PNRS/Grupni_zadatak/pnrs-2023/de1-soc-audio/sw/nios/app_1/de1_soc_audio_processing_bsp\libhal_bsp.a(alt_instruction_exception_entry.o)
 .debug_aranges
                0x0000000000000388       0x20 c:/intelfpga_lite/20.1/nios2eds/bin/gnu/h-x86_64-mingw32/bin/../lib/gcc/nios2-elf/9.2.1/../../../../../H-x86_64-mingw32/nios2-elf/lib/mno-hw-mul\libc.a(lib_a-atexit.o)
 .debug_aranges
                0x00000000000003a8       0x20 c:/intelfpga_lite/20.1/nios2eds/bin/gnu/h-x86_64-mingw32/bin/../lib/gcc/nios2-elf/9.2.1/../../../../../H-x86_64-mingw32/nios2-elf/lib/mno-hw-mul\libc.a(lib_a-exit.o)
 .debug_aranges
                0x00000000000003c8       0x18 c:/intelfpga_lite/20.1/nios2eds/bin/gnu/h-x86_64-mingw32/bin/../lib/gcc/nios2-elf/9.2.1/../../../../../H-x86_64-mingw32/nios2-elf/lib/mno-hw-mul\libc.a(lib_a-impure.o)
 .debug_aranges
                0x00000000000003e0       0x18 c:/intelfpga_lite/20.1/nios2eds/bin/gnu/h-x86_64-mingw32/bin/../lib/gcc/nios2-elf/9.2.1/../../../../../H-x86_64-mingw32/nios2-elf/lib/mno-hw-mul\libc.a(lib_a-int_errno.o)
 .debug_aranges
                0x00000000000003f8       0x20 c:/intelfpga_lite/20.1/nios2eds/bin/gnu/h-x86_64-mingw32/bin/../lib/gcc/nios2-elf/9.2.1/../../../../../H-x86_64-mingw32/nios2-elf/lib/mno-hw-mul\libc.a(lib_a-memcmp.o)
 .debug_aranges
                0x0000000000000418       0x20 c:/intelfpga_lite/20.1/nios2eds/bin/gnu/h-x86_64-mingw32/bin/../lib/gcc/nios2-elf/9.2.1/../../../../../H-x86_64-mingw32/nios2-elf/lib/mno-hw-mul\libc.a(lib_a-strlen.o)
 .debug_aranges
                0x0000000000000438       0x20 c:/intelfpga_lite/20.1/nios2eds/bin/gnu/h-x86_64-mingw32/bin/../lib/gcc/nios2-elf/9.2.1/../../../../../H-x86_64-mingw32/nios2-elf/lib/mno-hw-mul\libc.a(lib_a-__atexit.o)
 .debug_aranges
                0x0000000000000458       0x20 c:/intelfpga_lite/20.1/nios2eds/bin/gnu/h-x86_64-mingw32/bin/../lib/gcc/nios2-elf/9.2.1/../../../../../H-x86_64-mingw32/nios2-elf/lib/mno-hw-mul\libc.a(lib_a-__call_atexit.o)
 .debug_aranges
                0x0000000000000478       0x20 C:/Users/Medion/Desktop/4.godina/8.semestar/PNRS/Grupni_zadatak/pnrs-2023/de1-soc-audio/sw/nios/app_1/de1_soc_audio_processing_bsp\libhal_bsp.a(alt_exit.o)

.debug_pubnames
 *(.debug_pubnames)

.debug_info     0x0000000000000000    0x13ae9
 *(.debug_info .gnu.linkonce.wi.*)
 .debug_info    0x0000000000000000       0x22 C:/Users/Medion/Desktop/4.godina/8.semestar/PNRS/Grupni_zadatak/pnrs-2023/de1-soc-audio/sw/nios/app_1/de1_soc_audio_processing_bsp/obj/HAL/src/crt0.o
 .debug_info    0x0000000000000022      0xdb6 obj/default/de1_soc_audio_processing.o
 .debug_info    0x0000000000000dd8      0x368 c:/intelfpga_lite/20.1/nios2eds/bin/gnu/h-x86_64-mingw32/bin/../lib/gcc/nios2-elf/9.2.1/mno-hw-mul\libgcc.a(lib2-divmod.o)
 .debug_info    0x0000000000001140      0x9f5 C:/Users/Medion/Desktop/4.godina/8.semestar/PNRS/Grupni_zadatak/pnrs-2023/de1-soc-audio/sw/nios/app_1/de1_soc_audio_processing_bsp\libhal_bsp.a(alt_load.o)
 .debug_info    0x0000000000001b35      0xe76 C:/Users/Medion/Desktop/4.godina/8.semestar/PNRS/Grupni_zadatak/pnrs-2023/de1-soc-audio/sw/nios/app_1/de1_soc_audio_processing_bsp\libhal_bsp.a(alt_main.o)
 .debug_info    0x00000000000029ab      0xe8e C:/Users/Medion/Desktop/4.godina/8.semestar/PNRS/Grupni_zadatak/pnrs-2023/de1-soc-audio/sw/nios/app_1/de1_soc_audio_processing_bsp\libhal_bsp.a(alt_sys_init.o)
 .debug_info    0x0000000000003839     0x116f C:/Users/Medion/Desktop/4.godina/8.semestar/PNRS/Grupni_zadatak/pnrs-2023/de1-soc-audio/sw/nios/app_1/de1_soc_audio_processing_bsp\libhal_bsp.a(altera_avalon_mailbox_simple.o)
 .debug_info    0x00000000000049a8      0xb19 C:/Users/Medion/Desktop/4.godina/8.semestar/PNRS/Grupni_zadatak/pnrs-2023/de1-soc-audio/sw/nios/app_1/de1_soc_audio_processing_bsp\libhal_bsp.a(altera_avalon_timer_sc.o)
 .debug_info    0x00000000000054c1     0x10e0 C:/Users/Medion/Desktop/4.godina/8.semestar/PNRS/Grupni_zadatak/pnrs-2023/de1-soc-audio/sw/nios/app_1/de1_soc_audio_processing_bsp\libhal_bsp.a(altera_up_avalon_audio.o)
 .debug_info    0x00000000000065a1      0xc60 C:/Users/Medion/Desktop/4.godina/8.semestar/PNRS/Grupni_zadatak/pnrs-2023/de1-soc-audio/sw/nios/app_1/de1_soc_audio_processing_bsp\libhal_bsp.a(alt_close.o)
 .debug_info    0x0000000000007201      0x934 C:/Users/Medion/Desktop/4.godina/8.semestar/PNRS/Grupni_zadatak/pnrs-2023/de1-soc-audio/sw/nios/app_1/de1_soc_audio_processing_bsp\libhal_bsp.a(alt_dcache_flush_all.o)
 .debug_info    0x0000000000007b35      0xe95 C:/Users/Medion/Desktop/4.godina/8.semestar/PNRS/Grupni_zadatak/pnrs-2023/de1-soc-audio/sw/nios/app_1/de1_soc_audio_processing_bsp\libhal_bsp.a(alt_dev.o)
 .debug_info    0x00000000000089ca      0xa6e C:/Users/Medion/Desktop/4.godina/8.semestar/PNRS/Grupni_zadatak/pnrs-2023/de1-soc-audio/sw/nios/app_1/de1_soc_audio_processing_bsp\libhal_bsp.a(alt_dev_llist_insert.o)
 .debug_info    0x0000000000009438       0x88 C:/Users/Medion/Desktop/4.godina/8.semestar/PNRS/Grupni_zadatak/pnrs-2023/de1-soc-audio/sw/nios/app_1/de1_soc_audio_processing_bsp\libhal_bsp.a(alt_do_ctors.o)
 .debug_info    0x00000000000094c0       0x88 C:/Users/Medion/Desktop/4.godina/8.semestar/PNRS/Grupni_zadatak/pnrs-2023/de1-soc-audio/sw/nios/app_1/de1_soc_audio_processing_bsp\libhal_bsp.a(alt_do_dtors.o)
 .debug_info    0x0000000000009548      0x972 C:/Users/Medion/Desktop/4.godina/8.semestar/PNRS/Grupni_zadatak/pnrs-2023/de1-soc-audio/sw/nios/app_1/de1_soc_audio_processing_bsp\libhal_bsp.a(alt_errno.o)
 .debug_info    0x0000000000009eba      0xbb2 C:/Users/Medion/Desktop/4.godina/8.semestar/PNRS/Grupni_zadatak/pnrs-2023/de1-soc-audio/sw/nios/app_1/de1_soc_audio_processing_bsp\libhal_bsp.a(alt_find_dev.o)
 .debug_info    0x000000000000aa6c      0x934 C:/Users/Medion/Desktop/4.godina/8.semestar/PNRS/Grupni_zadatak/pnrs-2023/de1-soc-audio/sw/nios/app_1/de1_soc_audio_processing_bsp\libhal_bsp.a(alt_icache_flush_all.o)
 .debug_info    0x000000000000b3a0      0xbbe C:/Users/Medion/Desktop/4.godina/8.semestar/PNRS/Grupni_zadatak/pnrs-2023/de1-soc-audio/sw/nios/app_1/de1_soc_audio_processing_bsp\libhal_bsp.a(alt_irq_register.o)
 .debug_info    0x000000000000bf5e       0x8b C:/Users/Medion/Desktop/4.godina/8.semestar/PNRS/Grupni_zadatak/pnrs-2023/de1-soc-audio/sw/nios/app_1/de1_soc_audio_processing_bsp\libhal_bsp.a(alt_irq_vars.o)
 .debug_info    0x000000000000bfe9      0x2e9 C:/Users/Medion/Desktop/4.godina/8.semestar/PNRS/Grupni_zadatak/pnrs-2023/de1-soc-audio/sw/nios/app_1/de1_soc_audio_processing_bsp\libhal_bsp.a(alt_release_fd.o)
 .debug_info    0x000000000000c2d2      0xb84 C:/Users/Medion/Desktop/4.godina/8.semestar/PNRS/Grupni_zadatak/pnrs-2023/de1-soc-audio/sw/nios/app_1/de1_soc_audio_processing_bsp\libhal_bsp.a(alt_tick.o)
 .debug_info    0x000000000000ce56      0x955 C:/Users/Medion/Desktop/4.godina/8.semestar/PNRS/Grupni_zadatak/pnrs-2023/de1-soc-audio/sw/nios/app_1/de1_soc_audio_processing_bsp\libhal_bsp.a(altera_nios2_gen2_irq.o)
 .debug_info    0x000000000000d7ab       0x22 C:/Users/Medion/Desktop/4.godina/8.semestar/PNRS/Grupni_zadatak/pnrs-2023/de1-soc-audio/sw/nios/app_1/de1_soc_audio_processing_bsp\libhal_bsp.a(alt_irq_entry.o)
 .debug_info    0x000000000000d7cd      0xa41 C:/Users/Medion/Desktop/4.godina/8.semestar/PNRS/Grupni_zadatak/pnrs-2023/de1-soc-audio/sw/nios/app_1/de1_soc_audio_processing_bsp\libhal_bsp.a(alt_irq_handler.o)
 .debug_info    0x000000000000e20e       0x22 C:/Users/Medion/Desktop/4.godina/8.semestar/PNRS/Grupni_zadatak/pnrs-2023/de1-soc-audio/sw/nios/app_1/de1_soc_audio_processing_bsp\libhal_bsp.a(alt_exception_entry.o)
 .debug_info    0x000000000000e230      0x1f1 C:/Users/Medion/Desktop/4.godina/8.semestar/PNRS/Grupni_zadatak/pnrs-2023/de1-soc-audio/sw/nios/app_1/de1_soc_audio_processing_bsp\libhal_bsp.a(alt_instruction_exception_entry.o)
 .debug_info    0x000000000000e421      0x9a1 c:/intelfpga_lite/20.1/nios2eds/bin/gnu/h-x86_64-mingw32/bin/../lib/gcc/nios2-elf/9.2.1/../../../../../H-x86_64-mingw32/nios2-elf/lib/mno-hw-mul\libc.a(lib_a-atexit.o)
 .debug_info    0x000000000000edc2      0x9dc c:/intelfpga_lite/20.1/nios2eds/bin/gnu/h-x86_64-mingw32/bin/../lib/gcc/nios2-elf/9.2.1/../../../../../H-x86_64-mingw32/nios2-elf/lib/mno-hw-mul\libc.a(lib_a-exit.o)
 .debug_info    0x000000000000f79e      0x936 c:/intelfpga_lite/20.1/nios2eds/bin/gnu/h-x86_64-mingw32/bin/../lib/gcc/nios2-elf/9.2.1/../../../../../H-x86_64-mingw32/nios2-elf/lib/mno-hw-mul\libc.a(lib_a-impure.o)
 .debug_info    0x00000000000100d4      0x92c c:/intelfpga_lite/20.1/nios2eds/bin/gnu/h-x86_64-mingw32/bin/../lib/gcc/nios2-elf/9.2.1/../../../../../H-x86_64-mingw32/nios2-elf/lib/mno-hw-mul\libc.a(lib_a-int_errno.o)
 .debug_info    0x0000000000010a00      0x9ce c:/intelfpga_lite/20.1/nios2eds/bin/gnu/h-x86_64-mingw32/bin/../lib/gcc/nios2-elf/9.2.1/../../../../../H-x86_64-mingw32/nios2-elf/lib/mno-hw-mul\libc.a(lib_a-memcmp.o)
 .debug_info    0x00000000000113ce      0x97f c:/intelfpga_lite/20.1/nios2eds/bin/gnu/h-x86_64-mingw32/bin/../lib/gcc/nios2-elf/9.2.1/../../../../../H-x86_64-mingw32/nios2-elf/lib/mno-hw-mul\libc.a(lib_a-strlen.o)
 .debug_info    0x0000000000011d4d      0x9db c:/intelfpga_lite/20.1/nios2eds/bin/gnu/h-x86_64-mingw32/bin/../lib/gcc/nios2-elf/9.2.1/../../../../../H-x86_64-mingw32/nios2-elf/lib/mno-hw-mul\libc.a(lib_a-__atexit.o)
 .debug_info    0x0000000000012728      0xa17 c:/intelfpga_lite/20.1/nios2eds/bin/gnu/h-x86_64-mingw32/bin/../lib/gcc/nios2-elf/9.2.1/../../../../../H-x86_64-mingw32/nios2-elf/lib/mno-hw-mul\libc.a(lib_a-__call_atexit.o)
 .debug_info    0x000000000001313f      0x9aa C:/Users/Medion/Desktop/4.godina/8.semestar/PNRS/Grupni_zadatak/pnrs-2023/de1-soc-audio/sw/nios/app_1/de1_soc_audio_processing_bsp\libhal_bsp.a(alt_exit.o)

.debug_abbrev   0x0000000000000000     0x4289
 *(.debug_abbrev)
 .debug_abbrev  0x0000000000000000       0x12 C:/Users/Medion/Desktop/4.godina/8.semestar/PNRS/Grupni_zadatak/pnrs-2023/de1-soc-audio/sw/nios/app_1/de1_soc_audio_processing_bsp/obj/HAL/src/crt0.o
 .debug_abbrev  0x0000000000000012      0x270 obj/default/de1_soc_audio_processing.o
 .debug_abbrev  0x0000000000000282      0x103 c:/intelfpga_lite/20.1/nios2eds/bin/gnu/h-x86_64-mingw32/bin/../lib/gcc/nios2-elf/9.2.1/mno-hw-mul\libgcc.a(lib2-divmod.o)
 .debug_abbrev  0x0000000000000385      0x21c C:/Users/Medion/Desktop/4.godina/8.semestar/PNRS/Grupni_zadatak/pnrs-2023/de1-soc-audio/sw/nios/app_1/de1_soc_audio_processing_bsp\libhal_bsp.a(alt_load.o)
 .debug_abbrev  0x00000000000005a1      0x21e C:/Users/Medion/Desktop/4.godina/8.semestar/PNRS/Grupni_zadatak/pnrs-2023/de1-soc-audio/sw/nios/app_1/de1_soc_audio_processing_bsp\libhal_bsp.a(alt_main.o)
 .debug_abbrev  0x00000000000007bf      0x2a8 C:/Users/Medion/Desktop/4.godina/8.semestar/PNRS/Grupni_zadatak/pnrs-2023/de1-soc-audio/sw/nios/app_1/de1_soc_audio_processing_bsp\libhal_bsp.a(alt_sys_init.o)
 .debug_abbrev  0x0000000000000a67      0x3f4 C:/Users/Medion/Desktop/4.godina/8.semestar/PNRS/Grupni_zadatak/pnrs-2023/de1-soc-audio/sw/nios/app_1/de1_soc_audio_processing_bsp\libhal_bsp.a(altera_avalon_mailbox_simple.o)
 .debug_abbrev  0x0000000000000e5b      0x2ca C:/Users/Medion/Desktop/4.godina/8.semestar/PNRS/Grupni_zadatak/pnrs-2023/de1-soc-audio/sw/nios/app_1/de1_soc_audio_processing_bsp\libhal_bsp.a(altera_avalon_timer_sc.o)
 .debug_abbrev  0x0000000000001125      0x2b0 C:/Users/Medion/Desktop/4.godina/8.semestar/PNRS/Grupni_zadatak/pnrs-2023/de1-soc-audio/sw/nios/app_1/de1_soc_audio_processing_bsp\libhal_bsp.a(altera_up_avalon_audio.o)
 .debug_abbrev  0x00000000000013d5      0x23f C:/Users/Medion/Desktop/4.godina/8.semestar/PNRS/Grupni_zadatak/pnrs-2023/de1-soc-audio/sw/nios/app_1/de1_soc_audio_processing_bsp\libhal_bsp.a(alt_close.o)
 .debug_abbrev  0x0000000000001614      0x1e0 C:/Users/Medion/Desktop/4.godina/8.semestar/PNRS/Grupni_zadatak/pnrs-2023/de1-soc-audio/sw/nios/app_1/de1_soc_audio_processing_bsp\libhal_bsp.a(alt_dcache_flush_all.o)
 .debug_abbrev  0x00000000000017f4      0x212 C:/Users/Medion/Desktop/4.godina/8.semestar/PNRS/Grupni_zadatak/pnrs-2023/de1-soc-audio/sw/nios/app_1/de1_soc_audio_processing_bsp\libhal_bsp.a(alt_dev.o)
 .debug_abbrev  0x0000000000001a06      0x268 C:/Users/Medion/Desktop/4.godina/8.semestar/PNRS/Grupni_zadatak/pnrs-2023/de1-soc-audio/sw/nios/app_1/de1_soc_audio_processing_bsp\libhal_bsp.a(alt_dev_llist_insert.o)
 .debug_abbrev  0x0000000000001c6e       0x81 C:/Users/Medion/Desktop/4.godina/8.semestar/PNRS/Grupni_zadatak/pnrs-2023/de1-soc-audio/sw/nios/app_1/de1_soc_audio_processing_bsp\libhal_bsp.a(alt_do_ctors.o)
 .debug_abbrev  0x0000000000001cef       0x81 C:/Users/Medion/Desktop/4.godina/8.semestar/PNRS/Grupni_zadatak/pnrs-2023/de1-soc-audio/sw/nios/app_1/de1_soc_audio_processing_bsp\libhal_bsp.a(alt_do_dtors.o)
 .debug_abbrev  0x0000000000001d70      0x1df C:/Users/Medion/Desktop/4.godina/8.semestar/PNRS/Grupni_zadatak/pnrs-2023/de1-soc-audio/sw/nios/app_1/de1_soc_audio_processing_bsp\libhal_bsp.a(alt_errno.o)
 .debug_abbrev  0x0000000000001f4f      0x21a C:/Users/Medion/Desktop/4.godina/8.semestar/PNRS/Grupni_zadatak/pnrs-2023/de1-soc-audio/sw/nios/app_1/de1_soc_audio_processing_bsp\libhal_bsp.a(alt_find_dev.o)
 .debug_abbrev  0x0000000000002169      0x1e0 C:/Users/Medion/Desktop/4.godina/8.semestar/PNRS/Grupni_zadatak/pnrs-2023/de1-soc-audio/sw/nios/app_1/de1_soc_audio_processing_bsp\libhal_bsp.a(alt_icache_flush_all.o)
 .debug_abbrev  0x0000000000002349      0x2db C:/Users/Medion/Desktop/4.godina/8.semestar/PNRS/Grupni_zadatak/pnrs-2023/de1-soc-audio/sw/nios/app_1/de1_soc_audio_processing_bsp\libhal_bsp.a(alt_irq_register.o)
 .debug_abbrev  0x0000000000002624       0x44 C:/Users/Medion/Desktop/4.godina/8.semestar/PNRS/Grupni_zadatak/pnrs-2023/de1-soc-audio/sw/nios/app_1/de1_soc_audio_processing_bsp\libhal_bsp.a(alt_irq_vars.o)
 .debug_abbrev  0x0000000000002668       0xea C:/Users/Medion/Desktop/4.godina/8.semestar/PNRS/Grupni_zadatak/pnrs-2023/de1-soc-audio/sw/nios/app_1/de1_soc_audio_processing_bsp\libhal_bsp.a(alt_release_fd.o)
 .debug_abbrev  0x0000000000002752      0x2b5 C:/Users/Medion/Desktop/4.godina/8.semestar/PNRS/Grupni_zadatak/pnrs-2023/de1-soc-audio/sw/nios/app_1/de1_soc_audio_processing_bsp\libhal_bsp.a(alt_tick.o)
 .debug_abbrev  0x0000000000002a07      0x1e5 C:/Users/Medion/Desktop/4.godina/8.semestar/PNRS/Grupni_zadatak/pnrs-2023/de1-soc-audio/sw/nios/app_1/de1_soc_audio_processing_bsp\libhal_bsp.a(altera_nios2_gen2_irq.o)
 .debug_abbrev  0x0000000000002bec       0x12 C:/Users/Medion/Desktop/4.godina/8.semestar/PNRS/Grupni_zadatak/pnrs-2023/de1-soc-audio/sw/nios/app_1/de1_soc_audio_processing_bsp\libhal_bsp.a(alt_irq_entry.o)
 .debug_abbrev  0x0000000000002bfe      0x26b C:/Users/Medion/Desktop/4.godina/8.semestar/PNRS/Grupni_zadatak/pnrs-2023/de1-soc-audio/sw/nios/app_1/de1_soc_audio_processing_bsp\libhal_bsp.a(alt_irq_handler.o)
 .debug_abbrev  0x0000000000002e69       0x12 C:/Users/Medion/Desktop/4.godina/8.semestar/PNRS/Grupni_zadatak/pnrs-2023/de1-soc-audio/sw/nios/app_1/de1_soc_audio_processing_bsp\libhal_bsp.a(alt_exception_entry.o)
 .debug_abbrev  0x0000000000002e7b       0xea C:/Users/Medion/Desktop/4.godina/8.semestar/PNRS/Grupni_zadatak/pnrs-2023/de1-soc-audio/sw/nios/app_1/de1_soc_audio_processing_bsp\libhal_bsp.a(alt_instruction_exception_entry.o)
 .debug_abbrev  0x0000000000002f65      0x243 c:/intelfpga_lite/20.1/nios2eds/bin/gnu/h-x86_64-mingw32/bin/../lib/gcc/nios2-elf/9.2.1/../../../../../H-x86_64-mingw32/nios2-elf/lib/mno-hw-mul\libc.a(lib_a-atexit.o)
 .debug_abbrev  0x00000000000031a8      0x230 c:/intelfpga_lite/20.1/nios2eds/bin/gnu/h-x86_64-mingw32/bin/../lib/gcc/nios2-elf/9.2.1/../../../../../H-x86_64-mingw32/nios2-elf/lib/mno-hw-mul\libc.a(lib_a-exit.o)
 .debug_abbrev  0x00000000000033d8      0x1c9 c:/intelfpga_lite/20.1/nios2eds/bin/gnu/h-x86_64-mingw32/bin/../lib/gcc/nios2-elf/9.2.1/../../../../../H-x86_64-mingw32/nios2-elf/lib/mno-hw-mul\libc.a(lib_a-impure.o)
 .debug_abbrev  0x00000000000035a1      0x1d5 c:/intelfpga_lite/20.1/nios2eds/bin/gnu/h-x86_64-mingw32/bin/../lib/gcc/nios2-elf/9.2.1/../../../../../H-x86_64-mingw32/nios2-elf/lib/mno-hw-mul\libc.a(lib_a-int_errno.o)
 .debug_abbrev  0x0000000000003776      0x1fe c:/intelfpga_lite/20.1/nios2eds/bin/gnu/h-x86_64-mingw32/bin/../lib/gcc/nios2-elf/9.2.1/../../../../../H-x86_64-mingw32/nios2-elf/lib/mno-hw-mul\libc.a(lib_a-memcmp.o)
 .debug_abbrev  0x0000000000003974      0x1f9 c:/intelfpga_lite/20.1/nios2eds/bin/gnu/h-x86_64-mingw32/bin/../lib/gcc/nios2-elf/9.2.1/../../../../../H-x86_64-mingw32/nios2-elf/lib/mno-hw-mul\libc.a(lib_a-strlen.o)
 .debug_abbrev  0x0000000000003b6d      0x263 c:/intelfpga_lite/20.1/nios2eds/bin/gnu/h-x86_64-mingw32/bin/../lib/gcc/nios2-elf/9.2.1/../../../../../H-x86_64-mingw32/nios2-elf/lib/mno-hw-mul\libc.a(lib_a-__atexit.o)
 .debug_abbrev  0x0000000000003dd0      0x26c c:/intelfpga_lite/20.1/nios2eds/bin/gnu/h-x86_64-mingw32/bin/../lib/gcc/nios2-elf/9.2.1/../../../../../H-x86_64-mingw32/nios2-elf/lib/mno-hw-mul\libc.a(lib_a-__call_atexit.o)
 .debug_abbrev  0x000000000000403c      0x24d C:/Users/Medion/Desktop/4.godina/8.semestar/PNRS/Grupni_zadatak/pnrs-2023/de1-soc-audio/sw/nios/app_1/de1_soc_audio_processing_bsp\libhal_bsp.a(alt_exit.o)

.debug_line     0x0000000000000000     0x444f
 *(.debug_line)
 .debug_line    0x0000000000000000       0x66 C:/Users/Medion/Desktop/4.godina/8.semestar/PNRS/Grupni_zadatak/pnrs-2023/de1-soc-audio/sw/nios/app_1/de1_soc_audio_processing_bsp/obj/HAL/src/crt0.o
 .debug_line    0x0000000000000066      0x429 obj/default/de1_soc_audio_processing.o
 .debug_line    0x000000000000048f      0x2f9 c:/intelfpga_lite/20.1/nios2eds/bin/gnu/h-x86_64-mingw32/bin/../lib/gcc/nios2-elf/9.2.1/mno-hw-mul\libgcc.a(lib2-divmod.o)
 .debug_line    0x0000000000000788      0x1d2 C:/Users/Medion/Desktop/4.godina/8.semestar/PNRS/Grupni_zadatak/pnrs-2023/de1-soc-audio/sw/nios/app_1/de1_soc_audio_processing_bsp\libhal_bsp.a(alt_load.o)
 .debug_line    0x000000000000095a      0x2b4 C:/Users/Medion/Desktop/4.godina/8.semestar/PNRS/Grupni_zadatak/pnrs-2023/de1-soc-audio/sw/nios/app_1/de1_soc_audio_processing_bsp\libhal_bsp.a(alt_main.o)
 .debug_line    0x0000000000000c0e      0x263 C:/Users/Medion/Desktop/4.godina/8.semestar/PNRS/Grupni_zadatak/pnrs-2023/de1-soc-audio/sw/nios/app_1/de1_soc_audio_processing_bsp\libhal_bsp.a(alt_sys_init.o)
 .debug_line    0x0000000000000e71      0x4ed C:/Users/Medion/Desktop/4.godina/8.semestar/PNRS/Grupni_zadatak/pnrs-2023/de1-soc-audio/sw/nios/app_1/de1_soc_audio_processing_bsp\libhal_bsp.a(altera_avalon_mailbox_simple.o)
 .debug_line    0x000000000000135e      0x215 C:/Users/Medion/Desktop/4.godina/8.semestar/PNRS/Grupni_zadatak/pnrs-2023/de1-soc-audio/sw/nios/app_1/de1_soc_audio_processing_bsp\libhal_bsp.a(altera_avalon_timer_sc.o)
 .debug_line    0x0000000000001573      0x3bb C:/Users/Medion/Desktop/4.godina/8.semestar/PNRS/Grupni_zadatak/pnrs-2023/de1-soc-audio/sw/nios/app_1/de1_soc_audio_processing_bsp\libhal_bsp.a(altera_up_avalon_audio.o)
 .debug_line    0x000000000000192e      0x23e C:/Users/Medion/Desktop/4.godina/8.semestar/PNRS/Grupni_zadatak/pnrs-2023/de1-soc-audio/sw/nios/app_1/de1_soc_audio_processing_bsp\libhal_bsp.a(alt_close.o)
 .debug_line    0x0000000000001b6c      0x17f C:/Users/Medion/Desktop/4.godina/8.semestar/PNRS/Grupni_zadatak/pnrs-2023/de1-soc-audio/sw/nios/app_1/de1_soc_audio_processing_bsp\libhal_bsp.a(alt_dcache_flush_all.o)
 .debug_line    0x0000000000001ceb      0x285 C:/Users/Medion/Desktop/4.godina/8.semestar/PNRS/Grupni_zadatak/pnrs-2023/de1-soc-audio/sw/nios/app_1/de1_soc_audio_processing_bsp\libhal_bsp.a(alt_dev.o)
 .debug_line    0x0000000000001f70      0x1e6 C:/Users/Medion/Desktop/4.godina/8.semestar/PNRS/Grupni_zadatak/pnrs-2023/de1-soc-audio/sw/nios/app_1/de1_soc_audio_processing_bsp\libhal_bsp.a(alt_dev_llist_insert.o)
 .debug_line    0x0000000000002156       0x66 C:/Users/Medion/Desktop/4.godina/8.semestar/PNRS/Grupni_zadatak/pnrs-2023/de1-soc-audio/sw/nios/app_1/de1_soc_audio_processing_bsp\libhal_bsp.a(alt_do_ctors.o)
 .debug_line    0x00000000000021bc       0x66 C:/Users/Medion/Desktop/4.godina/8.semestar/PNRS/Grupni_zadatak/pnrs-2023/de1-soc-audio/sw/nios/app_1/de1_soc_audio_processing_bsp\libhal_bsp.a(alt_do_dtors.o)
 .debug_line    0x0000000000002222      0x131 C:/Users/Medion/Desktop/4.godina/8.semestar/PNRS/Grupni_zadatak/pnrs-2023/de1-soc-audio/sw/nios/app_1/de1_soc_audio_processing_bsp\libhal_bsp.a(alt_errno.o)
 .debug_line    0x0000000000002353      0x1aa C:/Users/Medion/Desktop/4.godina/8.semestar/PNRS/Grupni_zadatak/pnrs-2023/de1-soc-audio/sw/nios/app_1/de1_soc_audio_processing_bsp\libhal_bsp.a(alt_find_dev.o)
 .debug_line    0x00000000000024fd      0x17d C:/Users/Medion/Desktop/4.godina/8.semestar/PNRS/Grupni_zadatak/pnrs-2023/de1-soc-audio/sw/nios/app_1/de1_soc_audio_processing_bsp\libhal_bsp.a(alt_icache_flush_all.o)
 .debug_line    0x000000000000267a      0x28d C:/Users/Medion/Desktop/4.godina/8.semestar/PNRS/Grupni_zadatak/pnrs-2023/de1-soc-audio/sw/nios/app_1/de1_soc_audio_processing_bsp\libhal_bsp.a(alt_irq_register.o)
 .debug_line    0x0000000000002907       0x50 C:/Users/Medion/Desktop/4.godina/8.semestar/PNRS/Grupni_zadatak/pnrs-2023/de1-soc-audio/sw/nios/app_1/de1_soc_audio_processing_bsp\libhal_bsp.a(alt_irq_vars.o)
 .debug_line    0x0000000000002957       0xb6 C:/Users/Medion/Desktop/4.godina/8.semestar/PNRS/Grupni_zadatak/pnrs-2023/de1-soc-audio/sw/nios/app_1/de1_soc_audio_processing_bsp\libhal_bsp.a(alt_release_fd.o)
 .debug_line    0x0000000000002a0d      0x240 C:/Users/Medion/Desktop/4.godina/8.semestar/PNRS/Grupni_zadatak/pnrs-2023/de1-soc-audio/sw/nios/app_1/de1_soc_audio_processing_bsp\libhal_bsp.a(alt_tick.o)
 .debug_line    0x0000000000002c4d      0x137 C:/Users/Medion/Desktop/4.godina/8.semestar/PNRS/Grupni_zadatak/pnrs-2023/de1-soc-audio/sw/nios/app_1/de1_soc_audio_processing_bsp\libhal_bsp.a(altera_nios2_gen2_irq.o)
 .debug_line    0x0000000000002d84       0x6b C:/Users/Medion/Desktop/4.godina/8.semestar/PNRS/Grupni_zadatak/pnrs-2023/de1-soc-audio/sw/nios/app_1/de1_soc_audio_processing_bsp\libhal_bsp.a(alt_irq_entry.o)
 .debug_line    0x0000000000002def      0x1b4 C:/Users/Medion/Desktop/4.godina/8.semestar/PNRS/Grupni_zadatak/pnrs-2023/de1-soc-audio/sw/nios/app_1/de1_soc_audio_processing_bsp\libhal_bsp.a(alt_irq_handler.o)
 .debug_line    0x0000000000002fa3       0xb3 C:/Users/Medion/Desktop/4.godina/8.semestar/PNRS/Grupni_zadatak/pnrs-2023/de1-soc-audio/sw/nios/app_1/de1_soc_audio_processing_bsp\libhal_bsp.a(alt_exception_entry.o)
 .debug_line    0x0000000000003056       0xd3 C:/Users/Medion/Desktop/4.godina/8.semestar/PNRS/Grupni_zadatak/pnrs-2023/de1-soc-audio/sw/nios/app_1/de1_soc_audio_processing_bsp\libhal_bsp.a(alt_instruction_exception_entry.o)
 .debug_line    0x0000000000003129      0x201 c:/intelfpga_lite/20.1/nios2eds/bin/gnu/h-x86_64-mingw32/bin/../lib/gcc/nios2-elf/9.2.1/../../../../../H-x86_64-mingw32/nios2-elf/lib/mno-hw-mul\libc.a(lib_a-atexit.o)
 .debug_line    0x000000000000332a      0x229 c:/intelfpga_lite/20.1/nios2eds/bin/gnu/h-x86_64-mingw32/bin/../lib/gcc/nios2-elf/9.2.1/../../../../../H-x86_64-mingw32/nios2-elf/lib/mno-hw-mul\libc.a(lib_a-exit.o)
 .debug_line    0x0000000000003553      0x166 c:/intelfpga_lite/20.1/nios2eds/bin/gnu/h-x86_64-mingw32/bin/../lib/gcc/nios2-elf/9.2.1/../../../../../H-x86_64-mingw32/nios2-elf/lib/mno-hw-mul\libc.a(lib_a-impure.o)
 .debug_line    0x00000000000036b9      0x1d8 c:/intelfpga_lite/20.1/nios2eds/bin/gnu/h-x86_64-mingw32/bin/../lib/gcc/nios2-elf/9.2.1/../../../../../H-x86_64-mingw32/nios2-elf/lib/mno-hw-mul\libc.a(lib_a-int_errno.o)
 .debug_line    0x0000000000003891      0x26d c:/intelfpga_lite/20.1/nios2eds/bin/gnu/h-x86_64-mingw32/bin/../lib/gcc/nios2-elf/9.2.1/../../../../../H-x86_64-mingw32/nios2-elf/lib/mno-hw-mul\libc.a(lib_a-memcmp.o)
 .debug_line    0x0000000000003afe      0x262 c:/intelfpga_lite/20.1/nios2eds/bin/gnu/h-x86_64-mingw32/bin/../lib/gcc/nios2-elf/9.2.1/../../../../../H-x86_64-mingw32/nios2-elf/lib/mno-hw-mul\libc.a(lib_a-strlen.o)
 .debug_line    0x0000000000003d60      0x289 c:/intelfpga_lite/20.1/nios2eds/bin/gnu/h-x86_64-mingw32/bin/../lib/gcc/nios2-elf/9.2.1/../../../../../H-x86_64-mingw32/nios2-elf/lib/mno-hw-mul\libc.a(lib_a-__atexit.o)
 .debug_line    0x0000000000003fe9      0x301 c:/intelfpga_lite/20.1/nios2eds/bin/gnu/h-x86_64-mingw32/bin/../lib/gcc/nios2-elf/9.2.1/../../../../../H-x86_64-mingw32/nios2-elf/lib/mno-hw-mul\libc.a(lib_a-__call_atexit.o)
 .debug_line    0x00000000000042ea      0x165 C:/Users/Medion/Desktop/4.godina/8.semestar/PNRS/Grupni_zadatak/pnrs-2023/de1-soc-audio/sw/nios/app_1/de1_soc_audio_processing_bsp\libhal_bsp.a(alt_exit.o)

.debug_frame    0x0000000000000000      0xb0c
 *(.debug_frame)
 .debug_frame   0x0000000000000000       0x54 obj/default/de1_soc_audio_processing.o
 .debug_frame   0x0000000000000054       0x50 c:/intelfpga_lite/20.1/nios2eds/bin/gnu/h-x86_64-mingw32/bin/../lib/gcc/nios2-elf/9.2.1/mno-hw-mul\libgcc.a(lib2-divmod.o)
 .debug_frame   0x00000000000000a4       0x5c C:/Users/Medion/Desktop/4.godina/8.semestar/PNRS/Grupni_zadatak/pnrs-2023/de1-soc-audio/sw/nios/app_1/de1_soc_audio_processing_bsp\libhal_bsp.a(alt_load.o)
 .debug_frame   0x0000000000000100       0x2c C:/Users/Medion/Desktop/4.godina/8.semestar/PNRS/Grupni_zadatak/pnrs-2023/de1-soc-audio/sw/nios/app_1/de1_soc_audio_processing_bsp\libhal_bsp.a(alt_main.o)
 .debug_frame   0x000000000000012c       0x88 C:/Users/Medion/Desktop/4.godina/8.semestar/PNRS/Grupni_zadatak/pnrs-2023/de1-soc-audio/sw/nios/app_1/de1_soc_audio_processing_bsp\libhal_bsp.a(alt_sys_init.o)
 .debug_frame   0x00000000000001b4      0x194 C:/Users/Medion/Desktop/4.godina/8.semestar/PNRS/Grupni_zadatak/pnrs-2023/de1-soc-audio/sw/nios/app_1/de1_soc_audio_processing_bsp\libhal_bsp.a(altera_avalon_mailbox_simple.o)
 .debug_frame   0x0000000000000348       0x60 C:/Users/Medion/Desktop/4.godina/8.semestar/PNRS/Grupni_zadatak/pnrs-2023/de1-soc-audio/sw/nios/app_1/de1_soc_audio_processing_bsp\libhal_bsp.a(altera_avalon_timer_sc.o)
 .debug_frame   0x00000000000003a8      0x2ac C:/Users/Medion/Desktop/4.godina/8.semestar/PNRS/Grupni_zadatak/pnrs-2023/de1-soc-audio/sw/nios/app_1/de1_soc_audio_processing_bsp\libhal_bsp.a(altera_up_avalon_audio.o)
 .debug_frame   0x0000000000000654       0x60 C:/Users/Medion/Desktop/4.godina/8.semestar/PNRS/Grupni_zadatak/pnrs-2023/de1-soc-audio/sw/nios/app_1/de1_soc_audio_processing_bsp\libhal_bsp.a(alt_close.o)
 .debug_frame   0x00000000000006b4       0x34 C:/Users/Medion/Desktop/4.godina/8.semestar/PNRS/Grupni_zadatak/pnrs-2023/de1-soc-audio/sw/nios/app_1/de1_soc_audio_processing_bsp\libhal_bsp.a(alt_dcache_flush_all.o)
 .debug_frame   0x00000000000006e8       0x34 C:/Users/Medion/Desktop/4.godina/8.semestar/PNRS/Grupni_zadatak/pnrs-2023/de1-soc-audio/sw/nios/app_1/de1_soc_audio_processing_bsp\libhal_bsp.a(alt_dev.o)
 .debug_frame   0x000000000000071c       0x60 C:/Users/Medion/Desktop/4.godina/8.semestar/PNRS/Grupni_zadatak/pnrs-2023/de1-soc-audio/sw/nios/app_1/de1_soc_audio_processing_bsp\libhal_bsp.a(alt_dev_llist_insert.o)
 .debug_frame   0x000000000000077c       0x38 C:/Users/Medion/Desktop/4.godina/8.semestar/PNRS/Grupni_zadatak/pnrs-2023/de1-soc-audio/sw/nios/app_1/de1_soc_audio_processing_bsp\libhal_bsp.a(alt_do_ctors.o)
 .debug_frame   0x00000000000007b4       0x38 C:/Users/Medion/Desktop/4.godina/8.semestar/PNRS/Grupni_zadatak/pnrs-2023/de1-soc-audio/sw/nios/app_1/de1_soc_audio_processing_bsp\libhal_bsp.a(alt_do_dtors.o)
 .debug_frame   0x00000000000007ec       0x38 C:/Users/Medion/Desktop/4.godina/8.semestar/PNRS/Grupni_zadatak/pnrs-2023/de1-soc-audio/sw/nios/app_1/de1_soc_audio_processing_bsp\libhal_bsp.a(alt_find_dev.o)
 .debug_frame   0x0000000000000824       0x34 C:/Users/Medion/Desktop/4.godina/8.semestar/PNRS/Grupni_zadatak/pnrs-2023/de1-soc-audio/sw/nios/app_1/de1_soc_audio_processing_bsp\libhal_bsp.a(alt_icache_flush_all.o)
 .debug_frame   0x0000000000000858       0x34 C:/Users/Medion/Desktop/4.godina/8.semestar/PNRS/Grupni_zadatak/pnrs-2023/de1-soc-audio/sw/nios/app_1/de1_soc_audio_processing_bsp\libhal_bsp.a(alt_irq_register.o)
 .debug_frame   0x000000000000088c       0x34 C:/Users/Medion/Desktop/4.godina/8.semestar/PNRS/Grupni_zadatak/pnrs-2023/de1-soc-audio/sw/nios/app_1/de1_soc_audio_processing_bsp\libhal_bsp.a(alt_release_fd.o)
 .debug_frame   0x00000000000008c0       0x5c C:/Users/Medion/Desktop/4.godina/8.semestar/PNRS/Grupni_zadatak/pnrs-2023/de1-soc-audio/sw/nios/app_1/de1_soc_audio_processing_bsp\libhal_bsp.a(alt_tick.o)
 .debug_frame   0x000000000000091c       0x34 C:/Users/Medion/Desktop/4.godina/8.semestar/PNRS/Grupni_zadatak/pnrs-2023/de1-soc-audio/sw/nios/app_1/de1_soc_audio_processing_bsp\libhal_bsp.a(altera_nios2_gen2_irq.o)
 .debug_frame   0x0000000000000950       0x38 C:/Users/Medion/Desktop/4.godina/8.semestar/PNRS/Grupni_zadatak/pnrs-2023/de1-soc-audio/sw/nios/app_1/de1_soc_audio_processing_bsp\libhal_bsp.a(alt_irq_handler.o)
 .debug_frame   0x0000000000000988       0x5c C:/Users/Medion/Desktop/4.godina/8.semestar/PNRS/Grupni_zadatak/pnrs-2023/de1-soc-audio/sw/nios/app_1/de1_soc_audio_processing_bsp\libhal_bsp.a(alt_instruction_exception_entry.o)
 .debug_frame   0x00000000000009e4       0x20 c:/intelfpga_lite/20.1/nios2eds/bin/gnu/h-x86_64-mingw32/bin/../lib/gcc/nios2-elf/9.2.1/../../../../../H-x86_64-mingw32/nios2-elf/lib/mno-hw-mul\libc.a(lib_a-atexit.o)
 .debug_frame   0x0000000000000a04       0x28 c:/intelfpga_lite/20.1/nios2eds/bin/gnu/h-x86_64-mingw32/bin/../lib/gcc/nios2-elf/9.2.1/../../../../../H-x86_64-mingw32/nios2-elf/lib/mno-hw-mul\libc.a(lib_a-exit.o)
 .debug_frame   0x0000000000000a2c       0x20 c:/intelfpga_lite/20.1/nios2eds/bin/gnu/h-x86_64-mingw32/bin/../lib/gcc/nios2-elf/9.2.1/../../../../../H-x86_64-mingw32/nios2-elf/lib/mno-hw-mul\libc.a(lib_a-memcmp.o)
 .debug_frame   0x0000000000000a4c       0x20 c:/intelfpga_lite/20.1/nios2eds/bin/gnu/h-x86_64-mingw32/bin/../lib/gcc/nios2-elf/9.2.1/../../../../../H-x86_64-mingw32/nios2-elf/lib/mno-hw-mul\libc.a(lib_a-strlen.o)
 .debug_frame   0x0000000000000a6c       0x20 c:/intelfpga_lite/20.1/nios2eds/bin/gnu/h-x86_64-mingw32/bin/../lib/gcc/nios2-elf/9.2.1/../../../../../H-x86_64-mingw32/nios2-elf/lib/mno-hw-mul\libc.a(lib_a-__atexit.o)
 .debug_frame   0x0000000000000a8c       0x54 c:/intelfpga_lite/20.1/nios2eds/bin/gnu/h-x86_64-mingw32/bin/../lib/gcc/nios2-elf/9.2.1/../../../../../H-x86_64-mingw32/nios2-elf/lib/mno-hw-mul\libc.a(lib_a-__call_atexit.o)
 .debug_frame   0x0000000000000ae0       0x2c C:/Users/Medion/Desktop/4.godina/8.semestar/PNRS/Grupni_zadatak/pnrs-2023/de1-soc-audio/sw/nios/app_1/de1_soc_audio_processing_bsp\libhal_bsp.a(alt_exit.o)

.debug_str      0x0000000000000000     0x1efc
 *(.debug_str)
 .debug_str     0x0000000000000000       0xa1 C:/Users/Medion/Desktop/4.godina/8.semestar/PNRS/Grupni_zadatak/pnrs-2023/de1-soc-audio/sw/nios/app_1/de1_soc_audio_processing_bsp/obj/HAL/src/crt0.o
 .debug_str     0x00000000000000a1      0x662 obj/default/de1_soc_audio_processing.o
                                        0x75c (size before relaxing)
 .debug_str     0x0000000000000703      0x193 c:/intelfpga_lite/20.1/nios2eds/bin/gnu/h-x86_64-mingw32/bin/../lib/gcc/nios2-elf/9.2.1/mno-hw-mul\libgcc.a(lib2-divmod.o)
                                        0x1de (size before relaxing)
 .debug_str     0x0000000000000896       0xf3 C:/Users/Medion/Desktop/4.godina/8.semestar/PNRS/Grupni_zadatak/pnrs-2023/de1-soc-audio/sw/nios/app_1/de1_soc_audio_processing_bsp\libhal_bsp.a(alt_load.o)
                                        0x644 (size before relaxing)
 .debug_str     0x0000000000000989      0x186 C:/Users/Medion/Desktop/4.godina/8.semestar/PNRS/Grupni_zadatak/pnrs-2023/de1-soc-audio/sw/nios/app_1/de1_soc_audio_processing_bsp\libhal_bsp.a(alt_main.o)
                                        0x808 (size before relaxing)
 .debug_str     0x0000000000000b0f      0x18e C:/Users/Medion/Desktop/4.godina/8.semestar/PNRS/Grupni_zadatak/pnrs-2023/de1-soc-audio/sw/nios/app_1/de1_soc_audio_processing_bsp\libhal_bsp.a(alt_sys_init.o)
                                        0x8a2 (size before relaxing)
 .debug_str     0x0000000000000c9d      0x239 C:/Users/Medion/Desktop/4.godina/8.semestar/PNRS/Grupni_zadatak/pnrs-2023/de1-soc-audio/sw/nios/app_1/de1_soc_audio_processing_bsp\libhal_bsp.a(altera_avalon_mailbox_simple.o)
                                        0x950 (size before relaxing)
 .debug_str     0x0000000000000ed6       0xa2 C:/Users/Medion/Desktop/4.godina/8.semestar/PNRS/Grupni_zadatak/pnrs-2023/de1-soc-audio/sw/nios/app_1/de1_soc_audio_processing_bsp\libhal_bsp.a(altera_avalon_timer_sc.o)
                                        0x6c4 (size before relaxing)
 .debug_str     0x0000000000000f78      0x24d C:/Users/Medion/Desktop/4.godina/8.semestar/PNRS/Grupni_zadatak/pnrs-2023/de1-soc-audio/sw/nios/app_1/de1_soc_audio_processing_bsp\libhal_bsp.a(altera_up_avalon_audio.o)
                                        0x8a6 (size before relaxing)
 .debug_str     0x00000000000011c5       0x2e C:/Users/Medion/Desktop/4.godina/8.semestar/PNRS/Grupni_zadatak/pnrs-2023/de1-soc-audio/sw/nios/app_1/de1_soc_audio_processing_bsp\libhal_bsp.a(alt_close.o)
                                        0x695 (size before relaxing)
 .debug_str     0x00000000000011f3       0x34 C:/Users/Medion/Desktop/4.godina/8.semestar/PNRS/Grupni_zadatak/pnrs-2023/de1-soc-audio/sw/nios/app_1/de1_soc_audio_processing_bsp\libhal_bsp.a(alt_dcache_flush_all.o)
                                        0x587 (size before relaxing)
 .debug_str     0x0000000000001227       0x32 C:/Users/Medion/Desktop/4.godina/8.semestar/PNRS/Grupni_zadatak/pnrs-2023/de1-soc-audio/sw/nios/app_1/de1_soc_audio_processing_bsp\libhal_bsp.a(alt_dev.o)
                                        0x7e5 (size before relaxing)
 .debug_str     0x0000000000001259       0x45 C:/Users/Medion/Desktop/4.godina/8.semestar/PNRS/Grupni_zadatak/pnrs-2023/de1-soc-audio/sw/nios/app_1/de1_soc_audio_processing_bsp\libhal_bsp.a(alt_dev_llist_insert.o)
                                        0x60b (size before relaxing)
 .debug_str     0x000000000000129e       0x48 C:/Users/Medion/Desktop/4.godina/8.semestar/PNRS/Grupni_zadatak/pnrs-2023/de1-soc-audio/sw/nios/app_1/de1_soc_audio_processing_bsp\libhal_bsp.a(alt_do_ctors.o)
                                        0x122 (size before relaxing)
 .debug_str     0x00000000000012e6       0x4c C:/Users/Medion/Desktop/4.godina/8.semestar/PNRS/Grupni_zadatak/pnrs-2023/de1-soc-audio/sw/nios/app_1/de1_soc_audio_processing_bsp\libhal_bsp.a(alt_do_dtors.o)
                                        0x121 (size before relaxing)
 .debug_str     0x0000000000001332       0x14 C:/Users/Medion/Desktop/4.godina/8.semestar/PNRS/Grupni_zadatak/pnrs-2023/de1-soc-audio/sw/nios/app_1/de1_soc_audio_processing_bsp\libhal_bsp.a(alt_errno.o)
                                        0x584 (size before relaxing)
 .debug_str     0x0000000000001346       0x24 C:/Users/Medion/Desktop/4.godina/8.semestar/PNRS/Grupni_zadatak/pnrs-2023/de1-soc-audio/sw/nios/app_1/de1_soc_audio_processing_bsp\libhal_bsp.a(alt_find_dev.o)
                                        0x637 (size before relaxing)
 .debug_str     0x000000000000136a       0x34 C:/Users/Medion/Desktop/4.godina/8.semestar/PNRS/Grupni_zadatak/pnrs-2023/de1-soc-audio/sw/nios/app_1/de1_soc_audio_processing_bsp\libhal_bsp.a(alt_icache_flush_all.o)
                                        0x587 (size before relaxing)
 .debug_str     0x000000000000139e       0x7f C:/Users/Medion/Desktop/4.godina/8.semestar/PNRS/Grupni_zadatak/pnrs-2023/de1-soc-audio/sw/nios/app_1/de1_soc_audio_processing_bsp\libhal_bsp.a(alt_irq_register.o)
                                        0x635 (size before relaxing)