Archive member included to satisfy reference by file (symbol)

d:/Fax/projektovanje_namjenskih_racunarski_struktura/pnrs-2023/de1-soc-demo/sw/nios/cig_app_0/de1_soc_nios_cigarette_0_bsp/\libhal_bsp.a(alt_load.o)
                              d:/Fax/projektovanje_namjenskih_racunarski_struktura/pnrs-2023/de1-soc-demo/sw/nios/cig_app_0/de1_soc_nios_cigarette_0_bsp//obj/HAL/src/crt0.o (alt_load)
d:/Fax/projektovanje_namjenskih_racunarski_struktura/pnrs-2023/de1-soc-demo/sw/nios/cig_app_0/de1_soc_nios_cigarette_0_bsp/\libhal_bsp.a(alt_main.o)
                              d:/Fax/projektovanje_namjenskih_racunarski_struktura/pnrs-2023/de1-soc-demo/sw/nios/cig_app_0/de1_soc_nios_cigarette_0_bsp//obj/HAL/src/crt0.o (alt_main)
d:/Fax/projektovanje_namjenskih_racunarski_struktura/pnrs-2023/de1-soc-demo/sw/nios/cig_app_0/de1_soc_nios_cigarette_0_bsp/\libhal_bsp.a(alt_sys_init.o)
                              d:/Fax/projektovanje_namjenskih_racunarski_struktura/pnrs-2023/de1-soc-demo/sw/nios/cig_app_0/de1_soc_nios_cigarette_0_bsp/\libhal_bsp.a(alt_main.o) (alt_irq_init)
d:/Fax/projektovanje_namjenskih_racunarski_struktura/pnrs-2023/de1-soc-demo/sw/nios/cig_app_0/de1_soc_nios_cigarette_0_bsp/\libhal_bsp.a(altera_avalon_jtag_uart_fd.o)
                              d:/Fax/projektovanje_namjenskih_racunarski_struktura/pnrs-2023/de1-soc-demo/sw/nios/cig_app_0/de1_soc_nios_cigarette_0_bsp/\libhal_bsp.a(alt_sys_init.o) (altera_avalon_jtag_uart_read_fd)
d:/Fax/projektovanje_namjenskih_racunarski_struktura/pnrs-2023/de1-soc-demo/sw/nios/cig_app_0/de1_soc_nios_cigarette_0_bsp/\libhal_bsp.a(altera_avalon_jtag_uart_init.o)
                              d:/Fax/projektovanje_namjenskih_racunarski_struktura/pnrs-2023/de1-soc-demo/sw/nios/cig_app_0/de1_soc_nios_cigarette_0_bsp/\libhal_bsp.a(alt_sys_init.o) (altera_avalon_jtag_uart_init)
d:/Fax/projektovanje_namjenskih_racunarski_struktura/pnrs-2023/de1-soc-demo/sw/nios/cig_app_0/de1_soc_nios_cigarette_0_bsp/\libhal_bsp.a(altera_avalon_jtag_uart_ioctl.o)
                              d:/Fax/projektovanje_namjenskih_racunarski_struktura/pnrs-2023/de1-soc-demo/sw/nios/cig_app_0/de1_soc_nios_cigarette_0_bsp/\libhal_bsp.a(altera_avalon_jtag_uart_fd.o) (altera_avalon_jtag_uart_ioctl)
d:/Fax/projektovanje_namjenskih_racunarski_struktura/pnrs-2023/de1-soc-demo/sw/nios/cig_app_0/de1_soc_nios_cigarette_0_bsp/\libhal_bsp.a(altera_avalon_jtag_uart_read.o)
                              d:/Fax/projektovanje_namjenskih_racunarski_struktura/pnrs-2023/de1-soc-demo/sw/nios/cig_app_0/de1_soc_nios_cigarette_0_bsp/\libhal_bsp.a(altera_avalon_jtag_uart_fd.o) (altera_avalon_jtag_uart_read)
d:/Fax/projektovanje_namjenskih_racunarski_struktura/pnrs-2023/de1-soc-demo/sw/nios/cig_app_0/de1_soc_nios_cigarette_0_bsp/\libhal_bsp.a(altera_avalon_jtag_uart_write.o)
                              d:/Fax/projektovanje_namjenskih_racunarski_struktura/pnrs-2023/de1-soc-demo/sw/nios/cig_app_0/de1_soc_nios_cigarette_0_bsp/\libhal_bsp.a(altera_avalon_jtag_uart_fd.o) (altera_avalon_jtag_uart_write)
d:/Fax/projektovanje_namjenskih_racunarski_struktura/pnrs-2023/de1-soc-demo/sw/nios/cig_app_0/de1_soc_nios_cigarette_0_bsp/\libhal_bsp.a(altera_avalon_mailbox_simple.o)
                              d:/Fax/projektovanje_namjenskih_racunarski_struktura/pnrs-2023/de1-soc-demo/sw/nios/cig_app_0/de1_soc_nios_cigarette_0_bsp/\libhal_bsp.a(alt_sys_init.o) (altera_avalon_mailbox_simple_init)
d:/Fax/projektovanje_namjenskih_racunarski_struktura/pnrs-2023/de1-soc-demo/sw/nios/cig_app_0/de1_soc_nios_cigarette_0_bsp/\libhal_bsp.a(altera_avalon_mutex.o)
                              d:/Fax/projektovanje_namjenskih_racunarski_struktura/pnrs-2023/de1-soc-demo/sw/nios/cig_app_0/de1_soc_nios_cigarette_0_bsp/\libhal_bsp.a(alt_sys_init.o) (alt_mutex_list)
d:/Fax/projektovanje_namjenskih_racunarski_struktura/pnrs-2023/de1-soc-demo/sw/nios/cig_app_0/de1_soc_nios_cigarette_0_bsp/\libhal_bsp.a(alt_alarm_start.o)
                              d:/Fax/projektovanje_namjenskih_racunarski_struktura/pnrs-2023/de1-soc-demo/sw/nios/cig_app_0/de1_soc_nios_cigarette_0_bsp/\libhal_bsp.a(altera_avalon_jtag_uart_init.o) (alt_alarm_start)
d:/Fax/projektovanje_namjenskih_racunarski_struktura/pnrs-2023/de1-soc-demo/sw/nios/cig_app_0/de1_soc_nios_cigarette_0_bsp/\libhal_bsp.a(alt_close.o)
                              d:/Fax/projektovanje_namjenskih_racunarski_struktura/pnrs-2023/de1-soc-demo/sw/nios/cig_app_0/de1_soc_nios_cigarette_0_bsp/\libhal_bsp.a(alt_main.o) (close)
d:/Fax/projektovanje_namjenskih_racunarski_struktura/pnrs-2023/de1-soc-demo/sw/nios/cig_app_0/de1_soc_nios_cigarette_0_bsp/\libhal_bsp.a(alt_dcache_flush_all.o)
                              d:/Fax/projektovanje_namjenskih_racunarski_struktura/pnrs-2023/de1-soc-demo/sw/nios/cig_app_0/de1_soc_nios_cigarette_0_bsp/\libhal_bsp.a(alt_load.o) (alt_dcache_flush_all)
[...]
Memory Configuration

Name             Origin             Length             Attributes
reset            0x0000000004000000 0x0000000000000020
sdram_controller_0 0x0000000004000020 0x00000000000fffe0
*default*        0x0000000000000000 0xffffffffffffffff

Linker script and memory map

LOAD d:/Fax/projektovanje_namjenskih_racunarski_struktura/pnrs-2023/de1-soc-demo/sw/nios/cig_app_0/de1_soc_nios_cigarette_0_bsp//obj/HAL/src/crt0.o
LOAD obj/default/paper.o
LOAD c:/intelfpga_lite/20.1/nios2eds/bin/gnu/h-x86_64-mingw32/bin/../lib/gcc/nios2-elf/10.1.1/../../../../../H-x86_64-mingw32/nios2-elf/lib/mno-hw-mul\libstdc++.a
LOAD c:/intelfpga_lite/20.1/nios2eds/bin/gnu/h-x86_64-mingw32/bin/../lib/gcc/nios2-elf/10.1.1/../../../../../H-x86_64-mingw32/nios2-elf/lib/mno-hw-mul\libm.a
LOAD c:/intelfpga_lite/20.1/nios2eds/bin/gnu/h-x86_64-mingw32/bin/../lib/gcc/nios2-elf/10.1.1/mno-hw-mul\libgcc.a
START GROUP
LOAD c:/intelfpga_lite/20.1/nios2eds/bin/gnu/h-x86_64-mingw32/bin/../lib/gcc/nios2-elf/10.1.1/../../../../../H-x86_64-mingw32/nios2-elf/lib/mno-hw-mul\libc.a
LOAD c:/intelfpga_lite/20.1/nios2eds/bin/gnu/h-x86_64-mingw32/bin/../lib/gcc/nios2-elf/10.1.1/mno-hw-mul\libgcc.a
LOAD d:/Fax/projektovanje_namjenskih_racunarski_struktura/pnrs-2023/de1-soc-demo/sw/nios/cig_app_0/de1_soc_nios_cigarette_0_bsp/\libhal_bsp.a
LOAD c:/intelfpga_lite/20.1/nios2eds/bin/gnu/h-x86_64-mingw32/bin/../lib/gcc/nios2-elf/10.1.1/../../../../../H-x86_64-mingw32/nios2-elf/lib/mno-hw-mul\libm.a
END GROUP
LOAD c:/intelfpga_lite/20.1/nios2eds/bin/gnu/h-x86_64-mingw32/bin/../lib/gcc/nios2-elf/10.1.1/mno-hw-mul\libgcc.a
                0x0000000004000000                __alt_mem_sdram_controller_0 = 0x4000000

.entry          0x0000000004000000       0x20
 *(.entry)
 .entry         0x0000000004000000       0x20 d:/Fax/projektovanje_namjenskih_racunarski_struktura/pnrs-2023/de1-soc-demo/sw/nios/cig_app_0/de1_soc_nios_cigarette_0_bsp//obj/HAL/src/crt0.o
                0x0000000004000000                __reset

.exceptions     0x0000000004000020      0x204
                0x0000000004000020                PROVIDE (__ram_exceptions_start = ABSOLUTE (.))
                0x0000000004000020                . = ALIGN (0x20)
 *(.irq)
 *(.exceptions.entry.label)
 .exceptions.entry.label
                0x0000000004000020        0x0 d:/Fax/projektovanje_namjenskih_racunarski_struktura/pnrs-2023/de1-soc-demo/sw/nios/cig_app_0/de1_soc_nios_cigarette_0_bsp/\libhal_bsp.a(alt_irq_entry.o)
                0x0000000004000020                alt_irq_entry
 .exceptions.entry.label
                0x0000000004000020        0x0 d:/Fax/projektovanje_namjenskih_racunarski_struktura/pnrs-2023/de1-soc-demo/sw/nios/cig_app_0/de1_soc_nios_cigarette_0_bsp/\libhal_bsp.a(alt_exception_entry.o)
                0x0000000004000020                alt_exception
 *(.exceptions.entry.user)
 *(.exceptions.entry.ecc_fatal)
 *(.exceptions.entry)
 .exceptions.entry
                0x0000000004000020       0x54 d:/Fax/projektovanje_namjenskih_racunarski_struktura/pnrs-2023/de1-soc-demo/sw/nios/cig_app_0/de1_soc_nios_cigarette_0_bsp/\libhal_bsp.a(alt_exception_entry.o)
 *(.exceptions.irqtest.user)
 *(.exceptions.irqtest)
 .exceptions.irqtest
                0x0000000004000074       0x10 d:/Fax/projektovanje_namjenskih_racunarski_struktura/pnrs-2023/de1-soc-demo/sw/nios/cig_app_0/de1_soc_nios_cigarette_0_bsp/\libhal_bsp.a(alt_irq_entry.o)
 *(.exceptions.irqhandler.user)
 *(.exceptions.irqhandler)
 .exceptions.irqhandler
                0x0000000004000084        0x4 d:/Fax/projektovanje_namjenskih_racunarski_struktura/pnrs-2023/de1-soc-demo/sw/nios/cig_app_0/de1_soc_nios_cigarette_0_bsp/\libhal_bsp.a(alt_irq_entry.o)
 *(.exceptions.irqreturn.user)
 *(.exceptions.irqreturn)
 .exceptions.irqreturn
                0x0000000004000088        0x4 d:/Fax/projektovanje_namjenskih_racunarski_struktura/pnrs-2023/de1-soc-demo/sw/nios/cig_app_0/de1_soc_nios_cigarette_0_bsp/\libhal_bsp.a(alt_irq_entry.o)
 *(.exceptions.notirq.label)
 .exceptions.notirq.label
                0x000000000400008c        0x0 d:/Fax/projektovanje_namjenskih_racunarski_struktura/pnrs-2023/de1-soc-demo/sw/nios/cig_app_0/de1_soc_nios_cigarette_0_bsp/\libhal_bsp.a(alt_irq_entry.o)
 *(.exceptions.notirq.user)
 *(.exceptions.notirq)
 .exceptions.notirq
                0x000000000400008c        0x8 d:/Fax/projektovanje_namjenskih_racunarski_struktura/pnrs-2023/de1-soc-demo/sw/nios/cig_app_0/de1_soc_nios_cigarette_0_bsp/\libhal_bsp.a(alt_exception_entry.o)
 *(.exceptions.soft.user)
 *(.exceptions.soft)
 *(.exceptions.unknown.user)
 *(.exceptions.unknown)
 .exceptions.unknown
                0x0000000004000094       0x14 d:/Fax/projektovanje_namjenskih_racunarski_struktura/pnrs-2023/de1-soc-demo/sw/nios/cig_app_0/de1_soc_nios_cigarette_0_bsp/\libhal_bsp.a(alt_exception_entry.o)
 *(.exceptions.exit.label)
 .exceptions.exit.label
                0x00000000040000a8        0x0 d:/Fax/projektovanje_namjenskih_racunarski_struktura/pnrs-2023/de1-soc-demo/sw/nios/cig_app_0/de1_soc_nios_cigarette_0_bsp/\libhal_bsp.a(alt_irq_entry.o)
 .exceptions.exit.label
                0x00000000040000a8        0x0 d:/Fax/projektovanje_namjenskih_racunarski_struktura/pnrs-2023/de1-soc-demo/sw/nios/cig_app_0/de1_soc_nios_cigarette_0_bsp/\libhal_bsp.a(alt_exception_entry.o)
 *(.exceptions.exit.user)
 *(.exceptions.exit)
 .exceptions.exit
                0x00000000040000a8       0x54 d:/Fax/projektovanje_namjenskih_racunarski_struktura/pnrs-2023/de1-soc-demo/sw/nios/cig_app_0/de1_soc_nios_cigarette_0_bsp/\libhal_bsp.a(alt_exception_entry.o)
 *(.exceptions)
 .exceptions    0x00000000040000fc       0xc8 d:/Fax/projektovanje_namjenskih_racunarski_struktura/pnrs-2023/de1-soc-demo/sw/nios/cig_app_0/de1_soc_nios_cigarette_0_bsp/\libhal_bsp.a(alt_irq_handler.o)
                0x00000000040000fc                alt_irq_handler
 .exceptions    0x00000000040001c4       0x60 d:/Fax/projektovanje_namjenskih_racunarski_struktura/pnrs-2023/de1-soc-demo/sw/nios/cig_app_0/de1_soc_nios_cigarette_0_bsp/\libhal_bsp.a(alt_instruction_exception_entry.o)
                0x00000000040001c4                alt_instruction_exception_entry
                0x0000000004000224                PROVIDE (__ram_exceptions_end = ABSOLUTE (.))
                0x0000000004000020                PROVIDE (__flash_exceptions_start = LOADADDR (.exceptions))

.text           0x0000000004000224     0x2ea0
                [!provide]                        PROVIDE (stext = ABSOLUTE (.))
 *(.interp)
 *(.hash)
 *(.dynsym)
 *(.dynstr)
 *(.gnu.version)
 *(.gnu.version_d)
 *(.gnu.version_r)
 *(.rel.init)
 *(.rela.init)
 *(.rel.text .rel.text.* .rel.gnu.linkonce.t.*)
 *(.rela.text .rela.text.* .rela.gnu.linkonce.t.*)
 *(.rel.fini)
 *(.rela.fini)
 *(.rel.rodata .rel.rodata.* .rel.gnu.linkonce.r.*)
 *(.rela.rodata .rela.rodata.* .rela.gnu.linkonce.r.*)
 *(.rel.data .rel.data.* .rel.gnu.linkonce.d.*)
 *(.rela.data .rela.data.* .rela.gnu.linkonce.d.*)
 *(.rel.tdata .rel.tdata.* .rel.gnu.linkonce.td.*)
 *(.rela.tdata .rela.tdata.* .rela.gnu.linkonce.td.*)
 *(.rel.tbss .rel.tbss.* .rel.gnu.linkonce.tb.*)
 *(.rela.tbss .rela.tbss.* .rela.gnu.linkonce.tb.*)
 *(.rel.ctors)
 *(.rela.ctors)
 *(.rel.dtors)
 *(.rela.dtors)
 *(.rel.got)
 *(.rela.got)
 *(.rel.sdata .rel.sdata.* .rel.gnu.linkonce.s.*)
 *(.rela.sdata .rela.sdata.* .rela.gnu.linkonce.s.*)
 *(.rel.sbss .rel.sbss.* .rel.gnu.linkonce.sb.*)
 *(.rela.sbss .rela.sbss.* .rela.gnu.linkonce.sb.*)
 *(.rel.sdata2 .rel.sdata2.* .rel.gnu.linkonce.s2.*)
 *(.rela.sdata2 .rela.sdata2.* .rela.gnu.linkonce.s2.*)
 *(.rel.sbss2 .rel.sbss2.* .rel.gnu.linkonce.sb2.*)
 *(.rela.sbss2 .rela.sbss2.* .rela.gnu.linkonce.sb2.*)
 *(.rel.bss .rel.bss.* .rel.gnu.linkonce.b.*)
 *(.rela.bss .rela.bss.* .rela.gnu.linkonce.b.*)
 *(.rel.plt)
 *(.rela.plt)
 *(.rel.dyn)
 *(.init)
 *(.plt)
 *(.text .stub .text.* .gnu.linkonce.t.*)
 .text          0x0000000004000224       0x3c d:/Fax/projektovanje_namjenskih_racunarski_struktura/pnrs-2023/de1-soc-demo/sw/nios/cig_app_0/de1_soc_nios_cigarette_0_bsp//obj/HAL/src/crt0.o
                0x0000000004000224                _start
 .text          0x0000000004000260       0x7c obj/default/paper.o
                0x0000000004000260                main
 .text          0x00000000040002dc       0xec d:/Fax/projektovanje_namjenskih_racunarski_struktura/pnrs-2023/de1-soc-demo/sw/nios/cig_app_0/de1_soc_nios_cigarette_0_bsp/\libhal_bsp.a(alt_load.o)
                0x0000000004000344                alt_load
 .text          0x00000000040003c8       0x7c d:/Fax/projektovanje_namjenskih_racunarski_struktura/pnrs-2023/de1-soc-demo/sw/nios/cig_app_0/de1_soc_nios_cigarette_0_bsp/\libhal_bsp.a(alt_main.o)
                0x00000000040003c8                alt_main
 .text          0x0000000004000444      0x1ac d:/Fax/projektovanje_namjenskih_racunarski_struktura/pnrs-2023/de1-soc-demo/sw/nios/cig_app_0/de1_soc_nios_cigarette_0_bsp/\libhal_bsp.a(alt_sys_init.o)
                0x000000000400051c                alt_irq_init
                0x0000000004000558                alt_sys_init
 .text          0x00000000040005f0      0x164 d:/Fax/projektovanje_namjenskih_racunarski_struktura/pnrs-2023/de1-soc-demo/sw/nios/cig_app_0/de1_soc_nios_cigarette_0_bsp/\libhal_bsp.a(altera_avalon_jtag_uart_fd.o)
                0x00000000040005f0                altera_avalon_jtag_uart_read_fd
                0x0000000004000650                altera_avalon_jtag_uart_write_fd
                0x00000000040006b0                altera_avalon_jtag_uart_close_fd
                0x0000000004000700                altera_avalon_jtag_uart_ioctl_fd
 .text          0x0000000004000754      0x3d4 d:/Fax/projektovanje_namjenskih_racunarski_struktura/pnrs-2023/de1-soc-demo/sw/nios/cig_app_0/de1_soc_nios_cigarette_0_bsp/\libhal_bsp.a(altera_avalon_jtag_uart_init.o)
                0x0000000004000754                altera_avalon_jtag_uart_init
                0x0000000004000ac0                altera_avalon_jtag_uart_close
 .text          0x0000000004000b28       0xf4 d:/Fax/projektovanje_namjenskih_racunarski_struktura/pnrs-2023/de1-soc-demo/sw/nios/cig_app_0/de1_soc_nios_cigarette_0_bsp/\libhal_bsp.a(altera_avalon_jtag_uart_ioctl.o)
                0x0000000004000b28                altera_avalon_jtag_uart_ioctl
 .text          0x0000000004000c1c      0x220 d:/Fax/projektovanje_namjenskih_racunarski_struktura/pnrs-2023/de1-soc-demo/sw/nios/cig_app_0/de1_soc_nios_cigarette_0_bsp/\libhal_bsp.a(altera_avalon_jtag_uart_read.o)
                0x0000000004000c1c                altera_avalon_jtag_uart_read
 .text          0x0000000004000e3c      0x228 d:/Fax/projektovanje_namjenskih_racunarski_struktura/pnrs-2023/de1-soc-demo/sw/nios/cig_app_0/de1_soc_nios_cigarette_0_bsp/\libhal_bsp.a(altera_avalon_jtag_uart_write.o)
                0x0000000004000e3c                altera_avalon_jtag_uart_write
 .text          0x0000000004001064      0x964 d:/Fax/projektovanje_namjenskih_racunarski_struktura/pnrs-2023/de1-soc-demo/sw/nios/cig_app_0/de1_soc_nios_cigarette_0_bsp/\libhal_bsp.a(altera_avalon_mailbox_simple.o)
                0x0000000004001350                altera_avalon_mailbox_simple_init
                0x00000000040013c8                altera_avalon_mailbox_open
                0x00000000040015ac                altera_avalon_mailbox_close
                0x00000000040016c4                altera_avalon_mailbox_status
                0x000000000400173c                altera_avalon_mailbox_send
                0x000000000400188c                altera_avalon_mailbox_retrieve_poll
 .text          0x00000000040019c8      0x2d0 d:/Fax/projektovanje_namjenskih_racunarski_struktura/pnrs-2023/de1-soc-demo/sw/nios/cig_app_0/de1_soc_nios_cigarette_0_bsp/\libhal_bsp.a(altera_avalon_mutex.o)
                0x0000000004001a80                altera_avalon_mutex_open
                0x0000000004001ad4                altera_avalon_mutex_close
                0x0000000004001af8                altera_avalon_mutex_lock
                0x0000000004001b40                altera_avalon_mutex_trylock
                0x0000000004001b80                altera_avalon_mutex_unlock
                0x0000000004001bd4                altera_avalon_mutex_is_mine
                0x0000000004001c48                altera_avalon_mutex_first_lock
 .text          0x0000000004001c98      0x134 d:/Fax/projektovanje_namjenskih_racunarski_struktura/pnrs-2023/de1-soc-demo/sw/nios/cig_app_0/de1_soc_nios_cigarette_0_bsp/\libhal_bsp.a(alt_alarm_start.o)
                0x0000000004001c98                alt_alarm_start
 .text          0x0000000004001dcc      0x118 d:/Fax/projektovanje_namjenskih_racunarski_struktura/pnrs-2023/de1-soc-demo/sw/nios/cig_app_0/de1_soc_nios_cigarette_0_bsp/\libhal_bsp.a(alt_close.o)
                0x0000000004001e08                close
 .text          0x0000000004001ee4       0x20 d:/Fax/projektovanje_namjenskih_racunarski_struktura/pnrs-2023/de1-soc-demo/sw/nios/cig_app_0/de1_soc_nios_cigarette_0_bsp/\libhal_bsp.a(alt_dcache_flush_all.o)
                0x0000000004001ee4                alt_dcache_flush_all
 .text          0x0000000004001f04       0x2c d:/Fax/projektovanje_namjenskih_racunarski_struktura/pnrs-2023/de1-soc-demo/sw/nios/cig_app_0/de1_soc_nios_cigarette_0_bsp/\libhal_bsp.a(alt_dev.o)
 .text          0x0000000004001f30       0xe4 d:/Fax/projektovanje_namjenskih_racunarski_struktura/pnrs-2023/de1-soc-demo/sw/nios/cig_app_0/de1_soc_nios_cigarette_0_bsp/\libhal_bsp.a(alt_dev_llist_insert.o)
                0x0000000004001f6c                alt_dev_llist_insert
 .text          0x0000000004002014       0x64 d:/Fax/projektovanje_namjenskih_racunarski_struktura/pnrs-2023/de1-soc-demo/sw/nios/cig_app_0/de1_soc_nios_cigarette_0_bsp/\libhal_bsp.a(alt_do_ctors.o)
                0x0000000004002014                _do_ctors
 .text          0x0000000004002078       0x64 d:/Fax/projektovanje_namjenskih_racunarski_struktura/pnrs-2023/de1-soc-demo/sw/nios/cig_app_0/de1_soc_nios_cigarette_0_bsp/\libhal_bsp.a(alt_do_dtors.o)
                0x0000000004002078                _do_dtors
 .text          0x00000000040020dc        0x0 d:/Fax/projektovanje_namjenskih_racunarski_struktura/pnrs-2023/de1-soc-demo/sw/nios/cig_app_0/de1_soc_nios_cigarette_0_bsp/\libhal_bsp.a(alt_errno.o)
 .text          0x00000000040020dc       0x90 d:/Fax/projektovanje_namjenskih_racunarski_struktura/pnrs-2023/de1-soc-demo/sw/nios/cig_app_0/de1_soc_nios_cigarette_0_bsp/\libhal_bsp.a(alt_find_dev.o)
                0x00000000040020dc                alt_find_dev
 .text          0x000000000400216c       0x20 d:/Fax/projektovanje_namjenskih_racunarski_struktura/pnrs-2023/de1-soc-demo/sw/nios/cig_app_0/de1_soc_nios_cigarette_0_bsp/\libhal_bsp.a(alt_icache_flush_all.o)
                0x000000000400216c                alt_icache_flush_all
 .text          0x000000000400218c      0x1b0 d:/Fax/projektovanje_namjenskih_racunarski_struktura/pnrs-2023/de1-soc-demo/sw/nios/cig_app_0/de1_soc_nios_cigarette_0_bsp/\libhal_bsp.a(alt_iic.o)
                0x000000000400218c                alt_ic_isr_register
                0x00000000040021dc                alt_ic_irq_enable
                0x0000000004002264                alt_ic_irq_disable
                0x00000000040022f0                alt_ic_irq_enabled
 .text          0x000000000400233c       0xe8 d:/Fax/projektovanje_namjenskih_racunarski_struktura/pnrs-2023/de1-soc-demo/sw/nios/cig_app_0/de1_soc_nios_cigarette_0_bsp/\libhal_bsp.a(alt_iic_isr_register.o)
                0x000000000400233c                alt_iic_isr_register
 .text          0x0000000004002424      0x150 d:/Fax/projektovanje_namjenskih_racunarski_struktura/pnrs-2023/de1-soc-demo/sw/nios/cig_app_0/de1_soc_nios_cigarette_0_bsp/\libhal_bsp.a(alt_io_redirect.o)
                0x00000000040024f8                alt_io_redirect
 .text          0x0000000004002574        0x0 d:/Fax/projektovanje_namjenskih_racunarski_struktura/pnrs-2023/de1-soc-demo/sw/nios/cig_app_0/de1_soc_nios_cigarette_0_bsp/\libhal_bsp.a(alt_irq_entry.o)
 .text          0x0000000004002574        0x0 d:/Fax/projektovanje_namjenskih_racunarski_struktura/pnrs-2023/de1-soc-demo/sw/nios/cig_app_0/de1_soc_nios_cigarette_0_bsp/\libhal_bsp.a(alt_irq_handler.o)
 .text          0x0000000004002574        0x0 d:/Fax/projektovanje_namjenskih_racunarski_struktura/pnrs-2023/de1-soc-demo/sw/nios/cig_app_0/de1_soc_nios_cigarette_0_bsp/\libhal_bsp.a(alt_irq_vars.o)
 .text          0x0000000004002574      0x278 d:/Fax/projektovanje_namjenskih_racunarski_struktura/pnrs-2023/de1-soc-demo/sw/nios/cig_app_0/de1_soc_nios_cigarette_0_bsp/\libhal_bsp.a(alt_open.o)
                0x000000000400268c                open
 .text          0x00000000040027ec       0x70 d:/Fax/projektovanje_namjenskih_racunarski_struktura/pnrs-2023/de1-soc-demo/sw/nios/cig_app_0/de1_soc_nios_cigarette_0_bsp/\libhal_bsp.a(alt_release_fd.o)
                0x00000000040027ec                alt_release_fd
 .text          0x000000000400285c      0x1ac d:/Fax/projektovanje_namjenskih_racunarski_struktura/pnrs-2023/de1-soc-demo/sw/nios/cig_app_0/de1_soc_nios_cigarette_0_bsp/\libhal_bsp.a(alt_tick.o)
                0x000000000400285c                alt_alarm_stop
                0x0000000004002900                alt_tick
 .text          0x0000000004002a08       0x24 d:/Fax/projektovanje_namjenskih_racunarski_struktura/pnrs-2023/de1-soc-demo/sw/nios/cig_app_0/de1_soc_nios_cigarette_0_bsp/\libhal_bsp.a(altera_nios2_gen2_irq.o)
                0x0000000004002a08                altera_nios2_gen2_irq_init
 .text          0x0000000004002a2c        0x0 d:/Fax/projektovanje_namjenskih_racunarski_struktura/pnrs-2023/de1-soc-demo/sw/nios/cig_app_0/de1_soc_nios_cigarette_0_bsp/\libhal_bsp.a(alt_exception_entry.o)
 .text          0x0000000004002a2c      0x108 d:/Fax/projektovanje_namjenskih_racunarski_struktura/pnrs-2023/de1-soc-demo/sw/nios/cig_app_0/de1_soc_nios_cigarette_0_bsp/\libhal_bsp.a(alt_find_file.o)
                0x0000000004002a2c                alt_find_file
 .text          0x0000000004002b34       0xb8 d:/Fax/projektovanje_namjenskih_racunarski_struktura/pnrs-2023/de1-soc-demo/sw/nios/cig_app_0/de1_soc_nios_cigarette_0_bsp/\libhal_bsp.a(alt_get_fd.o)
                0x0000000004002b34                alt_get_fd
 .text          0x0000000004002bec       0x98 d:/Fax/projektovanje_namjenskih_racunarski_struktura/pnrs-2023/de1-soc-demo/sw/nios/cig_app_0/de1_soc_nios_cigarette_0_bsp/\libhal_bsp.a(alt_instruction_exception_entry.o)
                0x0000000004002bec                alt_exception_cause_generated_bad_addr
 .text          0x0000000004002c84        0x0 c:/intelfpga_lite/20.1/nios2eds/bin/gnu/h-x86_64-mingw32/bin/../lib/gcc/nios2-elf/10.1.1/../../../../../H-x86_64-mingw32/nios2-elf/lib/mno-hw-mul\libc.a(lib_a-atexit.o)
 .text.atexit   0x0000000004002c84       0x14 c:/intelfpga_lite/20.1/nios2eds/bin/gnu/h-x86_64-mingw32/bin/../lib/gcc/nios2-elf/10.1.1/../../../../../H-x86_64-mingw32/nios2-elf/lib/mno-hw-mul\libc.a(lib_a-atexit.o)
                0x0000000004002c84                atexit
 .text          0x0000000004002c98        0x0 c:/intelfpga_lite/20.1/nios2eds/bin/gnu/h-x86_64-mingw32/bin/../lib/gcc/nios2-elf/10.1.1/../../../../../H-x86_64-mingw32/nios2-elf/lib/mno-hw-mul\libc.a(lib_a-exit.o)
 .text.exit     0x0000000004002c98       0x34 c:/intelfpga_lite/20.1/nios2eds/bin/gnu/h-x86_64-mingw32/bin/../lib/gcc/nios2-elf/10.1.1/../../../../../H-x86_64-mingw32/nios2-elf/lib/mno-hw-mul\libc.a(lib_a-exit.o)
                0x0000000004002c98                exit
 .text          0x0000000004002ccc        0x0 c:/intelfpga_lite/20.1/nios2eds/bin/gnu/h-x86_64-mingw32/bin/../lib/gcc/nios2-elf/10.1.1/../../../../../H-x86_64-mingw32/nios2-elf/lib/mno-hw-mul\libc.a(lib_a-impure.o)
 .text          0x0000000004002ccc        0x0 c:/intelfpga_lite/20.1/nios2eds/bin/gnu/h-x86_64-mingw32/bin/../lib/gcc/nios2-elf/10.1.1/../../../../../H-x86_64-mingw32/nios2-elf/lib/mno-hw-mul\libc.a(lib_a-int_errno.o)
 .text          0x0000000004002ccc        0x0 c:/intelfpga_lite/20.1/nios2eds/bin/gnu/h-x86_64-mingw32/bin/../lib/gcc/nios2-elf/10.1.1/../../../../../H-x86_64-mingw32/nios2-elf/lib/mno-hw-mul\libc.a(lib_a-memcmp.o)
 .text.memcmp   0x0000000004002ccc       0x78 c:/intelfpga_lite/20.1/nios2eds/bin/gnu/h-x86_64-mingw32/bin/../lib/gcc/nios2-elf/10.1.1/../../../../../H-x86_64-mingw32/nios2-elf/lib/mno-hw-mul\libc.a(lib_a-memcmp.o)
                0x0000000004002ccc                memcmp
 .text          0x0000000004002d44        0x0 c:/intelfpga_lite/20.1/nios2eds/bin/gnu/h-x86_64-mingw32/bin/../lib/gcc/nios2-elf/10.1.1/../../../../../H-x86_64-mingw32/nios2-elf/lib/mno-hw-mul\libc.a(lib_a-memcpy.o)
 .text.memcpy   0x0000000004002d44      0x100 c:/intelfpga_lite/20.1/nios2eds/bin/gnu/h-x86_64-mingw32/bin/../lib/gcc/nios2-elf/10.1.1/../../../../../H-x86_64-mingw32/nios2-elf/lib/mno-hw-mul\libc.a(lib_a-memcpy.o)
                0x0000000004002d44                memcpy
 .text          0x0000000004002e44        0x0 c:/intelfpga_lite/20.1/nios2eds/bin/gnu/h-x86_64-mingw32/bin/../lib/gcc/nios2-elf/10.1.1/../../../../../H-x86_64-mingw32/nios2-elf/lib/mno-hw-mul\libc.a(lib_a-strlen.o)
 .text.strlen   0x0000000004002e44       0x98 c:/intelfpga_lite/20.1/nios2eds/bin/gnu/h-x86_64-mingw32/bin/../lib/gcc/nios2-elf/10.1.1/../../../../../H-x86_64-mingw32/nios2-elf/lib/mno-hw-mul\libc.a(lib_a-strlen.o)
                0x0000000004002e44                strlen
 .text          0x0000000004002edc        0x0 c:/intelfpga_lite/20.1/nios2eds/bin/gnu/h-x86_64-mingw32/bin/../lib/gcc/nios2-elf/10.1.1/../../../../../H-x86_64-mingw32/nios2-elf/lib/mno-hw-mul\libc.a(lib_a-__atexit.o)
 .text.__register_exitproc
                0x0000000004002edc       0x90 c:/intelfpga_lite/20.1/nios2eds/bin/gnu/h-x86_64-mingw32/bin/../lib/gcc/nios2-elf/10.1.1/../../../../../H-x86_64-mingw32/nios2-elf/lib/mno-hw-mul\libc.a(lib_a-__atexit.o)
                0x0000000004002edc                __register_exitproc
 .text          0x0000000004002f6c        0x0 c:/intelfpga_lite/20.1/nios2eds/bin/gnu/h-x86_64-mingw32/bin/../lib/gcc/nios2-elf/10.1.1/../../../../../H-x86_64-mingw32/nios2-elf/lib/mno-hw-mul\libc.a(lib_a-__call_atexit.o)
 .text.__call_exitprocs
                0x0000000004002f6c      0x120 c:/intelfpga_lite/20.1/nios2eds/bin/gnu/h-x86_64-mingw32/bin/../lib/gcc/nios2-elf/10.1.1/../../../../../H-x86_64-mingw32/nios2-elf/lib/mno-hw-mul\libc.a(lib_a-__call_atexit.o)
                0x0000000004002f6c                __call_exitprocs
 .text          0x000000000400308c       0x38 d:/Fax/projektovanje_namjenskih_racunarski_struktura/pnrs-2023/de1-soc-demo/sw/nios/cig_app_0/de1_soc_nios_cigarette_0_bsp/\libhal_bsp.a(alt_exit.o)
                0x000000000400308c                _exit
 *(.gnu.warning.*)
 *(.fini)
                [!provide]                        PROVIDE (__etext = ABSOLUTE (.))
                [!provide]                        PROVIDE (_etext = ABSOLUTE (.))
                [!provide]                        PROVIDE (etext = ABSOLUTE (.))
 *(.eh_frame_hdr)
                0x00000000040030c4                . = ALIGN (0x4)
                [!provide]                        PROVIDE (__preinit_array_start = ABSOLUTE (.))
 *(.preinit_array)
                [!provide]                        PROVIDE (__preinit_array_end = ABSOLUTE (.))
                [!provide]                        PROVIDE (__init_array_start = ABSOLUTE (.))
 *(.init_array)
                [!provide]                        PROVIDE (__init_array_end = ABSOLUTE (.))
                [!provide]                        PROVIDE (__fini_array_start = ABSOLUTE (.))
 *(.fini_array)
                [!provide]                        PROVIDE (__fini_array_end = ABSOLUTE (.))
 *(.eh_frame)
 *(.gcc_except_table .gcc_except_table.*)
 *(.dynamic)
                0x00000000040030c4                PROVIDE (__CTOR_LIST__ = ABSOLUTE (.))
 *(.ctors)
 *(SORT_BY_NAME(.ctors.*))
                0x00000000040030c4                PROVIDE (__CTOR_END__ = ABSOLUTE (.))
                0x00000000040030c4                PROVIDE (__DTOR_LIST__ = ABSOLUTE (.))
 *(.dtors)
 *(SORT_BY_NAME(.dtors.*))
                0x00000000040030c4                PROVIDE (__DTOR_END__ = ABSOLUTE (.))
 *(.jcr)
                0x00000000040030c4                . = ALIGN (0x4)

.rodata         0x00000000040030c4       0xc4
                0x00000000040030c4                PROVIDE (__ram_rodata_start = ABSOLUTE (.))
                0x00000000040030c4                . = ALIGN (0x4)
 *(.rodata .rodata.* .gnu.linkonce.r.*)
 .rodata        0x00000000040030c4       0x3f obj/default/paper.o
 *fill*         0x0000000004003103        0x1 
 .rodata        0x0000000004003104       0x11 d:/Fax/projektovanje_namjenskih_racunarski_struktura/pnrs-2023/de1-soc-demo/sw/nios/cig_app_0/de1_soc_nios_cigarette_0_bsp/\libhal_bsp.a(alt_main.o)
 *fill*         0x0000000004003115        0x3 
 .rodata        0x0000000004003118       0x61 d:/Fax/projektovanje_namjenskih_racunarski_struktura/pnrs-2023/de1-soc-demo/sw/nios/cig_app_0/de1_soc_nios_cigarette_0_bsp/\libhal_bsp.a(alt_sys_init.o)
 *fill*         0x0000000004003179        0x3 
 .rodata        0x000000000400317c        0xa d:/Fax/projektovanje_namjenskih_racunarski_struktura/pnrs-2023/de1-soc-demo/sw/nios/cig_app_0/de1_soc_nios_cigarette_0_bsp/\libhal_bsp.a(alt_dev.o)
 *(.rodata1)
                0x0000000004003188                . = ALIGN (0x4)
 *fill*         0x0000000004003186        0x2 
                0x0000000004003188                PROVIDE (__ram_rodata_end = ABSOLUTE (.))
                0x00000000040030c4                PROVIDE (__flash_rodata_start = LOADADDR (.rodata))

.rwdata         0x0000000004003188     0x1728 load address 0x00000000040048b0
                0x0000000004003188                PROVIDE (__ram_rwdata_start = ABSOLUTE (.))
                0x0000000004003188                . = ALIGN (0x4)
 *(.got.plt)
 *(.got)
 *(.data1)
 *(.data .data.* .gnu.linkonce.d.*)
 .data          0x0000000004003188        0x0 d:/Fax/projektovanje_namjenskih_racunarski_struktura/pnrs-2023/de1-soc-demo/sw/nios/cig_app_0/de1_soc_nios_cigarette_0_bsp//obj/HAL/src/crt0.o
 .data          0x0000000004003188        0x0 obj/default/paper.o
 .data          0x0000000004003188        0x0 d:/Fax/projektovanje_namjenskih_racunarski_struktura/pnrs-2023/de1-soc-demo/sw/nios/cig_app_0/de1_soc_nios_cigarette_0_bsp/\libhal_bsp.a(alt_load.o)
 .data          0x0000000004003188        0x0 d:/Fax/projektovanje_namjenskih_racunarski_struktura/pnrs-2023/de1-soc-demo/sw/nios/cig_app_0/de1_soc_nios_cigarette_0_bsp/\libhal_bsp.a(alt_main.o)
 .data          0x0000000004003188     0x1120 d:/Fax/projektovanje_namjenskih_racunarski_struktura/pnrs-2023/de1-soc-demo/sw/nios/cig_app_0/de1_soc_nios_cigarette_0_bsp/\libhal_bsp.a(alt_sys_init.o)
 .data          0x00000000040042a8        0x0 d:/Fax/projektovanje_namjenskih_racunarski_struktura/pnrs-2023/de1-soc-demo/sw/nios/cig_app_0/de1_soc_nios_cigarette_0_bsp/\libhal_bsp.a(altera_avalon_jtag_uart_fd.o)
 .data          0x00000000040042a8        0x0 d:/Fax/projektovanje_namjenskih_racunarski_struktura/pnrs-2023/de1-soc-demo/sw/nios/cig_app_0/de1_soc_nios_cigarette_0_bsp/\libhal_bsp.a(altera_avalon_jtag_uart_init.o)
 .data          0x00000000040042a8        0x0 d:/Fax/projektovanje_namjenskih_racunarski_struktura/pnrs-2023/de1-soc-demo/sw/nios/cig_app_0/de1_soc_nios_cigarette_0_bsp/\libhal_bsp.a(altera_avalon_jtag_uart_ioctl.o)
 .data          0x00000000040042a8        0x0 d:/Fax/projektovanje_namjenskih_racunarski_struktura/pnrs-2023/de1-soc-demo/sw/nios/cig_app_0/de1_soc_nios_cigarette_0_bsp/\libhal_bsp.a(altera_avalon_jtag_uart_read.o)
 .data          0x00000000040042a8        0x0 d:/Fax/projektovanje_namjenskih_racunarski_struktura/pnrs-2023/de1-soc-demo/sw/nios/cig_app_0/de1_soc_nios_cigarette_0_bsp/\libhal_bsp.a(altera_avalon_jtag_uart_write.o)
 .data          0x00000000040042a8        0x0 d:/Fax/projektovanje_namjenskih_racunarski_struktura/pnrs-2023/de1-soc-demo/sw/nios/cig_app_0/de1_soc_nios_cigarette_0_bsp/\libhal_bsp.a(altera_avalon_mailbox_simple.o)
 .data          0x00000000040042a8        0x0 d:/Fax/projektovanje_namjenskih_racunarski_struktura/pnrs-2023/de1-soc-demo/sw/nios/cig_app_0/de1_soc_nios_cigarette_0_bsp/\libhal_bsp.a(altera_avalon_mutex.o)
 .data          0x00000000040042a8        0x0 d:/Fax/projektovanje_namjenskih_racunarski_struktura/pnrs-2023/de1-soc-demo/sw/nios/cig_app_0/de1_soc_nios_cigarette_0_bsp/\libhal_bsp.a(alt_alarm_start.o)
 .data          0x00000000040042a8        0x0 d:/Fax/projektovanje_namjenskih_racunarski_struktura/pnrs-2023/de1-soc-demo/sw/nios/cig_app_0/de1_soc_nios_cigarette_0_bsp/\libhal_bsp.a(alt_close.o)
 .data          0x00000000040042a8        0x0 d:/Fax/projektovanje_namjenskih_racunarski_struktura/pnrs-2023/de1-soc-demo/sw/nios/cig_app_0/de1_soc_nios_cigarette_0_bsp/\libhal_bsp.a(alt_dcache_flush_all.o)
 .data          0x00000000040042a8      0x1a8 d:/Fax/projektovanje_namjenskih_racunarski_struktura/pnrs-2023/de1-soc-demo/sw/nios/cig_app_0/de1_soc_nios_cigarette_0_bsp/\libhal_bsp.a(alt_dev.o)
                0x00000000040042a8                alt_dev_null
                0x00000000040042d0                alt_fd_list
 .data          0x0000000004004450        0x0 d:/Fax/projektovanje_namjenskih_racunarski_struktura/pnrs-2023/de1-soc-demo/sw/nios/cig_app_0/de1_soc_nios_cigarette_0_bsp/\libhal_bsp.a(alt_dev_llist_insert.o)
 .data          0x0000000004004450        0x0 d:/Fax/projektovanje_namjenskih_racunarski_struktura/pnrs-2023/de1-soc-demo/sw/nios/cig_app_0/de1_soc_nios_cigarette_0_bsp/\libhal_bsp.a(alt_do_ctors.o)
 .data          0x0000000004004450        0x0 d:/Fax/projektovanje_namjenskih_racunarski_struktura/pnrs-2023/de1-soc-demo/sw/nios/cig_app_0/de1_soc_nios_cigarette_0_bsp/\libhal_bsp.a(alt_do_dtors.o)
 .data          0x0000000004004450        0x0 d:/Fax/projektovanje_namjenskih_racunarski_struktura/pnrs-2023/de1-soc-demo/sw/nios/cig_app_0/de1_soc_nios_cigarette_0_bsp/\libhal_bsp.a(alt_errno.o)
 .data          0x0000000004004450        0x0 d:/Fax/projektovanje_namjenskih_racunarski_struktura/pnrs-2023/de1-soc-demo/sw/nios/cig_app_0/de1_soc_nios_cigarette_0_bsp/\libhal_bsp.a(alt_find_dev.o)
 .data          0x0000000004004450        0x0 d:/Fax/projektovanje_namjenskih_racunarski_struktura/pnrs-2023/de1-soc-demo/sw/nios/cig_app_0/de1_soc_nios_cigarette_0_bsp/\libhal_bsp.a(alt_icache_flush_all.o)
 .data          0x0000000004004450        0x0 d:/Fax/projektovanje_namjenskih_racunarski_struktura/pnrs-2023/de1-soc-demo/sw/nios/cig_app_0/de1_soc_nios_cigarette_0_bsp/\libhal_bsp.a(alt_iic.o)
 .data          0x0000000004004450        0x0 d:/Fax/projektovanje_namjenskih_racunarski_struktura/pnrs-2023/de1-soc-demo/sw/nios/cig_app_0/de1_soc_nios_cigarette_0_bsp/\libhal_bsp.a(alt_iic_isr_register.o)
 .data          0x0000000004004450        0x0 d:/Fax/projektovanje_namjenskih_racunarski_struktura/pnrs-2023/de1-soc-demo/sw/nios/cig_app_0/de1_soc_nios_cigarette_0_bsp/\libhal_bsp.a(alt_io_redirect.o)
 .data          0x0000000004004450        0x0 d:/Fax/projektovanje_namjenskih_racunarski_struktura/pnrs-2023/de1-soc-demo/sw/nios/cig_app_0/de1_soc_nios_cigarette_0_bsp/\libhal_bsp.a(alt_irq_entry.o)
 .data          0x0000000004004450        0x0 d:/Fax/projektovanje_namjenskih_racunarski_struktura/pnrs-2023/de1-soc-demo/sw/nios/cig_app_0/de1_soc_nios_cigarette_0_bsp/\libhal_bsp.a(alt_irq_handler.o)
 .data          0x0000000004004450        0x0 d:/Fax/projektovanje_namjenskih_racunarski_struktura/pnrs-2023/de1-soc-demo/sw/nios/cig_app_0/de1_soc_nios_cigarette_0_bsp/\libhal_bsp.a(alt_irq_vars.o)
 .data          0x0000000004004450        0x0 d:/Fax/projektovanje_namjenskih_racunarski_struktura/pnrs-2023/de1-soc-demo/sw/nios/cig_app_0/de1_soc_nios_cigarette_0_bsp/\libhal_bsp.a(alt_open.o)
 .data          0x0000000004004450        0x0 d:/Fax/projektovanje_namjenskih_racunarski_struktura/pnrs-2023/de1-soc-demo/sw/nios/cig_app_0/de1_soc_nios_cigarette_0_bsp/\libhal_bsp.a(alt_release_fd.o)
 .data          0x0000000004004450        0x0 d:/Fax/projektovanje_namjenskih_racunarski_struktura/pnrs-2023/de1-soc-demo/sw/nios/cig_app_0/de1_soc_nios_cigarette_0_bsp/\libhal_bsp.a(alt_tick.o)
 .data          0x0000000004004450        0x0 d:/Fax/projektovanje_namjenskih_racunarski_struktura/pnrs-2023/de1-soc-demo/sw/nios/cig_app_0/de1_soc_nios_cigarette_0_bsp/\libhal_bsp.a(altera_nios2_gen2_irq.o)
 .data          0x0000000004004450        0x0 d:/Fax/projektovanje_namjenskih_racunarski_struktura/pnrs-2023/de1-soc-demo/sw/nios/cig_app_0/de1_soc_nios_cigarette_0_bsp/\libhal_bsp.a(alt_exception_entry.o)
 .data          0x0000000004004450        0x0 d:/Fax/projektovanje_namjenskih_racunarski_struktura/pnrs-2023/de1-soc-demo/sw/nios/cig_app_0/de1_soc_nios_cigarette_0_bsp/\libhal_bsp.a(alt_find_file.o)
 .data          0x0000000004004450        0x0 d:/Fax/projektovanje_namjenskih_racunarski_struktura/pnrs-2023/de1-soc-demo/sw/nios/cig_app_0/de1_soc_nios_cigarette_0_bsp/\libhal_bsp.a(alt_get_fd.o)
 .data          0x0000000004004450        0x0 d:/Fax/projektovanje_namjenskih_racunarski_struktura/pnrs-2023/de1-soc-demo/sw/nios/cig_app_0/de1_soc_nios_cigarette_0_bsp/\libhal_bsp.a(alt_instruction_exception_entry.o)
 .data          0x0000000004004450        0x0 c:/intelfpga_lite/20.1/nios2eds/bin/gnu/h-x86_64-mingw32/bin/../lib/gcc/nios2-elf/10.1.1/../../../../../H-x86_64-mingw32/nios2-elf/lib/mno-hw-mul\libc.a(lib_a-atexit.o)
 .data          0x0000000004004450        0x0 c:/intelfpga_lite/20.1/nios2eds/bin/gnu/h-x86_64-mingw32/bin/../lib/gcc/nios2-elf/10.1.1/../../../../../H-x86_64-mingw32/nios2-elf/lib/mno-hw-mul\libc.a(lib_a-exit.o)
 .data          0x0000000004004450        0x0 c:/intelfpga_lite/20.1/nios2eds/bin/gnu/h-x86_64-mingw32/bin/../lib/gcc/nios2-elf/10.1.1/../../../../../H-x86_64-mingw32/nios2-elf/lib/mno-hw-mul\libc.a(lib_a-impure.o)
 .data.impure_data
                0x0000000004004450      0x424 c:/intelfpga_lite/20.1/nios2eds/bin/gnu/h-x86_64-mingw32/bin/../lib/gcc/nios2-elf/10.1.1/../../../../../H-x86_64-mingw32/nios2-elf/lib/mno-hw-mul\libc.a(lib_a-impure.o)
 .data          0x0000000004004874        0x0 c:/intelfpga_lite/20.1/nios2eds/bin/gnu/h-x86_64-mingw32/bin/../lib/gcc/nios2-elf/10.1.1/../../../../../H-x86_64-mingw32/nios2-elf/lib/mno-hw-mul\libc.a(lib_a-int_errno.o)
 .data          0x0000000004004874        0x0 c:/intelfpga_lite/20.1/nios2eds/bin/gnu/h-x86_64-mingw32/bin/../lib/gcc/nios2-elf/10.1.1/../../../../../H-x86_64-mingw32/nios2-elf/lib/mno-hw-mul\libc.a(lib_a-memcmp.o)
 .data          0x0000000004004874        0x0 c:/intelfpga_lite/20.1/nios2eds/bin/gnu/h-x86_64-mingw32/bin/../lib/gcc/nios2-elf/10.1.1/../../../../../H-x86_64-mingw32/nios2-elf/lib/mno-hw-mul\libc.a(lib_a-memcpy.o)
 .data          0x0000000004004874        0x0 c:/intelfpga_lite/20.1/nios2eds/bin/gnu/h-x86_64-mingw32/bin/../lib/gcc/nios2-elf/10.1.1/../../../../../H-x86_64-mingw32/nios2-elf/lib/mno-hw-mul\libc.a(lib_a-strlen.o)
 .data          0x0000000004004874        0x0 c:/intelfpga_lite/20.1/nios2eds/bin/gnu/h-x86_64-mingw32/bin/../lib/gcc/nios2-elf/10.1.1/../../../../../H-x86_64-mingw32/nios2-elf/lib/mno-hw-mul\libc.a(lib_a-__atexit.o)
 .data          0x0000000004004874        0x0 c:/intelfpga_lite/20.1/nios2eds/bin/gnu/h-x86_64-mingw32/bin/../lib/gcc/nios2-elf/10.1.1/../../../../../H-x86_64-mingw32/nios2-elf/lib/mno-hw-mul\libc.a(lib_a-__call_atexit.o)
 .data          0x0000000004004874        0x0 d:/Fax/projektovanje_namjenskih_racunarski_struktura/pnrs-2023/de1-soc-demo/sw/nios/cig_app_0/de1_soc_nios_cigarette_0_bsp/\libhal_bsp.a(alt_exit.o)
                0x000000000400c874                _gp = ABSOLUTE ((. + 0x8000))
                [!provide]                        PROVIDE (gp = _gp)
 *(.rwdata .rwdata.*)
 *(.sdata .sdata.* .gnu.linkonce.s.*)
 .sdata         0x0000000004004874        0x8 d:/Fax/projektovanje_namjenskih_racunarski_struktura/pnrs-2023/de1-soc-demo/sw/nios/cig_app_0/de1_soc_nios_cigarette_0_bsp/\libhal_bsp.a(altera_avalon_mailbox_simple.o)
                0x0000000004004874                alt_mailbox_simple_list
 .sdata         0x000000000400487c        0x8 d:/Fax/projektovanje_namjenskih_racunarski_struktura/pnrs-2023/de1-soc-demo/sw/nios/cig_app_0/de1_soc_nios_cigarette_0_bsp/\libhal_bsp.a(altera_avalon_mutex.o)
                0x000000000400487c                alt_mutex_list
 .sdata         0x0000000004004884       0x14 d:/Fax/projektovanje_namjenskih_racunarski_struktura/pnrs-2023/de1-soc-demo/sw/nios/cig_app_0/de1_soc_nios_cigarette_0_bsp/\libhal_bsp.a(alt_dev.o)
                0x0000000004004884                alt_fs_list
                0x000000000400488c                alt_dev_list
                0x0000000004004894                alt_max_fd
 .sdata         0x0000000004004898        0x4 d:/Fax/projektovanje_namjenskih_racunarski_struktura/pnrs-2023/de1-soc-demo/sw/nios/cig_app_0/de1_soc_nios_cigarette_0_bsp/\libhal_bsp.a(alt_errno.o)
                0x0000000004004898                alt_errno
 .sdata         0x000000000400489c        0x4 d:/Fax/projektovanje_namjenskih_racunarski_struktura/pnrs-2023/de1-soc-demo/sw/nios/cig_app_0/de1_soc_nios_cigarette_0_bsp/\libhal_bsp.a(alt_irq_vars.o)
                0x000000000400489c                alt_priority_mask
 .sdata         0x00000000040048a0        0x8 d:/Fax/projektovanje_namjenskih_racunarski_struktura/pnrs-2023/de1-soc-demo/sw/nios/cig_app_0/de1_soc_nios_cigarette_0_bsp/\libhal_bsp.a(alt_tick.o)
                0x00000000040048a0                alt_alarm_list
 .sdata._global_impure_ptr
                0x00000000040048a8        0x4 c:/intelfpga_lite/20.1/nios2eds/bin/gnu/h-x86_64-mingw32/bin/../lib/gcc/nios2-elf/10.1.1/../../../../../H-x86_64-mingw32/nios2-elf/lib/mno-hw-mul\libc.a(lib_a-impure.o)
                0x00000000040048a8                _global_impure_ptr
 .sdata._impure_ptr
                0x00000000040048ac        0x4 c:/intelfpga_lite/20.1/nios2eds/bin/gnu/h-x86_64-mingw32/bin/../lib/gcc/nios2-elf/10.1.1/../../../../../H-x86_64-mingw32/nios2-elf/lib/mno-hw-mul\libc.a(lib_a-impure.o)
                0x00000000040048ac                _impure_ptr
 *(.sdata2 .sdata2.* .gnu.linkonce.s2.*)
                0x00000000040048b0                . = ALIGN (0x4)
                0x00000000040048b0                _edata = ABSOLUTE (.)
                [!provide]                        PROVIDE (edata = ABSOLUTE (.))
                0x00000000040048b0                PROVIDE (__ram_rwdata_end = ABSOLUTE (.))
                0x00000000040048b0                PROVIDE (__flash_rwdata_start = LOADADDR (.rwdata))

.bss            0x0000000004005fd8      0x130
                0x0000000004005fd8                __bss_start = ABSOLUTE (.)
                [!provide]                        PROVIDE (__sbss_start = ABSOLUTE (.))
                [!provide]                        PROVIDE (___sbss_start = ABSOLUTE (.))
 *(.dynsbss)
 *(.sbss .sbss.* .gnu.linkonce.sb.*)
 .sbss          0x0000000004005fd8       0x10 obj/default/paper.o
                0x0000000004005fd8                tobacco_mutex
                0x0000000004005fdc                matches_mutex
                0x0000000004005fe0                mbox_receive
                0x0000000004005fe4                mbox_send
 .sbss          0x0000000004005fe8        0xc d:/Fax/projektovanje_namjenskih_racunarski_struktura/pnrs-2023/de1-soc-demo/sw/nios/cig_app_0/de1_soc_nios_cigarette_0_bsp/\libhal_bsp.a(alt_main.o)
                0x0000000004005fe8                alt_argc
                0x0000000004005fec                alt_argv
                0x0000000004005ff0                alt_envp
 .sbss          0x0000000004005ff4        0x4 d:/Fax/projektovanje_namjenskih_racunarski_struktura/pnrs-2023/de1-soc-demo/sw/nios/cig_app_0/de1_soc_nios_cigarette_0_bsp/\libhal_bsp.a(alt_irq_vars.o)
                0x0000000004005ff4                alt_irq_active
 .sbss          0x0000000004005ff8        0x8 d:/Fax/projektovanje_namjenskih_racunarski_struktura/pnrs-2023/de1-soc-demo/sw/nios/cig_app_0/de1_soc_nios_cigarette_0_bsp/\libhal_bsp.a(alt_tick.o)
                0x0000000004005ff8                _alt_tick_rate
                0x0000000004005ffc                _alt_nticks
 .sbss          0x0000000004006000        0x4 d:/Fax/projektovanje_namjenskih_racunarski_struktura/pnrs-2023/de1-soc-demo/sw/nios/cig_app_0/de1_soc_nios_cigarette_0_bsp/\libhal_bsp.a(alt_instruction_exception_entry.o)
                0x0000000004006000                alt_instruction_exception_handler
 .sbss.errno    0x0000000004006004        0x4 c:/intelfpga_lite/20.1/nios2eds/bin/gnu/h-x86_64-mingw32/bin/../lib/gcc/nios2-elf/10.1.1/../../../../../H-x86_64-mingw32/nios2-elf/lib/mno-hw-mul\libc.a(lib_a-int_errno.o)
                0x0000000004006004                errno
 *(.sbss2 .sbss2.* .gnu.linkonce.sb2.*)
 *(.scommon)
                [!provide]                        PROVIDE (__sbss_end = ABSOLUTE (.))
                [!provide]                        PROVIDE (___sbss_end = ABSOLUTE (.))
 *(.dynbss)
 *(.bss .bss.* .gnu.linkonce.b.*)
 .bss           0x0000000004006008        0x0 d:/Fax/projektovanje_namjenskih_racunarski_struktura/pnrs-2023/de1-soc-demo/sw/nios/cig_app_0/de1_soc_nios_cigarette_0_bsp//obj/HAL/src/crt0.o
 .bss           0x0000000004006008        0x0 obj/default/paper.o
 .bss           0x0000000004006008        0x0 d:/Fax/projektovanje_namjenskih_racunarski_struktura/pnrs-2023/de1-soc-demo/sw/nios/cig_app_0/de1_soc_nios_cigarette_0_bsp/\libhal_bsp.a(alt_load.o)
 .bss           0x0000000004006008        0x0 d:/Fax/projektovanje_namjenskih_racunarski_struktura/pnrs-2023/de1-soc-demo/sw/nios/cig_app_0/de1_soc_nios_cigarette_0_bsp/\libhal_bsp.a(alt_main.o)
 .bss           0x0000000004006008        0x0 d:/Fax/projektovanje_namjenskih_racunarski_struktura/pnrs-2023/de1-soc-demo/sw/nios/cig_app_0/de1_soc_nios_cigarette_0_bsp/\libhal_bsp.a(alt_sys_init.o)
 .bss           0x0000000004006008        0x0 d:/Fax/projektovanje_namjenskih_racunarski_struktura/pnrs-2023/de1-soc-demo/sw/nios/cig_app_0/de1_soc_nios_cigarette_0_bsp/\libhal_bsp.a(altera_avalon_jtag_uart_fd.o)
 .bss           0x0000000004006008        0x0 d:/Fax/projektovanje_namjenskih_racunarski_struktura/pnrs-2023/de1-soc-demo/sw/nios/cig_app_0/de1_soc_nios_cigarette_0_bsp/\libhal_bsp.a(altera_avalon_jtag_uart_init.o)
 .bss           0x0000000004006008        0x0 d:/Fax/projektovanje_namjenskih_racunarski_struktura/pnrs-2023/de1-soc-demo/sw/nios/cig_app_0/de1_soc_nios_cigarette_0_bsp/\libhal_bsp.a(altera_avalon_jtag_uart_ioctl.o)
 .bss           0x0000000004006008        0x0 d:/Fax/projektovanje_namjenskih_racunarski_struktura/pnrs-2023/de1-soc-demo/sw/nios/cig_app_0/de1_soc_nios_cigarette_0_bsp/\libhal_bsp.a(altera_avalon_jtag_uart_read.o)
 .bss           0x0000000004006008        0x0 d:/Fax/projektovanje_namjenskih_racunarski_struktura/pnrs-2023/de1-soc-demo/sw/nios/cig_app_0/de1_soc_nios_cigarette_0_bsp/\libhal_bsp.a(altera_avalon_jtag_uart_write.o)
 .bss           0x0000000004006008        0x0 d:/Fax/projektovanje_namjenskih_racunarski_struktura/pnrs-2023/de1-soc-demo/sw/nios/cig_app_0/de1_soc_nios_cigarette_0_bsp/\libhal_bsp.a(altera_avalon_mailbox_simple.o)
 .bss           0x0000000004006008        0x0 d:/Fax/projektovanje_namjenskih_racunarski_struktura/pnrs-2023/de1-soc-demo/sw/nios/cig_app_0/de1_soc_nios_cigarette_0_bsp/\libhal_bsp.a(altera_avalon_mutex.o)
 .bss           0x0000000004006008        0x0 d:/Fax/projektovanje_namjenskih_racunarski_struktura/pnrs-2023/de1-soc-demo/sw/nios/cig_app_0/de1_soc_nios_cigarette_0_bsp/\libhal_bsp.a(alt_alarm_start.o)
 .bss           0x0000000004006008        0x0 d:/Fax/projektovanje_namjenskih_racunarski_struktura/pnrs-2023/de1-soc-demo/sw/nios/cig_app_0/de1_soc_nios_cigarette_0_bsp/\libhal_bsp.a(alt_close.o)
 .bss           0x0000000004006008        0x0 d:/Fax/projektovanje_namjenskih_racunarski_struktura/pnrs-2023/de1-soc-demo/sw/nios/cig_app_0/de1_soc_nios_cigarette_0_bsp/\libhal_bsp.a(alt_dcache_flush_all.o)
 .bss           0x0000000004006008        0x0 d:/Fax/projektovanje_namjenskih_racunarski_struktura/pnrs-2023/de1-soc-demo/sw/nios/cig_app_0/de1_soc_nios_cigarette_0_bsp/\libhal_bsp.a(alt_dev.o)
 .bss           0x0000000004006008        0x0 d:/Fax/projektovanje_namjenskih_racunarski_struktura/pnrs-2023/de1-soc-demo/sw/nios/cig_app_0/de1_soc_nios_cigarette_0_bsp/\libhal_bsp.a(alt_dev_llist_insert.o)
 .bss           0x0000000004006008        0x0 d:/Fax/projektovanje_namjenskih_racunarski_struktura/pnrs-2023/de1-soc-demo/sw/nios/cig_app_0/de1_soc_nios_cigarette_0_bsp/\libhal_bsp.a(alt_do_ctors.o)
 .bss           0x0000000004006008        0x0 d:/Fax/projektovanje_namjenskih_racunarski_struktura/pnrs-2023/de1-soc-demo/sw/nios/cig_app_0/de1_soc_nios_cigarette_0_bsp/\libhal_bsp.a(alt_do_dtors.o)
 .bss           0x0000000004006008        0x0 d:/Fax/projektovanje_namjenskih_racunarski_struktura/pnrs-2023/de1-soc-demo/sw/nios/cig_app_0/de1_soc_nios_cigarette_0_bsp/\libhal_bsp.a(alt_errno.o)
 .bss           0x0000000004006008        0x0 d:/Fax/projektovanje_namjenskih_racunarski_struktura/pnrs-2023/de1-soc-demo/sw/nios/cig_app_0/de1_soc_nios_cigarette_0_bsp/\libhal_bsp.a(alt_find_dev.o)
 .bss           0x0000000004006008        0x0 d:/Fax/projektovanje_namjenskih_racunarski_struktura/pnrs-2023/de1-soc-demo/sw/nios/cig_app_0/de1_soc_nios_cigarette_0_bsp/\libhal_bsp.a(alt_icache_flush_all.o)
 .bss           0x0000000004006008        0x0 d:/Fax/projektovanje_namjenskih_racunarski_struktura/pnrs-2023/de1-soc-demo/sw/nios/cig_app_0/de1_soc_nios_cigarette_0_bsp/\libhal_bsp.a(alt_iic.o)
 .bss           0x0000000004006008        0x0 d:/Fax/projektovanje_namjenskih_racunarski_struktura/pnrs-2023/de1-soc-demo/sw/nios/cig_app_0/de1_soc_nios_cigarette_0_bsp/\libhal_bsp.a(alt_iic_isr_register.o)
 .bss           0x0000000004006008        0x0 d:/Fax/projektovanje_namjenskih_racunarski_struktura/pnrs-2023/de1-soc-demo/sw/nios/cig_app_0/de1_soc_nios_cigarette_0_bsp/\libhal_bsp.a(alt_io_redirect.o)
 .bss           0x0000000004006008        0x0 d:/Fax/projektovanje_namjenskih_racunarski_struktura/pnrs-2023/de1-soc-demo/sw/nios/cig_app_0/de1_soc_nios_cigarette_0_bsp/\libhal_bsp.a(alt_irq_entry.o)
 .bss           0x0000000004006008      0x100 d:/Fax/projektovanje_namjenskih_racunarski_struktura/pnrs-2023/de1-soc-demo/sw/nios/cig_app_0/de1_soc_nios_cigarette_0_bsp/\libhal_bsp.a(alt_irq_handler.o)
                0x0000000004006008                alt_irq
 .bss           0x0000000004006108        0x0 d:/Fax/projektovanje_namjenskih_racunarski_struktura/pnrs-2023/de1-soc-demo/sw/nios/cig_app_0/de1_soc_nios_cigarette_0_bsp/\libhal_bsp.a(alt_irq_vars.o)
 .bss           0x0000000004006108        0x0 d:/Fax/projektovanje_namjenskih_racunarski_struktura/pnrs-2023/de1-soc-demo/sw/nios/cig_app_0/de1_soc_nios_cigarette_0_bsp/\libhal_bsp.a(alt_open.o)
 .bss           0x0000000004006108        0x0 d:/Fax/projektovanje_namjenskih_racunarski_struktura/pnrs-2023/de1-soc-demo/sw/nios/cig_app_0/de1_soc_nios_cigarette_0_bsp/\libhal_bsp.a(alt_release_fd.o)
 .bss           0x0000000004006108        0x0 d:/Fax/projektovanje_namjenskih_racunarski_struktura/pnrs-2023/de1-soc-demo/sw/nios/cig_app_0/de1_soc_nios_cigarette_0_bsp/\libhal_bsp.a(alt_tick.o)
 .bss           0x0000000004006108        0x0 d:/Fax/projektovanje_namjenskih_racunarski_struktura/pnrs-2023/de1-soc-demo/sw/nios/cig_app_0/de1_soc_nios_cigarette_0_bsp/\libhal_bsp.a(altera_nios2_gen2_irq.o)
 .bss           0x0000000004006108        0x0 d:/Fax/projektovanje_namjenskih_racunarski_struktura/pnrs-2023/de1-soc-demo/sw/nios/cig_app_0/de1_soc_nios_cigarette_0_bsp/\libhal_bsp.a(alt_exception_entry.o)
 .bss           0x0000000004006108        0x0 d:/Fax/projektovanje_namjenskih_racunarski_struktura/pnrs-2023/de1-soc-demo/sw/nios/cig_app_0/de1_soc_nios_cigarette_0_bsp/\libhal_bsp.a(alt_find_file.o)
 .bss           0x0000000004006108        0x0 d:/Fax/projektovanje_namjenskih_racunarski_struktura/pnrs-2023/de1-soc-demo/sw/nios/cig_app_0/de1_soc_nios_cigarette_0_bsp/\libhal_bsp.a(alt_get_fd.o)
 .bss           0x0000000004006108        0x0 d:/Fax/projektovanje_namjenskih_racunarski_struktura/pnrs-2023/de1-soc-demo/sw/nios/cig_app_0/de1_soc_nios_cigarette_0_bsp/\libhal_bsp.a(alt_instruction_exception_entry.o)
 .bss           0x0000000004006108        0x0 c:/intelfpga_lite/20.1/nios2eds/bin/gnu/h-x86_64-mingw32/bin/../lib/gcc/nios2-elf/10.1.1/../../../../../H-x86_64-mingw32/nios2-elf/lib/mno-hw-mul\libc.a(lib_a-atexit.o)
 .bss           0x0000000004006108        0x0 c:/intelfpga_lite/20.1/nios2eds/bin/gnu/h-x86_64-mingw32/bin/../lib/gcc/nios2-elf/10.1.1/../../../../../H-x86_64-mingw32/nios2-elf/lib/mno-hw-mul\libc.a(lib_a-exit.o)
 .bss           0x0000000004006108        0x0 c:/intelfpga_lite/20.1/nios2eds/bin/gnu/h-x86_64-mingw32/bin/../lib/gcc/nios2-elf/10.1.1/../../../../../H-x86_64-mingw32/nios2-elf/lib/mno-hw-mul\libc.a(lib_a-impure.o)
 .bss           0x0000000004006108        0x0 c:/intelfpga_lite/20.1/nios2eds/bin/gnu/h-x86_64-mingw32/bin/../lib/gcc/nios2-elf/10.1.1/../../../../../H-x86_64-mingw32/nios2-elf/lib/mno-hw-mul\libc.a(lib_a-int_errno.o)
 .bss           0x0000000004006108        0x0 c:/intelfpga_lite/20.1/nios2eds/bin/gnu/h-x86_64-mingw32/bin/../lib/gcc/nios2-elf/10.1.1/../../../../../H-x86_64-mingw32/nios2-elf/lib/mno-hw-mul\libc.a(lib_a-memcmp.o)
 .bss           0x0000000004006108        0x0 c:/intelfpga_lite/20.1/nios2eds/bin/gnu/h-x86_64-mingw32/bin/../lib/gcc/nios2-elf/10.1.1/../../../../../H-x86_64-mingw32/nios2-elf/lib/mno-hw-mul\libc.a(lib_a-memcpy.o)
 .bss           0x0000000004006108        0x0 c:/intelfpga_lite/20.1/nios2eds/bin/gnu/h-x86_64-mingw32/bin/../lib/gcc/nios2-elf/10.1.1/../../../../../H-x86_64-mingw32/nios2-elf/lib/mno-hw-mul\libc.a(lib_a-strlen.o)
 .bss           0x0000000004006108        0x0 c:/intelfpga_lite/20.1/nios2eds/bin/gnu/h-x86_64-mingw32/bin/../lib/gcc/nios2-elf/10.1.1/../../../../../H-x86_64-mingw32/nios2-elf/lib/mno-hw-mul\libc.a(lib_a-__atexit.o)
 .bss           0x0000000004006108        0x0 c:/intelfpga_lite/20.1/nios2eds/bin/gnu/h-x86_64-mingw32/bin/../lib/gcc/nios2-elf/10.1.1/../../../../../H-x86_64-mingw32/nios2-elf/lib/mno-hw-mul\libc.a(lib_a-__call_atexit.o)
 .bss           0x0000000004006108        0x0 d:/Fax/projektovanje_namjenskih_racunarski_struktura/pnrs-2023/de1-soc-demo/sw/nios/cig_app_0/de1_soc_nios_cigarette_0_bsp/\libhal_bsp.a(alt_exit.o)
 *(COMMON)
                0x0000000004006108                . = ALIGN (0x4)
                0x0000000004006108                __bss_end = ABSOLUTE (.)

.sdram_controller_0
                0x0000000004006108        0x0
                [!provide]                        PROVIDE (_alt_partition_sdram_controller_0_start = ABSOLUTE (.))
 *(.sdram_controller_0 .sdram_controller_0. sdram_controller_0.*)
                0x0000000004006108                . = ALIGN (0x4)
                [!provide]                        PROVIDE (_alt_partition_sdram_controller_0_end = ABSOLUTE (.))
                0x0000000004006108                _end = ABSOLUTE (.)
                0x0000000004006108                end = ABSOLUTE (.)
                0x0000000004006108                __alt_stack_base = ABSOLUTE (.)
                [!provide]                        PROVIDE (_alt_partition_sdram_controller_0_load_addr = LOADADDR (.sdram_controller_0))

.stab
 *(.stab)

.stabstr
 *(.stabstr)

.stab.excl
 *(.stab.excl)

.stab.exclstr
 *(.stab.exclstr)

.stab.index
 *(.stab.index)

.stab.indexstr
 *(.stab.indexstr)

.comment        0x0000000000000000       0x2d
 *(.comment)
 .comment       0x0000000000000000       0x2d obj/default/paper.o
                                         0x2e (size before relaxing)
 .comment       0x000000000000002d       0x2e d:/Fax/projektovanje_namjenskih_racunarski_struktura/pnrs-2023/de1-soc-demo/sw/nios/cig_app_0/de1_soc_nios_cigarette_0_bsp/\libhal_bsp.a(alt_load.o)
 .comment       0x000000000000002d       0x2e d:/Fax/projektovanje_namjenskih_racunarski_struktura/pnrs-2023/de1-soc-demo/sw/nios/cig_app_0/de1_soc_nios_cigarette_0_bsp/\libhal_bsp.a(alt_main.o)
 .comment       0x000000000000002d       0x2e d:/Fax/projektovanje_namjenskih_racunarski_struktura/pnrs-2023/de1-soc-demo/sw/nios/cig_app_0/de1_soc_nios_cigarette_0_bsp/\libhal_bsp.a(alt_sys_init.o)
 .comment       0x000000000000002d       0x2e d:/Fax/projektovanje_namjenskih_racunarski_struktura/pnrs-2023/de1-soc-demo/sw/nios/cig_app_0/de1_soc_nios_cigarette_0_bsp/\libhal_bsp.a(altera_avalon_jtag_uart_fd.o)
 .comment       0x000000000000002d       0x2e d:/Fax/projektovanje_namjenskih_racunarski_struktura/pnrs-2023/de1-soc-demo/sw/nios/cig_app_0/de1_soc_nios_cigarette_0_bsp/\libhal_bsp.a(altera_avalon_jtag_uart_init.o)
 .comment       0x000000000000002d       0x2e d:/Fax/projektovanje_namjenskih_racunarski_struktura/pnrs-2023/de1-soc-demo/sw/nios/cig_app_0/de1_soc_nios_cigarette_0_bsp/\libhal_bsp.a(altera_avalon_jtag_uart_ioctl.o)
 .comment       0x000000000000002d       0x2e d:/Fax/projektovanje_namjenskih_racunarski_struktura/pnrs-2023/de1-soc-demo/sw/nios/cig_app_0/de1_soc_nios_cigarette_0_bsp/\libhal_bsp.a(altera_avalon_jtag_uart_read.o)
 .comment       0x000000000000002d       0x2e d:/Fax/projektovanje_namjenskih_racunarski_struktura/pnrs-2023/de1-soc-demo/sw/nios/cig_app_0/de1_soc_nios_cigarette_0_bsp/\libhal_bsp.a(altera_avalon_jtag_uart_write.o)
 .comment       0x000000000000002d       0x2e d:/Fax/projektovanje_namjenskih_racunarski_struktura/pnrs-2023/de1-soc-demo/sw/nios/cig_app_0/de1_soc_nios_cigarette_0_bsp/\libhal_bsp.a(altera_avalon_mailbox_simple.o)
 .comment       0x000000000000002d       0x2e d:/Fax/projektovanje_namjenskih_racunarski_struktura/pnrs-2023/de1-soc-demo/sw/nios/cig_app_0/de1_soc_nios_cigarette_0_bsp/\libhal_bsp.a(altera_avalon_mutex.o)
 .comment       0x000000000000002d       0x2e d:/Fax/projektovanje_namjenskih_racunarski_struktura/pnrs-2023/de1-soc-demo/sw/nios/cig_app_0/de1_soc_nios_cigarette_0_bsp/\libhal_bsp.a(alt_alarm_start.o)
 .comment       0x000000000000002d       0x2e d:/Fax/projektovanje_namjenskih_racunarski_struktura/pnrs-2023/de1-soc-demo/sw/nios/cig_app_0/de1_soc_nios_cigarette_0_bsp/\libhal_bsp.a(alt_close.o)
 .comment       0x000000000000002d       0x2e d:/Fax/projektovanje_namjenskih_racunarski_struktura/pnrs-2023/de1-soc-demo/sw/nios/cig_app_0/de1_soc_nios_cigarette_0_bsp/\libhal_bsp.a(alt_dcache_flush_all.o)
 .comment       0x000000000000002d       0x2e d:/Fax/projektovanje_namjenskih_racunarski_struktura/pnrs-2023/de1-soc-demo/sw/nios/cig_app_0/de1_soc_nios_cigarette_0_bsp/\libhal_bsp.a(alt_dev.o)
 .comment       0x000000000000002d       0x2e d:/Fax/projektovanje_namjenskih_racunarski_struktura/pnrs-2023/de1-soc-demo/sw/nios/cig_app_0/de1_soc_nios_cigarette_0_bsp/\libhal_bsp.a(alt_dev_llist_insert.o)
 .comment       0x000000000000002d       0x2e d:/Fax/projektovanje_namjenskih_racunarski_struktura/pnrs-2023/de1-soc-demo/sw/nios/cig_app_0/de1_soc_nios_cigarette_0_bsp/\libhal_bsp.a(alt_do_ctors.o)
 .comment       0x000000000000002d       0x2e d:/Fax/projektovanje_namjenskih_racunarski_struktura/pnrs-2023/de1-soc-demo/sw/nios/cig_app_0/de1_soc_nios_cigarette_0_bsp/\libhal_bsp.a(alt_do_dtors.o)
 .comment       0x000000000000002d       0x2e d:/Fax/projektovanje_namjenskih_racunarski_struktura/pnrs-2023/de1-soc-demo/sw/nios/cig_app_0/de1_soc_nios_cigarette_0_bsp/\libhal_bsp.a(alt_errno.o)
 .comment       0x000000000000002d       0x2e d:/Fax/projektovanje_namjenskih_racunarski_struktura/pnrs-2023/de1-soc-demo/sw/nios/cig_app_0/de1_soc_nios_cigarette_0_bsp/\libhal_bsp.a(alt_find_dev.o)
 .comment       0x000000000000002d       0x2e d:/Fax/projektovanje_namjenskih_racunarski_struktura/pnrs-2023/de1-soc-demo/sw/nios/cig_app_0/de1_soc_nios_cigarette_0_bsp/\libhal_bsp.a(alt_icache_flush_all.o)
 .comment       0x000000000000002d       0x2e d:/Fax/projektovanje_namjenskih_racunarski_struktura/pnrs-2023/de1-soc-demo/sw/nios/cig_app_0/de1_soc_nios_cigarette_0_bsp/\libhal_bsp.a(alt_iic.o)
 .comment       0x000000000000002d       0x2e d:/Fax/projektovanje_namjenskih_racunarski_struktura/pnrs-2023/de1-soc-demo/sw/nios/cig_app_0/de1_soc_nios_cigarette_0_bsp/\libhal_bsp.a(alt_iic_isr_register.o)
 .comment       0x000000000000002d       0x2e d:/Fax/projektovanje_namjenskih_racunarski_struktura/pnrs-2023/de1-soc-demo/sw/nios/cig_app_0/de1_soc_nios_cigarette_0_bsp/\libhal_bsp.a(alt_io_redirect.o)
 .comment       0x000000000000002d       0x2e d:/Fax/projektovanje_namjenskih_racunarski_struktura/pnrs-2023/de1-soc-demo/sw/nios/cig_app_0/de1_soc_nios_cigarette_0_bsp/\libhal_bsp.a(alt_irq_handler.o)
 .comment       0x000000000000002d       0x2e d:/Fax/projektovanje_namjenskih_racunarski_struktura/pnrs-2023/de1-soc-demo/sw/nios/cig_app_0/de1_soc_nios_cigarette_0_bsp/\libhal_bsp.a(alt_irq_vars.o)
 .comment       0x000000000000002d       0x2e d:/Fax/projektovanje_namjenskih_racunarski_struktura/pnrs-2023/de1-soc-demo/sw/nios/cig_app_0/de1_soc_nios_cigarette_0_bsp/\libhal_bsp.a(alt_open.o)
 .comment       0x000000000000002d       0x2e d:/Fax/projektovanje_namjenskih_racunarski_struktura/pnrs-2023/de1-soc-demo/sw/nios/cig_app_0/de1_soc_nios_cigarette_0_bsp/\libhal_bsp.a(alt_release_fd.o)
 .comment       0x000000000000002d       0x2e d:/Fax/projektovanje_namjenskih_racunarski_struktura/pnrs-2023/de1-soc-demo/sw/nios/cig_app_0/de1_soc_nios_cigarette_0_bsp/\libhal_bsp.a(alt_tick.o)
 .comment       0x000000000000002d       0x2e d:/Fax/projektovanje_namjenskih_racunarski_struktura/pnrs-2023/de1-soc-demo/sw/nios/cig_app_0/de1_soc_nios_cigarette_0_bsp/\libhal_bsp.a(altera_nios2_gen2_irq.o)
 .comment       0x000000000000002d       0x2e d:/Fax/projektovanje_namjenskih_racunarski_struktura/pnrs-2023/de1-soc-demo/sw/nios/cig_app_0/de1_soc_nios_cigarette_0_bsp/\libhal_bsp.a(alt_find_file.o)
 .comment       0x000000000000002d       0x2e d:/Fax/projektovanje_namjenskih_racunarski_struktura/pnrs-2023/de1-soc-demo/sw/nios/cig_app_0/de1_soc_nios_cigarette_0_bsp/\libhal_bsp.a(alt_get_fd.o)
 .comment       0x000000000000002d       0x2e d:/Fax/projektovanje_namjenskih_racunarski_struktura/pnrs-2023/de1-soc-demo/sw/nios/cig_app_0/de1_soc_nios_cigarette_0_bsp/\libhal_bsp.a(alt_instruction_exception_entry.o)
 .comment       0x000000000000002d       0x2e c:/intelfpga_lite/20.1/nios2eds/bin/gnu/h-x86_64-mingw32/bin/../lib/gcc/nios2-elf/10.1.1/../../../../../H-x86_64-mingw32/nios2-elf/lib/mno-hw-mul\libc.a(lib_a-atexit.o)
 .comment       0x000000000000002d       0x2e c:/intelfpga_lite/20.1/nios2eds/bin/gnu/h-x86_64-mingw32/bin/../lib/gcc/nios2-elf/10.1.1/../../../../../H-x86_64-mingw32/nios2-elf/lib/mno-hw-mul\libc.a(lib_a-exit.o)
 .comment       0x000000000000002d       0x2e c:/intelfpga_lite/20.1/nios2eds/bin/gnu/h-x86_64-mingw32/bin/../lib/gcc/nios2-elf/10.1.1/../../../../../H-x86_64-mingw32/nios2-elf/lib/mno-hw-mul\libc.a(lib_a-impure.o)
 .comment       0x000000000000002d       0x2e c:/intelfpga_lite/20.1/nios2eds/bin/gnu/h-x86_64-mingw32/bin/../lib/gcc/nios2-elf/10.1.1/../../../../../H-x86_64-mingw32/nios2-elf/lib/mno-hw-mul\libc.a(lib_a-int_errno.o)
 .comment       0x000000000000002d       0x2e c:/intelfpga_lite/20.1/nios2eds/bin/gnu/h-x86_64-mingw32/bin/../lib/gcc/nios2-elf/10.1.1/../../../../../H-x86_64-mingw32/nios2-elf/lib/mno-hw-mul\libc.a(lib_a-memcmp.o)
 .comment       0x000000000000002d       0x2e c:/intelfpga_lite/20.1/nios2eds/bin/gnu/h-x86_64-mingw32/bin/../lib/gcc/nios2-elf/10.1.1/../../../../../H-x86_64-mingw32/nios2-elf/lib/mno-hw-mul\libc.a(lib_a-memcpy.o)
 .comment       0x000000000000002d       0x2e c:/intelfpga_lite/20.1/nios2eds/bin/gnu/h-x86_64-mingw32/bin/../lib/gcc/nios2-elf/10.1.1/../../../../../H-x86_64-mingw32/nios2-elf/lib/mno-hw-mul\libc.a(lib_a-strlen.o)
 .comment       0x000000000000002d       0x2e c:/intelfpga_lite/20.1/nios2eds/bin/gnu/h-x86_64-mingw32/bin/../lib/gcc/nios2-elf/10.1.1/../../../../../H-x86_64-mingw32/nios2-elf/lib/mno-hw-mul\libc.a(lib_a-__atexit.o)
 .comment       0x000000000000002d       0x2e c:/intelfpga_lite/20.1/nios2eds/bin/gnu/h-x86_64-mingw32/bin/../lib/gcc/nios2-elf/10.1.1/../../../../../H-x86_64-mingw32/nios2-elf/lib/mno-hw-mul\libc.a(lib_a-__call_atexit.o)
 .comment       0x000000000000002d       0x2e d:/Fax/projektovanje_namjenskih_racunarski_struktura/pnrs-2023/de1-soc-demo/sw/nios/cig_app_0/de1_soc_nios_cigarette_0_bsp/\libhal_bsp.a(alt_exit.o)

.debug
 *(.debug)

.line
 *(.line)

.debug_srcinfo
 *(.debug_srcinfo)

.debug_sfnames
 *(.debug_sfnames)

.debug_aranges  0x0000000000000000      0x5d8
 *(.debug_aranges)
 .debug_aranges
                0x0000000000000000       0x28 d:/Fax/projektovanje_namjenskih_racunarski_struktura/pnrs-2023/de1-soc-demo/sw/nios/cig_app_0/de1_soc_nios_cigarette_0_bsp//obj/HAL/src/crt0.o
 .debug_aranges
                0x0000000000000028       0x20 obj/default/paper.o
 .debug_aranges
                0x0000000000000048       0x20 d:/Fax/projektovanje_namjenskih_racunarski_struktura/pnrs-2023/de1-soc-demo/sw/nios/cig_app_0/de1_soc_nios_cigarette_0_bsp/\libhal_bsp.a(alt_load.o)
 .debug_aranges
                0x0000000000000068       0x20 d:/Fax/projektovanje_namjenskih_racunarski_struktura/pnrs-2023/de1-soc-demo/sw/nios/cig_app_0/de1_soc_nios_cigarette_0_bsp/\libhal_bsp.a(alt_main.o)
 .debug_aranges
                0x0000000000000088       0x20 d:/Fax/projektovanje_namjenskih_racunarski_struktura/pnrs-2023/de1-soc-demo/sw/nios/cig_app_0/de1_soc_nios_cigarette_0_bsp/\libhal_bsp.a(alt_sys_init.o)
 .debug_aranges
                0x00000000000000a8       0x20 d:/Fax/projektovanje_namjenskih_racunarski_struktura/pnrs-2023/de1-soc-demo/sw/nios/cig_app_0/de1_soc_nios_cigarette_0_bsp/\libhal_bsp.a(altera_avalon_jtag_uart_fd.o)
 .debug_aranges
                0x00000000000000c8       0x20 d:/Fax/projektovanje_namjenskih_racunarski_struktura/pnrs-2023/de1-soc-demo/sw/nios/cig_app_0/de1_soc_nios_cigarette_0_bsp/\libhal_bsp.a(altera_avalon_jtag_uart_init.o)
 .debug_aranges
                0x00000000000000e8       0x20 d:/Fax/projektovanje_namjenskih_racunarski_struktura/pnrs-2023/de1-soc-demo/sw/nios/cig_app_0/de1_soc_nios_cigarette_0_bsp/\libhal_bsp.a(altera_avalon_jtag_uart_ioctl.o)
 .debug_aranges
                0x0000000000000108       0x20 d:/Fax/projektovanje_namjenskih_racunarski_struktura/pnrs-2023/de1-soc-demo/sw/nios/cig_app_0/de1_soc_nios_cigarette_0_bsp/\libhal_bsp.a(altera_avalon_jtag_uart_read.o)
 .debug_aranges
                0x0000000000000128       0x20 d:/Fax/projektovanje_namjenskih_racunarski_struktura/pnrs-2023/de1-soc-demo/sw/nios/cig_app_0/de1_soc_nios_cigarette_0_bsp/\libhal_bsp.a(altera_avalon_jtag_uart_write.o)
 .debug_aranges
                0x0000000000000148       0x20 d:/Fax/projektovanje_namjenskih_racunarski_struktura/pnrs-2023/de1-soc-demo/sw/nios/cig_app_0/de1_soc_nios_cigarette_0_bsp/\libhal_bsp.a(altera_avalon_mailbox_simple.o)
 .debug_aranges
                0x0000000000000168       0x20 d:/Fax/projektovanje_namjenskih_racunarski_struktura/pnrs-2023/de1-soc-demo/sw/nios/cig_app_0/de1_soc_nios_cigarette_0_bsp/\libhal_bsp.a(altera_avalon_mutex.o)
 .debug_aranges
                0x0000000000000188       0x20 d:/Fax/projektovanje_namjenskih_racunarski_struktura/pnrs-2023/de1-soc-demo/sw/nios/cig_app_0/de1_soc_nios_cigarette_0_bsp/\libhal_bsp.a(alt_alarm_start.o)
 .debug_aranges
                0x00000000000001a8       0x20 d:/Fax/projektovanje_namjenskih_racunarski_struktura/pnrs-2023/de1-soc-demo/sw/nios/cig_app_0/de1_soc_nios_cigarette_0_bsp/\libhal_bsp.a(alt_close.o)
 .debug_aranges
                0x00000000000001c8       0x20 d:/Fax/projektovanje_namjenskih_racunarski_struktura/pnrs-2023/de1-soc-demo/sw/nios/cig_app_0/de1_soc_nios_cigarette_0_bsp/\libhal_bsp.a(alt_dcache_flush_all.o)
 .debug_aranges
                0x00000000000001e8       0x20 d:/Fax/projektovanje_namjenskih_racunarski_struktura/pnrs-2023/de1-soc-demo/sw/nios/cig_app_0/de1_soc_nios_cigarette_0_bsp/\libhal_bsp.a(alt_dev.o)
 .debug_aranges
                0x0000000000000208       0x20 d:/Fax/projektovanje_namjenskih_racunarski_struktura/pnrs-2023/de1-soc-demo/sw/nios/cig_app_0/de1_soc_nios_cigarette_0_bsp/\libhal_bsp.a(alt_dev_llist_insert.o)
 .debug_aranges
                0x0000000000000228       0x20 d:/Fax/projektovanje_namjenskih_racunarski_struktura/pnrs-2023/de1-soc-demo/sw/nios/cig_app_0/de1_soc_nios_cigarette_0_bsp/\libhal_bsp.a(alt_do_ctors.o)
 .debug_aranges
                0x0000000000000248       0x20 d:/Fax/projektovanje_namjenskih_racunarski_struktura/pnrs-2023/de1-soc-demo/sw/nios/cig_app_0/de1_soc_nios_cigarette_0_bsp/\libhal_bsp.a(alt_do_dtors.o)
 .debug_aranges
                0x0000000000000268       0x18 d:/Fax/projektovanje_namjenskih_racunarski_struktura/pnrs-2023/de1-soc-demo/sw/nios/cig_app_0/de1_soc_nios_cigarette_0_bsp/\libhal_bsp.a(alt_errno.o)
 .debug_aranges
                0x0000000000000280       0x20 d:/Fax/projektovanje_namjenskih_racunarski_struktura/pnrs-2023/de1-soc-demo/sw/nios/cig_app_0/de1_soc_nios_cigarette_0_bsp/\libhal_bsp.a(alt_find_dev.o)
 .debug_aranges
                0x00000000000002a0       0x20 d:/Fax/projektovanje_namjenskih_racunarski_struktura/pnrs-2023/de1-soc-demo/sw/nios/cig_app_0/de1_soc_nios_cigarette_0_bsp/\libhal_bsp.a(alt_icache_flush_all.o)
 .debug_aranges
                0x00000000000002c0       0x20 d:/Fax/projektovanje_namjenskih_racunarski_struktura/pnrs-2023/de1-soc-demo/sw/nios/cig_app_0/de1_soc_nios_cigarette_0_bsp/\libhal_bsp.a(alt_iic.o)
 .debug_aranges
                0x00000000000002e0       0x20 d:/Fax/projektovanje_namjenskih_racunarski_struktura/pnrs-2023/de1-soc-demo/sw/nios/cig_app_0/de1_soc_nios_cigarette_0_bsp/\libhal_bsp.a(alt_iic_isr_register.o)
 .debug_aranges
                0x0000000000000300       0x20 d:/Fax/projektovanje_namjenskih_racunarski_struktura/pnrs-2023/de1-soc-demo/sw/nios/cig_app_0/de1_soc_nios_cigarette_0_bsp/\libhal_bsp.a(alt_io_redirect.o)
 .debug_aranges
                0x0000000000000320       0x30 d:/Fax/projektovanje_namjenskih_racunarski_struktura/pnrs-2023/de1-soc-demo/sw/nios/cig_app_0/de1_soc_nios_cigarette_0_bsp/\libhal_bsp.a(alt_irq_entry.o)
 .debug_aranges
                0x0000000000000350       0x20 d:/Fax/projektovanje_namjenskih_racunarski_struktura/pnrs-2023/de1-soc-demo/sw/nios/cig_app_0/de1_soc_nios_cigarette_0_bsp/\libhal_bsp.a(alt_irq_handler.o)
 .debug_aranges
                0x0000000000000370       0x18 d:/Fax/projektovanje_namjenskih_racunarski_struktura/pnrs-2023/de1-soc-demo/sw/nios/cig_app_0/de1_soc_nios_cigarette_0_bsp/\libhal_bsp.a(alt_irq_vars.o)
 .debug_aranges
                0x0000000000000388       0x20 d:/Fax/projektovanje_namjenskih_racunarski_struktura/pnrs-2023/de1-soc-demo/sw/nios/cig_app_0/de1_soc_nios_cigarette_0_bsp/\libhal_bsp.a(alt_open.o)
 .debug_aranges
                0x00000000000003a8       0x20 d:/Fax/projektovanje_namjenskih_racunarski_struktura/pnrs-2023/de1-soc-demo/sw/nios/cig_app_0/de1_soc_nios_cigarette_0_bsp/\libhal_bsp.a(alt_release_fd.o)
 .debug_aranges
                0x00000000000003c8       0x20 d:/Fax/projektovanje_namjenskih_racunarski_struktura/pnrs-2023/de1-soc-demo/sw/nios/cig_app_0/de1_soc_nios_cigarette_0_bsp/\libhal_bsp.a(alt_tick.o)
 .debug_aranges
                0x00000000000003e8       0x20 d:/Fax/projektovanje_namjenskih_racunarski_struktura/pnrs-2023/de1-soc-demo/sw/nios/cig_app_0/de1_soc_nios_cigarette_0_bsp/\libhal_bsp.a(altera_nios2_gen2_irq.o)
 .debug_aranges
                0x0000000000000408       0x38 d:/Fax/projektovanje_namjenskih_racunarski_struktura/pnrs-2023/de1-soc-demo/sw/nios/cig_app_0/de1_soc_nios_cigarette_0_bsp/\libhal_bsp.a(alt_exception_entry.o)
 .debug_aranges
                0x0000000000000440       0x20 d:/Fax/projektovanje_namjenskih_racunarski_struktura/pnrs-2023/de1-soc-demo/sw/nios/cig_app_0/de1_soc_nios_cigarette_0_bsp/\libhal_bsp.a(alt_find_file.o)
 .debug_aranges
                0x0000000000000460       0x20 d:/Fax/projektovanje_namjenskih_racunarski_struktura/pnrs-2023/de1-soc-demo/sw/nios/cig_app_0/de1_soc_nios_cigarette_0_bsp/\libhal_bsp.a(alt_get_fd.o)
 .debug_aranges
                0x0000000000000480       0x28 d:/Fax/projektovanje_namjenskih_racunarski_struktura/pnrs-2023/de1-soc-demo/sw/nios/cig_app_0/de1_soc_nios_cigarette_0_bsp/\libhal_bsp.a(alt_instruction_exception_entry.o)
 .debug_aranges
                0x00000000000004a8       0x20 c:/intelfpga_lite/20.1/nios2eds/bin/gnu/h-x86_64-mingw32/bin/../lib/gcc/nios2-elf/10.1.1/../../../../../H-x86_64-mingw32/nios2-elf/lib/mno-hw-mul\libc.a(lib_a-atexit.o)
 .debug_aranges
                0x00000000000004c8       0x20 c:/intelfpga_lite/20.1/nios2eds/bin/gnu/h-x86_64-mingw32/bin/../lib/gcc/nios2-elf/10.1.1/../../../../../H-x86_64-mingw32/nios2-elf/lib/mno-hw-mul\libc.a(lib_a-exit.o)
 .debug_aranges
                0x00000000000004e8       0x18 c:/intelfpga_lite/20.1/nios2eds/bin/gnu/h-x86_64-mingw32/bin/../lib/gcc/nios2-elf/10.1.1/../../../../../H-x86_64-mingw32/nios2-elf/lib/mno-hw-mul\libc.a(lib_a-impure.o)
 .debug_aranges
                0x0000000000000500       0x18 c:/intelfpga_lite/20.1/nios2eds/bin/gnu/h-x86_64-mingw32/bin/../lib/gcc/nios2-elf/10.1.1/../../../../../H-x86_64-mingw32/nios2-elf/lib/mno-hw-mul\libc.a(lib_a-int_errno.o)
 .debug_aranges
                0x0000000000000518       0x20 c:/intelfpga_lite/20.1/nios2eds/bin/gnu/h-x86_64-mingw32/bin/../lib/gcc/nios2-elf/10.1.1/../../../../../H-x86_64-mingw32/nios2-elf/lib/mno-hw-mul\libc.a(lib_a-memcmp.o)
 .debug_aranges
                0x0000000000000538       0x20 c:/intelfpga_lite/20.1/nios2eds/bin/gnu/h-x86_64-mingw32/bin/../lib/gcc/nios2-elf/10.1.1/../../../../../H-x86_64-mingw32/nios2-elf/lib/mno-hw-mul\libc.a(lib_a-memcpy.o)
 .debug_aranges
                0x0000000000000558       0x20 c:/intelfpga_lite/20.1/nios2eds/bin/gnu/h-x86_64-mingw32/bin/../lib/gcc/nios2-elf/10.1.1/../../../../../H-x86_64-mingw32/nios2-elf/lib/mno-hw-mul\libc.a(lib_a-strlen.o)
 .debug_aranges
                0x0000000000000578       0x20 c:/intelfpga_lite/20.1/nios2eds/bin/gnu/h-x86_64-mingw32/bin/../lib/gcc/nios2-elf/10.1.1/../../../../../H-x86_64-mingw32/nios2-elf/lib/mno-hw-mul\libc.a(lib_a-__atexit.o)
 .debug_aranges
                0x0000000000000598       0x20 c:/intelfpga_lite/20.1/nios2eds/bin/gnu/h-x86_64-mingw32/bin/../lib/gcc/nios2-elf/10.1.1/../../../../../H-x86_64-mingw32/nios2-elf/lib/mno-hw-mul\libc.a(lib_a-__call_atexit.o)
 .debug_aranges
                0x00000000000005b8       0x20 d:/Fax/projektovanje_namjenskih_racunarski_struktura/pnrs-2023/de1-soc-demo/sw/nios/cig_app_0/de1_soc_nios_cigarette_0_bsp/\libhal_bsp.a(alt_exit.o)

.debug_pubnames
 *(.debug_pubnames)

.debug_info     0x0000000000000000     0x895d
 *(.debug_info .gnu.linkonce.wi.*)
 .debug_info    0x0000000000000000       0x22 d:/Fax/projektovanje_namjenskih_racunarski_struktura/pnrs-2023/de1-soc-demo/sw/nios/cig_app_0/de1_soc_nios_cigarette_0_bsp//obj/HAL/src/crt0.o
 .debug_info    0x0000000000000022      0x465 obj/default/paper.o
 .debug_info    0x0000000000000487      0x14d d:/Fax/projektovanje_namjenskih_racunarski_struktura/pnrs-2023/de1-soc-demo/sw/nios/cig_app_0/de1_soc_nios_cigarette_0_bsp/\libhal_bsp.a(alt_load.o)
 .debug_info    0x00000000000005d4       0xef d:/Fax/projektovanje_namjenskih_racunarski_struktura/pnrs-2023/de1-soc-demo/sw/nios/cig_app_0/de1_soc_nios_cigarette_0_bsp/\libhal_bsp.a(alt_main.o)
 .debug_info    0x00000000000006c3      0x71e d:/Fax/projektovanje_namjenskih_racunarski_struktura/pnrs-2023/de1-soc-demo/sw/nios/cig_app_0/de1_soc_nios_cigarette_0_bsp/\libhal_bsp.a(alt_sys_init.o)
 .debug_info    0x0000000000000de1      0x53d d:/Fax/projektovanje_namjenskih_racunarski_struktura/pnrs-2023/de1-soc-demo/sw/nios/cig_app_0/de1_soc_nios_cigarette_0_bsp/\libhal_bsp.a(altera_avalon_jtag_uart_fd.o)
 .debug_info    0x000000000000131e      0x3d0 d:/Fax/projektovanje_namjenskih_racunarski_struktura/pnrs-2023/de1-soc-demo/sw/nios/cig_app_0/de1_soc_nios_cigarette_0_bsp/\libhal_bsp.a(altera_avalon_jtag_uart_init.o)
 .debug_info    0x00000000000016ee      0x273 d:/Fax/projektovanje_namjenskih_racunarski_struktura/pnrs-2023/de1-soc-demo/sw/nios/cig_app_0/de1_soc_nios_cigarette_0_bsp/\libhal_bsp.a(altera_avalon_jtag_uart_ioctl.o)
 .debug_info    0x0000000000001961      0x336 d:/Fax/projektovanje_namjenskih_racunarski_struktura/pnrs-2023/de1-soc-demo/sw/nios/cig_app_0/de1_soc_nios_cigarette_0_bsp/\libhal_bsp.a(altera_avalon_jtag_uart_read.o)
 .debug_info    0x0000000000001c97      0x331 d:/Fax/projektovanje_namjenskih_racunarski_struktura/pnrs-2023/de1-soc-demo/sw/nios/cig_app_0/de1_soc_nios_cigarette_0_bsp/\libhal_bsp.a(altera_avalon_jtag_uart_write.o)
 .debug_info    0x0000000000001fc8      0x839 d:/Fax/projektovanje_namjenskih_racunarski_struktura/pnrs-2023/de1-soc-demo/sw/nios/cig_app_0/de1_soc_nios_cigarette_0_bsp/\libhal_bsp.a(altera_avalon_mailbox_simple.o)
 .debug_info    0x0000000000002801      0x3be d:/Fax/projektovanje_namjenskih_racunarski_struktura/pnrs-2023/de1-soc-demo/sw/nios/cig_app_0/de1_soc_nios_cigarette_0_bsp/\libhal_bsp.a(altera_avalon_mutex.o)
 .debug_info    0x0000000000002bbf      0x2dd d:/Fax/projektovanje_namjenskih_racunarski_struktura/pnrs-2023/de1-soc-demo/sw/nios/cig_app_0/de1_soc_nios_cigarette_0_bsp/\libhal_bsp.a(alt_alarm_start.o)
 .debug_info    0x0000000000002e9c      0x32c d:/Fax/projektovanje_namjenskih_racunarski_struktura/pnrs-2023/de1-soc-demo/sw/nios/cig_app_0/de1_soc_nios_cigarette_0_bsp/\libhal_bsp.a(alt_close.o)
 .debug_info    0x00000000000031c8       0x8c d:/Fax/projektovanje_namjenskih_racunarski_struktura/pnrs-2023/de1-soc-demo/sw/nios/cig_app_0/de1_soc_nios_cigarette_0_bsp/\libhal_bsp.a(alt_dcache_flush_all.o)
 .debug_info    0x0000000000003254      0x57d d:/Fax/projektovanje_namjenskih_racunarski_struktura/pnrs-2023/de1-soc-demo/sw/nios/cig_app_0/de1_soc_nios_cigarette_0_bsp/\libhal_bsp.a(alt_dev.o)
 .debug_info    0x00000000000037d1      0x1b0 d:/Fax/projektovanje_namjenskih_racunarski_struktura/pnrs-2023/de1-soc-demo/sw/nios/cig_app_0/de1_soc_nios_cigarette_0_bsp/\libhal_bsp.a(alt_dev_llist_insert.o)
 .debug_info    0x0000000000003981       0x88 d:/Fax/projektovanje_namjenskih_racunarski_struktura/pnrs-2023/de1-soc-demo/sw/nios/cig_app_0/de1_soc_nios_cigarette_0_bsp/\libhal_bsp.a(alt_do_ctors.o)
 .debug_info    0x0000000000003a09       0x88 d:/Fax/projektovanje_namjenskih_racunarski_struktura/pnrs-2023/de1-soc-demo/sw/nios/cig_app_0/de1_soc_nios_cigarette_0_bsp/\libhal_bsp.a(alt_do_dtors.o)
 .debug_info    0x0000000000003a91       0x9d d:/Fax/projektovanje_namjenskih_racunarski_struktura/pnrs-2023/de1-soc-demo/sw/nios/cig_app_0/de1_soc_nios_cigarette_0_bsp/\libhal_bsp.a(alt_errno.o)
 .debug_info    0x0000000000003b2e      0x2ee d:/Fax/projektovanje_namjenskih_racunarski_struktura/pnrs-2023/de1-soc-demo/sw/nios/cig_app_0/de1_soc_nios_cigarette_0_bsp/\libhal_bsp.a(alt_find_dev.o)
 .debug_info    0x0000000000003e1c       0x8c d:/Fax/projektovanje_namjenskih_racunarski_struktura/pnrs-2023/de1-soc-demo/sw/nios/cig_app_0/de1_soc_nios_cigarette_0_bsp/\libhal_bsp.a(alt_icache_flush_all.o)
 .debug_info    0x0000000000003ea8      0x32c d:/Fax/projektovanje_namjenskih_racunarski_struktura/pnrs-2023/de1-soc-demo/sw/nios/cig_app_0/de1_soc_nios_cigarette_0_bsp/\libhal_bsp.a(alt_iic.o)
 .debug_info    0x00000000000041d4      0x1f0 d:/Fax/projektovanje_namjenskih_racunarski_struktura/pnrs-2023/de1-soc-demo/sw/nios/cig_app_0/de1_soc_nios_cigarette_0_bsp/\libhal_bsp.a(alt_iic_isr_register.o)
 .debug_info    0x00000000000043c4      0x546 d:/Fax/projektovanje_namjenskih_racunarski_struktura/pnrs-2023/de1-soc-demo/sw/nios/cig_app_0/de1_soc_nios_cigarette_0_bsp/\libhal_bsp.a(alt_io_redirect.o)
 .debug_info    0x000000000000490a       0x22 d:/Fax/projektovanje_namjenskih_racunarski_struktura/pnrs-2023/de1-soc-demo/sw/nios/cig_app_0/de1_soc_nios_cigarette_0_bsp/\libhal_bsp.a(alt_irq_entry.o)
 .debug_info    0x000000000000492c      0x175 d:/Fax/projektovanje_namjenskih_racunarski_struktura/pnrs-2023/de1-soc-demo/sw/nios/cig_app_0/de1_soc_nios_cigarette_0_bsp/\libhal_bsp.a(alt_irq_handler.o)
 .debug_info    0x0000000000004aa1       0x8b d:/Fax/projektovanje_namjenskih_racunarski_struktura/pnrs-2023/de1-soc-demo/sw/nios/cig_app_0/de1_soc_nios_cigarette_0_bsp/\libhal_bsp.a(alt_irq_vars.o)
 .debug_info    0x0000000000004b2c      0x3dd d:/Fax/projektovanje_namjenskih_racunarski_struktura/pnrs-2023/de1-soc-demo/sw/nios/cig_app_0/de1_soc_nios_cigarette_0_bsp/\libhal_bsp.a(alt_open.o)
 .debug_info    0x0000000000004f09      0x2b9 d:/Fax/projektovanje_namjenskih_racunarski_struktura/pnrs-2023/de1-soc-demo/sw/nios/cig_app_0/de1_soc_nios_cigarette_0_bsp/\libhal_bsp.a(alt_release_fd.o)
 .debug_info    0x00000000000051c2      0x2bd d:/Fax/projektovanje_namjenskih_racunarski_struktura/pnrs-2023/de1-soc-demo/sw/nios/cig_app_0/de1_soc_nios_cigarette_0_bsp/\libhal_bsp.a(alt_tick.o)
 .debug_info    0x000000000000547f       0x8c d:/Fax/projektovanje_namjenskih_racunarski_struktura/pnrs-2023/de1-soc-demo/sw/nios/cig_app_0/de1_soc_nios_cigarette_0_bsp/\libhal_bsp.a(altera_nios2_gen2_irq.o)
 .debug_info    0x000000000000550b       0x22 d:/Fax/projektovanje_namjenskih_racunarski_struktura/pnrs-2023/de1-soc-demo/sw/nios/cig_app_0/de1_soc_nios_cigarette_0_bsp/\libhal_bsp.a(alt_exception_entry.o)
 .debug_info    0x000000000000552d      0x2eb d:/Fax/projektovanje_namjenskih_racunarski_struktura/pnrs-2023/de1-soc-demo/sw/nios/cig_app_0/de1_soc_nios_cigarette_0_bsp/\libhal_bsp.a(alt_find_file.o)
 .debug_info    0x0000000000005818      0x31c d:/Fax/projektovanje_namjenskih_racunarski_struktura/pnrs-2023/de1-soc-demo/sw/nios/cig_app_0/de1_soc_nios_cigarette_0_bsp/\libhal_bsp.a(alt_get_fd.o)
 .debug_info    0x0000000000005b34      0x1f1 d:/Fax/projektovanje_namjenskih_racunarski_struktura/pnrs-2023/de1-soc-demo/sw/nios/cig_app_0/de1_soc_nios_cigarette_0_bsp/\libhal_bsp.a(alt_instruction_exception_entry.o)
 .debug_info    0x0000000000005d25      0x100 c:/intelfpga_lite/20.1/nios2eds/bin/gnu/h-x86_64-mingw32/bin/../lib/gcc/nios2-elf/10.1.1/../../../../../H-x86_64-mingw32/nios2-elf/lib/mno-hw-mul\libc.a(lib_a-atexit.o)
 .debug_info    0x0000000000005e25      0x970 c:/intelfpga_lite/20.1/nios2eds/bin/gnu/h-x86_64-mingw32/bin/../lib/gcc/nios2-elf/10.1.1/../../../../../H-x86_64-mingw32/nios2-elf/lib/mno-hw-mul\libc.a(lib_a-exit.o)
 .debug_info    0x0000000000006795      0x931 c:/intelfpga_lite/20.1/nios2eds/bin/gnu/h-x86_64-mingw32/bin/../lib/gcc/nios2-elf/10.1.1/../../../../../H-x86_64-mingw32/nios2-elf/lib/mno-hw-mul\libc.a(lib_a-impure.o)
 .debug_info    0x00000000000070c6       0x84 c:/intelfpga_lite/20.1/nios2eds/bin/gnu/h-x86_64-mingw32/bin/../lib/gcc/nios2-elf/10.1.1/../../../../../H-x86_64-mingw32/nios2-elf/lib/mno-hw-mul\libc.a(lib_a-int_errno.o)
 .debug_info    0x000000000000714a      0x138 c:/intelfpga_lite/20.1/nios2eds/bin/gnu/h-x86_64-mingw32/bin/../lib/gcc/nios2-elf/10.1.1/../../../../../H-x86_64-mingw32/nios2-elf/lib/mno-hw-mul\libc.a(lib_a-memcmp.o)
 .debug_info    0x0000000000007282      0x162 c:/intelfpga_lite/20.1/nios2eds/bin/gnu/h-x86_64-mingw32/bin/../lib/gcc/nios2-elf/10.1.1/../../../../../H-x86_64-mingw32/nios2-elf/lib/mno-hw-mul\libc.a(lib_a-memcpy.o)
 .debug_info    0x00000000000073e4       0xee c:/intelfpga_lite/20.1/nios2eds/bin/gnu/h-x86_64-mingw32/bin/../lib/gcc/nios2-elf/10.1.1/../../../../../H-x86_64-mingw32/nios2-elf/lib/mno-hw-mul\libc.a(lib_a-strlen.o)
 .debug_info    0x00000000000074d2      0x9b1 c:/intelfpga_lite/20.1/nios2eds/bin/gnu/h-x86_64-mingw32/bin/../lib/gcc/nios2-elf/10.1.1/../../../../../H-x86_64-mingw32/nios2-elf/lib/mno-hw-mul\libc.a(lib_a-__atexit.o)
 .debug_info    0x0000000000007e83      0x9f9 c:/intelfpga_lite/20.1/nios2eds/bin/gnu/h-x86_64-mingw32/bin/../lib/gcc/nios2-elf/10.1.1/../../../../../H-x86_64-mingw32/nios2-elf/lib/mno-hw-mul\libc.a(lib_a-__call_atexit.o)
 .debug_info    0x000000000000887c       0xe1 d:/Fax/projektovanje_namjenskih_racunarski_struktura/pnrs-2023/de1-soc-demo/sw/nios/cig_app_0/de1_soc_nios_cigarette_0_bsp/\libhal_bsp.a(alt_exit.o)

.debug_abbrev   0x0000000000000000     0x30f9
 *(.debug_abbrev)
 .debug_abbrev  0x0000000000000000       0x12 d:/Fax/projektovanje_namjenskih_racunarski_struktura/pnrs-2023/de1-soc-demo/sw/nios/cig_app_0/de1_soc_nios_cigarette_0_bsp//obj/HAL/src/crt0.o
 .debug_abbrev  0x0000000000000012      0x117 obj/default/paper.o
 .debug_abbrev  0x0000000000000129       0xab d:/Fax/projektovanje_namjenskih_racunarski_struktura/pnrs-2023/de1-soc-demo/sw/nios/cig_app_0/de1_soc_nios_cigarette_0_bsp/\libhal_bsp.a(alt_load.o)
 .debug_abbrev  0x00000000000001d4       0x86 d:/Fax/projektovanje_namjenskih_racunarski_struktura/pnrs-2023/de1-soc-demo/sw/nios/cig_app_0/de1_soc_nios_cigarette_0_bsp/\libhal_bsp.a(alt_main.o)
 .debug_abbrev  0x000000000000025a      0x204 d:/Fax/projektovanje_namjenskih_racunarski_struktura/pnrs-2023/de1-soc-demo/sw/nios/cig_app_0/de1_soc_nios_cigarette_0_bsp/\libhal_bsp.a(alt_sys_init.o)
 .debug_abbrev  0x000000000000045e      0x146 d:/Fax/projektovanje_namjenskih_racunarski_struktura/pnrs-2023/de1-soc-demo/sw/nios/cig_app_0/de1_soc_nios_cigarette_0_bsp/\libhal_bsp.a(altera_avalon_jtag_uart_fd.o)
 .debug_abbrev  0x00000000000005a4      0x1be d:/Fax/projektovanje_namjenskih_racunarski_struktura/pnrs-2023/de1-soc-demo/sw/nios/cig_app_0/de1_soc_nios_cigarette_0_bsp/\libhal_bsp.a(altera_avalon_jtag_uart_init.o)
 .debug_abbrev  0x0000000000000762      0x112 d:/Fax/projektovanje_namjenskih_racunarski_struktura/pnrs-2023/de1-soc-demo/sw/nios/cig_app_0/de1_soc_nios_cigarette_0_bsp/\libhal_bsp.a(altera_avalon_jtag_uart_ioctl.o)
 .debug_abbrev  0x0000000000000874      0x1b0 d:/Fax/projektovanje_namjenskih_racunarski_struktura/pnrs-2023/de1-soc-demo/sw/nios/cig_app_0/de1_soc_nios_cigarette_0_bsp/\libhal_bsp.a(altera_avalon_jtag_uart_read.o)
 .debug_abbrev  0x0000000000000a24      0x1ae d:/Fax/projektovanje_namjenskih_racunarski_struktura/pnrs-2023/de1-soc-demo/sw/nios/cig_app_0/de1_soc_nios_cigarette_0_bsp/\libhal_bsp.a(altera_avalon_jtag_uart_write.o)
 .debug_abbrev  0x0000000000000bd2      0x2e8 d:/Fax/projektovanje_namjenskih_racunarski_struktura/pnrs-2023/de1-soc-demo/sw/nios/cig_app_0/de1_soc_nios_cigarette_0_bsp/\libhal_bsp.a(altera_avalon_mailbox_simple.o)
 .debug_abbrev  0x0000000000000eba      0x1a2 d:/Fax/projektovanje_namjenskih_racunarski_struktura/pnrs-2023/de1-soc-demo/sw/nios/cig_app_0/de1_soc_nios_cigarette_0_bsp/\libhal_bsp.a(altera_avalon_mutex.o)
 .debug_abbrev  0x000000000000105c      0x188 d:/Fax/projektovanje_namjenskih_racunarski_struktura/pnrs-2023/de1-soc-demo/sw/nios/cig_app_0/de1_soc_nios_cigarette_0_bsp/\libhal_bsp.a(alt_alarm_start.o)
 .debug_abbrev  0x00000000000011e4      0x133 d:/Fax/projektovanje_namjenskih_racunarski_struktura/pnrs-2023/de1-soc-demo/sw/nios/cig_app_0/de1_soc_nios_cigarette_0_bsp/\libhal_bsp.a(alt_close.o)
 .debug_abbrev  0x0000000000001317       0x44 d:/Fax/projektovanje_namjenskih_racunarski_struktura/pnrs-2023/de1-soc-demo/sw/nios/cig_app_0/de1_soc_nios_cigarette_0_bsp/\libhal_bsp.a(alt_dcache_flush_all.o)
 .debug_abbrev  0x000000000000135b      0x117 d:/Fax/projektovanje_namjenskih_racunarski_struktura/pnrs-2023/de1-soc-demo/sw/nios/cig_app_0/de1_soc_nios_cigarette_0_bsp/\libhal_bsp.a(alt_dev.o)
 .debug_abbrev  0x0000000000001472      0x12a d:/Fax/projektovanje_namjenskih_racunarski_struktura/pnrs-2023/de1-soc-demo/sw/nios/cig_app_0/de1_soc_nios_cigarette_0_bsp/\libhal_bsp.a(alt_dev_llist_insert.o)
 .debug_abbrev  0x000000000000159c       0x81 d:/Fax/projektovanje_namjenskih_racunarski_struktura/pnrs-2023/de1-soc-demo/sw/nios/cig_app_0/de1_soc_nios_cigarette_0_bsp/\libhal_bsp.a(alt_do_ctors.o)
 .debug_abbrev  0x000000000000161d       0x81 d:/Fax/projektovanje_namjenskih_racunarski_struktura/pnrs-2023/de1-soc-demo/sw/nios/cig_app_0/de1_soc_nios_cigarette_0_bsp/\libhal_bsp.a(alt_do_dtors.o)
 .debug_abbrev  0x000000000000169e       0x5a d:/Fax/projektovanje_namjenskih_racunarski_struktura/pnrs-2023/de1-soc-demo/sw/nios/cig_app_0/de1_soc_nios_cigarette_0_bsp/\libhal_bsp.a(alt_errno.o)
 .debug_abbrev  0x00000000000016f8       0xed d:/Fax/projektovanje_namjenskih_racunarski_struktura/pnrs-2023/de1-soc-demo/sw/nios/cig_app_0/de1_soc_nios_cigarette_0_bsp/\libhal_bsp.a(alt_find_dev.o)
 .debug_abbrev  0x00000000000017e5       0x44 d:/Fax/projektovanje_namjenskih_racunarski_struktura/pnrs-2023/de1-soc-demo/sw/nios/cig_app_0/de1_soc_nios_cigarette_0_bsp/\libhal_bsp.a(alt_icache_flush_all.o)
 .debug_abbrev  0x0000000000001829      0x189 d:/Fax/projektovanje_namjenskih_racunarski_struktura/pnrs-2023/de1-soc-demo/sw/nios/cig_app_0/de1_soc_nios_cigarette_0_bsp/\libhal_bsp.a(alt_iic.o)
 .debug_abbrev  0x00000000000019b2      0x17c d:/Fax/projektovanje_namjenskih_racunarski_struktura/pnrs-2023/de1-soc-demo/sw/nios/cig_app_0/de1_soc_nios_cigarette_0_bsp/\libhal_bsp.a(alt_iic_isr_register.o)
 .debug_abbrev  0x0000000000001b2e      0x126 d:/Fax/projektovanje_namjenskih_racunarski_struktura/pnrs-2023/de1-soc-demo/sw/nios/cig_app_0/de1_soc_nios_cigarette_0_bsp/\libhal_bsp.a(alt_io_redirect.o)
 .debug_abbrev  0x0000000000001c54       0x12 d:/Fax/projektovanje_namjenskih_racunarski_struktura/pnrs-2023/de1-soc-demo/sw/nios/cig_app_0/de1_soc_nios_cigarette_0_bsp/\libhal_bsp.a(alt_irq_entry.o)
 .debug_abbrev  0x0000000000001c66      0x12d d:/Fax/projektovanje_namjenskih_racunarski_struktura/pnrs-2023/de1-soc-demo/sw/nios/cig_app_0/de1_soc_nios_cigarette_0_bsp/\libhal_bsp.a(alt_irq_handler.o)
 .debug_abbrev  0x0000000000001d93       0x44 d:/Fax/projektovanje_namjenskih_racunarski_struktura/pnrs-2023/de1-soc-demo/sw/nios/cig_app_0/de1_soc_nios_cigarette_0_bsp/\libhal_bsp.a(alt_irq_vars.o)
 .debug_abbrev  0x0000000000001dd7      0x160 d:/Fax/projektovanje_namjenskih_racunarski_struktura/pnrs-2023/de1-soc-demo/sw/nios/cig_app_0/de1_soc_nios_cigarette_0_bsp/\libhal_bsp.a(alt_open.o)
 .debug_abbrev  0x0000000000001f37       0xea d:/Fax/projektovanje_namjenskih_racunarski_struktura/pnrs-2023/de1-soc-demo/sw/nios/cig_app_0/de1_soc_nios_cigarette_0_bsp/\libhal_bsp.a(alt_release_fd.o)
 .debug_abbrev  0x0000000000002021      0x17a d:/Fax/projektovanje_namjenskih_racunarski_struktura/pnrs-2023/de1-soc-demo/sw/nios/cig_app_0/de1_soc_nios_cigarette_0_bsp/\libhal_bsp.a(alt_tick.o)
 .debug_abbrev  0x000000000000219b       0x44 d:/Fax/projektovanje_namjenskih_racunarski_struktura/pnrs-2023/de1-soc-demo/sw/nios/cig_app_0/de1_soc_nios_cigarette_0_bsp/\libhal_bsp.a(altera_nios2_gen2_irq.o)
 .debug_abbrev  0x00000000000021df       0x12 d:/Fax/projektovanje_namjenskih_racunarski_struktura/pnrs-2023/de1-soc-demo/sw/nios/cig_app_0/de1_soc_nios_cigarette_0_bsp/\libhal_bsp.a(alt_exception_entry.o)
 .debug_abbrev  0x00000000000021f1      0x100 d:/Fax/projektovanje_namjenskih_racunarski_struktura/pnrs-2023/de1-soc-demo/sw/nios/cig_app_0/de1_soc_nios_cigarette_0_bsp/\libhal_bsp.a(alt_find_file.o)
 .debug_abbrev  0x00000000000022f1      0x121 d:/Fax/projektovanje_namjenskih_racunarski_struktura/pnrs-2023/de1-soc-demo/sw/nios/cig_app_0/de1_soc_nios_cigarette_0_bsp/\libhal_bsp.a(alt_get_fd.o)
 .debug_abbrev  0x0000000000002412       0xea d:/Fax/projektovanje_namjenskih_racunarski_struktura/pnrs-2023/de1-soc-demo/sw/nios/cig_app_0/de1_soc_nios_cigarette_0_bsp/\libhal_bsp.a(alt_instruction_exception_entry.o)
 .debug_abbrev  0x00000000000024fc       0xb7 c:/intelfpga_lite/20.1/nios2eds/bin/gnu/h-x86_64-mingw32/bin/../lib/gcc/nios2-elf/10.1.1/../../../../../H-x86_64-mingw32/nios2-elf/lib/mno-hw-mul\libc.a(lib_a-atexit.o)
 .debug_abbrev  0x00000000000025b3      0x21d c:/intelfpga_lite/20.1/nios2eds/bin/gnu/h-x86_64-mingw32/bin/../lib/gcc/nios2-elf/10.1.1/../../../../../H-x86_64-mingw32/nios2-elf/lib/mno-hw-mul\libc.a(lib_a-exit.o)
 .debug_abbrev  0x00000000000027d0      0x1c9 c:/intelfpga_lite/20.1/nios2eds/bin/gnu/h-x86_64-mingw32/bin/../lib/gcc/nios2-elf/10.1.1/../../../../../H-x86_64-mingw32/nios2-elf/lib/mno-hw-mul\libc.a(lib_a-impure.o)
 .debug_abbrev  0x0000000000002999       0x39 c:/intelfpga_lite/20.1/nios2eds/bin/gnu/h-x86_64-mingw32/bin/../lib/gcc/nios2-elf/10.1.1/../../../../../H-x86_64-mingw32/nios2-elf/lib/mno-hw-mul\libc.a(lib_a-int_errno.o)
 .debug_abbrev  0x00000000000029d2       0x8d c:/intelfpga_lite/20.1/nios2eds/bin/gnu/h-x86_64-mingw32/bin/../lib/gcc/nios2-elf/10.1.1/../../../../../H-x86_64-mingw32/nios2-elf/lib/mno-hw-mul\libc.a(lib_a-memcmp.o)
 .debug_abbrev  0x0000000000002a5f       0xb6 c:/intelfpga_lite/20.1/nios2eds/bin/gnu/h-x86_64-mingw32/bin/../lib/gcc/nios2-elf/10.1.1/../../../../../H-x86_64-mingw32/nios2-elf/lib/mno-hw-mul\libc.a(lib_a-memcpy.o)
 .debug_abbrev  0x0000000000002b15       0x8f c:/intelfpga_lite/20.1/nios2eds/bin/gnu/h-x86_64-mingw32/bin/../lib/gcc/nios2-elf/10.1.1/../../../../../H-x86_64-mingw32/nios2-elf/lib/mno-hw-mul\libc.a(lib_a-strlen.o)
 .debug_abbrev  0x0000000000002ba4      0x250 c:/intelfpga_lite/20.1/nios2eds/bin/gnu/h-x86_64-mingw32/bin/../lib/gcc/nios2-elf/10.1.1/../../../../../H-x86_64-mingw32/nios2-elf/lib/mno-hw-mul\libc.a(lib_a-__atexit.o)
 .debug_abbrev  0x0000000000002df4      0x259 c:/intelfpga_lite/20.1/nios2eds/bin/gnu/h-x86_64-mingw32/bin/../lib/gcc/nios2-elf/10.1.1/../../../../../H-x86_64-mingw32/nios2-elf/lib/mno-hw-mul\libc.a(lib_a-__call_atexit.o)
 .debug_abbrev  0x000000000000304d       0xac d:/Fax/projektovanje_namjenskih_racunarski_struktura/pnrs-2023/de1-soc-demo/sw/nios/cig_app_0/de1_soc_nios_cigarette_0_bsp/\libhal_bsp.a(alt_exit.o)

.debug_line     0x0000000000000000     0x396d
 *(.debug_line)
 .debug_line    0x0000000000000000       0x66 d:/Fax/projektovanje_namjenskih_racunarski_struktura/pnrs-2023/de1-soc-demo/sw/nios/cig_app_0/de1_soc_nios_cigarette_0_bsp//obj/HAL/src/crt0.o
 .debug_line    0x0000000000000066      0x24d obj/default/paper.o
 .debug_line    0x00000000000002b3       0xa6 d:/Fax/projektovanje_namjenskih_racunarski_struktura/pnrs-2023/de1-soc-demo/sw/nios/cig_app_0/de1_soc_nios_cigarette_0_bsp/\libhal_bsp.a(alt_load.o)
 .debug_line    0x0000000000000359       0x85 d:/Fax/projektovanje_namjenskih_racunarski_struktura/pnrs-2023/de1-soc-demo/sw/nios/cig_app_0/de1_soc_nios_cigarette_0_bsp/\libhal_bsp.a(alt_main.o)
 .debug_line    0x00000000000003de      0x208 d:/Fax/projektovanje_namjenskih_racunarski_struktura/pnrs-2023/de1-soc-demo/sw/nios/cig_app_0/de1_soc_nios_cigarette_0_bsp/\libhal_bsp.a(alt_sys_init.o)
 .debug_line    0x00000000000005e6      0x149 d:/Fax/projektovanje_namjenskih_racunarski_struktura/pnrs-2023/de1-soc-demo/sw/nios/cig_app_0/de1_soc_nios_cigarette_0_bsp/\libhal_bsp.a(altera_avalon_jtag_uart_fd.o)
 .debug_line    0x000000000000072f      0x25b d:/Fax/projektovanje_namjenskih_racunarski_struktura/pnrs-2023/de1-soc-demo/sw/nios/cig_app_0/de1_soc_nios_cigarette_0_bsp/\libhal_bsp.a(altera_avalon_jtag_uart_init.o)
 .debug_line    0x000000000000098a      0x154 d:/Fax/projektovanje_namjenskih_racunarski_struktura/pnrs-2023/de1-soc-demo/sw/nios/cig_app_0/de1_soc_nios_cigarette_0_bsp/\libhal_bsp.a(altera_avalon_jtag_uart_ioctl.o)
 .debug_line    0x0000000000000ade      0x1d1 d:/Fax/projektovanje_namjenskih_racunarski_struktura/pnrs-2023/de1-soc-demo/sw/nios/cig_app_0/de1_soc_nios_cigarette_0_bsp/\libhal_bsp.a(altera_avalon_jtag_uart_read.o)
 .debug_line    0x0000000000000caf      0x1d6 d:/Fax/projektovanje_namjenskih_racunarski_struktura/pnrs-2023/de1-soc-demo/sw/nios/cig_app_0/de1_soc_nios_cigarette_0_bsp/\libhal_bsp.a(altera_avalon_jtag_uart_write.o)
 .debug_line    0x0000000000000e85      0x3f3 d:/Fax/projektovanje_namjenskih_racunarski_struktura/pnrs-2023/de1-soc-demo/sw/nios/cig_app_0/de1_soc_nios_cigarette_0_bsp/\libhal_bsp.a(altera_avalon_mailbox_simple.o)
 .debug_line    0x0000000000001278      0x1bb d:/Fax/projektovanje_namjenskih_racunarski_struktura/pnrs-2023/de1-soc-demo/sw/nios/cig_app_0/de1_soc_nios_cigarette_0_bsp/\libhal_bsp.a(altera_avalon_mutex.o)
 .debug_line    0x0000000000001433      0x138 d:/Fax/projektovanje_namjenskih_racunarski_struktura/pnrs-2023/de1-soc-demo/sw/nios/cig_app_0/de1_soc_nios_cigarette_0_bsp/\libhal_bsp.a(alt_alarm_start.o)
 .debug_line    0x000000000000156b      0x1ad d:/Fax/projektovanje_namjenskih_racunarski_struktura/pnrs-2023/de1-soc-demo/sw/nios/cig_app_0/de1_soc_nios_cigarette_0_bsp/\libhal_bsp.a(alt_close.o)
 .debug_line    0x0000000000001718       0x53 d:/Fax/projektovanje_namjenskih_racunarski_struktura/pnrs-2023/de1-soc-demo/sw/nios/cig_app_0/de1_soc_nios_cigarette_0_bsp/\libhal_bsp.a(alt_dcache_flush_all.o)
 .debug_line    0x000000000000176b      0x19f d:/Fax/projektovanje_namjenskih_racunarski_struktura/pnrs-2023/de1-soc-demo/sw/nios/cig_app_0/de1_soc_nios_cigarette_0_bsp/\libhal_bsp.a(alt_dev.o)
 .debug_line    0x000000000000190a      0x106 d:/Fax/projektovanje_namjenskih_racunarski_struktura/pnrs-2023/de1-soc-demo/sw/nios/cig_app_0/de1_soc_nios_cigarette_0_bsp/\libhal_bsp.a(alt_dev_llist_insert.o)
 .debug_line    0x0000000000001a10       0x66 d:/Fax/projektovanje_namjenskih_racunarski_struktura/pnrs-2023/de1-soc-demo/sw/nios/cig_app_0/de1_soc_nios_cigarette_0_bsp/\libhal_bsp.a(alt_do_ctors.o)
 .debug_line    0x0000000000001a76       0x66 d:/Fax/projektovanje_namjenskih_racunarski_struktura/pnrs-2023/de1-soc-demo/sw/nios/cig_app_0/de1_soc_nios_cigarette_0_bsp/\libhal_bsp.a(alt_do_dtors.o)
 .debug_line    0x0000000000001adc       0x51 d:/Fax/projektovanje_namjenskih_racunarski_struktura/pnrs-2023/de1-soc-demo/sw/nios/cig_app_0/de1_soc_nios_cigarette_0_bsp/\libhal_bsp.a(alt_errno.o)
 .debug_line    0x0000000000001b2d       0xb8 d:/Fax/projektovanje_namjenskih_racunarski_struktura/pnrs-2023/de1-soc-demo/sw/nios/cig_app_0/de1_soc_nios_cigarette_0_bsp/\libhal_bsp.a(alt_find_dev.o)
 .debug_line    0x0000000000001be5       0x51 d:/Fax/projektovanje_namjenskih_racunarski_struktura/pnrs-2023/de1-soc-demo/sw/nios/cig_app_0/de1_soc_nios_cigarette_0_bsp/\libhal_bsp.a(alt_icache_flush_all.o)
 .debug_line    0x0000000000001c36      0x123 d:/Fax/projektovanje_namjenskih_racunarski_struktura/pnrs-2023/de1-soc-demo/sw/nios/cig_app_0/de1_soc_nios_cigarette_0_bsp/\libhal_bsp.a(alt_iic.o)
 .debug_line    0x0000000000001d59       0xfc d:/Fax/projektovanje_namjenskih_racunarski_struktura/pnrs-2023/de1-soc-demo/sw/nios/cig_app_0/de1_soc_nios_cigarette_0_bsp/\libhal_bsp.a(alt_iic_isr_register.o)
 .debug_line    0x0000000000001e55      0x1d2 d:/Fax/projektovanje_namjenskih_racunarski_struktura/pnrs-2023/de1-soc-demo/sw/nios/cig_app_0/de1_soc_nios_cigarette_0_bsp/\libhal_bsp.a(alt_io_redirect.o)
 .debug_line    0x0000000000002027       0x6b d:/Fax/projektovanje_namjenskih_racunarski_struktura/pnrs-2023/de1-soc-demo/sw/nios/cig_app_0/de1_soc_nios_cigarette_0_bsp/\libhal_bsp.a(alt_irq_entry.o)
 .debug_line    0x0000000000002092       0xd4 d:/Fax/projektovanje_namjenskih_racunarski_struktura/pnrs-2023/de1-soc-demo/sw/nios/cig_app_0/de1_soc_nios_cigarette_0_bsp/\libhal_bsp.a(alt_irq_handler.o)