Archive member included to satisfy reference by file (symbol)

/home/nikola/intelFPGA_lite/21.1/nios2eds/bin/gnu/H-x86_64-pc-linux-gnu/bin/../lib/gcc/nios2-elf/10.3.1/../../../../../H-x86_64-pc-linux-gnu/nios2-elf/lib/mno-hw-mul/libc.a(lib_a-puts.o)
                              obj/default/paper.o (puts)
/home/nikola/intelFPGA_lite/21.1/nios2eds/bin/gnu/H-x86_64-pc-linux-gnu/bin/../lib/gcc/nios2-elf/10.3.1/../../../../../H-x86_64-pc-linux-gnu/nios2-elf/lib/mno-hw-mul/libc.a(lib_a-strlen.o)
                              /home/nikola/intelFPGA_lite/21.1/nios2eds/bin/gnu/H-x86_64-pc-linux-gnu/bin/../lib/gcc/nios2-elf/10.3.1/../../../../../H-x86_64-pc-linux-gnu/nios2-elf/lib/mno-hw-mul/libc.a(lib_a-puts.o) (strlen)
/home/nikola/intelFPGA_lite/21.1/nios2eds/bin/gnu/H-x86_64-pc-linux-gnu/bin/../lib/gcc/nios2-elf/10.3.1/../../../../../H-x86_64-pc-linux-gnu/nios2-elf/lib/mno-hw-mul/libc.a(lib_a-findfp.o)
                              /home/nikola/intelFPGA_lite/21.1/nios2eds/bin/gnu/H-x86_64-pc-linux-gnu/bin/../lib/gcc/nios2-elf/10.3.1/../../../../../H-x86_64-pc-linux-gnu/nios2-elf/lib/mno-hw-mul/libc.a(lib_a-puts.o) (__sinit)
/home/nikola/intelFPGA_lite/21.1/nios2eds/bin/gnu/H-x86_64-pc-linux-gnu/bin/../lib/gcc/nios2-elf/10.3.1/../../../../../H-x86_64-pc-linux-gnu/nios2-elf/lib/mno-hw-mul/libc.a(lib_a-fvwrite.o)
                              /home/nikola/intelFPGA_lite/21.1/nios2eds/bin/gnu/H-x86_64-pc-linux-gnu/bin/../lib/gcc/nios2-elf/10.3.1/../../../../../H-x86_64-pc-linux-gnu/nios2-elf/lib/mno-hw-mul/libc.a(lib_a-puts.o) (__sfvwrite_r)
/home/nikola/intelFPGA_lite/21.1/nios2eds/bin/gnu/H-x86_64-pc-linux-gnu/bin/../lib/gcc/nios2-elf/10.3.1/../../../../../H-x86_64-pc-linux-gnu/nios2-elf/lib/mno-hw-mul/libc.a(lib_a-fwalk.o)
                              /home/nikola/intelFPGA_lite/21.1/nios2eds/bin/gnu/H-x86_64-pc-linux-gnu/bin/../lib/gcc/nios2-elf/10.3.1/../../../../../H-x86_64-pc-linux-gnu/nios2-elf/lib/mno-hw-mul/libc.a(lib_a-findfp.o) (_fwalk)
/home/nikola/intelFPGA_lite/21.1/nios2eds/bin/gnu/H-x86_64-pc-linux-gnu/bin/../lib/gcc/nios2-elf/10.3.1/../../../../../H-x86_64-pc-linux-gnu/nios2-elf/lib/mno-hw-mul/libc.a(lib_a-impure.o)
                              /home/nikola/intelFPGA_lite/21.1/nios2eds/bin/gnu/H-x86_64-pc-linux-gnu/bin/../lib/gcc/nios2-elf/10.3.1/../../../../../H-x86_64-pc-linux-gnu/nios2-elf/lib/mno-hw-mul/libc.a(lib_a-findfp.o) (_global_impure_ptr)
/home/nikola/intelFPGA_lite/21.1/nios2eds/bin/gnu/H-x86_64-pc-linux-gnu/bin/../lib/gcc/nios2-elf/10.3.1/../../../../../H-x86_64-pc-linux-gnu/nios2-elf/lib/mno-hw-mul/libc.a(lib_a-mallocr.o)
                              /home/nikola/intelFPGA_lite/21.1/nios2eds/bin/gnu/H-x86_64-pc-linux-gnu/bin/../lib/gcc/nios2-elf/10.3.1/../../../../../H-x86_64-pc-linux-gnu/nios2-elf/lib/mno-hw-mul/libc.a(lib_a-findfp.o) (_malloc_r)
/home/nikola/intelFPGA_lite/21.1/nios2eds/bin/gnu/H-x86_64-pc-linux-gnu/bin/../lib/gcc/nios2-elf/10.3.1/../../../../../H-x86_64-pc-linux-gnu/nios2-elf/lib/mno-hw-mul/libc.a(lib_a-memchr.o)
                              /home/nikola/intelFPGA_lite/21.1/nios2eds/bin/gnu/H-x86_64-pc-linux-gnu/bin/../lib/gcc/nios2-elf/10.3.1/../../../../../H-x86_64-pc-linux-gnu/nios2-elf/lib/mno-hw-mul/libc.a(lib_a-fvwrite.o) (memchr)
/home/nikola/intelFPGA_lite/21.1/nios2eds/bin/gnu/H-x86_64-pc-linux-gnu/bin/../lib/gcc/nios2-elf/10.3.1/../../../../../H-x86_64-pc-linux-gnu/nios2-elf/lib/mno-hw-mul/libc.a(lib_a-memcpy.o)
                              /home/nikola/intelFPGA_lite/21.1/nios2eds/bin/gnu/H-x86_64-pc-linux-gnu/bin/../lib/gcc/nios2-elf/10.3.1/../../../../../H-x86_64-pc-linux-gnu/nios2-elf/lib/mno-hw-mul/libc.a(lib_a-fvwrite.o) (memcpy)
/home/nikola/intelFPGA_lite/21.1/nios2eds/bin/gnu/H-x86_64-pc-linux-gnu/bin/../lib/gcc/nios2-elf/10.3.1/../../../../../H-x86_64-pc-linux-gnu/nios2-elf/lib/mno-hw-mul/libc.a(lib_a-memmove.o)
                              /home/nikola/intelFPGA_lite/21.1/nios2eds/bin/gnu/H-x86_64-pc-linux-gnu/bin/../lib/gcc/nios2-elf/10.3.1/../../../../../H-x86_64-pc-linux-gnu/nios2-elf/lib/mno-hw-mul/libc.a(lib_a-fvwrite.o) (memmove)
/home/nikola/intelFPGA_lite/21.1/nios2eds/bin/gnu/H-x86_64-pc-linux-gnu/bin/../lib/gcc/nios2-elf/10.3.1/../../../../../H-x86_64-pc-linux-gnu/nios2-elf/lib/mno-hw-mul/libc.a(lib_a-memset.o)
                              /home/nikola/intelFPGA_lite/21.1/nios2eds/bin/gnu/H-x86_64-pc-linux-gnu/bin/../lib/gcc/nios2-elf/10.3.1/../../../../../H-x86_64-pc-linux-gnu/nios2-elf/lib/mno-hw-mul/libc.a(lib_a-findfp.o) (memset)
/home/nikola/intelFPGA_lite/21.1/nios2eds/bin/gnu/H-x86_64-pc-linux-gnu/bin/../lib/gcc/nios2-elf/10.3.1/../../../../../H-x86_64-pc-linux-gnu/nios2-elf/lib/mno-hw-mul/libc.a(lib_a-reallocr.o)
                              /home/nikola/intelFPGA_lite/21.1/nios2eds/bin/gnu/H-x86_64-pc-linux-gnu/bin/../lib/gcc/nios2-elf/10.3.1/../../../../../H-x86_64-pc-linux-gnu/nios2-elf/lib/mno-hw-mul/libc.a(lib_a-fvwrite.o) (_realloc_r)
[...]
Memory Configuration

Name             Origin             Length             Attributes
reset            0x0000000005000000 0x0000000000000020
sdram_controller_0 0x0000000005000020 0x0000000000ffffe0
*default*        0x0000000000000000 0xffffffffffffffff

Linker script and memory map

LOAD /home/nikola/PNRS/pnrs-2023/de1-soc-demo/sw/nios/individual/paper_bsp//obj/HAL/src/crt0.o
LOAD obj/default/paper.o
LOAD /home/nikola/intelFPGA_lite/21.1/nios2eds/bin/gnu/H-x86_64-pc-linux-gnu/bin/../lib/gcc/nios2-elf/10.3.1/../../../../../H-x86_64-pc-linux-gnu/nios2-elf/lib/mno-hw-mul/libstdc++.a
LOAD /home/nikola/intelFPGA_lite/21.1/nios2eds/bin/gnu/H-x86_64-pc-linux-gnu/bin/../lib/gcc/nios2-elf/10.3.1/../../../../../H-x86_64-pc-linux-gnu/nios2-elf/lib/mno-hw-mul/libm.a
LOAD /home/nikola/intelFPGA_lite/21.1/nios2eds/bin/gnu/H-x86_64-pc-linux-gnu/bin/../lib/gcc/nios2-elf/10.3.1/mno-hw-mul/libgcc.a
START GROUP
LOAD /home/nikola/intelFPGA_lite/21.1/nios2eds/bin/gnu/H-x86_64-pc-linux-gnu/bin/../lib/gcc/nios2-elf/10.3.1/../../../../../H-x86_64-pc-linux-gnu/nios2-elf/lib/mno-hw-mul/libc.a
LOAD /home/nikola/intelFPGA_lite/21.1/nios2eds/bin/gnu/H-x86_64-pc-linux-gnu/bin/../lib/gcc/nios2-elf/10.3.1/mno-hw-mul/libgcc.a
LOAD /home/nikola/PNRS/pnrs-2023/de1-soc-demo/sw/nios/individual/paper_bsp//libhal_bsp.a
LOAD /home/nikola/intelFPGA_lite/21.1/nios2eds/bin/gnu/H-x86_64-pc-linux-gnu/bin/../lib/gcc/nios2-elf/10.3.1/../../../../../H-x86_64-pc-linux-gnu/nios2-elf/lib/mno-hw-mul/libm.a
END GROUP
LOAD /home/nikola/intelFPGA_lite/21.1/nios2eds/bin/gnu/H-x86_64-pc-linux-gnu/bin/../lib/gcc/nios2-elf/10.3.1/mno-hw-mul/libgcc.a
                0x0000000004000000                __alt_mem_sdram_controller_0 = 0x4000000

.entry          0x0000000005000000       0x20
 *(.entry)
 .entry         0x0000000005000000       0x20 /home/nikola/PNRS/pnrs-2023/de1-soc-demo/sw/nios/individual/paper_bsp//obj/HAL/src/crt0.o
                0x0000000005000000                __reset

.exceptions     0x0000000005000020      0x204
                0x0000000005000020                PROVIDE (__ram_exceptions_start = ABSOLUTE (.))
                0x0000000005000020                . = ALIGN (0x20)
 *(.irq)
 *(.exceptions.entry.label)
 .exceptions.entry.label
                0x0000000005000020        0x0 /home/nikola/PNRS/pnrs-2023/de1-soc-demo/sw/nios/individual/paper_bsp//libhal_bsp.a(alt_irq_entry.o)
                0x0000000005000020                alt_irq_entry
 .exceptions.entry.label
                0x0000000005000020        0x0 /home/nikola/PNRS/pnrs-2023/de1-soc-demo/sw/nios/individual/paper_bsp//libhal_bsp.a(alt_exception_entry.o)
                0x0000000005000020                alt_exception
 *(.exceptions.entry.user)
 *(.exceptions.entry.ecc_fatal)
 *(.exceptions.entry)
 .exceptions.entry
                0x0000000005000020       0x54 /home/nikola/PNRS/pnrs-2023/de1-soc-demo/sw/nios/individual/paper_bsp//libhal_bsp.a(alt_exception_entry.o)
 *(.exceptions.irqtest.user)
 *(.exceptions.irqtest)
 .exceptions.irqtest
                0x0000000005000074       0x10 /home/nikola/PNRS/pnrs-2023/de1-soc-demo/sw/nios/individual/paper_bsp//libhal_bsp.a(alt_irq_entry.o)
 *(.exceptions.irqhandler.user)
 *(.exceptions.irqhandler)
 .exceptions.irqhandler
                0x0000000005000084        0x4 /home/nikola/PNRS/pnrs-2023/de1-soc-demo/sw/nios/individual/paper_bsp//libhal_bsp.a(alt_irq_entry.o)
 *(.exceptions.irqreturn.user)
 *(.exceptions.irqreturn)
 .exceptions.irqreturn
                0x0000000005000088        0x4 /home/nikola/PNRS/pnrs-2023/de1-soc-demo/sw/nios/individual/paper_bsp//libhal_bsp.a(alt_irq_entry.o)
 *(.exceptions.notirq.label)
 .exceptions.notirq.label
                0x000000000500008c        0x0 /home/nikola/PNRS/pnrs-2023/de1-soc-demo/sw/nios/individual/paper_bsp//libhal_bsp.a(alt_irq_entry.o)
 *(.exceptions.notirq.user)
 *(.exceptions.notirq)
 .exceptions.notirq
                0x000000000500008c        0x8 /home/nikola/PNRS/pnrs-2023/de1-soc-demo/sw/nios/individual/paper_bsp//libhal_bsp.a(alt_exception_entry.o)
 *(.exceptions.soft.user)
 *(.exceptions.soft)
 *(.exceptions.unknown.user)
 *(.exceptions.unknown)
 .exceptions.unknown
                0x0000000005000094       0x14 /home/nikola/PNRS/pnrs-2023/de1-soc-demo/sw/nios/individual/paper_bsp//libhal_bsp.a(alt_exception_entry.o)
 *(.exceptions.exit.label)
 .exceptions.exit.label
                0x00000000050000a8        0x0 /home/nikola/PNRS/pnrs-2023/de1-soc-demo/sw/nios/individual/paper_bsp//libhal_bsp.a(alt_irq_entry.o)
 .exceptions.exit.label
                0x00000000050000a8        0x0 /home/nikola/PNRS/pnrs-2023/de1-soc-demo/sw/nios/individual/paper_bsp//libhal_bsp.a(alt_exception_entry.o)
 *(.exceptions.exit.user)
 *(.exceptions.exit)
 .exceptions.exit
                0x00000000050000a8       0x54 /home/nikola/PNRS/pnrs-2023/de1-soc-demo/sw/nios/individual/paper_bsp//libhal_bsp.a(alt_exception_entry.o)
 *(.exceptions)
 .exceptions    0x00000000050000fc       0xc8 /home/nikola/PNRS/pnrs-2023/de1-soc-demo/sw/nios/individual/paper_bsp//libhal_bsp.a(alt_irq_handler.o)
                0x00000000050000fc                alt_irq_handler
 .exceptions    0x00000000050001c4       0x60 /home/nikola/PNRS/pnrs-2023/de1-soc-demo/sw/nios/individual/paper_bsp//libhal_bsp.a(alt_instruction_exception_entry.o)
                0x00000000050001c4                alt_instruction_exception_entry
                0x0000000005000224                PROVIDE (__ram_exceptions_end = ABSOLUTE (.))
                0x0000000005000020                PROVIDE (__flash_exceptions_start = LOADADDR (.exceptions))

.text           0x0000000005000224     0x5d0c
                [!provide]                        PROVIDE (stext = ABSOLUTE (.))
 *(.interp)
 *(.hash)
 *(.dynsym)
 *(.dynstr)
 *(.gnu.version)
 *(.gnu.version_d)
 *(.gnu.version_r)
 *(.rel.init)
 *(.rela.init)
 *(.rel.text .rel.text.* .rel.gnu.linkonce.t.*)
 *(.rela.text .rela.text.* .rela.gnu.linkonce.t.*)
 *(.rel.fini)
 *(.rela.fini)
 *(.rel.rodata .rel.rodata.* .rel.gnu.linkonce.r.*)
 *(.rela.rodata .rela.rodata.* .rela.gnu.linkonce.r.*)
 *(.rel.data .rel.data.* .rel.gnu.linkonce.d.*)
 *(.rela.data .rela.data.* .rela.gnu.linkonce.d.*)
 *(.rel.tdata .rel.tdata.* .rel.gnu.linkonce.td.*)
 *(.rela.tdata .rela.tdata.* .rela.gnu.linkonce.td.*)
 *(.rel.tbss .rel.tbss.* .rel.gnu.linkonce.tb.*)
 *(.rela.tbss .rela.tbss.* .rela.gnu.linkonce.tb.*)
 *(.rel.ctors)
 *(.rela.ctors)
 *(.rel.dtors)
 *(.rela.dtors)
 *(.rel.got)
 *(.rela.got)
 *(.rel.sdata .rel.sdata.* .rel.gnu.linkonce.s.*)
 *(.rela.sdata .rela.sdata.* .rela.gnu.linkonce.s.*)
 *(.rel.sbss .rel.sbss.* .rel.gnu.linkonce.sb.*)
 *(.rela.sbss .rela.sbss.* .rela.gnu.linkonce.sb.*)
 *(.rel.sdata2 .rel.sdata2.* .rel.gnu.linkonce.s2.*)
 *(.rela.sdata2 .rela.sdata2.* .rela.gnu.linkonce.s2.*)
 *(.rel.sbss2 .rel.sbss2.* .rel.gnu.linkonce.sb2.*)
 *(.rela.sbss2 .rela.sbss2.* .rela.gnu.linkonce.sb2.*)
 *(.rel.bss .rel.bss.* .rel.gnu.linkonce.b.*)
 *(.rela.bss .rela.bss.* .rela.gnu.linkonce.b.*)
 *(.rel.plt)
 *(.rela.plt)
 *(.rel.dyn)
 *(.init)
 *(.plt)
 *(.text .stub .text.* .gnu.linkonce.t.*)
 .text          0x0000000005000224       0x3c /home/nikola/PNRS/pnrs-2023/de1-soc-demo/sw/nios/individual/paper_bsp//obj/HAL/src/crt0.o
                0x0000000005000224                _start
 .text          0x0000000005000260      0x274 obj/default/paper.o
                0x00000000050002d8                resource_mutex_lock
                0x000000000500032c                release_resources
                0x000000000500038c                notify_mutex_unlock
                0x00000000050003e4                notify_agent
                0x0000000005000420                main
 .text          0x00000000050004d4        0x0 /home/nikola/intelFPGA_lite/21.1/nios2eds/bin/gnu/H-x86_64-pc-linux-gnu/bin/../lib/gcc/nios2-elf/10.3.1/../../../../../H-x86_64-pc-linux-gnu/nios2-elf/lib/mno-hw-mul/libc.a(lib_a-puts.o)
 .text._puts_r  0x00000000050004d4       0xcc /home/nikola/intelFPGA_lite/21.1/nios2eds/bin/gnu/H-x86_64-pc-linux-gnu/bin/../lib/gcc/nios2-elf/10.3.1/../../../../../H-x86_64-pc-linux-gnu/nios2-elf/lib/mno-hw-mul/libc.a(lib_a-puts.o)
                0x00000000050004d4                _puts_r
 .text.puts     0x00000000050005a0       0x10 /home/nikola/intelFPGA_lite/21.1/nios2eds/bin/gnu/H-x86_64-pc-linux-gnu/bin/../lib/gcc/nios2-elf/10.3.1/../../../../../H-x86_64-pc-linux-gnu/nios2-elf/lib/mno-hw-mul/libc.a(lib_a-puts.o)
                0x00000000050005a0                puts
 .text          0x00000000050005b0        0x0 /home/nikola/intelFPGA_lite/21.1/nios2eds/bin/gnu/H-x86_64-pc-linux-gnu/bin/../lib/gcc/nios2-elf/10.3.1/../../../../../H-x86_64-pc-linux-gnu/nios2-elf/lib/mno-hw-mul/libc.a(lib_a-strlen.o)
 .text.strlen   0x00000000050005b0       0x98 /home/nikola/intelFPGA_lite/21.1/nios2eds/bin/gnu/H-x86_64-pc-linux-gnu/bin/../lib/gcc/nios2-elf/10.3.1/../../../../../H-x86_64-pc-linux-gnu/nios2-elf/lib/mno-hw-mul/libc.a(lib_a-strlen.o)
                0x00000000050005b0                strlen
 .text          0x0000000005000648        0x0 /home/nikola/intelFPGA_lite/21.1/nios2eds/bin/gnu/H-x86_64-pc-linux-gnu/bin/../lib/gcc/nios2-elf/10.3.1/../../../../../H-x86_64-pc-linux-gnu/nios2-elf/lib/mno-hw-mul/libc.a(lib_a-findfp.o)
 .text.__fp_lock
                0x0000000005000648        0x8 /home/nikola/intelFPGA_lite/21.1/nios2eds/bin/gnu/H-x86_64-pc-linux-gnu/bin/../lib/gcc/nios2-elf/10.3.1/../../../../../H-x86_64-pc-linux-gnu/nios2-elf/lib/mno-hw-mul/libc.a(lib_a-findfp.o)
 .text._cleanup_r
                0x0000000005000650        0xc /home/nikola/intelFPGA_lite/21.1/nios2eds/bin/gnu/H-x86_64-pc-linux-gnu/bin/../lib/gcc/nios2-elf/10.3.1/../../../../../H-x86_64-pc-linux-gnu/nios2-elf/lib/mno-hw-mul/libc.a(lib_a-findfp.o)
                0x0000000005000650                _cleanup_r
 .text.__fp_unlock
                0x000000000500065c        0x8 /home/nikola/intelFPGA_lite/21.1/nios2eds/bin/gnu/H-x86_64-pc-linux-gnu/bin/../lib/gcc/nios2-elf/10.3.1/../../../../../H-x86_64-pc-linux-gnu/nios2-elf/lib/mno-hw-mul/libc.a(lib_a-findfp.o)
 .text.__sinit.part.0
                0x0000000005000664      0x168 /home/nikola/intelFPGA_lite/21.1/nios2eds/bin/gnu/H-x86_64-pc-linux-gnu/bin/../lib/gcc/nios2-elf/10.3.1/../../../../../H-x86_64-pc-linux-gnu/nios2-elf/lib/mno-hw-mul/libc.a(lib_a-findfp.o)
 .text.__sfmoreglue
                0x00000000050007cc       0x78 /home/nikola/intelFPGA_lite/21.1/nios2eds/bin/gnu/H-x86_64-pc-linux-gnu/bin/../lib/gcc/nios2-elf/10.3.1/../../../../../H-x86_64-pc-linux-gnu/nios2-elf/lib/mno-hw-mul/libc.a(lib_a-findfp.o)
                0x00000000050007cc                __sfmoreglue
 .text.__sfp    0x0000000005000844      0x154 /home/nikola/intelFPGA_lite/21.1/nios2eds/bin/gnu/H-x86_64-pc-linux-gnu/bin/../lib/gcc/nios2-elf/10.3.1/../../../../../H-x86_64-pc-linux-gnu/nios2-elf/lib/mno-hw-mul/libc.a(lib_a-findfp.o)
                0x0000000005000844                __sfp
 .text._cleanup
                0x0000000005000998       0x14 /home/nikola/intelFPGA_lite/21.1/nios2eds/bin/gnu/H-x86_64-pc-linux-gnu/bin/../lib/gcc/nios2-elf/10.3.1/../../../../../H-x86_64-pc-linux-gnu/nios2-elf/lib/mno-hw-mul/libc.a(lib_a-findfp.o)
                0x0000000005000998                _cleanup
 .text.__sinit  0x00000000050009ac       0x10 /home/nikola/intelFPGA_lite/21.1/nios2eds/bin/gnu/H-x86_64-pc-linux-gnu/bin/../lib/gcc/nios2-elf/10.3.1/../../../../../H-x86_64-pc-linux-gnu/nios2-elf/lib/mno-hw-mul/libc.a(lib_a-findfp.o)
                0x00000000050009ac                __sinit
 .text.__sfp_lock_acquire
                0x00000000050009bc        0x4 /home/nikola/intelFPGA_lite/21.1/nios2eds/bin/gnu/H-x86_64-pc-linux-gnu/bin/../lib/gcc/nios2-elf/10.3.1/../../../../../H-x86_64-pc-linux-gnu/nios2-elf/lib/mno-hw-mul/libc.a(lib_a-findfp.o)
                0x00000000050009bc                __sfp_lock_acquire
 .text.__sfp_lock_release
                0x00000000050009c0        0x4 /home/nikola/intelFPGA_lite/21.1/nios2eds/bin/gnu/H-x86_64-pc-linux-gnu/bin/../lib/gcc/nios2-elf/10.3.1/../../../../../H-x86_64-pc-linux-gnu/nios2-elf/lib/mno-hw-mul/libc.a(lib_a-findfp.o)
                0x00000000050009c0                __sfp_lock_release
 .text.__sinit_lock_acquire
                0x00000000050009c4        0x4 /home/nikola/intelFPGA_lite/21.1/nios2eds/bin/gnu/H-x86_64-pc-linux-gnu/bin/../lib/gcc/nios2-elf/10.3.1/../../../../../H-x86_64-pc-linux-gnu/nios2-elf/lib/mno-hw-mul/libc.a(lib_a-findfp.o)
                0x00000000050009c4                __sinit_lock_acquire
 .text.__sinit_lock_release
                0x00000000050009c8        0x4 /home/nikola/intelFPGA_lite/21.1/nios2eds/bin/gnu/H-x86_64-pc-linux-gnu/bin/../lib/gcc/nios2-elf/10.3.1/../../../../../H-x86_64-pc-linux-gnu/nios2-elf/lib/mno-hw-mul/libc.a(lib_a-findfp.o)
                0x00000000050009c8                __sinit_lock_release
 .text.__fp_lock_all
                0x00000000050009cc       0x14 /home/nikola/intelFPGA_lite/21.1/nios2eds/bin/gnu/H-x86_64-pc-linux-gnu/bin/../lib/gcc/nios2-elf/10.3.1/../../../../../H-x86_64-pc-linux-gnu/nios2-elf/lib/mno-hw-mul/libc.a(lib_a-findfp.o)
                0x00000000050009cc                __fp_lock_all
 .text.__fp_unlock_all
                0x00000000050009e0       0x14 /home/nikola/intelFPGA_lite/21.1/nios2eds/bin/gnu/H-x86_64-pc-linux-gnu/bin/../lib/gcc/nios2-elf/10.3.1/../../../../../H-x86_64-pc-linux-gnu/nios2-elf/lib/mno-hw-mul/libc.a(lib_a-findfp.o)
                0x00000000050009e0                __fp_unlock_all
 .text          0x00000000050009f4        0x0 /home/nikola/intelFPGA_lite/21.1/nios2eds/bin/gnu/H-x86_64-pc-linux-gnu/bin/../lib/gcc/nios2-elf/10.3.1/../../../../../H-x86_64-pc-linux-gnu/nios2-elf/lib/mno-hw-mul/libc.a(lib_a-fvwrite.o)
 .text.__sfvwrite_r
                0x00000000050009f4      0x494 /home/nikola/intelFPGA_lite/21.1/nios2eds/bin/gnu/H-x86_64-pc-linux-gnu/bin/../lib/gcc/nios2-elf/10.3.1/../../../../../H-x86_64-pc-linux-gnu/nios2-elf/lib/mno-hw-mul/libc.a(lib_a-fvwrite.o)
                0x00000000050009f4                __sfvwrite_r
 .text          0x0000000005000e88        0x0 /home/nikola/intelFPGA_lite/21.1/nios2eds/bin/gnu/H-x86_64-pc-linux-gnu/bin/../lib/gcc/nios2-elf/10.3.1/../../../../../H-x86_64-pc-linux-gnu/nios2-elf/lib/mno-hw-mul/libc.a(lib_a-fwalk.o)
 .text._fwalk   0x0000000005000e88       0x98 /home/nikola/intelFPGA_lite/21.1/nios2eds/bin/gnu/H-x86_64-pc-linux-gnu/bin/../lib/gcc/nios2-elf/10.3.1/../../../../../H-x86_64-pc-linux-gnu/nios2-elf/lib/mno-hw-mul/libc.a(lib_a-fwalk.o)
                0x0000000005000e88                _fwalk
 .text._fwalk_reent
                0x0000000005000f20       0xa8 /home/nikola/intelFPGA_lite/21.1/nios2eds/bin/gnu/H-x86_64-pc-linux-gnu/bin/../lib/gcc/nios2-elf/10.3.1/../../../../../H-x86_64-pc-linux-gnu/nios2-elf/lib/mno-hw-mul/libc.a(lib_a-fwalk.o)
                0x0000000005000f20                _fwalk_reent
 .text          0x0000000005000fc8        0x0 /home/nikola/intelFPGA_lite/21.1/nios2eds/bin/gnu/H-x86_64-pc-linux-gnu/bin/../lib/gcc/nios2-elf/10.3.1/../../../../../H-x86_64-pc-linux-gnu/nios2-elf/lib/mno-hw-mul/libc.a(lib_a-impure.o)
 .text          0x0000000005000fc8        0x0 /home/nikola/intelFPGA_lite/21.1/nios2eds/bin/gnu/H-x86_64-pc-linux-gnu/bin/../lib/gcc/nios2-elf/10.3.1/../../../../../H-x86_64-pc-linux-gnu/nios2-elf/lib/mno-hw-mul/libc.a(lib_a-mallocr.o)
 .text._malloc_r
                0x0000000005000fc8      0x7e0 /home/nikola/intelFPGA_lite/21.1/nios2eds/bin/gnu/H-x86_64-pc-linux-gnu/bin/../lib/gcc/nios2-elf/10.3.1/../../../../../H-x86_64-pc-linux-gnu/nios2-elf/lib/mno-hw-mul/libc.a(lib_a-mallocr.o)
                0x0000000005000fc8                _malloc_r
 .text          0x00000000050017a8        0x0 /home/nikola/intelFPGA_lite/21.1/nios2eds/bin/gnu/H-x86_64-pc-linux-gnu/bin/../lib/gcc/nios2-elf/10.3.1/../../../../../H-x86_64-pc-linux-gnu/nios2-elf/lib/mno-hw-mul/libc.a(lib_a-memchr.o)
 .text.memchr   0x00000000050017a8       0xd0 /home/nikola/intelFPGA_lite/21.1/nios2eds/bin/gnu/H-x86_64-pc-linux-gnu/bin/../lib/gcc/nios2-elf/10.3.1/../../../../../H-x86_64-pc-linux-gnu/nios2-elf/lib/mno-hw-mul/libc.a(lib_a-memchr.o)
                0x00000000050017a8                memchr
 .text          0x0000000005001878        0x0 /home/nikola/intelFPGA_lite/21.1/nios2eds/bin/gnu/H-x86_64-pc-linux-gnu/bin/../lib/gcc/nios2-elf/10.3.1/../../../../../H-x86_64-pc-linux-gnu/nios2-elf/lib/mno-hw-mul/libc.a(lib_a-memcpy.o)
 .text.memcpy   0x0000000005001878      0x100 /home/nikola/intelFPGA_lite/21.1/nios2eds/bin/gnu/H-x86_64-pc-linux-gnu/bin/../lib/gcc/nios2-elf/10.3.1/../../../../../H-x86_64-pc-linux-gnu/nios2-elf/lib/mno-hw-mul/libc.a(lib_a-memcpy.o)
                0x0000000005001878                memcpy
 .text          0x0000000005001978        0x0 /home/nikola/intelFPGA_lite/21.1/nios2eds/bin/gnu/H-x86_64-pc-linux-gnu/bin/../lib/gcc/nios2-elf/10.3.1/../../../../../H-x86_64-pc-linux-gnu/nios2-elf/lib/mno-hw-mul/libc.a(lib_a-memmove.o)
 .text.memmove  0x0000000005001978      0x12c /home/nikola/intelFPGA_lite/21.1/nios2eds/bin/gnu/H-x86_64-pc-linux-gnu/bin/../lib/gcc/nios2-elf/10.3.1/../../../../../H-x86_64-pc-linux-gnu/nios2-elf/lib/mno-hw-mul/libc.a(lib_a-memmove.o)
                0x0000000005001978                memmove
 .text          0x0000000005001aa4        0x0 /home/nikola/intelFPGA_lite/21.1/nios2eds/bin/gnu/H-x86_64-pc-linux-gnu/bin/../lib/gcc/nios2-elf/10.3.1/../../../../../H-x86_64-pc-linux-gnu/nios2-elf/lib/mno-hw-mul/libc.a(lib_a-memset.o)
 .text.memset   0x0000000005001aa4       0xf0 /home/nikola/intelFPGA_lite/21.1/nios2eds/bin/gnu/H-x86_64-pc-linux-gnu/bin/../lib/gcc/nios2-elf/10.3.1/../../../../../H-x86_64-pc-linux-gnu/nios2-elf/lib/mno-hw-mul/libc.a(lib_a-memset.o)
                0x0000000005001aa4                memset
 .text          0x0000000005001b94        0x0 /home/nikola/intelFPGA_lite/21.1/nios2eds/bin/gnu/H-x86_64-pc-linux-gnu/bin/../lib/gcc/nios2-elf/10.3.1/../../../../../H-x86_64-pc-linux-gnu/nios2-elf/lib/mno-hw-mul/libc.a(lib_a-reallocr.o)
 .text._realloc_r
                0x0000000005001b94      0x53c /home/nikola/intelFPGA_lite/21.1/nios2eds/bin/gnu/H-x86_64-pc-linux-gnu/bin/../lib/gcc/nios2-elf/10.3.1/../../../../../H-x86_64-pc-linux-gnu/nios2-elf/lib/mno-hw-mul/libc.a(lib_a-reallocr.o)
                0x0000000005001b94                _realloc_r
 .text          0x00000000050020d0        0x0 /home/nikola/intelFPGA_lite/21.1/nios2eds/bin/gnu/H-x86_64-pc-linux-gnu/bin/../lib/gcc/nios2-elf/10.3.1/../../../../../H-x86_64-pc-linux-gnu/nios2-elf/lib/mno-hw-mul/libc.a(lib_a-sbrkr.o)
 .text._sbrk_r  0x00000000050020d0       0x58 /home/nikola/intelFPGA_lite/21.1/nios2eds/bin/gnu/H-x86_64-pc-linux-gnu/bin/../lib/gcc/nios2-elf/10.3.1/../../../../../H-x86_64-pc-linux-gnu/nios2-elf/lib/mno-hw-mul/libc.a(lib_a-sbrkr.o)
                0x00000000050020d0                _sbrk_r
 .text          0x0000000005002128        0x0 /home/nikola/intelFPGA_lite/21.1/nios2eds/bin/gnu/H-x86_64-pc-linux-gnu/bin/../lib/gcc/nios2-elf/10.3.1/../../../../../H-x86_64-pc-linux-gnu/nios2-elf/lib/mno-hw-mul/libc.a(lib_a-stdio.o)
 .text.__sread  0x0000000005002128       0x54 /home/nikola/intelFPGA_lite/21.1/nios2eds/bin/gnu/H-x86_64-pc-linux-gnu/bin/../lib/gcc/nios2-elf/10.3.1/../../../../../H-x86_64-pc-linux-gnu/nios2-elf/lib/mno-hw-mul/libc.a(lib_a-stdio.o)
                0x0000000005002128                __sread
 .text.__seofread
                0x000000000500217c        0x8 /home/nikola/intelFPGA_lite/21.1/nios2eds/bin/gnu/H-x86_64-pc-linux-gnu/bin/../lib/gcc/nios2-elf/10.3.1/../../../../../H-x86_64-pc-linux-gnu/nios2-elf/lib/mno-hw-mul/libc.a(lib_a-stdio.o)
                0x000000000500217c                __seofread
 .text.__swrite
                0x0000000005002184       0x80 /home/nikola/intelFPGA_lite/21.1/nios2eds/bin/gnu/H-x86_64-pc-linux-gnu/bin/../lib/gcc/nios2-elf/10.3.1/../../../../../H-x86_64-pc-linux-gnu/nios2-elf/lib/mno-hw-mul/libc.a(lib_a-stdio.o)
                0x0000000005002184                __swrite
 .text.__sseek  0x0000000005002204       0x5c /home/nikola/intelFPGA_lite/21.1/nios2eds/bin/gnu/H-x86_64-pc-linux-gnu/bin/../lib/gcc/nios2-elf/10.3.1/../../../../../H-x86_64-pc-linux-gnu/nios2-elf/lib/mno-hw-mul/libc.a(lib_a-stdio.o)
                0x0000000005002204                __sseek
 .text.__sclose
                0x0000000005002260        0x8 /home/nikola/intelFPGA_lite/21.1/nios2eds/bin/gnu/H-x86_64-pc-linux-gnu/bin/../lib/gcc/nios2-elf/10.3.1/../../../../../H-x86_64-pc-linux-gnu/nios2-elf/lib/mno-hw-mul/libc.a(lib_a-stdio.o)
                0x0000000005002260                __sclose
 .text          0x0000000005002268        0x0 /home/nikola/intelFPGA_lite/21.1/nios2eds/bin/gnu/H-x86_64-pc-linux-gnu/bin/../lib/gcc/nios2-elf/10.3.1/../../../../../H-x86_64-pc-linux-gnu/nios2-elf/lib/mno-hw-mul/libc.a(lib_a-writer.o)
 .text._write_r
                0x0000000005002268       0x64 /home/nikola/intelFPGA_lite/21.1/nios2eds/bin/gnu/H-x86_64-pc-linux-gnu/bin/../lib/gcc/nios2-elf/10.3.1/../../../../../H-x86_64-pc-linux-gnu/nios2-elf/lib/mno-hw-mul/libc.a(lib_a-writer.o)
                0x0000000005002268                _write_r
 .text          0x00000000050022cc        0x0 /home/nikola/intelFPGA_lite/21.1/nios2eds/bin/gnu/H-x86_64-pc-linux-gnu/bin/../lib/gcc/nios2-elf/10.3.1/../../../../../H-x86_64-pc-linux-gnu/nios2-elf/lib/mno-hw-mul/libc.a(lib_a-wsetup.o)
 .text.__swsetup_r
                0x00000000050022cc      0x164 /home/nikola/intelFPGA_lite/21.1/nios2eds/bin/gnu/H-x86_64-pc-linux-gnu/bin/../lib/gcc/nios2-elf/10.3.1/../../../../../H-x86_64-pc-linux-gnu/nios2-elf/lib/mno-hw-mul/libc.a(lib_a-wsetup.o)
                0x00000000050022cc                __swsetup_r
 .text          0x0000000005002430        0x0 /home/nikola/intelFPGA_lite/21.1/nios2eds/bin/gnu/H-x86_64-pc-linux-gnu/bin/../lib/gcc/nios2-elf/10.3.1/../../../../../H-x86_64-pc-linux-gnu/nios2-elf/lib/mno-hw-mul/libc.a(closer.o)
 .text._close_r
                0x0000000005002430       0x58 /home/nikola/intelFPGA_lite/21.1/nios2eds/bin/gnu/H-x86_64-pc-linux-gnu/bin/../lib/gcc/nios2-elf/10.3.1/../../../../../H-x86_64-pc-linux-gnu/nios2-elf/lib/mno-hw-mul/libc.a(closer.o)
                0x0000000005002430                _close_r
 .text          0x0000000005002488        0x0 /home/nikola/intelFPGA_lite/21.1/nios2eds/bin/gnu/H-x86_64-pc-linux-gnu/bin/../lib/gcc/nios2-elf/10.3.1/../../../../../H-x86_64-pc-linux-gnu/nios2-elf/lib/mno-hw-mul/libc.a(lib_a-fclose.o)
 .text._fclose_r.part.0
                0x0000000005002488       0xc0 /home/nikola/intelFPGA_lite/21.1/nios2eds/bin/gnu/H-x86_64-pc-linux-gnu/bin/../lib/gcc/nios2-elf/10.3.1/../../../../../H-x86_64-pc-linux-gnu/nios2-elf/lib/mno-hw-mul/libc.a(lib_a-fclose.o)
 .text._fclose_r
                0x0000000005002548       0x70 /home/nikola/intelFPGA_lite/21.1/nios2eds/bin/gnu/H-x86_64-pc-linux-gnu/bin/../lib/gcc/nios2-elf/10.3.1/../../../../../H-x86_64-pc-linux-gnu/nios2-elf/lib/mno-hw-mul/libc.a(lib_a-fclose.o)
                0x0000000005002548                _fclose_r
 .text.fclose   0x00000000050025b8       0x70 /home/nikola/intelFPGA_lite/21.1/nios2eds/bin/gnu/H-x86_64-pc-linux-gnu/bin/../lib/gcc/nios2-elf/10.3.1/../../../../../H-x86_64-pc-linux-gnu/nios2-elf/lib/mno-hw-mul/libc.a(lib_a-fclose.o)
                0x00000000050025b8                fclose
 .text          0x0000000005002628        0x0 /home/nikola/intelFPGA_lite/21.1/nios2eds/bin/gnu/H-x86_64-pc-linux-gnu/bin/../lib/gcc/nios2-elf/10.3.1/../../../../../H-x86_64-pc-linux-gnu/nios2-elf/lib/mno-hw-mul/libc.a(lib_a-fflush.o)
 .text.__sflush_r
                0x0000000005002628      0x228 /home/nikola/intelFPGA_lite/21.1/nios2eds/bin/gnu/H-x86_64-pc-linux-gnu/bin/../lib/gcc/nios2-elf/10.3.1/../../../../../H-x86_64-pc-linux-gnu/nios2-elf/lib/mno-hw-mul/libc.a(lib_a-fflush.o)
                0x0000000005002628                __sflush_r
 .text._fflush_r
                0x0000000005002850       0x60 /home/nikola/intelFPGA_lite/21.1/nios2eds/bin/gnu/H-x86_64-pc-linux-gnu/bin/../lib/gcc/nios2-elf/10.3.1/../../../../../H-x86_64-pc-linux-gnu/nios2-elf/lib/mno-hw-mul/libc.a(lib_a-fflush.o)
                0x0000000005002850                _fflush_r
 .text.fflush   0x00000000050028b0       0x84 /home/nikola/intelFPGA_lite/21.1/nios2eds/bin/gnu/H-x86_64-pc-linux-gnu/bin/../lib/gcc/nios2-elf/10.3.1/../../../../../H-x86_64-pc-linux-gnu/nios2-elf/lib/mno-hw-mul/libc.a(lib_a-fflush.o)
                0x00000000050028b0                fflush
 .text          0x0000000005002934        0x0 /home/nikola/intelFPGA_lite/21.1/nios2eds/bin/gnu/H-x86_64-pc-linux-gnu/bin/../lib/gcc/nios2-elf/10.3.1/../../../../../H-x86_64-pc-linux-gnu/nios2-elf/lib/mno-hw-mul/libc.a(lib_a-freer.o)
 .text._malloc_trim_r
                0x0000000005002934      0x11c /home/nikola/intelFPGA_lite/21.1/nios2eds/bin/gnu/H-x86_64-pc-linux-gnu/bin/../lib/gcc/nios2-elf/10.3.1/../../../../../H-x86_64-pc-linux-gnu/nios2-elf/lib/mno-hw-mul/libc.a(lib_a-freer.o)
                0x0000000005002934                _malloc_trim_r
 .text._free_r  0x0000000005002a50      0x2fc /home/nikola/intelFPGA_lite/21.1/nios2eds/bin/gnu/H-x86_64-pc-linux-gnu/bin/../lib/gcc/nios2-elf/10.3.1/../../../../../H-x86_64-pc-linux-gnu/nios2-elf/lib/mno-hw-mul/libc.a(lib_a-freer.o)
                0x0000000005002a50                _free_r
 .text          0x0000000005002d4c        0x0 /home/nikola/intelFPGA_lite/21.1/nios2eds/bin/gnu/H-x86_64-pc-linux-gnu/bin/../lib/gcc/nios2-elf/10.3.1/../../../../../H-x86_64-pc-linux-gnu/nios2-elf/lib/mno-hw-mul/libc.a(lib_a-int_errno.o)
 .text          0x0000000005002d4c        0x0 /home/nikola/intelFPGA_lite/21.1/nios2eds/bin/gnu/H-x86_64-pc-linux-gnu/bin/../lib/gcc/nios2-elf/10.3.1/../../../../../H-x86_64-pc-linux-gnu/nios2-elf/lib/mno-hw-mul/libc.a(lib_a-lseekr.o)
 .text._lseek_r
                0x0000000005002d4c       0x64 /home/nikola/intelFPGA_lite/21.1/nios2eds/bin/gnu/H-x86_64-pc-linux-gnu/bin/../lib/gcc/nios2-elf/10.3.1/../../../../../H-x86_64-pc-linux-gnu/nios2-elf/lib/mno-hw-mul/libc.a(lib_a-lseekr.o)
                0x0000000005002d4c                _lseek_r
 .text          0x0000000005002db0        0x0 /home/nikola/intelFPGA_lite/21.1/nios2eds/bin/gnu/H-x86_64-pc-linux-gnu/bin/../lib/gcc/nios2-elf/10.3.1/../../../../../H-x86_64-pc-linux-gnu/nios2-elf/lib/mno-hw-mul/libc.a(lib_a-makebuf.o)
 .text.__smakebuf_r
                0x0000000005002db0      0x1b0 /home/nikola/intelFPGA_lite/21.1/nios2eds/bin/gnu/H-x86_64-pc-linux-gnu/bin/../lib/gcc/nios2-elf/10.3.1/../../../../../H-x86_64-pc-linux-gnu/nios2-elf/lib/mno-hw-mul/libc.a(lib_a-makebuf.o)
                0x0000000005002db0                __smakebuf_r
 .text.__swhatbuf_r
                0x0000000005002f60       0x98 /home/nikola/intelFPGA_lite/21.1/nios2eds/bin/gnu/H-x86_64-pc-linux-gnu/bin/../lib/gcc/nios2-elf/10.3.1/../../../../../H-x86_64-pc-linux-gnu/nios2-elf/lib/mno-hw-mul/libc.a(lib_a-makebuf.o)
                0x0000000005002f60                __swhatbuf_r
 .text          0x0000000005002ff8        0x0 /home/nikola/intelFPGA_lite/21.1/nios2eds/bin/gnu/H-x86_64-pc-linux-gnu/bin/../lib/gcc/nios2-elf/10.3.1/../../../../../H-x86_64-pc-linux-gnu/nios2-elf/lib/mno-hw-mul/libc.a(lib_a-readr.o)
 .text._read_r  0x0000000005002ff8       0x64 /home/nikola/intelFPGA_lite/21.1/nios2eds/bin/gnu/H-x86_64-pc-linux-gnu/bin/../lib/gcc/nios2-elf/10.3.1/../../../../../H-x86_64-pc-linux-gnu/nios2-elf/lib/mno-hw-mul/libc.a(lib_a-readr.o)
                0x0000000005002ff8                _read_r
 .text          0x000000000500305c        0x0 /home/nikola/intelFPGA_lite/21.1/nios2eds/bin/gnu/H-x86_64-pc-linux-gnu/bin/../lib/gcc/nios2-elf/10.3.1/../../../../../H-x86_64-pc-linux-gnu/nios2-elf/lib/mno-hw-mul/libc.a(lib_a-fstatr.o)
 .text._fstat_r
                0x000000000500305c       0x60 /home/nikola/intelFPGA_lite/21.1/nios2eds/bin/gnu/H-x86_64-pc-linux-gnu/bin/../lib/gcc/nios2-elf/10.3.1/../../../../../H-x86_64-pc-linux-gnu/nios2-elf/lib/mno-hw-mul/libc.a(lib_a-fstatr.o)
                0x000000000500305c                _fstat_r
 .text          0x00000000050030bc        0x0 /home/nikola/intelFPGA_lite/21.1/nios2eds/bin/gnu/H-x86_64-pc-linux-gnu/bin/../lib/gcc/nios2-elf/10.3.1/../../../../../H-x86_64-pc-linux-gnu/nios2-elf/lib/mno-hw-mul/libc.a(lib_a-isattyr.o)
 .text._isatty_r
                0x00000000050030bc       0x58 /home/nikola/intelFPGA_lite/21.1/nios2eds/bin/gnu/H-x86_64-pc-linux-gnu/bin/../lib/gcc/nios2-elf/10.3.1/../../../../../H-x86_64-pc-linux-gnu/nios2-elf/lib/mno-hw-mul/libc.a(lib_a-isattyr.o)
                0x00000000050030bc                _isatty_r
 .text          0x0000000005003114      0x1b4 /home/nikola/intelFPGA_lite/21.1/nios2eds/bin/gnu/H-x86_64-pc-linux-gnu/bin/../lib/gcc/nios2-elf/10.3.1/mno-hw-mul/libgcc.a(lib2-divmod.o)
                0x0000000005003114                __divsi3
                0x0000000005003194                __modsi3
                0x0000000005003208                __udivsi3
                0x000000000500326c                __umodsi3
 .text          0x00000000050032c8       0x28 /home/nikola/intelFPGA_lite/21.1/nios2eds/bin/gnu/H-x86_64-pc-linux-gnu/bin/../lib/gcc/nios2-elf/10.3.1/mno-hw-mul/libgcc.a(lib2-mul.o)
                0x00000000050032c8                __mulsi3
 .text          0x00000000050032f0      0x118 /home/nikola/PNRS/pnrs-2023/de1-soc-demo/sw/nios/individual/paper_bsp//libhal_bsp.a(alt_close.o)
                0x000000000500332c                close
 .text          0x0000000005003408       0x2c /home/nikola/PNRS/pnrs-2023/de1-soc-demo/sw/nios/individual/paper_bsp//libhal_bsp.a(alt_dev.o)
 .text          0x0000000005003434        0x0 /home/nikola/PNRS/pnrs-2023/de1-soc-demo/sw/nios/individual/paper_bsp//libhal_bsp.a(alt_errno.o)
 .text          0x0000000005003434       0xf8 /home/nikola/PNRS/pnrs-2023/de1-soc-demo/sw/nios/individual/paper_bsp//libhal_bsp.a(alt_fstat.o)
                0x0000000005003470                fstat
 .text          0x000000000500352c       0xec /home/nikola/PNRS/pnrs-2023/de1-soc-demo/sw/nios/individual/paper_bsp//libhal_bsp.a(alt_isatty.o)
                0x0000000005003568                isatty
 .text          0x0000000005003618       0xec /home/nikola/PNRS/pnrs-2023/de1-soc-demo/sw/nios/individual/paper_bsp//libhal_bsp.a(alt_load.o)
                0x0000000005003680                alt_load
 .text          0x0000000005003704      0x11c /home/nikola/PNRS/pnrs-2023/de1-soc-demo/sw/nios/individual/paper_bsp//libhal_bsp.a(alt_lseek.o)
                0x0000000005003740                lseek
 .text          0x0000000005003820       0x7c /home/nikola/PNRS/pnrs-2023/de1-soc-demo/sw/nios/individual/paper_bsp//libhal_bsp.a(alt_main.o)
                0x0000000005003820                alt_main
 .text          0x000000000500389c       0x48 /home/nikola/PNRS/pnrs-2023/de1-soc-demo/sw/nios/individual/paper_bsp//libhal_bsp.a(alt_malloc_lock.o)
                0x000000000500389c                __malloc_lock
                0x00000000050038c0                __malloc_unlock
 .text          0x00000000050038e4      0x144 /home/nikola/PNRS/pnrs-2023/de1-soc-demo/sw/nios/individual/paper_bsp//libhal_bsp.a(alt_read.o)
                0x0000000005003920                read
 .text          0x0000000005003a28       0x70 /home/nikola/PNRS/pnrs-2023/de1-soc-demo/sw/nios/individual/paper_bsp//libhal_bsp.a(alt_release_fd.o)
                0x0000000005003a28                alt_release_fd
 .text          0x0000000005003a98       0xb8 /home/nikola/PNRS/pnrs-2023/de1-soc-demo/sw/nios/individual/paper_bsp//libhal_bsp.a(alt_sbrk.o)
                0x0000000005003a98                sbrk
 .text          0x0000000005003b50       0x30 /home/nikola/PNRS/pnrs-2023/de1-soc-demo/sw/nios/individual/paper_bsp//libhal_bsp.a(alt_usleep.o)
                0x0000000005003b50                usleep
 .text          0x0000000005003b80      0x140 /home/nikola/PNRS/pnrs-2023/de1-soc-demo/sw/nios/individual/paper_bsp//libhal_bsp.a(alt_write.o)
                0x0000000005003bbc                write
 .text          0x0000000005003cc0      0x1a4 /home/nikola/PNRS/pnrs-2023/de1-soc-demo/sw/nios/individual/paper_bsp//libhal_bsp.a(alt_sys_init.o)
                0x0000000005003d98                alt_irq_init
                0x0000000005003dd4                alt_sys_init
 .text          0x0000000005003e64      0x164 /home/nikola/PNRS/pnrs-2023/de1-soc-demo/sw/nios/individual/paper_bsp//libhal_bsp.a(altera_avalon_jtag_uart_fd.o)
                0x0000000005003e64                altera_avalon_jtag_uart_read_fd
                0x0000000005003ec4                altera_avalon_jtag_uart_write_fd
                0x0000000005003f24                altera_avalon_jtag_uart_close_fd
                0x0000000005003f74                altera_avalon_jtag_uart_ioctl_fd
 .text          0x0000000005003fc8      0x3d4 /home/nikola/PNRS/pnrs-2023/de1-soc-demo/sw/nios/individual/paper_bsp//libhal_bsp.a(altera_avalon_jtag_uart_init.o)
                0x0000000005003fc8                altera_avalon_jtag_uart_init
                0x0000000005004334                altera_avalon_jtag_uart_close
 .text          0x000000000500439c       0xf4 /home/nikola/PNRS/pnrs-2023/de1-soc-demo/sw/nios/individual/paper_bsp//libhal_bsp.a(altera_avalon_jtag_uart_ioctl.o)
                0x000000000500439c                altera_avalon_jtag_uart_ioctl
 .text          0x0000000005004490      0x220 /home/nikola/PNRS/pnrs-2023/de1-soc-demo/sw/nios/individual/paper_bsp//libhal_bsp.a(altera_avalon_jtag_uart_read.o)
                0x0000000005004490                altera_avalon_jtag_uart_read
 .text          0x00000000050046b0      0x228 /home/nikola/PNRS/pnrs-2023/de1-soc-demo/sw/nios/individual/paper_bsp//libhal_bsp.a(altera_avalon_jtag_uart_write.o)
                0x00000000050046b0                altera_avalon_jtag_uart_write
 .text          0x00000000050048d8      0x2d0 /home/nikola/PNRS/pnrs-2023/de1-soc-demo/sw/nios/individual/paper_bsp//libhal_bsp.a(altera_avalon_mutex.o)
                0x0000000005004990                altera_avalon_mutex_open
                0x00000000050049e4                altera_avalon_mutex_close
                0x0000000005004a08                altera_avalon_mutex_lock
                0x0000000005004a50                altera_avalon_mutex_trylock
                0x0000000005004a90                altera_avalon_mutex_unlock
                0x0000000005004ae4                altera_avalon_mutex_is_mine
                0x0000000005004b58                altera_avalon_mutex_first_lock
 .text          0x0000000005004ba8      0x100 /home/nikola/PNRS/pnrs-2023/de1-soc-demo/sw/nios/individual/paper_bsp//libhal_bsp.a(altera_avalon_timer_sc.o)
                0x0000000005004c24                alt_avalon_timer_sc_init
 .text          0x0000000005004ca8      0x160 /home/nikola/PNRS/pnrs-2023/de1-soc-demo/sw/nios/individual/paper_bsp//libhal_bsp.a(alt_alarm_start.o)
                0x0000000005004ca8                alt_alarm_start
 .text          0x0000000005004e08      0x158 /home/nikola/PNRS/pnrs-2023/de1-soc-demo/sw/nios/individual/paper_bsp//libhal_bsp.a(alt_busy_sleep.o)
                0x0000000005004e08                alt_busy_sleep
 .text          0x0000000005004f60       0x20 /home/nikola/PNRS/pnrs-2023/de1-soc-demo/sw/nios/individual/paper_bsp//libhal_bsp.a(alt_dcache_flush_all.o)
                0x0000000005004f60                alt_dcache_flush_all
 .text          0x0000000005004f80       0xe4 /home/nikola/PNRS/pnrs-2023/de1-soc-demo/sw/nios/individual/paper_bsp//libhal_bsp.a(alt_dev_llist_insert.o)
                0x0000000005004fbc                alt_dev_llist_insert
 .text          0x0000000005005064       0x64 /home/nikola/PNRS/pnrs-2023/de1-soc-demo/sw/nios/individual/paper_bsp//libhal_bsp.a(alt_do_ctors.o)
                0x0000000005005064                _do_ctors
 .text          0x00000000050050c8       0x64 /home/nikola/PNRS/pnrs-2023/de1-soc-demo/sw/nios/individual/paper_bsp//libhal_bsp.a(alt_do_dtors.o)
                0x00000000050050c8                _do_dtors
 .text          0x000000000500512c       0x90 /home/nikola/PNRS/pnrs-2023/de1-soc-demo/sw/nios/individual/paper_bsp//libhal_bsp.a(alt_find_dev.o)
                0x000000000500512c                alt_find_dev
 .text          0x00000000050051bc       0x20 /home/nikola/PNRS/pnrs-2023/de1-soc-demo/sw/nios/individual/paper_bsp//libhal_bsp.a(alt_icache_flush_all.o)
                0x00000000050051bc                alt_icache_flush_all
 .text          0x00000000050051dc      0x1b0 /home/nikola/PNRS/pnrs-2023/de1-soc-demo/sw/nios/individual/paper_bsp//libhal_bsp.a(alt_iic.o)
                0x00000000050051dc                alt_ic_isr_register
                0x000000000500522c                alt_ic_irq_enable
                0x00000000050052b4                alt_ic_irq_disable
                0x0000000005005340                alt_ic_irq_enabled
 .text          0x000000000500538c       0xe8 /home/nikola/PNRS/pnrs-2023/de1-soc-demo/sw/nios/individual/paper_bsp//libhal_bsp.a(alt_iic_isr_register.o)
                0x000000000500538c                alt_iic_isr_register
 .text          0x0000000005005474      0x150 /home/nikola/PNRS/pnrs-2023/de1-soc-demo/sw/nios/individual/paper_bsp//libhal_bsp.a(alt_io_redirect.o)
                0x0000000005005548                alt_io_redirect
 .text          0x00000000050055c4        0x0 /home/nikola/PNRS/pnrs-2023/de1-soc-demo/sw/nios/individual/paper_bsp//libhal_bsp.a(alt_irq_entry.o)
 .text          0x00000000050055c4        0x0 /home/nikola/PNRS/pnrs-2023/de1-soc-demo/sw/nios/individual/paper_bsp//libhal_bsp.a(alt_irq_handler.o)
 .text          0x00000000050055c4        0x0 /home/nikola/PNRS/pnrs-2023/de1-soc-demo/sw/nios/individual/paper_bsp//libhal_bsp.a(alt_irq_vars.o)
 .text          0x00000000050055c4      0x278 /home/nikola/PNRS/pnrs-2023/de1-soc-demo/sw/nios/individual/paper_bsp//libhal_bsp.a(alt_open.o)
                0x00000000050056dc                open
 .text          0x000000000500583c      0x1d0 /home/nikola/PNRS/pnrs-2023/de1-soc-demo/sw/nios/individual/paper_bsp//libhal_bsp.a(alt_tick.o)
                0x000000000500583c                alt_alarm_stop
                0x00000000050058e0                alt_tick
 .text          0x0000000005005a0c       0x24 /home/nikola/PNRS/pnrs-2023/de1-soc-demo/sw/nios/individual/paper_bsp//libhal_bsp.a(altera_nios2_gen2_irq.o)
                0x0000000005005a0c                altera_nios2_gen2_irq_init
 .text          0x0000000005005a30        0x0 /home/nikola/PNRS/pnrs-2023/de1-soc-demo/sw/nios/individual/paper_bsp//libhal_bsp.a(alt_exception_entry.o)
 .text          0x0000000005005a30      0x108 /home/nikola/PNRS/pnrs-2023/de1-soc-demo/sw/nios/individual/paper_bsp//libhal_bsp.a(alt_find_file.o)
                0x0000000005005a30                alt_find_file
 .text          0x0000000005005b38       0xb8 /home/nikola/PNRS/pnrs-2023/de1-soc-demo/sw/nios/individual/paper_bsp//libhal_bsp.a(alt_get_fd.o)
                0x0000000005005b38                alt_get_fd
 .text          0x0000000005005bf0       0x98 /home/nikola/PNRS/pnrs-2023/de1-soc-demo/sw/nios/individual/paper_bsp//libhal_bsp.a(alt_instruction_exception_entry.o)
                0x0000000005005bf0                alt_exception_cause_generated_bad_addr
 .text          0x0000000005005c88        0x0 /home/nikola/intelFPGA_lite/21.1/nios2eds/bin/gnu/H-x86_64-pc-linux-gnu/bin/../lib/gcc/nios2-elf/10.3.1/../../../../../H-x86_64-pc-linux-gnu/nios2-elf/lib/mno-hw-mul/libc.a(lib_a-atexit.o)
 .text.atexit   0x0000000005005c88       0x14 /home/nikola/intelFPGA_lite/21.1/nios2eds/bin/gnu/H-x86_64-pc-linux-gnu/bin/../lib/gcc/nios2-elf/10.3.1/../../../../../H-x86_64-pc-linux-gnu/nios2-elf/lib/mno-hw-mul/libc.a(lib_a-atexit.o)
                0x0000000005005c88                atexit
 .text          0x0000000005005c9c        0x0 /home/nikola/intelFPGA_lite/21.1/nios2eds/bin/gnu/H-x86_64-pc-linux-gnu/bin/../lib/gcc/nios2-elf/10.3.1/../../../../../H-x86_64-pc-linux-gnu/nios2-elf/lib/mno-hw-mul/libc.a(lib_a-exit.o)
 .text.exit     0x0000000005005c9c       0x34 /home/nikola/intelFPGA_lite/21.1/nios2eds/bin/gnu/H-x86_64-pc-linux-gnu/bin/../lib/gcc/nios2-elf/10.3.1/../../../../../H-x86_64-pc-linux-gnu/nios2-elf/lib/mno-hw-mul/libc.a(lib_a-exit.o)
                0x0000000005005c9c                exit
 .text          0x0000000005005cd0        0x0 /home/nikola/intelFPGA_lite/21.1/nios2eds/bin/gnu/H-x86_64-pc-linux-gnu/bin/../lib/gcc/nios2-elf/10.3.1/../../../../../H-x86_64-pc-linux-gnu/nios2-elf/lib/mno-hw-mul/libc.a(lib_a-memcmp.o)
 .text.memcmp   0x0000000005005cd0       0x78 /home/nikola/intelFPGA_lite/21.1/nios2eds/bin/gnu/H-x86_64-pc-linux-gnu/bin/../lib/gcc/nios2-elf/10.3.1/../../../../../H-x86_64-pc-linux-gnu/nios2-elf/lib/mno-hw-mul/libc.a(lib_a-memcmp.o)
                0x0000000005005cd0                memcmp
 .text          0x0000000005005d48        0x0 /home/nikola/intelFPGA_lite/21.1/nios2eds/bin/gnu/H-x86_64-pc-linux-gnu/bin/../lib/gcc/nios2-elf/10.3.1/../../../../../H-x86_64-pc-linux-gnu/nios2-elf/lib/mno-hw-mul/libc.a(lib_a-__atexit.o)
 .text.__register_exitproc
                0x0000000005005d48       0x90 /home/nikola/intelFPGA_lite/21.1/nios2eds/bin/gnu/H-x86_64-pc-linux-gnu/bin/../lib/gcc/nios2-elf/10.3.1/../../../../../H-x86_64-pc-linux-gnu/nios2-elf/lib/mno-hw-mul/libc.a(lib_a-__atexit.o)
                0x0000000005005d48                __register_exitproc
 .text          0x0000000005005dd8        0x0 /home/nikola/intelFPGA_lite/21.1/nios2eds/bin/gnu/H-x86_64-pc-linux-gnu/bin/../lib/gcc/nios2-elf/10.3.1/../../../../../H-x86_64-pc-linux-gnu/nios2-elf/lib/mno-hw-mul/libc.a(lib_a-__call_atexit.o)
 .text.__call_exitprocs
                0x0000000005005dd8      0x120 /home/nikola/intelFPGA_lite/21.1/nios2eds/bin/gnu/H-x86_64-pc-linux-gnu/bin/../lib/gcc/nios2-elf/10.3.1/../../../../../H-x86_64-pc-linux-gnu/nios2-elf/lib/mno-hw-mul/libc.a(lib_a-__call_atexit.o)
                0x0000000005005dd8                __call_exitprocs
 .text          0x0000000005005ef8       0x38 /home/nikola/PNRS/pnrs-2023/de1-soc-demo/sw/nios/individual/paper_bsp//libhal_bsp.a(alt_exit.o)
                0x0000000005005ef8                _exit
 *(.gnu.warning.*)
 *(.fini)
                [!provide]                        PROVIDE (__etext = ABSOLUTE (.))
                [!provide]                        PROVIDE (_etext = ABSOLUTE (.))
                [!provide]                        PROVIDE (etext = ABSOLUTE (.))
 *(.eh_frame_hdr)
                0x0000000005005f30                . = ALIGN (0x4)
                [!provide]                        PROVIDE (__preinit_array_start = ABSOLUTE (.))
 *(.preinit_array)
                [!provide]                        PROVIDE (__preinit_array_end = ABSOLUTE (.))
                [!provide]                        PROVIDE (__init_array_start = ABSOLUTE (.))
 *(.init_array)
                [!provide]                        PROVIDE (__init_array_end = ABSOLUTE (.))
                [!provide]                        PROVIDE (__fini_array_start = ABSOLUTE (.))
 *(.fini_array)
                [!provide]                        PROVIDE (__fini_array_end = ABSOLUTE (.))
 *(.eh_frame)
 *(.gcc_except_table .gcc_except_table.*)
 *(.dynamic)
                0x0000000005005f30                PROVIDE (__CTOR_LIST__ = ABSOLUTE (.))
 *(.ctors)
 *(SORT_BY_NAME(.ctors.*))
                0x0000000005005f30                PROVIDE (__CTOR_END__ = ABSOLUTE (.))
                0x0000000005005f30                PROVIDE (__DTOR_LIST__ = ABSOLUTE (.))
 *(.dtors)
 *(SORT_BY_NAME(.dtors.*))
                0x0000000005005f30                PROVIDE (__DTOR_END__ = ABSOLUTE (.))
 *(.jcr)
                0x0000000005005f30                . = ALIGN (0x4)

.rodata         0x0000000005005f30       0xd8
                0x0000000005005f30                PROVIDE (__ram_rodata_start = ABSOLUTE (.))
                0x0000000005005f30                . = ALIGN (0x4)
 *(.rodata .rodata.* .gnu.linkonce.r.*)
 .rodata        0x0000000005005f30       0x4f obj/default/paper.o
 *fill*         0x0000000005005f7f        0x1 
 .rodata._puts_r.str1.4
                0x0000000005005f80        0x2 /home/nikola/intelFPGA_lite/21.1/nios2eds/bin/gnu/H-x86_64-pc-linux-gnu/bin/../lib/gcc/nios2-elf/10.3.1/../../../../../H-x86_64-pc-linux-gnu/nios2-elf/lib/mno-hw-mul/libc.a(lib_a-puts.o)
 *fill*         0x0000000005005f82        0x2 
 .rodata        0x0000000005005f84        0xa /home/nikola/PNRS/pnrs-2023/de1-soc-demo/sw/nios/individual/paper_bsp//libhal_bsp.a(alt_dev.o)
 *fill*         0x0000000005005f8e        0x2 
 .rodata        0x0000000005005f90       0x11 /home/nikola/PNRS/pnrs-2023/de1-soc-demo/sw/nios/individual/paper_bsp//libhal_bsp.a(alt_main.o)
 *fill*         0x0000000005005fa1        0x3 
 .rodata        0x0000000005005fa4       0x63 /home/nikola/PNRS/pnrs-2023/de1-soc-demo/sw/nios/individual/paper_bsp//libhal_bsp.a(alt_sys_init.o)
 *(.rodata1)
                0x0000000005006008                . = ALIGN (0x4)
 *fill*         0x0000000005006007        0x1 
                0x0000000005006008                PROVIDE (__ram_rodata_end = ABSOLUTE (.))
                0x0000000005005f30                PROVIDE (__flash_rodata_start = LOADADDR (.rodata))

.rwdata         0x0000000005006008     0x1ab4 load address 0x0000000005007abc
                0x0000000005006008                PROVIDE (__ram_rwdata_start = ABSOLUTE (.))
                0x0000000005006008                . = ALIGN (0x4)
 *(.got.plt)
 *(.got)
 *(.data1)
 *(.data .data.* .gnu.linkonce.d.*)
 .data          0x0000000005006008        0x0 /home/nikola/PNRS/pnrs-2023/de1-soc-demo/sw/nios/individual/paper_bsp//obj/HAL/src/crt0.o
 .data          0x0000000005006008        0x0 obj/default/paper.o
 .data          0x0000000005006008        0x0 /home/nikola/intelFPGA_lite/21.1/nios2eds/bin/gnu/H-x86_64-pc-linux-gnu/bin/../lib/gcc/nios2-elf/10.3.1/../../../../../H-x86_64-pc-linux-gnu/nios2-elf/lib/mno-hw-mul/libc.a(lib_a-puts.o)
 .data          0x0000000005006008        0x0 /home/nikola/intelFPGA_lite/21.1/nios2eds/bin/gnu/H-x86_64-pc-linux-gnu/bin/../lib/gcc/nios2-elf/10.3.1/../../../../../H-x86_64-pc-linux-gnu/nios2-elf/lib/mno-hw-mul/libc.a(lib_a-strlen.o)
 .data          0x0000000005006008        0x0 /home/nikola/intelFPGA_lite/21.1/nios2eds/bin/gnu/H-x86_64-pc-linux-gnu/bin/../lib/gcc/nios2-elf/10.3.1/../../../../../H-x86_64-pc-linux-gnu/nios2-elf/lib/mno-hw-mul/libc.a(lib_a-findfp.o)
 .data          0x0000000005006008        0x0 /home/nikola/intelFPGA_lite/21.1/nios2eds/bin/gnu/H-x86_64-pc-linux-gnu/bin/../lib/gcc/nios2-elf/10.3.1/../../../../../H-x86_64-pc-linux-gnu/nios2-elf/lib/mno-hw-mul/libc.a(lib_a-fvwrite.o)
 .data          0x0000000005006008        0x0 /home/nikola/intelFPGA_lite/21.1/nios2eds/bin/gnu/H-x86_64-pc-linux-gnu/bin/../lib/gcc/nios2-elf/10.3.1/../../../../../H-x86_64-pc-linux-gnu/nios2-elf/lib/mno-hw-mul/libc.a(lib_a-fwalk.o)
 .data          0x0000000005006008        0x0 /home/nikola/intelFPGA_lite/21.1/nios2eds/bin/gnu/H-x86_64-pc-linux-gnu/bin/../lib/gcc/nios2-elf/10.3.1/../../../../../H-x86_64-pc-linux-gnu/nios2-elf/lib/mno-hw-mul/libc.a(lib_a-impure.o)
 .data.impure_data
                0x0000000005006008      0x424 /home/nikola/intelFPGA_lite/21.1/nios2eds/bin/gnu/H-x86_64-pc-linux-gnu/bin/../lib/gcc/nios2-elf/10.3.1/../../../../../H-x86_64-pc-linux-gnu/nios2-elf/lib/mno-hw-mul/libc.a(lib_a-impure.o)
 .data          0x000000000500642c        0x0 /home/nikola/intelFPGA_lite/21.1/nios2eds/bin/gnu/H-x86_64-pc-linux-gnu/bin/../lib/gcc/nios2-elf/10.3.1/../../../../../H-x86_64-pc-linux-gnu/nios2-elf/lib/mno-hw-mul/libc.a(lib_a-mallocr.o)
 .data.__malloc_av_
                0x000000000500642c      0x408 /home/nikola/intelFPGA_lite/21.1/nios2eds/bin/gnu/H-x86_64-pc-linux-gnu/bin/../lib/gcc/nios2-elf/10.3.1/../../../../../H-x86_64-pc-linux-gnu/nios2-elf/lib/mno-hw-mul/libc.a(lib_a-mallocr.o)
                0x000000000500642c                __malloc_av_
 .data          0x0000000005006834        0x0 /home/nikola/intelFPGA_lite/21.1/nios2eds/bin/gnu/H-x86_64-pc-linux-gnu/bin/../lib/gcc/nios2-elf/10.3.1/../../../../../H-x86_64-pc-linux-gnu/nios2-elf/lib/mno-hw-mul/libc.a(lib_a-memchr.o)
 .data          0x0000000005006834        0x0 /home/nikola/intelFPGA_lite/21.1/nios2eds/bin/gnu/H-x86_64-pc-linux-gnu/bin/../lib/gcc/nios2-elf/10.3.1/../../../../../H-x86_64-pc-linux-gnu/nios2-elf/lib/mno-hw-mul/libc.a(lib_a-memcpy.o)
 .data          0x0000000005006834        0x0 /home/nikola/intelFPGA_lite/21.1/nios2eds/bin/gnu/H-x86_64-pc-linux-gnu/bin/../lib/gcc/nios2-elf/10.3.1/../../../../../H-x86_64-pc-linux-gnu/nios2-elf/lib/mno-hw-mul/libc.a(lib_a-memmove.o)
 .data          0x0000000005006834        0x0 /home/nikola/intelFPGA_lite/21.1/nios2eds/bin/gnu/H-x86_64-pc-linux-gnu/bin/../lib/gcc/nios2-elf/10.3.1/../../../../../H-x86_64-pc-linux-gnu/nios2-elf/lib/mno-hw-mul/libc.a(lib_a-memset.o)
 .data          0x0000000005006834        0x0 /home/nikola/intelFPGA_lite/21.1/nios2eds/bin/gnu/H-x86_64-pc-linux-gnu/bin/../lib/gcc/nios2-elf/10.3.1/../../../../../H-x86_64-pc-linux-gnu/nios2-elf/lib/mno-hw-mul/libc.a(lib_a-reallocr.o)
 .data          0x0000000005006834        0x0 /home/nikola/intelFPGA_lite/21.1/nios2eds/bin/gnu/H-x86_64-pc-linux-gnu/bin/../lib/gcc/nios2-elf/10.3.1/../../../../../H-x86_64-pc-linux-gnu/nios2-elf/lib/mno-hw-mul/libc.a(lib_a-sbrkr.o)
 .data          0x0000000005006834        0x0 /home/nikola/intelFPGA_lite/21.1/nios2eds/bin/gnu/H-x86_64-pc-linux-gnu/bin/../lib/gcc/nios2-elf/10.3.1/../../../../../H-x86_64-pc-linux-gnu/nios2-elf/lib/mno-hw-mul/libc.a(lib_a-stdio.o)
 .data          0x0000000005006834        0x0 /home/nikola/intelFPGA_lite/21.1/nios2eds/bin/gnu/H-x86_64-pc-linux-gnu/bin/../lib/gcc/nios2-elf/10.3.1/../../../../../H-x86_64-pc-linux-gnu/nios2-elf/lib/mno-hw-mul/libc.a(lib_a-writer.o)
 .data          0x0000000005006834        0x0 /home/nikola/intelFPGA_lite/21.1/nios2eds/bin/gnu/H-x86_64-pc-linux-gnu/bin/../lib/gcc/nios2-elf/10.3.1/../../../../../H-x86_64-pc-linux-gnu/nios2-elf/lib/mno-hw-mul/libc.a(lib_a-wsetup.o)
 .data          0x0000000005006834        0x0 /home/nikola/intelFPGA_lite/21.1/nios2eds/bin/gnu/H-x86_64-pc-linux-gnu/bin/../lib/gcc/nios2-elf/10.3.1/../../../../../H-x86_64-pc-linux-gnu/nios2-elf/lib/mno-hw-mul/libc.a(closer.o)
 .data          0x0000000005006834        0x0 /home/nikola/intelFPGA_lite/21.1/nios2eds/bin/gnu/H-x86_64-pc-linux-gnu/bin/../lib/gcc/nios2-elf/10.3.1/../../../../../H-x86_64-pc-linux-gnu/nios2-elf/lib/mno-hw-mul/libc.a(lib_a-fclose.o)
 .data          0x0000000005006834        0x0 /home/nikola/intelFPGA_lite/21.1/nios2eds/bin/gnu/H-x86_64-pc-linux-gnu/bin/../lib/gcc/nios2-elf/10.3.1/../../../../../H-x86_64-pc-linux-gnu/nios2-elf/lib/mno-hw-mul/libc.a(lib_a-fflush.o)
 .data          0x0000000005006834        0x0 /home/nikola/intelFPGA_lite/21.1/nios2eds/bin/gnu/H-x86_64-pc-linux-gnu/bin/../lib/gcc/nios2-elf/10.3.1/../../../../../H-x86_64-pc-linux-gnu/nios2-elf/lib/mno-hw-mul/libc.a(lib_a-freer.o)
 .data          0x0000000005006834        0x0 /home/nikola/intelFPGA_lite/21.1/nios2eds/bin/gnu/H-x86_64-pc-linux-gnu/bin/../lib/gcc/nios2-elf/10.3.1/../../../../../H-x86_64-pc-linux-gnu/nios2-elf/lib/mno-hw-mul/libc.a(lib_a-int_errno.o)
 .data          0x0000000005006834        0x0 /home/nikola/intelFPGA_lite/21.1/nios2eds/bin/gnu/H-x86_64-pc-linux-gnu/bin/../lib/gcc/nios2-elf/10.3.1/../../../../../H-x86_64-pc-linux-gnu/nios2-elf/lib/mno-hw-mul/libc.a(lib_a-lseekr.o)
 .data          0x0000000005006834        0x0 /home/nikola/intelFPGA_lite/21.1/nios2eds/bin/gnu/H-x86_64-pc-linux-gnu/bin/../lib/gcc/nios2-elf/10.3.1/../../../../../H-x86_64-pc-linux-gnu/nios2-elf/lib/mno-hw-mul/libc.a(lib_a-makebuf.o)
 .data          0x0000000005006834        0x0 /home/nikola/intelFPGA_lite/21.1/nios2eds/bin/gnu/H-x86_64-pc-linux-gnu/bin/../lib/gcc/nios2-elf/10.3.1/../../../../../H-x86_64-pc-linux-gnu/nios2-elf/lib/mno-hw-mul/libc.a(lib_a-readr.o)
 .data          0x0000000005006834        0x0 /home/nikola/intelFPGA_lite/21.1/nios2eds/bin/gnu/H-x86_64-pc-linux-gnu/bin/../lib/gcc/nios2-elf/10.3.1/../../../../../H-x86_64-pc-linux-gnu/nios2-elf/lib/mno-hw-mul/libc.a(lib_a-fstatr.o)
 .data          0x0000000005006834        0x0 /home/nikola/intelFPGA_lite/21.1/nios2eds/bin/gnu/H-x86_64-pc-linux-gnu/bin/../lib/gcc/nios2-elf/10.3.1/../../../../../H-x86_64-pc-linux-gnu/nios2-elf/lib/mno-hw-mul/libc.a(lib_a-isattyr.o)
 .data          0x0000000005006834        0x0 /home/nikola/intelFPGA_lite/21.1/nios2eds/bin/gnu/H-x86_64-pc-linux-gnu/bin/../lib/gcc/nios2-elf/10.3.1/mno-hw-mul/libgcc.a(lib2-divmod.o)
 .data          0x0000000005006834        0x0 /home/nikola/intelFPGA_lite/21.1/nios2eds/bin/gnu/H-x86_64-pc-linux-gnu/bin/../lib/gcc/nios2-elf/10.3.1/mno-hw-mul/libgcc.a(lib2-mul.o)
 .data          0x0000000005006834        0x0 /home/nikola/PNRS/pnrs-2023/de1-soc-demo/sw/nios/individual/paper_bsp//libhal_bsp.a(alt_close.o)
 .data          0x0000000005006834      0x1a8 /home/nikola/PNRS/pnrs-2023/de1-soc-demo/sw/nios/individual/paper_bsp//libhal_bsp.a(alt_dev.o)
                0x0000000005006834                alt_dev_null
                0x000000000500685c                alt_fd_list
 .data          0x00000000050069dc        0x0 /home/nikola/PNRS/pnrs-2023/de1-soc-demo/sw/nios/individual/paper_bsp//libhal_bsp.a(alt_errno.o)
 .data          0x00000000050069dc        0x0 /home/nikola/PNRS/pnrs-2023/de1-soc-demo/sw/nios/individual/paper_bsp//libhal_bsp.a(alt_fstat.o)
 .data          0x00000000050069dc        0x0 /home/nikola/PNRS/pnrs-2023/de1-soc-demo/sw/nios/individual/paper_bsp//libhal_bsp.a(alt_isatty.o)
 .data          0x00000000050069dc        0x0 /home/nikola/PNRS/pnrs-2023/de1-soc-demo/sw/nios/individual/paper_bsp//libhal_bsp.a(alt_load.o)
 .data          0x00000000050069dc        0x0 /home/nikola/PNRS/pnrs-2023/de1-soc-demo/sw/nios/individual/paper_bsp//libhal_bsp.a(alt_lseek.o)
 .data          0x00000000050069dc        0x0 /home/nikola/PNRS/pnrs-2023/de1-soc-demo/sw/nios/individual/paper_bsp//libhal_bsp.a(alt_main.o)
 .data          0x00000000050069dc        0x0 /home/nikola/PNRS/pnrs-2023/de1-soc-demo/sw/nios/individual/paper_bsp//libhal_bsp.a(alt_malloc_lock.o)
 .data          0x00000000050069dc        0x0 /home/nikola/PNRS/pnrs-2023/de1-soc-demo/sw/nios/individual/paper_bsp//libhal_bsp.a(alt_read.o)
 .data          0x00000000050069dc        0x0 /home/nikola/PNRS/pnrs-2023/de1-soc-demo/sw/nios/individual/paper_bsp//libhal_bsp.a(alt_release_fd.o)
 .data          0x00000000050069dc        0x0 /home/nikola/PNRS/pnrs-2023/de1-soc-demo/sw/nios/individual/paper_bsp//libhal_bsp.a(alt_sbrk.o)
 .data          0x00000000050069dc        0x0 /home/nikola/PNRS/pnrs-2023/de1-soc-demo/sw/nios/individual/paper_bsp//libhal_bsp.a(alt_usleep.o)
 .data          0x00000000050069dc        0x0 /home/nikola/PNRS/pnrs-2023/de1-soc-demo/sw/nios/individual/paper_bsp//libhal_bsp.a(alt_write.o)
 .data          0x00000000050069dc     0x10a0 /home/nikola/PNRS/pnrs-2023/de1-soc-demo/sw/nios/individual/paper_bsp//libhal_bsp.a(alt_sys_init.o)
 .data          0x0000000005007a7c        0x0 /home/nikola/PNRS/pnrs-2023/de1-soc-demo/sw/nios/individual/paper_bsp//libhal_bsp.a(altera_avalon_jtag_uart_fd.o)
 .data          0x0000000005007a7c        0x0 /home/nikola/PNRS/pnrs-2023/de1-soc-demo/sw/nios/individual/paper_bsp//libhal_bsp.a(altera_avalon_jtag_uart_init.o)
 .data          0x0000000005007a7c        0x0 /home/nikola/PNRS/pnrs-2023/de1-soc-demo/sw/nios/individual/paper_bsp//libhal_bsp.a(altera_avalon_jtag_uart_ioctl.o)
 .data          0x0000000005007a7c        0x0 /home/nikola/PNRS/pnrs-2023/de1-soc-demo/sw/nios/individual/paper_bsp//libhal_bsp.a(altera_avalon_jtag_uart_read.o)
 .data          0x0000000005007a7c        0x0 /home/nikola/PNRS/pnrs-2023/de1-soc-demo/sw/nios/individual/paper_bsp//libhal_bsp.a(altera_avalon_jtag_uart_write.o)
 .data          0x0000000005007a7c        0x0 /home/nikola/PNRS/pnrs-2023/de1-soc-demo/sw/nios/individual/paper_bsp//libhal_bsp.a(altera_avalon_mutex.o)
 .data          0x0000000005007a7c        0x0 /home/nikola/PNRS/pnrs-2023/de1-soc-demo/sw/nios/individual/paper_bsp//libhal_bsp.a(altera_avalon_timer_sc.o)
 .data          0x0000000005007a7c        0x0 /home/nikola/PNRS/pnrs-2023/de1-soc-demo/sw/nios/individual/paper_bsp//libhal_bsp.a(alt_alarm_start.o)
 .data          0x0000000005007a7c        0x0 /home/nikola/PNRS/pnrs-2023/de1-soc-demo/sw/nios/individual/paper_bsp//libhal_bsp.a(alt_busy_sleep.o)
 .data          0x0000000005007a7c        0x0 /home/nikola/PNRS/pnrs-2023/de1-soc-demo/sw/nios/individual/paper_bsp//libhal_bsp.a(alt_dcache_flush_all.o)
 .data          0x0000000005007a7c        0x0 /home/nikola/PNRS/pnrs-2023/de1-soc-demo/sw/nios/individual/paper_bsp//libhal_bsp.a(alt_dev_llist_insert.o)
 .data          0x0000000005007a7c        0x0 /home/nikola/PNRS/pnrs-2023/de1-soc-demo/sw/nios/individual/paper_bsp//libhal_bsp.a(alt_do_ctors.o)
 .data          0x0000000005007a7c        0x0 /home/nikola/PNRS/pnrs-2023/de1-soc-demo/sw/nios/individual/paper_bsp//libhal_bsp.a(alt_do_dtors.o)
 .data          0x0000000005007a7c        0x0 /home/nikola/PNRS/pnrs-2023/de1-soc-demo/sw/nios/individual/paper_bsp//libhal_bsp.a(alt_find_dev.o)
 .data          0x0000000005007a7c        0x0 /home/nikola/PNRS/pnrs-2023/de1-soc-demo/sw/nios/individual/paper_bsp//libhal_bsp.a(alt_icache_flush_all.o)
 .data          0x0000000005007a7c        0x0 /home/nikola/PNRS/pnrs-2023/de1-soc-demo/sw/nios/individual/paper_bsp//libhal_bsp.a(alt_iic.o)
 .data          0x0000000005007a7c        0x0 /home/nikola/PNRS/pnrs-2023/de1-soc-demo/sw/nios/individual/paper_bsp//libhal_bsp.a(alt_iic_isr_register.o)
 .data          0x0000000005007a7c        0x0 /home/nikola/PNRS/pnrs-2023/de1-soc-demo/sw/nios/individual/paper_bsp//libhal_bsp.a(alt_io_redirect.o)
 .data          0x0000000005007a7c        0x0 /home/nikola/PNRS/pnrs-2023/de1-soc-demo/sw/nios/individual/paper_bsp//libhal_bsp.a(alt_irq_entry.o)
 .data          0x0000000005007a7c        0x0 /home/nikola/PNRS/pnrs-2023/de1-soc-demo/sw/nios/individual/paper_bsp//libhal_bsp.a(alt_irq_handler.o)
 .data          0x0000000005007a7c        0x0 /home/nikola/PNRS/pnrs-2023/de1-soc-demo/sw/nios/individual/paper_bsp//libhal_bsp.a(alt_irq_vars.o)
 .data          0x0000000005007a7c        0x0 /home/nikola/PNRS/pnrs-2023/de1-soc-demo/sw/nios/individual/paper_bsp//libhal_bsp.a(alt_open.o)
 .data          0x0000000005007a7c        0x0 /home/nikola/PNRS/pnrs-2023/de1-soc-demo/sw/nios/individual/paper_bsp//libhal_bsp.a(alt_tick.o)
 .data          0x0000000005007a7c        0x0 /home/nikola/PNRS/pnrs-2023/de1-soc-demo/sw/nios/individual/paper_bsp//libhal_bsp.a(altera_nios2_gen2_irq.o)
 .data          0x0000000005007a7c        0x0 /home/nikola/PNRS/pnrs-2023/de1-soc-demo/sw/nios/individual/paper_bsp//libhal_bsp.a(alt_exception_entry.o)
 .data          0x0000000005007a7c        0x0 /home/nikola/PNRS/pnrs-2023/de1-soc-demo/sw/nios/individual/paper_bsp//libhal_bsp.a(alt_find_file.o)
 .data          0x0000000005007a7c        0x0 /home/nikola/PNRS/pnrs-2023/de1-soc-demo/sw/nios/individual/paper_bsp//libhal_bsp.a(alt_get_fd.o)
 .data          0x0000000005007a7c        0x0 /home/nikola/PNRS/pnrs-2023/de1-soc-demo/sw/nios/individual/paper_bsp//libhal_bsp.a(alt_instruction_exception_entry.o)
 .data          0x0000000005007a7c        0x0 /home/nikola/intelFPGA_lite/21.1/nios2eds/bin/gnu/H-x86_64-pc-linux-gnu/bin/../lib/gcc/nios2-elf/10.3.1/../../../../../H-x86_64-pc-linux-gnu/nios2-elf/lib/mno-hw-mul/libc.a(lib_a-atexit.o)
 .data          0x0000000005007a7c        0x0 /home/nikola/intelFPGA_lite/21.1/nios2eds/bin/gnu/H-x86_64-pc-linux-gnu/bin/../lib/gcc/nios2-elf/10.3.1/../../../../../H-x86_64-pc-linux-gnu/nios2-elf/lib/mno-hw-mul/libc.a(lib_a-exit.o)
 .data          0x0000000005007a7c        0x0 /home/nikola/intelFPGA_lite/21.1/nios2eds/bin/gnu/H-x86_64-pc-linux-gnu/bin/../lib/gcc/nios2-elf/10.3.1/../../../../../H-x86_64-pc-linux-gnu/nios2-elf/lib/mno-hw-mul/libc.a(lib_a-memcmp.o)
 .data          0x0000000005007a7c        0x0 /home/nikola/intelFPGA_lite/21.1/nios2eds/bin/gnu/H-x86_64-pc-linux-gnu/bin/../lib/gcc/nios2-elf/10.3.1/../../../../../H-x86_64-pc-linux-gnu/nios2-elf/lib/mno-hw-mul/libc.a(lib_a-__atexit.o)
 .data          0x0000000005007a7c        0x0 /home/nikola/intelFPGA_lite/21.1/nios2eds/bin/gnu/H-x86_64-pc-linux-gnu/bin/../lib/gcc/nios2-elf/10.3.1/../../../../../H-x86_64-pc-linux-gnu/nios2-elf/lib/mno-hw-mul/libc.a(lib_a-__call_atexit.o)
 .data          0x0000000005007a7c        0x0 /home/nikola/PNRS/pnrs-2023/de1-soc-demo/sw/nios/individual/paper_bsp//libhal_bsp.a(alt_exit.o)
                0x000000000500fa7c                _gp = ABSOLUTE ((. + 0x8000))
                [!provide]                        PROVIDE (gp = _gp)
 *(.rwdata .rwdata.*)
 *(.sdata .sdata.* .gnu.linkonce.s.*)
 .sdata._global_impure_ptr
                0x0000000005007a7c        0x4 /home/nikola/intelFPGA_lite/21.1/nios2eds/bin/gnu/H-x86_64-pc-linux-gnu/bin/../lib/gcc/nios2-elf/10.3.1/../../../../../H-x86_64-pc-linux-gnu/nios2-elf/lib/mno-hw-mul/libc.a(lib_a-impure.o)
                0x0000000005007a7c                _global_impure_ptr
 .sdata._impure_ptr
                0x0000000005007a80        0x4 /home/nikola/intelFPGA_lite/21.1/nios2eds/bin/gnu/H-x86_64-pc-linux-gnu/bin/../lib/gcc/nios2-elf/10.3.1/../../../../../H-x86_64-pc-linux-gnu/nios2-elf/lib/mno-hw-mul/libc.a(lib_a-impure.o)
                0x0000000005007a80                _impure_ptr
 .sdata.__malloc_sbrk_base
                0x0000000005007a84        0x4 /home/nikola/intelFPGA_lite/21.1/nios2eds/bin/gnu/H-x86_64-pc-linux-gnu/bin/../lib/gcc/nios2-elf/10.3.1/../../../../../H-x86_64-pc-linux-gnu/nios2-elf/lib/mno-hw-mul/libc.a(lib_a-mallocr.o)
                0x0000000005007a84                __malloc_sbrk_base
 .sdata.__malloc_trim_threshold
                0x0000000005007a88        0x4 /home/nikola/intelFPGA_lite/21.1/nios2eds/bin/gnu/H-x86_64-pc-linux-gnu/bin/../lib/gcc/nios2-elf/10.3.1/../../../../../H-x86_64-pc-linux-gnu/nios2-elf/lib/mno-hw-mul/libc.a(lib_a-mallocr.o)
                0x0000000005007a88                __malloc_trim_threshold
 .sdata         0x0000000005007a8c       0x14 /home/nikola/PNRS/pnrs-2023/de1-soc-demo/sw/nios/individual/paper_bsp//libhal_bsp.a(alt_dev.o)
                0x0000000005007a8c                alt_fs_list
                0x0000000005007a94                alt_dev_list
                0x0000000005007a9c                alt_max_fd
 .sdata         0x0000000005007aa0        0x4 /home/nikola/PNRS/pnrs-2023/de1-soc-demo/sw/nios/individual/paper_bsp//libhal_bsp.a(alt_errno.o)
                0x0000000005007aa0                alt_errno
 .sdata         0x0000000005007aa4        0x4 /home/nikola/PNRS/pnrs-2023/de1-soc-demo/sw/nios/individual/paper_bsp//libhal_bsp.a(alt_sbrk.o)
 .sdata         0x0000000005007aa8        0x8 /home/nikola/PNRS/pnrs-2023/de1-soc-demo/sw/nios/individual/paper_bsp//libhal_bsp.a(altera_avalon_mutex.o)
                0x0000000005007aa8                alt_mutex_list
 .sdata         0x0000000005007ab0        0x4 /home/nikola/PNRS/pnrs-2023/de1-soc-demo/sw/nios/individual/paper_bsp//libhal_bsp.a(alt_irq_vars.o)
                0x0000000005007ab0                alt_priority_mask
 .sdata         0x0000000005007ab4        0x8 /home/nikola/PNRS/pnrs-2023/de1-soc-demo/sw/nios/individual/paper_bsp//libhal_bsp.a(alt_tick.o)
                0x0000000005007ab4                alt_alarm_list
 *(.sdata2 .sdata2.* .gnu.linkonce.s2.*)
                0x0000000005007abc                . = ALIGN (0x4)
                0x0000000005007abc                _edata = ABSOLUTE (.)
                [!provide]                        PROVIDE (edata = ABSOLUTE (.))
                0x0000000005007abc                PROVIDE (__ram_rwdata_end = ABSOLUTE (.))
                0x0000000005007abc                PROVIDE (__flash_rwdata_start = LOADADDR (.rwdata))

.bss            0x0000000005009570      0x164
                0x0000000005009570                __bss_start = ABSOLUTE (.)
                [!provide]                        PROVIDE (__sbss_start = ABSOLUTE (.))
                [!provide]                        PROVIDE (___sbss_start = ABSOLUTE (.))
 *(.dynsbss)
 *(.sbss .sbss.* .gnu.linkonce.sb.*)
 .sbss          0x0000000005009570        0xc obj/default/paper.o
                0x0000000005009570                tobacco_mutex
                0x0000000005009574                matches_mutex
                0x0000000005009578                agent_mutex
 .sbss.__malloc_max_total_mem
                0x000000000500957c        0x4 /home/nikola/intelFPGA_lite/21.1/nios2eds/bin/gnu/H-x86_64-pc-linux-gnu/bin/../lib/gcc/nios2-elf/10.3.1/../../../../../H-x86_64-pc-linux-gnu/nios2-elf/lib/mno-hw-mul/libc.a(lib_a-mallocr.o)
                0x000000000500957c                __malloc_max_total_mem
 .sbss.__malloc_max_sbrked_mem
                0x0000000005009580        0x4 /home/nikola/intelFPGA_lite/21.1/nios2eds/bin/gnu/H-x86_64-pc-linux-gnu/bin/../lib/gcc/nios2-elf/10.3.1/../../../../../H-x86_64-pc-linux-gnu/nios2-elf/lib/mno-hw-mul/libc.a(lib_a-mallocr.o)
                0x0000000005009580                __malloc_max_sbrked_mem
 .sbss.__malloc_top_pad
                0x0000000005009584        0x4 /home/nikola/intelFPGA_lite/21.1/nios2eds/bin/gnu/H-x86_64-pc-linux-gnu/bin/../lib/gcc/nios2-elf/10.3.1/../../../../../H-x86_64-pc-linux-gnu/nios2-elf/lib/mno-hw-mul/libc.a(lib_a-mallocr.o)
                0x0000000005009584                __malloc_top_pad
 .sbss.errno    0x0000000005009588        0x4 /home/nikola/intelFPGA_lite/21.1/nios2eds/bin/gnu/H-x86_64-pc-linux-gnu/bin/../lib/gcc/nios2-elf/10.3.1/../../../../../H-x86_64-pc-linux-gnu/nios2-elf/lib/mno-hw-mul/libc.a(lib_a-int_errno.o)
                0x0000000005009588                errno
 .sbss          0x000000000500958c        0xc /home/nikola/PNRS/pnrs-2023/de1-soc-demo/sw/nios/individual/paper_bsp//libhal_bsp.a(alt_main.o)
                0x000000000500958c                alt_argc
                0x0000000005009590                alt_argv
                0x0000000005009594                alt_envp
 .sbss          0x0000000005009598        0x4 /home/nikola/PNRS/pnrs-2023/de1-soc-demo/sw/nios/individual/paper_bsp//libhal_bsp.a(alt_irq_vars.o)
                0x0000000005009598                alt_irq_active
 .sbss          0x000000000500959c        0xc /home/nikola/PNRS/pnrs-2023/de1-soc-demo/sw/nios/individual/paper_bsp//libhal_bsp.a(alt_tick.o)
                0x000000000500959c                _alt_tick_rate
                0x00000000050095a0                _alt_nticks
 .sbss          0x00000000050095a8        0x4 /home/nikola/PNRS/pnrs-2023/de1-soc-demo/sw/nios/individual/paper_bsp//libhal_bsp.a(alt_instruction_exception_entry.o)
                0x00000000050095a8                alt_instruction_exception_handler
 *(.sbss2 .sbss2.* .gnu.linkonce.sb2.*)
 *(.scommon)
                [!provide]                        PROVIDE (__sbss_end = ABSOLUTE (.))
                [!provide]                        PROVIDE (___sbss_end = ABSOLUTE (.))
 *(.dynbss)
 *(.bss .bss.* .gnu.linkonce.b.*)
 .bss           0x00000000050095ac        0x0 /home/nikola/PNRS/pnrs-2023/de1-soc-demo/sw/nios/individual/paper_bsp//obj/HAL/src/crt0.o
 .bss           0x00000000050095ac        0x0 obj/default/paper.o
 .bss           0x00000000050095ac        0x0 /home/nikola/intelFPGA_lite/21.1/nios2eds/bin/gnu/H-x86_64-pc-linux-gnu/bin/../lib/gcc/nios2-elf/10.3.1/../../../../../H-x86_64-pc-linux-gnu/nios2-elf/lib/mno-hw-mul/libc.a(lib_a-puts.o)
 .bss           0x00000000050095ac        0x0 /home/nikola/intelFPGA_lite/21.1/nios2eds/bin/gnu/H-x86_64-pc-linux-gnu/bin/../lib/gcc/nios2-elf/10.3.1/../../../../../H-x86_64-pc-linux-gnu/nios2-elf/lib/mno-hw-mul/libc.a(lib_a-strlen.o)
 .bss           0x00000000050095ac        0x0 /home/nikola/intelFPGA_lite/21.1/nios2eds/bin/gnu/H-x86_64-pc-linux-gnu/bin/../lib/gcc/nios2-elf/10.3.1/../../../../../H-x86_64-pc-linux-gnu/nios2-elf/lib/mno-hw-mul/libc.a(lib_a-findfp.o)
 .bss           0x00000000050095ac        0x0 /home/nikola/intelFPGA_lite/21.1/nios2eds/bin/gnu/H-x86_64-pc-linux-gnu/bin/../lib/gcc/nios2-elf/10.3.1/../../../../../H-x86_64-pc-linux-gnu/nios2-elf/lib/mno-hw-mul/libc.a(lib_a-fvwrite.o)
 .bss           0x00000000050095ac        0x0 /home/nikola/intelFPGA_lite/21.1/nios2eds/bin/gnu/H-x86_64-pc-linux-gnu/bin/../lib/gcc/nios2-elf/10.3.1/../../../../../H-x86_64-pc-linux-gnu/nios2-elf/lib/mno-hw-mul/libc.a(lib_a-fwalk.o)
 .bss           0x00000000050095ac        0x0 /home/nikola/intelFPGA_lite/21.1/nios2eds/bin/gnu/H-x86_64-pc-linux-gnu/bin/../lib/gcc/nios2-elf/10.3.1/../../../../../H-x86_64-pc-linux-gnu/nios2-elf/lib/mno-hw-mul/libc.a(lib_a-impure.o)
 .bss           0x00000000050095ac        0x0 /home/nikola/intelFPGA_lite/21.1/nios2eds/bin/gnu/H-x86_64-pc-linux-gnu/bin/../lib/gcc/nios2-elf/10.3.1/../../../../../H-x86_64-pc-linux-gnu/nios2-elf/lib/mno-hw-mul/libc.a(lib_a-mallocr.o)
 .bss.__malloc_current_mallinfo
                0x00000000050095ac       0x28 /home/nikola/intelFPGA_lite/21.1/nios2eds/bin/gnu/H-x86_64-pc-linux-gnu/bin/../lib/gcc/nios2-elf/10.3.1/../../../../../H-x86_64-pc-linux-gnu/nios2-elf/lib/mno-hw-mul/libc.a(lib_a-mallocr.o)
                0x00000000050095ac                __malloc_current_mallinfo
 .bss           0x00000000050095d4        0x0 /home/nikola/intelFPGA_lite/21.1/nios2eds/bin/gnu/H-x86_64-pc-linux-gnu/bin/../lib/gcc/nios2-elf/10.3.1/../../../../../H-x86_64-pc-linux-gnu/nios2-elf/lib/mno-hw-mul/libc.a(lib_a-memchr.o)
 .bss           0x00000000050095d4        0x0 /home/nikola/intelFPGA_lite/21.1/nios2eds/bin/gnu/H-x86_64-pc-linux-gnu/bin/../lib/gcc/nios2-elf/10.3.1/../../../../../H-x86_64-pc-linux-gnu/nios2-elf/lib/mno-hw-mul/libc.a(lib_a-memcpy.o)
 .bss           0x00000000050095d4        0x0 /home/nikola/intelFPGA_lite/21.1/nios2eds/bin/gnu/H-x86_64-pc-linux-gnu/bin/../lib/gcc/nios2-elf/10.3.1/../../../../../H-x86_64-pc-linux-gnu/nios2-elf/lib/mno-hw-mul/libc.a(lib_a-memmove.o)
 .bss           0x00000000050095d4        0x0 /home/nikola/intelFPGA_lite/21.1/nios2eds/bin/gnu/H-x86_64-pc-linux-gnu/bin/../lib/gcc/nios2-elf/10.3.1/../../../../../H-x86_64-pc-linux-gnu/nios2-elf/lib/mno-hw-mul/libc.a(lib_a-memset.o)
 .bss           0x00000000050095d4        0x0 /home/nikola/intelFPGA_lite/21.1/nios2eds/bin/gnu/H-x86_64-pc-linux-gnu/bin/../lib/gcc/nios2-elf/10.3.1/../../../../../H-x86_64-pc-linux-gnu/nios2-elf/lib/mno-hw-mul/libc.a(lib_a-reallocr.o)
 .bss           0x00000000050095d4        0x0 /home/nikola/intelFPGA_lite/21.1/nios2eds/bin/gnu/H-x86_64-pc-linux-gnu/bin/../lib/gcc/nios2-elf/10.3.1/../../../../../H-x86_64-pc-linux-gnu/nios2-elf/lib/mno-hw-mul/libc.a(lib_a-sbrkr.o)
 .bss           0x00000000050095d4        0x0 /home/nikola/intelFPGA_lite/21.1/nios2eds/bin/gnu/H-x86_64-pc-linux-gnu/bin/../lib/gcc/nios2-elf/10.3.1/../../../../../H-x86_64-pc-linux-gnu/nios2-elf/lib/mno-hw-mul/libc.a(lib_a-stdio.o)
 .bss           0x00000000050095d4        0x0 /home/nikola/intelFPGA_lite/21.1/nios2eds/bin/gnu/H-x86_64-pc-linux-gnu/bin/../lib/gcc/nios2-elf/10.3.1/../../../../../H-x86_64-pc-linux-gnu/nios2-elf/lib/mno-hw-mul/libc.a(lib_a-writer.o)
 .bss           0x00000000050095d4        0x0 /home/nikola/intelFPGA_lite/21.1/nios2eds/bin/gnu/H-x86_64-pc-linux-gnu/bin/../lib/gcc/nios2-elf/10.3.1/../../../../../H-x86_64-pc-linux-gnu/nios2-elf/lib/mno-hw-mul/libc.a(lib_a-wsetup.o)
 .bss           0x00000000050095d4        0x0 /home/nikola/intelFPGA_lite/21.1/nios2eds/bin/gnu/H-x86_64-pc-linux-gnu/bin/../lib/gcc/nios2-elf/10.3.1/../../../../../H-x86_64-pc-linux-gnu/nios2-elf/lib/mno-hw-mul/libc.a(closer.o)
 .bss           0x00000000050095d4        0x0 /home/nikola/intelFPGA_lite/21.1/nios2eds/bin/gnu/H-x86_64-pc-linux-gnu/bin/../lib/gcc/nios2-elf/10.3.1/../../../../../H-x86_64-pc-linux-gnu/nios2-elf/lib/mno-hw-mul/libc.a(lib_a-fclose.o)
 .bss           0x00000000050095d4        0x0 /home/nikola/intelFPGA_lite/21.1/nios2eds/bin/gnu/H-x86_64-pc-linux-gnu/bin/../lib/gcc/nios2-elf/10.3.1/../../../../../H-x86_64-pc-linux-gnu/nios2-elf/lib/mno-hw-mul/libc.a(lib_a-fflush.o)
 .bss           0x00000000050095d4        0x0 /home/nikola/intelFPGA_lite/21.1/nios2eds/bin/gnu/H-x86_64-pc-linux-gnu/bin/../lib/gcc/nios2-elf/10.3.1/../../../../../H-x86_64-pc-linux-gnu/nios2-elf/lib/mno-hw-mul/libc.a(lib_a-freer.o)
 .bss           0x00000000050095d4        0x0 /home/nikola/intelFPGA_lite/21.1/nios2eds/bin/gnu/H-x86_64-pc-linux-gnu/bin/../lib/gcc/nios2-elf/10.3.1/../../../../../H-x86_64-pc-linux-gnu/nios2-elf/lib/mno-hw-mul/libc.a(lib_a-int_errno.o)
 .bss           0x00000000050095d4        0x0 /home/nikola/intelFPGA_lite/21.1/nios2eds/bin/gnu/H-x86_64-pc-linux-gnu/bin/../lib/gcc/nios2-elf/10.3.1/../../../../../H-x86_64-pc-linux-gnu/nios2-elf/lib/mno-hw-mul/libc.a(lib_a-lseekr.o)
 .bss           0x00000000050095d4        0x0 /home/nikola/intelFPGA_lite/21.1/nios2eds/bin/gnu/H-x86_64-pc-linux-gnu/bin/../lib/gcc/nios2-elf/10.3.1/../../../../../H-x86_64-pc-linux-gnu/nios2-elf/lib/mno-hw-mul/libc.a(lib_a-makebuf.o)
 .bss           0x00000000050095d4        0x0 /home/nikola/intelFPGA_lite/21.1/nios2eds/bin/gnu/H-x86_64-pc-linux-gnu/bin/../lib/gcc/nios2-elf/10.3.1/../../../../../H-x86_64-pc-linux-gnu/nios2-elf/lib/mno-hw-mul/libc.a(lib_a-readr.o)
 .bss           0x00000000050095d4        0x0 /home/nikola/intelFPGA_lite/21.1/nios2eds/bin/gnu/H-x86_64-pc-linux-gnu/bin/../lib/gcc/nios2-elf/10.3.1/../../../../../H-x86_64-pc-linux-gnu/nios2-elf/lib/mno-hw-mul/libc.a(lib_a-fstatr.o)
 .bss           0x00000000050095d4        0x0 /home/nikola/intelFPGA_lite/21.1/nios2eds/bin/gnu/H-x86_64-pc-linux-gnu/bin/../lib/gcc/nios2-elf/10.3.1/../../../../../H-x86_64-pc-linux-gnu/nios2-elf/lib/mno-hw-mul/libc.a(lib_a-isattyr.o)
 .bss           0x00000000050095d4        0x0 /home/nikola/intelFPGA_lite/21.1/nios2eds/bin/gnu/H-x86_64-pc-linux-gnu/bin/../lib/gcc/nios2-elf/10.3.1/mno-hw-mul/libgcc.a(lib2-divmod.o)
 .bss           0x00000000050095d4        0x0 /home/nikola/intelFPGA_lite/21.1/nios2eds/bin/gnu/H-x86_64-pc-linux-gnu/bin/../lib/gcc/nios2-elf/10.3.1/mno-hw-mul/libgcc.a(lib2-mul.o)
 .bss           0x00000000050095d4        0x0 /home/nikola/PNRS/pnrs-2023/de1-soc-demo/sw/nios/individual/paper_bsp//libhal_bsp.a(alt_close.o)
 .bss           0x00000000050095d4        0x0 /home/nikola/PNRS/pnrs-2023/de1-soc-demo/sw/nios/individual/paper_bsp//libhal_bsp.a(alt_dev.o)
 .bss           0x00000000050095d4        0x0 /home/nikola/PNRS/pnrs-2023/de1-soc-demo/sw/nios/individual/paper_bsp//libhal_bsp.a(alt_errno.o)
 .bss           0x00000000050095d4        0x0 /home/nikola/PNRS/pnrs-2023/de1-soc-demo/sw/nios/individual/paper_bsp//libhal_bsp.a(alt_fstat.o)
 .bss           0x00000000050095d4        0x0 /home/nikola/PNRS/pnrs-2023/de1-soc-demo/sw/nios/individual/paper_bsp//libhal_bsp.a(alt_isatty.o)
 .bss           0x00000000050095d4        0x0 /home/nikola/PNRS/pnrs-2023/de1-soc-demo/sw/nios/individual/paper_bsp//libhal_bsp.a(alt_load.o)
 .bss           0x00000000050095d4        0x0 /home/nikola/PNRS/pnrs-2023/de1-soc-demo/sw/nios/individual/paper_bsp//libhal_bsp.a(alt_lseek.o)
 .bss           0x00000000050095d4        0x0 /home/nikola/PNRS/pnrs-2023/de1-soc-demo/sw/nios/individual/paper_bsp//libhal_bsp.a(alt_main.o)
 .bss           0x00000000050095d4        0x0 /home/nikola/PNRS/pnrs-2023/de1-soc-demo/sw/nios/individual/paper_bsp//libhal_bsp.a(alt_malloc_lock.o)
 .bss           0x00000000050095d4        0x0 /home/nikola/PNRS/pnrs-2023/de1-soc-demo/sw/nios/individual/paper_bsp//libhal_bsp.a(alt_read.o)
 .bss           0x00000000050095d4        0x0 /home/nikola/PNRS/pnrs-2023/de1-soc-demo/sw/nios/individual/paper_bsp//libhal_bsp.a(alt_release_fd.o)
 .bss           0x00000000050095d4        0x0 /home/nikola/PNRS/pnrs-2023/de1-soc-demo/sw/nios/individual/paper_bsp//libhal_bsp.a(alt_sbrk.o)
 .bss           0x00000000050095d4        0x0 /home/nikola/PNRS/pnrs-2023/de1-soc-demo/sw/nios/individual/paper_bsp//libhal_bsp.a(alt_usleep.o)
 .bss           0x00000000050095d4        0x0 /home/nikola/PNRS/pnrs-2023/de1-soc-demo/sw/nios/individual/paper_bsp//libhal_bsp.a(alt_write.o)
 .bss           0x00000000050095d4        0x0 /home/nikola/PNRS/pnrs-2023/de1-soc-demo/sw/nios/individual/paper_bsp//libhal_bsp.a(alt_sys_init.o)
 .bss           0x00000000050095d4        0x0 /home/nikola/PNRS/pnrs-2023/de1-soc-demo/sw/nios/individual/paper_bsp//libhal_bsp.a(altera_avalon_jtag_uart_fd.o)
 .bss           0x00000000050095d4        0x0 /home/nikola/PNRS/pnrs-2023/de1-soc-demo/sw/nios/individual/paper_bsp//libhal_bsp.a(altera_avalon_jtag_uart_init.o)
 .bss           0x00000000050095d4        0x0 /home/nikola/PNRS/pnrs-2023/de1-soc-demo/sw/nios/individual/paper_bsp//libhal_bsp.a(altera_avalon_jtag_uart_ioctl.o)
 .bss           0x00000000050095d4        0x0 /home/nikola/PNRS/pnrs-2023/de1-soc-demo/sw/nios/individual/paper_bsp//libhal_bsp.a(altera_avalon_jtag_uart_read.o)
 .bss           0x00000000050095d4        0x0 /home/nikola/PNRS/pnrs-2023/de1-soc-demo/sw/nios/individual/paper_bsp//libhal_bsp.a(altera_avalon_jtag_uart_write.o)
 .bss           0x00000000050095d4        0x0 /home/nikola/PNRS/pnrs-2023/de1-soc-demo/sw/nios/individual/paper_bsp//libhal_bsp.a(altera_avalon_mutex.o)
 .bss           0x00000000050095d4        0x0 /home/nikola/PNRS/pnrs-2023/de1-soc-demo/sw/nios/individual/paper_bsp//libhal_bsp.a(altera_avalon_timer_sc.o)
 .bss           0x00000000050095d4        0x0 /home/nikola/PNRS/pnrs-2023/de1-soc-demo/sw/nios/individual/paper_bsp//libhal_bsp.a(alt_alarm_start.o)
 .bss           0x00000000050095d4        0x0 /home/nikola/PNRS/pnrs-2023/de1-soc-demo/sw/nios/individual/paper_bsp//libhal_bsp.a(alt_busy_sleep.o)
 .bss           0x00000000050095d4        0x0 /home/nikola/PNRS/pnrs-2023/de1-soc-demo/sw/nios/individual/paper_bsp//libhal_bsp.a(alt_dcache_flush_all.o)
 .bss           0x00000000050095d4        0x0 /home/nikola/PNRS/pnrs-2023/de1-soc-demo/sw/nios/individual/paper_bsp//libhal_bsp.a(alt_dev_llist_insert.o)
 .bss           0x00000000050095d4        0x0 /home/nikola/PNRS/pnrs-2023/de1-soc-demo/sw/nios/individual/paper_bsp//libhal_bsp.a(alt_do_ctors.o)
 .bss           0x00000000050095d4        0x0 /home/nikola/PNRS/pnrs-2023/de1-soc-demo/sw/nios/individual/paper_bsp//libhal_bsp.a(alt_do_dtors.o)
 .bss           0x00000000050095d4        0x0 /home/nikola/PNRS/pnrs-2023/de1-soc-demo/sw/nios/individual/paper_bsp//libhal_bsp.a(alt_find_dev.o)
 .bss           0x00000000050095d4        0x0 /home/nikola/PNRS/pnrs-2023/de1-soc-demo/sw/nios/individual/paper_bsp//libhal_bsp.a(alt_icache_flush_all.o)
 .bss           0x00000000050095d4        0x0 /home/nikola/PNRS/pnrs-2023/de1-soc-demo/sw/nios/individual/paper_bsp//libhal_bsp.a(alt_iic.o)
 .bss           0x00000000050095d4        0x0 /home/nikola/PNRS/pnrs-2023/de1-soc-demo/sw/nios/individual/paper_bsp//libhal_bsp.a(alt_iic_isr_register.o)
 .bss           0x00000000050095d4        0x0 /home/nikola/PNRS/pnrs-2023/de1-soc-demo/sw/nios/individual/paper_bsp//libhal_bsp.a(alt_io_redirect.o)
 .bss           0x00000000050095d4        0x0 /home/nikola/PNRS/pnrs-2023/de1-soc-demo/sw/nios/individual/paper_bsp//libhal_bsp.a(alt_irq_entry.o)
 .bss           0x00000000050095d4      0x100 /home/nikola/PNRS/pnrs-2023/de1-soc-demo/sw/nios/individual/paper_bsp//libhal_bsp.a(alt_irq_handler.o)
                0x00000000050095d4                alt_irq
 .bss           0x00000000050096d4        0x0 /home/nikola/PNRS/pnrs-2023/de1-soc-demo/sw/nios/individual/paper_bsp//libhal_bsp.a(alt_irq_vars.o)
 .bss           0x00000000050096d4        0x0 /home/nikola/PNRS/pnrs-2023/de1-soc-demo/sw/nios/individual/paper_bsp//libhal_bsp.a(alt_open.o)
 .bss           0x00000000050096d4        0x0 /home/nikola/PNRS/pnrs-2023/de1-soc-demo/sw/nios/individual/paper_bsp//libhal_bsp.a(alt_tick.o)
 .bss           0x00000000050096d4        0x0 /home/nikola/PNRS/pnrs-2023/de1-soc-demo/sw/nios/individual/paper_bsp//libhal_bsp.a(altera_nios2_gen2_irq.o)
 .bss           0x00000000050096d4        0x0 /home/nikola/PNRS/pnrs-2023/de1-soc-demo/sw/nios/individual/paper_bsp//libhal_bsp.a(alt_exception_entry.o)
 .bss           0x00000000050096d4        0x0 /home/nikola/PNRS/pnrs-2023/de1-soc-demo/sw/nios/individual/paper_bsp//libhal_bsp.a(alt_find_file.o)
 .bss           0x00000000050096d4        0x0 /home/nikola/PNRS/pnrs-2023/de1-soc-demo/sw/nios/individual/paper_bsp//libhal_bsp.a(alt_get_fd.o)
 .bss           0x00000000050096d4        0x0 /home/nikola/PNRS/pnrs-2023/de1-soc-demo/sw/nios/individual/paper_bsp//libhal_bsp.a(alt_instruction_exception_entry.o)
 .bss           0x00000000050096d4        0x0 /home/nikola/intelFPGA_lite/21.1/nios2eds/bin/gnu/H-x86_64-pc-linux-gnu/bin/../lib/gcc/nios2-elf/10.3.1/../../../../../H-x86_64-pc-linux-gnu/nios2-elf/lib/mno-hw-mul/libc.a(lib_a-atexit.o)
 .bss           0x00000000050096d4        0x0 /home/nikola/intelFPGA_lite/21.1/nios2eds/bin/gnu/H-x86_64-pc-linux-gnu/bin/../lib/gcc/nios2-elf/10.3.1/../../../../../H-x86_64-pc-linux-gnu/nios2-elf/lib/mno-hw-mul/libc.a(lib_a-exit.o)
 .bss           0x00000000050096d4        0x0 /home/nikola/intelFPGA_lite/21.1/nios2eds/bin/gnu/H-x86_64-pc-linux-gnu/bin/../lib/gcc/nios2-elf/10.3.1/../../../../../H-x86_64-pc-linux-gnu/nios2-elf/lib/mno-hw-mul/libc.a(lib_a-memcmp.o)
 .bss           0x00000000050096d4        0x0 /home/nikola/intelFPGA_lite/21.1/nios2eds/bin/gnu/H-x86_64-pc-linux-gnu/bin/../lib/gcc/nios2-elf/10.3.1/../../../../../H-x86_64-pc-linux-gnu/nios2-elf/lib/mno-hw-mul/libc.a(lib_a-__atexit.o)
 .bss           0x00000000050096d4        0x0 /home/nikola/intelFPGA_lite/21.1/nios2eds/bin/gnu/H-x86_64-pc-linux-gnu/bin/../lib/gcc/nios2-elf/10.3.1/../../../../../H-x86_64-pc-linux-gnu/nios2-elf/lib/mno-hw-mul/libc.a(lib_a-__call_atexit.o)
 .bss           0x00000000050096d4        0x0 /home/nikola/PNRS/pnrs-2023/de1-soc-demo/sw/nios/individual/paper_bsp//libhal_bsp.a(alt_exit.o)
 *(COMMON)
                0x00000000050096d4                . = ALIGN (0x4)
                0x00000000050096d4                __bss_end = ABSOLUTE (.)

.sdram_controller_0
                0x00000000050096d4        0x0
                [!provide]                        PROVIDE (_alt_partition_sdram_controller_0_start = ABSOLUTE (.))
 *(.sdram_controller_0 .sdram_controller_0. sdram_controller_0.*)
                0x00000000050096d4                . = ALIGN (0x4)
                [!provide]                        PROVIDE (_alt_partition_sdram_controller_0_end = ABSOLUTE (.))
                0x00000000050096d4                _end = ABSOLUTE (.)
                0x00000000050096d4                end = ABSOLUTE (.)
                0x00000000050096d4                __alt_stack_base = ABSOLUTE (.)
                [!provide]                        PROVIDE (_alt_partition_sdram_controller_0_load_addr = LOADADDR (.sdram_controller_0))

.stab
 *(.stab)

.stabstr
 *(.stabstr)

.stab.excl
 *(.stab.excl)

.stab.exclstr
 *(.stab.exclstr)

.stab.index
 *(.stab.index)

.stab.indexstr
 *(.stab.indexstr)

.comment        0x0000000000000000       0x2d
 *(.comment)
 .comment       0x0000000000000000       0x2d obj/default/paper.o
                                         0x2e (size before relaxing)
 .comment       0x000000000000002d       0x2e /home/nikola/intelFPGA_lite/21.1/nios2eds/bin/gnu/H-x86_64-pc-linux-gnu/bin/../lib/gcc/nios2-elf/10.3.1/../../../../../H-x86_64-pc-linux-gnu/nios2-elf/lib/mno-hw-mul/libc.a(lib_a-puts.o)
 .comment       0x000000000000002d       0x2e /home/nikola/intelFPGA_lite/21.1/nios2eds/bin/gnu/H-x86_64-pc-linux-gnu/bin/../lib/gcc/nios2-elf/10.3.1/../../../../../H-x86_64-pc-linux-gnu/nios2-elf/lib/mno-hw-mul/libc.a(lib_a-strlen.o)
 .comment       0x000000000000002d       0x2e /home/nikola/intelFPGA_lite/21.1/nios2eds/bin/gnu/H-x86_64-pc-linux-gnu/bin/../lib/gcc/nios2-elf/10.3.1/../../../../../H-x86_64-pc-linux-gnu/nios2-elf/lib/mno-hw-mul/libc.a(lib_a-findfp.o)
 .comment       0x000000000000002d       0x2e /home/nikola/intelFPGA_lite/21.1/nios2eds/bin/gnu/H-x86_64-pc-linux-gnu/bin/../lib/gcc/nios2-elf/10.3.1/../../../../../H-x86_64-pc-linux-gnu/nios2-elf/lib/mno-hw-mul/libc.a(lib_a-fvwrite.o)
 .comment       0x000000000000002d       0x2e /home/nikola/intelFPGA_lite/21.1/nios2eds/bin/gnu/H-x86_64-pc-linux-gnu/bin/../lib/gcc/nios2-elf/10.3.1/../../../../../H-x86_64-pc-linux-gnu/nios2-elf/lib/mno-hw-mul/libc.a(lib_a-fwalk.o)
 .comment       0x000000000000002d       0x2e /home/nikola/intelFPGA_lite/21.1/nios2eds/bin/gnu/H-x86_64-pc-linux-gnu/bin/../lib/gcc/nios2-elf/10.3.1/../../../../../H-x86_64-pc-linux-gnu/nios2-elf/lib/mno-hw-mul/libc.a(lib_a-impure.o)
 .comment       0x000000000000002d       0x2e /home/nikola/intelFPGA_lite/21.1/nios2eds/bin/gnu/H-x86_64-pc-linux-gnu/bin/../lib/gcc/nios2-elf/10.3.1/../../../../../H-x86_64-pc-linux-gnu/nios2-elf/lib/mno-hw-mul/libc.a(lib_a-mallocr.o)
 .comment       0x000000000000002d       0x2e /home/nikola/intelFPGA_lite/21.1/nios2eds/bin/gnu/H-x86_64-pc-linux-gnu/bin/../lib/gcc/nios2-elf/10.3.1/../../../../../H-x86_64-pc-linux-gnu/nios2-elf/lib/mno-hw-mul/libc.a(lib_a-memchr.o)
 .comment       0x000000000000002d       0x2e /home/nikola/intelFPGA_lite/21.1/nios2eds/bin/gnu/H-x86_64-pc-linux-gnu/bin/../lib/gcc/nios2-elf/10.3.1/../../../../../H-x86_64-pc-linux-gnu/nios2-elf/lib/mno-hw-mul/libc.a(lib_a-memcpy.o)
 .comment       0x000000000000002d       0x2e /home/nikola/intelFPGA_lite/21.1/nios2eds/bin/gnu/H-x86_64-pc-linux-gnu/bin/../lib/gcc/nios2-elf/10.3.1/../../../../../H-x86_64-pc-linux-gnu/nios2-elf/lib/mno-hw-mul/libc.a(lib_a-memmove.o)
 .comment       0x000000000000002d       0x2e /home/nikola/intelFPGA_lite/21.1/nios2eds/bin/gnu/H-x86_64-pc-linux-gnu/bin/../lib/gcc/nios2-elf/10.3.1/../../../../../H-x86_64-pc-linux-gnu/nios2-elf/lib/mno-hw-mul/libc.a(lib_a-memset.o)
 .comment       0x000000000000002d       0x2e /home/nikola/intelFPGA_lite/21.1/nios2eds/bin/gnu/H-x86_64-pc-linux-gnu/bin/../lib/gcc/nios2-elf/10.3.1/../../../../../H-x86_64-pc-linux-gnu/nios2-elf/lib/mno-hw-mul/libc.a(lib_a-reallocr.o)
 .comment       0x000000000000002d       0x2e /home/nikola/intelFPGA_lite/21.1/nios2eds/bin/gnu/H-x86_64-pc-linux-gnu/bin/../lib/gcc/nios2-elf/10.3.1/../../../../../H-x86_64-pc-linux-gnu/nios2-elf/lib/mno-hw-mul/libc.a(lib_a-sbrkr.o)
 .comment       0x000000000000002d       0x2e /home/nikola/intelFPGA_lite/21.1/nios2eds/bin/gnu/H-x86_64-pc-linux-gnu/bin/../lib/gcc/nios2-elf/10.3.1/../../../../../H-x86_64-pc-linux-gnu/nios2-elf/lib/mno-hw-mul/libc.a(lib_a-stdio.o)
 .comment       0x000000000000002d       0x2e /home/nikola/intelFPGA_lite/21.1/nios2eds/bin/gnu/H-x86_64-pc-linux-gnu/bin/../lib/gcc/nios2-elf/10.3.1/../../../../../H-x86_64-pc-linux-gnu/nios2-elf/lib/mno-hw-mul/libc.a(lib_a-writer.o)
 .comment       0x000000000000002d       0x2e /home/nikola/intelFPGA_lite/21.1/nios2eds/bin/gnu/H-x86_64-pc-linux-gnu/bin/../lib/gcc/nios2-elf/10.3.1/../../../../../H-x86_64-pc-linux-gnu/nios2-elf/lib/mno-hw-mul/libc.a(lib_a-wsetup.o)
 .comment       0x000000000000002d       0x2e /home/nikola/intelFPGA_lite/21.1/nios2eds/bin/gnu/H-x86_64-pc-linux-gnu/bin/../lib/gcc/nios2-elf/10.3.1/../../../../../H-x86_64-pc-linux-gnu/nios2-elf/lib/mno-hw-mul/libc.a(closer.o)
 .comment       0x000000000000002d       0x2e /home/nikola/intelFPGA_lite/21.1/nios2eds/bin/gnu/H-x86_64-pc-linux-gnu/bin/../lib/gcc/nios2-elf/10.3.1/../../../../../H-x86_64-pc-linux-gnu/nios2-elf/lib/mno-hw-mul/libc.a(lib_a-fclose.o)
 .comment       0x000000000000002d       0x2e /home/nikola/intelFPGA_lite/21.1/nios2eds/bin/gnu/H-x86_64-pc-linux-gnu/bin/../lib/gcc/nios2-elf/10.3.1/../../../../../H-x86_64-pc-linux-gnu/nios2-elf/lib/mno-hw-mul/libc.a(lib_a-fflush.o)
 .comment       0x000000000000002d       0x2e /home/nikola/intelFPGA_lite/21.1/nios2eds/bin/gnu/H-x86_64-pc-linux-gnu/bin/../lib/gcc/nios2-elf/10.3.1/../../../../../H-x86_64-pc-linux-gnu/nios2-elf/lib/mno-hw-mul/libc.a(lib_a-freer.o)
 .comment       0x000000000000002d       0x2e /home/nikola/intelFPGA_lite/21.1/nios2eds/bin/gnu/H-x86_64-pc-linux-gnu/bin/../lib/gcc/nios2-elf/10.3.1/../../../../../H-x86_64-pc-linux-gnu/nios2-elf/lib/mno-hw-mul/libc.a(lib_a-int_errno.o)
 .comment       0x000000000000002d       0x2e /home/nikola/intelFPGA_lite/21.1/nios2eds/bin/gnu/H-x86_64-pc-linux-gnu/bin/../lib/gcc/nios2-elf/10.3.1/../../../../../H-x86_64-pc-linux-gnu/nios2-elf/lib/mno-hw-mul/libc.a(lib_a-lseekr.o)
 .comment       0x000000000000002d       0x2e /home/nikola/intelFPGA_lite/21.1/nios2eds/bin/gnu/H-x86_64-pc-linux-gnu/bin/../lib/gcc/nios2-elf/10.3.1/../../../../../H-x86_64-pc-linux-gnu/nios2-elf/lib/mno-hw-mul/libc.a(lib_a-makebuf.o)
 .comment       0x000000000000002d       0x2e /home/nikola/intelFPGA_lite/21.1/nios2eds/bin/gnu/H-x86_64-pc-linux-gnu/bin/../lib/gcc/nios2-elf/10.3.1/../../../../../H-x86_64-pc-linux-gnu/nios2-elf/lib/mno-hw-mul/libc.a(lib_a-readr.o)
 .comment       0x000000000000002d       0x2e /home/nikola/intelFPGA_lite/21.1/nios2eds/bin/gnu/H-x86_64-pc-linux-gnu/bin/../lib/gcc/nios2-elf/10.3.1/../../../../../H-x86_64-pc-linux-gnu/nios2-elf/lib/mno-hw-mul/libc.a(lib_a-fstatr.o)
 .comment       0x000000000000002d       0x2e /home/nikola/intelFPGA_lite/21.1/nios2eds/bin/gnu/H-x86_64-pc-linux-gnu/bin/../lib/gcc/nios2-elf/10.3.1/../../../../../H-x86_64-pc-linux-gnu/nios2-elf/lib/mno-hw-mul/libc.a(lib_a-isattyr.o)
 .comment       0x000000000000002d       0x2e /home/nikola/intelFPGA_lite/21.1/nios2eds/bin/gnu/H-x86_64-pc-linux-gnu/bin/../lib/gcc/nios2-elf/10.3.1/mno-hw-mul/libgcc.a(lib2-divmod.o)
 .comment       0x000000000000002d       0x2e /home/nikola/intelFPGA_lite/21.1/nios2eds/bin/gnu/H-x86_64-pc-linux-gnu/bin/../lib/gcc/nios2-elf/10.3.1/mno-hw-mul/libgcc.a(lib2-mul.o)
 .comment       0x000000000000002d       0x2e /home/nikola/PNRS/pnrs-2023/de1-soc-demo/sw/nios/individual/paper_bsp//libhal_bsp.a(alt_close.o)
 .comment       0x000000000000002d       0x2e /home/nikola/PNRS/pnrs-2023/de1-soc-demo/sw/nios/individual/paper_bsp//libhal_bsp.a(alt_dev.o)
 .comment       0x000000000000002d       0x2e /home/nikola/PNRS/pnrs-2023/de1-soc-demo/sw/nios/individual/paper_bsp//libhal_bsp.a(alt_errno.o)
 .comment       0x000000000000002d       0x2e /home/nikola/PNRS/pnrs-2023/de1-soc-demo/sw/nios/individual/paper_bsp//libhal_bsp.a(alt_fstat.o)
 .comment       0x000000000000002d       0x2e /home/nikola/PNRS/pnrs-2023/de1-soc-demo/sw/nios/individual/paper_bsp//libhal_bsp.a(alt_isatty.o)
 .comment       0x000000000000002d       0x2e /home/nikola/PNRS/pnrs-2023/de1-soc-demo/sw/nios/individual/paper_bsp//libhal_bsp.a(alt_load.o)
 .comment       0x000000000000002d       0x2e /home/nikola/PNRS/pnrs-2023/de1-soc-demo/sw/nios/individual/paper_bsp//libhal_bsp.a(alt_lseek.o)
 .comment       0x000000000000002d       0x2e /home/nikola/PNRS/pnrs-2023/de1-soc-demo/sw/nios/individual/paper_bsp//libhal_bsp.a(alt_main.o)
 .comment       0x000000000000002d       0x2e /home/nikola/PNRS/pnrs-2023/de1-soc-demo/sw/nios/individual/paper_bsp//libhal_bsp.a(alt_malloc_lock.o)
 .comment       0x000000000000002d       0x2e /home/nikola/PNRS/pnrs-2023/de1-soc-demo/sw/nios/individual/paper_bsp//libhal_bsp.a(alt_read.o)
 .comment       0x000000000000002d       0x2e /home/nikola/PNRS/pnrs-2023/de1-soc-demo/sw/nios/individual/paper_bsp//libhal_bsp.a(alt_release_fd.o)
 .comment       0x000000000000002d       0x2e /home/nikola/PNRS/pnrs-2023/de1-soc-demo/sw/nios/individual/paper_bsp//libhal_bsp.a(alt_sbrk.o)
 .comment       0x000000000000002d       0x2e /home/nikola/PNRS/pnrs-2023/de1-soc-demo/sw/nios/individual/paper_bsp//libhal_bsp.a(alt_usleep.o)
 .comment       0x000000000000002d       0x2e /home/nikola/PNRS/pnrs-2023/de1-soc-demo/sw/nios/individual/paper_bsp//libhal_bsp.a(alt_write.o)
 .comment       0x000000000000002d       0x2e /home/nikola/PNRS/pnrs-2023/de1-soc-demo/sw/nios/individual/paper_bsp//libhal_bsp.a(alt_sys_init.o)
 .comment       0x000000000000002d       0x2e /home/nikola/PNRS/pnrs-2023/de1-soc-demo/sw/nios/individual/paper_bsp//libhal_bsp.a(altera_avalon_jtag_uart_fd.o)
 .comment       0x000000000000002d       0x2e /home/nikola/PNRS/pnrs-2023/de1-soc-demo/sw/nios/individual/paper_bsp//libhal_bsp.a(altera_avalon_jtag_uart_init.o)
 .comment       0x000000000000002d       0x2e /home/nikola/PNRS/pnrs-2023/de1-soc-demo/sw/nios/individual/paper_bsp//libhal_bsp.a(altera_avalon_jtag_uart_ioctl.o)
 .comment       0x000000000000002d       0x2e /home/nikola/PNRS/pnrs-2023/de1-soc-demo/sw/nios/individual/paper_bsp//libhal_bsp.a(altera_avalon_jtag_uart_read.o)
 .comment       0x000000000000002d       0x2e /home/nikola/PNRS/pnrs-2023/de1-soc-demo/sw/nios/individual/paper_bsp//libhal_bsp.a(altera_avalon_jtag_uart_write.o)
 .comment       0x000000000000002d       0x2e /home/nikola/PNRS/pnrs-2023/de1-soc-demo/sw/nios/individual/paper_bsp//libhal_bsp.a(altera_avalon_mutex.o)
 .comment       0x000000000000002d       0x2e /home/nikola/PNRS/pnrs-2023/de1-soc-demo/sw/nios/individual/paper_bsp//libhal_bsp.a(altera_avalon_timer_sc.o)
 .comment       0x000000000000002d       0x2e /home/nikola/PNRS/pnrs-2023/de1-soc-demo/sw/nios/individual/paper_bsp//libhal_bsp.a(alt_alarm_start.o)
 .comment       0x000000000000002d       0x2e /home/nikola/PNRS/pnrs-2023/de1-soc-demo/sw/nios/individual/paper_bsp//libhal_bsp.a(alt_busy_sleep.o)
 .comment       0x000000000000002d       0x2e /home/nikola/PNRS/pnrs-2023/de1-soc-demo/sw/nios/individual/paper_bsp//libhal_bsp.a(alt_dcache_flush_all.o)
 .comment       0x000000000000002d       0x2e /home/nikola/PNRS/pnrs-2023/de1-soc-demo/sw/nios/individual/paper_bsp//libhal_bsp.a(alt_dev_llist_insert.o)
 .comment       0x000000000000002d       0x2e /home/nikola/PNRS/pnrs-2023/de1-soc-demo/sw/nios/individual/paper_bsp//libhal_bsp.a(alt_do_ctors.o)
 .comment       0x000000000000002d       0x2e /home/nikola/PNRS/pnrs-2023/de1-soc-demo/sw/nios/individual/paper_bsp//libhal_bsp.a(alt_do_dtors.o)
 .comment       0x000000000000002d       0x2e /home/nikola/PNRS/pnrs-2023/de1-soc-demo/sw/nios/individual/paper_bsp//libhal_bsp.a(alt_find_dev.o)
 .comment       0x000000000000002d       0x2e /home/nikola/PNRS/pnrs-2023/de1-soc-demo/sw/nios/individual/paper_bsp//libhal_bsp.a(alt_icache_flush_all.o)
 .comment       0x000000000000002d       0x2e /home/nikola/PNRS/pnrs-2023/de1-soc-demo/sw/nios/individual/paper_bsp//libhal_bsp.a(alt_iic.o)
 .comment       0x000000000000002d       0x2e /home/nikola/PNRS/pnrs-2023/de1-soc-demo/sw/nios/individual/paper_bsp//libhal_bsp.a(alt_iic_isr_register.o)
 .comment       0x000000000000002d       0x2e /home/nikola/PNRS/pnrs-2023/de1-soc-demo/sw/nios/individual/paper_bsp//libhal_bsp.a(alt_io_redirect.o)
 .comment       0x000000000000002d       0x2e /home/nikola/PNRS/pnrs-2023/de1-soc-demo/sw/nios/individual/paper_bsp//libhal_bsp.a(alt_irq_handler.o)