Archive member included to satisfy reference by file (symbol)

/home/nikola/intelFPGA_lite/21.1/nios2eds/bin/gnu/H-x86_64-pc-linux-gnu/bin/../lib/gcc/nios2-elf/10.3.1/../../../../../H-x86_64-pc-linux-gnu/nios2-elf/lib/mno-hw-mul/libc.a(lib_a-puts.o)
                              obj/default/paper.o (puts)
/home/nikola/intelFPGA_lite/21.1/nios2eds/bin/gnu/H-x86_64-pc-linux-gnu/bin/../lib/gcc/nios2-elf/10.3.1/../../../../../H-x86_64-pc-linux-gnu/nios2-elf/lib/mno-hw-mul/libc.a(lib_a-strlen.o)
                              /home/nikola/intelFPGA_lite/21.1/nios2eds/bin/gnu/H-x86_64-pc-linux-gnu/bin/../lib/gcc/nios2-elf/10.3.1/../../../../../H-x86_64-pc-linux-gnu/nios2-elf/lib/mno-hw-mul/libc.a(lib_a-puts.o) (strlen)
/home/nikola/intelFPGA_lite/21.1/nios2eds/bin/gnu/H-x86_64-pc-linux-gnu/bin/../lib/gcc/nios2-elf/10.3.1/../../../../../H-x86_64-pc-linux-gnu/nios2-elf/lib/mno-hw-mul/libc.a(lib_a-findfp.o)
                              /home/nikola/intelFPGA_lite/21.1/nios2eds/bin/gnu/H-x86_64-pc-linux-gnu/bin/../lib/gcc/nios2-elf/10.3.1/../../../../../H-x86_64-pc-linux-gnu/nios2-elf/lib/mno-hw-mul/libc.a(lib_a-puts.o) (__sinit)
/home/nikola/intelFPGA_lite/21.1/nios2eds/bin/gnu/H-x86_64-pc-linux-gnu/bin/../lib/gcc/nios2-elf/10.3.1/../../../../../H-x86_64-pc-linux-gnu/nios2-elf/lib/mno-hw-mul/libc.a(lib_a-fvwrite.o)
                              /home/nikola/intelFPGA_lite/21.1/nios2eds/bin/gnu/H-x86_64-pc-linux-gnu/bin/../lib/gcc/nios2-elf/10.3.1/../../../../../H-x86_64-pc-linux-gnu/nios2-elf/lib/mno-hw-mul/libc.a(lib_a-puts.o) (__sfvwrite_r)
/home/nikola/intelFPGA_lite/21.1/nios2eds/bin/gnu/H-x86_64-pc-linux-gnu/bin/../lib/gcc/nios2-elf/10.3.1/../../../../../H-x86_64-pc-linux-gnu/nios2-elf/lib/mno-hw-mul/libc.a(lib_a-fwalk.o)
                              /home/nikola/intelFPGA_lite/21.1/nios2eds/bin/gnu/H-x86_64-pc-linux-gnu/bin/../lib/gcc/nios2-elf/10.3.1/../../../../../H-x86_64-pc-linux-gnu/nios2-elf/lib/mno-hw-mul/libc.a(lib_a-findfp.o) (_fwalk)
/home/nikola/intelFPGA_lite/21.1/nios2eds/bin/gnu/H-x86_64-pc-linux-gnu/bin/../lib/gcc/nios2-elf/10.3.1/../../../../../H-x86_64-pc-linux-gnu/nios2-elf/lib/mno-hw-mul/libc.a(lib_a-impure.o)
                              /home/nikola/intelFPGA_lite/21.1/nios2eds/bin/gnu/H-x86_64-pc-linux-gnu/bin/../lib/gcc/nios2-elf/10.3.1/../../../../../H-x86_64-pc-linux-gnu/nios2-elf/lib/mno-hw-mul/libc.a(lib_a-findfp.o) (_global_impure_ptr)
/home/nikola/intelFPGA_lite/21.1/nios2eds/bin/gnu/H-x86_64-pc-linux-gnu/bin/../lib/gcc/nios2-elf/10.3.1/../../../../../H-x86_64-pc-linux-gnu/nios2-elf/lib/mno-hw-mul/libc.a(lib_a-mallocr.o)
                              /home/nikola/intelFPGA_lite/21.1/nios2eds/bin/gnu/H-x86_64-pc-linux-gnu/bin/../lib/gcc/nios2-elf/10.3.1/../../../../../H-x86_64-pc-linux-gnu/nios2-elf/lib/mno-hw-mul/libc.a(lib_a-findfp.o) (_malloc_r)
/home/nikola/intelFPGA_lite/21.1/nios2eds/bin/gnu/H-x86_64-pc-linux-gnu/bin/../lib/gcc/nios2-elf/10.3.1/../../../../../H-x86_64-pc-linux-gnu/nios2-elf/lib/mno-hw-mul/libc.a(lib_a-memchr.o)
                              /home/nikola/intelFPGA_lite/21.1/nios2eds/bin/gnu/H-x86_64-pc-linux-gnu/bin/../lib/gcc/nios2-elf/10.3.1/../../../../../H-x86_64-pc-linux-gnu/nios2-elf/lib/mno-hw-mul/libc.a(lib_a-fvwrite.o) (memchr)
/home/nikola/intelFPGA_lite/21.1/nios2eds/bin/gnu/H-x86_64-pc-linux-gnu/bin/../lib/gcc/nios2-elf/10.3.1/../../../../../H-x86_64-pc-linux-gnu/nios2-elf/lib/mno-hw-mul/libc.a(lib_a-memcpy.o)
                              /home/nikola/intelFPGA_lite/21.1/nios2eds/bin/gnu/H-x86_64-pc-linux-gnu/bin/../lib/gcc/nios2-elf/10.3.1/../../../../../H-x86_64-pc-linux-gnu/nios2-elf/lib/mno-hw-mul/libc.a(lib_a-fvwrite.o) (memcpy)
/home/nikola/intelFPGA_lite/21.1/nios2eds/bin/gnu/H-x86_64-pc-linux-gnu/bin/../lib/gcc/nios2-elf/10.3.1/../../../../../H-x86_64-pc-linux-gnu/nios2-elf/lib/mno-hw-mul/libc.a(lib_a-memmove.o)
                              /home/nikola/intelFPGA_lite/21.1/nios2eds/bin/gnu/H-x86_64-pc-linux-gnu/bin/../lib/gcc/nios2-elf/10.3.1/../../../../../H-x86_64-pc-linux-gnu/nios2-elf/lib/mno-hw-mul/libc.a(lib_a-fvwrite.o) (memmove)
/home/nikola/intelFPGA_lite/21.1/nios2eds/bin/gnu/H-x86_64-pc-linux-gnu/bin/../lib/gcc/nios2-elf/10.3.1/../../../../../H-x86_64-pc-linux-gnu/nios2-elf/lib/mno-hw-mul/libc.a(lib_a-memset.o)
                              /home/nikola/intelFPGA_lite/21.1/nios2eds/bin/gnu/H-x86_64-pc-linux-gnu/bin/../lib/gcc/nios2-elf/10.3.1/../../../../../H-x86_64-pc-linux-gnu/nios2-elf/lib/mno-hw-mul/libc.a(lib_a-findfp.o) (memset)
/home/nikola/intelFPGA_lite/21.1/nios2eds/bin/gnu/H-x86_64-pc-linux-gnu/bin/../lib/gcc/nios2-elf/10.3.1/../../../../../H-x86_64-pc-linux-gnu/nios2-elf/lib/mno-hw-mul/libc.a(lib_a-reallocr.o)
                              /home/nikola/intelFPGA_lite/21.1/nios2eds/bin/gnu/H-x86_64-pc-linux-gnu/bin/../lib/gcc/nios2-elf/10.3.1/../../../../../H-x86_64-pc-linux-gnu/nios2-elf/lib/mno-hw-mul/libc.a(lib_a-fvwrite.o) (_realloc_r)
[...]
Memory Configuration

Name             Origin             Length             Attributes
reset            0x0000000005000000 0x0000000000000020
sdram_controller_0 0x0000000005000020 0x0000000000ffffe0
*default*        0x0000000000000000 0xffffffffffffffff

Linker script and memory map

LOAD /home/nikola/PNRS/pnrs-2023/de1-soc-demo/sw/nios/individual/paper_bsp//obj/HAL/src/crt0.o
LOAD obj/default/paper.o
LOAD /home/nikola/intelFPGA_lite/21.1/nios2eds/bin/gnu/H-x86_64-pc-linux-gnu/bin/../lib/gcc/nios2-elf/10.3.1/../../../../../H-x86_64-pc-linux-gnu/nios2-elf/lib/mno-hw-mul/libstdc++.a
LOAD /home/nikola/intelFPGA_lite/21.1/nios2eds/bin/gnu/H-x86_64-pc-linux-gnu/bin/../lib/gcc/nios2-elf/10.3.1/../../../../../H-x86_64-pc-linux-gnu/nios2-elf/lib/mno-hw-mul/libm.a
LOAD /home/nikola/intelFPGA_lite/21.1/nios2eds/bin/gnu/H-x86_64-pc-linux-gnu/bin/../lib/gcc/nios2-elf/10.3.1/mno-hw-mul/libgcc.a
START GROUP
LOAD /home/nikola/intelFPGA_lite/21.1/nios2eds/bin/gnu/H-x86_64-pc-linux-gnu/bin/../lib/gcc/nios2-elf/10.3.1/../../../../../H-x86_64-pc-linux-gnu/nios2-elf/lib/mno-hw-mul/libc.a
LOAD /home/nikola/intelFPGA_lite/21.1/nios2eds/bin/gnu/H-x86_64-pc-linux-gnu/bin/../lib/gcc/nios2-elf/10.3.1/mno-hw-mul/libgcc.a
LOAD /home/nikola/PNRS/pnrs-2023/de1-soc-demo/sw/nios/individual/paper_bsp//libhal_bsp.a
LOAD /home/nikola/intelFPGA_lite/21.1/nios2eds/bin/gnu/H-x86_64-pc-linux-gnu/bin/../lib/gcc/nios2-elf/10.3.1/../../../../../H-x86_64-pc-linux-gnu/nios2-elf/lib/mno-hw-mul/libm.a
END GROUP
LOAD /home/nikola/intelFPGA_lite/21.1/nios2eds/bin/gnu/H-x86_64-pc-linux-gnu/bin/../lib/gcc/nios2-elf/10.3.1/mno-hw-mul/libgcc.a
                0x0000000004000000                __alt_mem_sdram_controller_0 = 0x4000000

.entry          0x0000000005000000       0x20
 *(.entry)
 .entry         0x0000000005000000       0x20 /home/nikola/PNRS/pnrs-2023/de1-soc-demo/sw/nios/individual/paper_bsp//obj/HAL/src/crt0.o
                0x0000000005000000                __reset

.exceptions     0x0000000005000020      0x204
                0x0000000005000020                PROVIDE (__ram_exceptions_start = ABSOLUTE (.))
                0x0000000005000020                . = ALIGN (0x20)
 *(.irq)
 *(.exceptions.entry.label)
 .exceptions.entry.label
                0x0000000005000020        0x0 /home/nikola/PNRS/pnrs-2023/de1-soc-demo/sw/nios/individual/paper_bsp//libhal_bsp.a(alt_irq_entry.o)
                0x0000000005000020                alt_irq_entry
 .exceptions.entry.label
                0x0000000005000020        0x0 /home/nikola/PNRS/pnrs-2023/de1-soc-demo/sw/nios/individual/paper_bsp//libhal_bsp.a(alt_exception_entry.o)
                0x0000000005000020                alt_exception
 *(.exceptions.entry.user)
 *(.exceptions.entry.ecc_fatal)
 *(.exceptions.entry)
 .exceptions.entry
                0x0000000005000020       0x54 /home/nikola/PNRS/pnrs-2023/de1-soc-demo/sw/nios/individual/paper_bsp//libhal_bsp.a(alt_exception_entry.o)
 *(.exceptions.irqtest.user)
 *(.exceptions.irqtest)
 .exceptions.irqtest
                0x0000000005000074       0x10 /home/nikola/PNRS/pnrs-2023/de1-soc-demo/sw/nios/individual/paper_bsp//libhal_bsp.a(alt_irq_entry.o)
 *(.exceptions.irqhandler.user)
 *(.exceptions.irqhandler)
 .exceptions.irqhandler
                0x0000000005000084        0x4 /home/nikola/PNRS/pnrs-2023/de1-soc-demo/sw/nios/individual/paper_bsp//libhal_bsp.a(alt_irq_entry.o)
 *(.exceptions.irqreturn.user)
 *(.exceptions.irqreturn)
 .exceptions.irqreturn
                0x0000000005000088        0x4 /home/nikola/PNRS/pnrs-2023/de1-soc-demo/sw/nios/individual/paper_bsp//libhal_bsp.a(alt_irq_entry.o)
 *(.exceptions.notirq.label)
 .exceptions.notirq.label
                0x000000000500008c        0x0 /home/nikola/PNRS/pnrs-2023/de1-soc-demo/sw/nios/individual/paper_bsp//libhal_bsp.a(alt_irq_entry.o)
 *(.exceptions.notirq.user)
 *(.exceptions.notirq)
 .exceptions.notirq
                0x000000000500008c        0x8 /home/nikola/PNRS/pnrs-2023/de1-soc-demo/sw/nios/individual/paper_bsp//libhal_bsp.a(alt_exception_entry.o)
 *(.exceptions.soft.user)
 *(.exceptions.soft)
 *(.exceptions.unknown.user)
 *(.exceptions.unknown)
 .exceptions.unknown
                0x0000000005000094       0x14 /home/nikola/PNRS/pnrs-2023/de1-soc-demo/sw/nios/individual/paper_bsp//libhal_bsp.a(alt_exception_entry.o)
 *(.exceptions.exit.label)
 .exceptions.exit.label
                0x00000000050000a8        0x0 /home/nikola/PNRS/pnrs-2023/de1-soc-demo/sw/nios/individual/paper_bsp//libhal_bsp.a(alt_irq_entry.o)
 .exceptions.exit.label
                0x00000000050000a8        0x0 /home/nikola/PNRS/pnrs-2023/de1-soc-demo/sw/nios/individual/paper_bsp//libhal_bsp.a(alt_exception_entry.o)
 *(.exceptions.exit.user)
 *(.exceptions.exit)
 .exceptions.exit
                0x00000000050000a8       0x54 /home/nikola/PNRS/pnrs-2023/de1-soc-demo/sw/nios/individual/paper_bsp//libhal_bsp.a(alt_exception_entry.o)
 *(.exceptions)
 .exceptions    0x00000000050000fc       0xc8 /home/nikola/PNRS/pnrs-2023/de1-soc-demo/sw/nios/individual/paper_bsp//libhal_bsp.a(alt_irq_handler.o)
                0x00000000050000fc                alt_irq_handler
 .exceptions    0x00000000050001c4       0x60 /home/nikola/PNRS/pnrs-2023/de1-soc-demo/sw/nios/individual/paper_bsp//libhal_bsp.a(alt_instruction_exception_entry.o)
                0x00000000050001c4                alt_instruction_exception_entry
                0x0000000005000224                PROVIDE (__ram_exceptions_end = ABSOLUTE (.))
                0x0000000005000020                PROVIDE (__flash_exceptions_start = LOADADDR (.exceptions))

.text           0x0000000005000224     0x5cb4
                [!provide]                        PROVIDE (stext = ABSOLUTE (.))
 *(.interp)
 *(.hash)
 *(.dynsym)
 *(.dynstr)
 *(.gnu.version)
 *(.gnu.version_d)
 *(.gnu.version_r)
 *(.rel.init)
 *(.rela.init)
 *(.rel.text .rel.text.* .rel.gnu.linkonce.t.*)
 *(.rela.text .rela.text.* .rela.gnu.linkonce.t.*)
 *(.rel.fini)
 *(.rela.fini)
 *(.rel.rodata .rel.rodata.* .rel.gnu.linkonce.r.*)
 *(.rela.rodata .rela.rodata.* .rela.gnu.linkonce.r.*)
 *(.rel.data .rel.data.* .rel.gnu.linkonce.d.*)
 *(.rela.data .rela.data.* .rela.gnu.linkonce.d.*)
 *(.rel.tdata .rel.tdata.* .rel.gnu.linkonce.td.*)
 *(.rela.tdata .rela.tdata.* .rela.gnu.linkonce.td.*)
 *(.rel.tbss .rel.tbss.* .rel.gnu.linkonce.tb.*)
 *(.rela.tbss .rela.tbss.* .rela.gnu.linkonce.tb.*)
 *(.rel.ctors)
 *(.rela.ctors)
 *(.rel.dtors)
 *(.rela.dtors)
 *(.rel.got)
 *(.rela.got)
 *(.rel.sdata .rel.sdata.* .rel.gnu.linkonce.s.*)
 *(.rela.sdata .rela.sdata.* .rela.gnu.linkonce.s.*)
 *(.rel.sbss .rel.sbss.* .rel.gnu.linkonce.sb.*)
 *(.rela.sbss .rela.sbss.* .rela.gnu.linkonce.sb.*)
 *(.rel.sdata2 .rel.sdata2.* .rel.gnu.linkonce.s2.*)
 *(.rela.sdata2 .rela.sdata2.* .rela.gnu.linkonce.s2.*)
 *(.rel.sbss2 .rel.sbss2.* .rel.gnu.linkonce.sb2.*)
 *(.rela.sbss2 .rela.sbss2.* .rela.gnu.linkonce.sb2.*)
 *(.rel.bss .rel.bss.* .rel.gnu.linkonce.b.*)
 *(.rela.bss .rela.bss.* .rela.gnu.linkonce.b.*)
 *(.rel.plt)
 *(.rela.plt)
 *(.rel.dyn)
 *(.init)
 *(.plt)
 *(.text .stub .text.* .gnu.linkonce.t.*)
 .text          0x0000000005000224       0x3c /home/nikola/PNRS/pnrs-2023/de1-soc-demo/sw/nios/individual/paper_bsp//obj/HAL/src/crt0.o
                0x0000000005000224                _start
 .text          0x0000000005000260      0x21c obj/default/paper.o
                0x00000000050002d8                resource_mutex_lock
                0x000000000500032c                release_resources
                0x0000000005000370                notify_mutex_unlock
                0x00000000050003c8                notify_agent
                0x0000000005000404                main
 .text          0x000000000500047c        0x0 /home/nikola/intelFPGA_lite/21.1/nios2eds/bin/gnu/H-x86_64-pc-linux-gnu/bin/../lib/gcc/nios2-elf/10.3.1/../../../../../H-x86_64-pc-linux-gnu/nios2-elf/lib/mno-hw-mul/libc.a(lib_a-puts.o)
 .text._puts_r  0x000000000500047c       0xcc /home/nikola/intelFPGA_lite/21.1/nios2eds/bin/gnu/H-x86_64-pc-linux-gnu/bin/../lib/gcc/nios2-elf/10.3.1/../../../../../H-x86_64-pc-linux-gnu/nios2-elf/lib/mno-hw-mul/libc.a(lib_a-puts.o)
                0x000000000500047c                _puts_r
 .text.puts     0x0000000005000548       0x10 /home/nikola/intelFPGA_lite/21.1/nios2eds/bin/gnu/H-x86_64-pc-linux-gnu/bin/../lib/gcc/nios2-elf/10.3.1/../../../../../H-x86_64-pc-linux-gnu/nios2-elf/lib/mno-hw-mul/libc.a(lib_a-puts.o)
                0x0000000005000548                puts
 .text          0x0000000005000558        0x0 /home/nikola/intelFPGA_lite/21.1/nios2eds/bin/gnu/H-x86_64-pc-linux-gnu/bin/../lib/gcc/nios2-elf/10.3.1/../../../../../H-x86_64-pc-linux-gnu/nios2-elf/lib/mno-hw-mul/libc.a(lib_a-strlen.o)
 .text.strlen   0x0000000005000558       0x98 /home/nikola/intelFPGA_lite/21.1/nios2eds/bin/gnu/H-x86_64-pc-linux-gnu/bin/../lib/gcc/nios2-elf/10.3.1/../../../../../H-x86_64-pc-linux-gnu/nios2-elf/lib/mno-hw-mul/libc.a(lib_a-strlen.o)
                0x0000000005000558                strlen
 .text          0x00000000050005f0        0x0 /home/nikola/intelFPGA_lite/21.1/nios2eds/bin/gnu/H-x86_64-pc-linux-gnu/bin/../lib/gcc/nios2-elf/10.3.1/../../../../../H-x86_64-pc-linux-gnu/nios2-elf/lib/mno-hw-mul/libc.a(lib_a-findfp.o)
 .text.__fp_lock
                0x00000000050005f0        0x8 /home/nikola/intelFPGA_lite/21.1/nios2eds/bin/gnu/H-x86_64-pc-linux-gnu/bin/../lib/gcc/nios2-elf/10.3.1/../../../../../H-x86_64-pc-linux-gnu/nios2-elf/lib/mno-hw-mul/libc.a(lib_a-findfp.o)
 .text._cleanup_r
                0x00000000050005f8        0xc /home/nikola/intelFPGA_lite/21.1/nios2eds/bin/gnu/H-x86_64-pc-linux-gnu/bin/../lib/gcc/nios2-elf/10.3.1/../../../../../H-x86_64-pc-linux-gnu/nios2-elf/lib/mno-hw-mul/libc.a(lib_a-findfp.o)
                0x00000000050005f8                _cleanup_r
 .text.__fp_unlock
                0x0000000005000604        0x8 /home/nikola/intelFPGA_lite/21.1/nios2eds/bin/gnu/H-x86_64-pc-linux-gnu/bin/../lib/gcc/nios2-elf/10.3.1/../../../../../H-x86_64-pc-linux-gnu/nios2-elf/lib/mno-hw-mul/libc.a(lib_a-findfp.o)
 .text.__sinit.part.0
                0x000000000500060c      0x168 /home/nikola/intelFPGA_lite/21.1/nios2eds/bin/gnu/H-x86_64-pc-linux-gnu/bin/../lib/gcc/nios2-elf/10.3.1/../../../../../H-x86_64-pc-linux-gnu/nios2-elf/lib/mno-hw-mul/libc.a(lib_a-findfp.o)
 .text.__sfmoreglue
                0x0000000005000774       0x78 /home/nikola/intelFPGA_lite/21.1/nios2eds/bin/gnu/H-x86_64-pc-linux-gnu/bin/../lib/gcc/nios2-elf/10.3.1/../../../../../H-x86_64-pc-linux-gnu/nios2-elf/lib/mno-hw-mul/libc.a(lib_a-findfp.o)
                0x0000000005000774                __sfmoreglue
 .text.__sfp    0x00000000050007ec      0x154 /home/nikola/intelFPGA_lite/21.1/nios2eds/bin/gnu/H-x86_64-pc-linux-gnu/bin/../lib/gcc/nios2-elf/10.3.1/../../../../../H-x86_64-pc-linux-gnu/nios2-elf/lib/mno-hw-mul/libc.a(lib_a-findfp.o)
                0x00000000050007ec                __sfp
 .text._cleanup
                0x0000000005000940       0x14 /home/nikola/intelFPGA_lite/21.1/nios2eds/bin/gnu/H-x86_64-pc-linux-gnu/bin/../lib/gcc/nios2-elf/10.3.1/../../../../../H-x86_64-pc-linux-gnu/nios2-elf/lib/mno-hw-mul/libc.a(lib_a-findfp.o)
                0x0000000005000940                _cleanup
 .text.__sinit  0x0000000005000954       0x10 /home/nikola/intelFPGA_lite/21.1/nios2eds/bin/gnu/H-x86_64-pc-linux-gnu/bin/../lib/gcc/nios2-elf/10.3.1/../../../../../H-x86_64-pc-linux-gnu/nios2-elf/lib/mno-hw-mul/libc.a(lib_a-findfp.o)
                0x0000000005000954                __sinit
 .text.__sfp_lock_acquire
                0x0000000005000964        0x4 /home/nikola/intelFPGA_lite/21.1/nios2eds/bin/gnu/H-x86_64-pc-linux-gnu/bin/../lib/gcc/nios2-elf/10.3.1/../../../../../H-x86_64-pc-linux-gnu/nios2-elf/lib/mno-hw-mul/libc.a(lib_a-findfp.o)
                0x0000000005000964                __sfp_lock_acquire
 .text.__sfp_lock_release
                0x0000000005000968        0x4 /home/nikola/intelFPGA_lite/21.1/nios2eds/bin/gnu/H-x86_64-pc-linux-gnu/bin/../lib/gcc/nios2-elf/10.3.1/../../../../../H-x86_64-pc-linux-gnu/nios2-elf/lib/mno-hw-mul/libc.a(lib_a-findfp.o)
                0x0000000005000968                __sfp_lock_release
 .text.__sinit_lock_acquire
                0x000000000500096c        0x4 /home/nikola/intelFPGA_lite/21.1/nios2eds/bin/gnu/H-x86_64-pc-linux-gnu/bin/../lib/gcc/nios2-elf/10.3.1/../../../../../H-x86_64-pc-linux-gnu/nios2-elf/lib/mno-hw-mul/libc.a(lib_a-findfp.o)
                0x000000000500096c                __sinit_lock_acquire
 .text.__sinit_lock_release
                0x0000000005000970        0x4 /home/nikola/intelFPGA_lite/21.1/nios2eds/bin/gnu/H-x86_64-pc-linux-gnu/bin/../lib/gcc/nios2-elf/10.3.1/../../../../../H-x86_64-pc-linux-gnu/nios2-elf/lib/mno-hw-mul/libc.a(lib_a-findfp.o)
                0x0000000005000970                __sinit_lock_release
 .text.__fp_lock_all
                0x0000000005000974       0x14 /home/nikola/intelFPGA_lite/21.1/nios2eds/bin/gnu/H-x86_64-pc-linux-gnu/bin/../lib/gcc/nios2-elf/10.3.1/../../../../../H-x86_64-pc-linux-gnu/nios2-elf/lib/mno-hw-mul/libc.a(lib_a-findfp.o)
                0x0000000005000974                __fp_lock_all
 .text.__fp_unlock_all
                0x0000000005000988       0x14 /home/nikola/intelFPGA_lite/21.1/nios2eds/bin/gnu/H-x86_64-pc-linux-gnu/bin/../lib/gcc/nios2-elf/10.3.1/../../../../../H-x86_64-pc-linux-gnu/nios2-elf/lib/mno-hw-mul/libc.a(lib_a-findfp.o)
                0x0000000005000988                __fp_unlock_all
 .text          0x000000000500099c        0x0 /home/nikola/intelFPGA_lite/21.1/nios2eds/bin/gnu/H-x86_64-pc-linux-gnu/bin/../lib/gcc/nios2-elf/10.3.1/../../../../../H-x86_64-pc-linux-gnu/nios2-elf/lib/mno-hw-mul/libc.a(lib_a-fvwrite.o)
 .text.__sfvwrite_r
                0x000000000500099c      0x494 /home/nikola/intelFPGA_lite/21.1/nios2eds/bin/gnu/H-x86_64-pc-linux-gnu/bin/../lib/gcc/nios2-elf/10.3.1/../../../../../H-x86_64-pc-linux-gnu/nios2-elf/lib/mno-hw-mul/libc.a(lib_a-fvwrite.o)
                0x000000000500099c                __sfvwrite_r
 .text          0x0000000005000e30        0x0 /home/nikola/intelFPGA_lite/21.1/nios2eds/bin/gnu/H-x86_64-pc-linux-gnu/bin/../lib/gcc/nios2-elf/10.3.1/../../../../../H-x86_64-pc-linux-gnu/nios2-elf/lib/mno-hw-mul/libc.a(lib_a-fwalk.o)
 .text._fwalk   0x0000000005000e30       0x98 /home/nikola/intelFPGA_lite/21.1/nios2eds/bin/gnu/H-x86_64-pc-linux-gnu/bin/../lib/gcc/nios2-elf/10.3.1/../../../../../H-x86_64-pc-linux-gnu/nios2-elf/lib/mno-hw-mul/libc.a(lib_a-fwalk.o)
                0x0000000005000e30                _fwalk
 .text._fwalk_reent
                0x0000000005000ec8       0xa8 /home/nikola/intelFPGA_lite/21.1/nios2eds/bin/gnu/H-x86_64-pc-linux-gnu/bin/../lib/gcc/nios2-elf/10.3.1/../../../../../H-x86_64-pc-linux-gnu/nios2-elf/lib/mno-hw-mul/libc.a(lib_a-fwalk.o)
                0x0000000005000ec8                _fwalk_reent
 .text          0x0000000005000f70        0x0 /home/nikola/intelFPGA_lite/21.1/nios2eds/bin/gnu/H-x86_64-pc-linux-gnu/bin/../lib/gcc/nios2-elf/10.3.1/../../../../../H-x86_64-pc-linux-gnu/nios2-elf/lib/mno-hw-mul/libc.a(lib_a-impure.o)
 .text          0x0000000005000f70        0x0 /home/nikola/intelFPGA_lite/21.1/nios2eds/bin/gnu/H-x86_64-pc-linux-gnu/bin/../lib/gcc/nios2-elf/10.3.1/../../../../../H-x86_64-pc-linux-gnu/nios2-elf/lib/mno-hw-mul/libc.a(lib_a-mallocr.o)
 .text._malloc_r
                0x0000000005000f70      0x7e0 /home/nikola/intelFPGA_lite/21.1/nios2eds/bin/gnu/H-x86_64-pc-linux-gnu/bin/../lib/gcc/nios2-elf/10.3.1/../../../../../H-x86_64-pc-linux-gnu/nios2-elf/lib/mno-hw-mul/libc.a(lib_a-mallocr.o)
                0x0000000005000f70                _malloc_r
 .text          0x0000000005001750        0x0 /home/nikola/intelFPGA_lite/21.1/nios2eds/bin/gnu/H-x86_64-pc-linux-gnu/bin/../lib/gcc/nios2-elf/10.3.1/../../../../../H-x86_64-pc-linux-gnu/nios2-elf/lib/mno-hw-mul/libc.a(lib_a-memchr.o)
 .text.memchr   0x0000000005001750       0xd0 /home/nikola/intelFPGA_lite/21.1/nios2eds/bin/gnu/H-x86_64-pc-linux-gnu/bin/../lib/gcc/nios2-elf/10.3.1/../../../../../H-x86_64-pc-linux-gnu/nios2-elf/lib/mno-hw-mul/libc.a(lib_a-memchr.o)
                0x0000000005001750                memchr
 .text          0x0000000005001820        0x0 /home/nikola/intelFPGA_lite/21.1/nios2eds/bin/gnu/H-x86_64-pc-linux-gnu/bin/../lib/gcc/nios2-elf/10.3.1/../../../../../H-x86_64-pc-linux-gnu/nios2-elf/lib/mno-hw-mul/libc.a(lib_a-memcpy.o)
 .text.memcpy   0x0000000005001820      0x100 /home/nikola/intelFPGA_lite/21.1/nios2eds/bin/gnu/H-x86_64-pc-linux-gnu/bin/../lib/gcc/nios2-elf/10.3.1/../../../../../H-x86_64-pc-linux-gnu/nios2-elf/lib/mno-hw-mul/libc.a(lib_a-memcpy.o)
                0x0000000005001820                memcpy
 .text          0x0000000005001920        0x0 /home/nikola/intelFPGA_lite/21.1/nios2eds/bin/gnu/H-x86_64-pc-linux-gnu/bin/../lib/gcc/nios2-elf/10.3.1/../../../../../H-x86_64-pc-linux-gnu/nios2-elf/lib/mno-hw-mul/libc.a(lib_a-memmove.o)
 .text.memmove  0x0000000005001920      0x12c /home/nikola/intelFPGA_lite/21.1/nios2eds/bin/gnu/H-x86_64-pc-linux-gnu/bin/../lib/gcc/nios2-elf/10.3.1/../../../../../H-x86_64-pc-linux-gnu/nios2-elf/lib/mno-hw-mul/libc.a(lib_a-memmove.o)
                0x0000000005001920                memmove
 .text          0x0000000005001a4c        0x0 /home/nikola/intelFPGA_lite/21.1/nios2eds/bin/gnu/H-x86_64-pc-linux-gnu/bin/../lib/gcc/nios2-elf/10.3.1/../../../../../H-x86_64-pc-linux-gnu/nios2-elf/lib/mno-hw-mul/libc.a(lib_a-memset.o)
 .text.memset   0x0000000005001a4c       0xf0 /home/nikola/intelFPGA_lite/21.1/nios2eds/bin/gnu/H-x86_64-pc-linux-gnu/bin/../lib/gcc/nios2-elf/10.3.1/../../../../../H-x86_64-pc-linux-gnu/nios2-elf/lib/mno-hw-mul/libc.a(lib_a-memset.o)
                0x0000000005001a4c                memset
 .text          0x0000000005001b3c        0x0 /home/nikola/intelFPGA_lite/21.1/nios2eds/bin/gnu/H-x86_64-pc-linux-gnu/bin/../lib/gcc/nios2-elf/10.3.1/../../../../../H-x86_64-pc-linux-gnu/nios2-elf/lib/mno-hw-mul/libc.a(lib_a-reallocr.o)
 .text._realloc_r
                0x0000000005001b3c      0x53c /home/nikola/intelFPGA_lite/21.1/nios2eds/bin/gnu/H-x86_64-pc-linux-gnu/bin/../lib/gcc/nios2-elf/10.3.1/../../../../../H-x86_64-pc-linux-gnu/nios2-elf/lib/mno-hw-mul/libc.a(lib_a-reallocr.o)
                0x0000000005001b3c                _realloc_r
 .text          0x0000000005002078        0x0 /home/nikola/intelFPGA_lite/21.1/nios2eds/bin/gnu/H-x86_64-pc-linux-gnu/bin/../lib/gcc/nios2-elf/10.3.1/../../../../../H-x86_64-pc-linux-gnu/nios2-elf/lib/mno-hw-mul/libc.a(lib_a-sbrkr.o)
 .text._sbrk_r  0x0000000005002078       0x58 /home/nikola/intelFPGA_lite/21.1/nios2eds/bin/gnu/H-x86_64-pc-linux-gnu/bin/../lib/gcc/nios2-elf/10.3.1/../../../../../H-x86_64-pc-linux-gnu/nios2-elf/lib/mno-hw-mul/libc.a(lib_a-sbrkr.o)
                0x0000000005002078                _sbrk_r
 .text          0x00000000050020d0        0x0 /home/nikola/intelFPGA_lite/21.1/nios2eds/bin/gnu/H-x86_64-pc-linux-gnu/bin/../lib/gcc/nios2-elf/10.3.1/../../../../../H-x86_64-pc-linux-gnu/nios2-elf/lib/mno-hw-mul/libc.a(lib_a-stdio.o)
 .text.__sread  0x00000000050020d0       0x54 /home/nikola/intelFPGA_lite/21.1/nios2eds/bin/gnu/H-x86_64-pc-linux-gnu/bin/../lib/gcc/nios2-elf/10.3.1/../../../../../H-x86_64-pc-linux-gnu/nios2-elf/lib/mno-hw-mul/libc.a(lib_a-stdio.o)
                0x00000000050020d0                __sread
 .text.__seofread
                0x0000000005002124        0x8 /home/nikola/intelFPGA_lite/21.1/nios2eds/bin/gnu/H-x86_64-pc-linux-gnu/bin/../lib/gcc/nios2-elf/10.3.1/../../../../../H-x86_64-pc-linux-gnu/nios2-elf/lib/mno-hw-mul/libc.a(lib_a-stdio.o)
                0x0000000005002124                __seofread
 .text.__swrite
                0x000000000500212c       0x80 /home/nikola/intelFPGA_lite/21.1/nios2eds/bin/gnu/H-x86_64-pc-linux-gnu/bin/../lib/gcc/nios2-elf/10.3.1/../../../../../H-x86_64-pc-linux-gnu/nios2-elf/lib/mno-hw-mul/libc.a(lib_a-stdio.o)
                0x000000000500212c                __swrite
 .text.__sseek  0x00000000050021ac       0x5c /home/nikola/intelFPGA_lite/21.1/nios2eds/bin/gnu/H-x86_64-pc-linux-gnu/bin/../lib/gcc/nios2-elf/10.3.1/../../../../../H-x86_64-pc-linux-gnu/nios2-elf/lib/mno-hw-mul/libc.a(lib_a-stdio.o)
                0x00000000050021ac                __sseek
 .text.__sclose
                0x0000000005002208        0x8 /home/nikola/intelFPGA_lite/21.1/nios2eds/bin/gnu/H-x86_64-pc-linux-gnu/bin/../lib/gcc/nios2-elf/10.3.1/../../../../../H-x86_64-pc-linux-gnu/nios2-elf/lib/mno-hw-mul/libc.a(lib_a-stdio.o)
                0x0000000005002208                __sclose
 .text          0x0000000005002210        0x0 /home/nikola/intelFPGA_lite/21.1/nios2eds/bin/gnu/H-x86_64-pc-linux-gnu/bin/../lib/gcc/nios2-elf/10.3.1/../../../../../H-x86_64-pc-linux-gnu/nios2-elf/lib/mno-hw-mul/libc.a(lib_a-writer.o)
 .text._write_r
                0x0000000005002210       0x64 /home/nikola/intelFPGA_lite/21.1/nios2eds/bin/gnu/H-x86_64-pc-linux-gnu/bin/../lib/gcc/nios2-elf/10.3.1/../../../../../H-x86_64-pc-linux-gnu/nios2-elf/lib/mno-hw-mul/libc.a(lib_a-writer.o)
                0x0000000005002210                _write_r
 .text          0x0000000005002274        0x0 /home/nikola/intelFPGA_lite/21.1/nios2eds/bin/gnu/H-x86_64-pc-linux-gnu/bin/../lib/gcc/nios2-elf/10.3.1/../../../../../H-x86_64-pc-linux-gnu/nios2-elf/lib/mno-hw-mul/libc.a(lib_a-wsetup.o)
 .text.__swsetup_r
                0x0000000005002274      0x164 /home/nikola/intelFPGA_lite/21.1/nios2eds/bin/gnu/H-x86_64-pc-linux-gnu/bin/../lib/gcc/nios2-elf/10.3.1/../../../../../H-x86_64-pc-linux-gnu/nios2-elf/lib/mno-hw-mul/libc.a(lib_a-wsetup.o)
                0x0000000005002274                __swsetup_r
 .text          0x00000000050023d8        0x0 /home/nikola/intelFPGA_lite/21.1/nios2eds/bin/gnu/H-x86_64-pc-linux-gnu/bin/../lib/gcc/nios2-elf/10.3.1/../../../../../H-x86_64-pc-linux-gnu/nios2-elf/lib/mno-hw-mul/libc.a(closer.o)
 .text._close_r
                0x00000000050023d8       0x58 /home/nikola/intelFPGA_lite/21.1/nios2eds/bin/gnu/H-x86_64-pc-linux-gnu/bin/../lib/gcc/nios2-elf/10.3.1/../../../../../H-x86_64-pc-linux-gnu/nios2-elf/lib/mno-hw-mul/libc.a(closer.o)
                0x00000000050023d8                _close_r
 .text          0x0000000005002430        0x0 /home/nikola/intelFPGA_lite/21.1/nios2eds/bin/gnu/H-x86_64-pc-linux-gnu/bin/../lib/gcc/nios2-elf/10.3.1/../../../../../H-x86_64-pc-linux-gnu/nios2-elf/lib/mno-hw-mul/libc.a(lib_a-fclose.o)
 .text._fclose_r.part.0
                0x0000000005002430       0xc0 /home/nikola/intelFPGA_lite/21.1/nios2eds/bin/gnu/H-x86_64-pc-linux-gnu/bin/../lib/gcc/nios2-elf/10.3.1/../../../../../H-x86_64-pc-linux-gnu/nios2-elf/lib/mno-hw-mul/libc.a(lib_a-fclose.o)
 .text._fclose_r
                0x00000000050024f0       0x70 /home/nikola/intelFPGA_lite/21.1/nios2eds/bin/gnu/H-x86_64-pc-linux-gnu/bin/../lib/gcc/nios2-elf/10.3.1/../../../../../H-x86_64-pc-linux-gnu/nios2-elf/lib/mno-hw-mul/libc.a(lib_a-fclose.o)
                0x00000000050024f0                _fclose_r
 .text.fclose   0x0000000005002560       0x70 /home/nikola/intelFPGA_lite/21.1/nios2eds/bin/gnu/H-x86_64-pc-linux-gnu/bin/../lib/gcc/nios2-elf/10.3.1/../../../../../H-x86_64-pc-linux-gnu/nios2-elf/lib/mno-hw-mul/libc.a(lib_a-fclose.o)
                0x0000000005002560                fclose
 .text          0x00000000050025d0        0x0 /home/nikola/intelFPGA_lite/21.1/nios2eds/bin/gnu/H-x86_64-pc-linux-gnu/bin/../lib/gcc/nios2-elf/10.3.1/../../../../../H-x86_64-pc-linux-gnu/nios2-elf/lib/mno-hw-mul/libc.a(lib_a-fflush.o)
 .text.__sflush_r
                0x00000000050025d0      0x228 /home/nikola/intelFPGA_lite/21.1/nios2eds/bin/gnu/H-x86_64-pc-linux-gnu/bin/../lib/gcc/nios2-elf/10.3.1/../../../../../H-x86_64-pc-linux-gnu/nios2-elf/lib/mno-hw-mul/libc.a(lib_a-fflush.o)
                0x00000000050025d0                __sflush_r
 .text._fflush_r
                0x00000000050027f8       0x60 /home/nikola/intelFPGA_lite/21.1/nios2eds/bin/gnu/H-x86_64-pc-linux-gnu/bin/../lib/gcc/nios2-elf/10.3.1/../../../../../H-x86_64-pc-linux-gnu/nios2-elf/lib/mno-hw-mul/libc.a(lib_a-fflush.o)
                0x00000000050027f8                _fflush_r
 .text.fflush   0x0000000005002858       0x84 /home/nikola/intelFPGA_lite/21.1/nios2eds/bin/gnu/H-x86_64-pc-linux-gnu/bin/../lib/gcc/nios2-elf/10.3.1/../../../../../H-x86_64-pc-linux-gnu/nios2-elf/lib/mno-hw-mul/libc.a(lib_a-fflush.o)
                0x0000000005002858                fflush
 .text          0x00000000050028dc        0x0 /home/nikola/intelFPGA_lite/21.1/nios2eds/bin/gnu/H-x86_64-pc-linux-gnu/bin/../lib/gcc/nios2-elf/10.3.1/../../../../../H-x86_64-pc-linux-gnu/nios2-elf/lib/mno-hw-mul/libc.a(lib_a-freer.o)
 .text._malloc_trim_r
                0x00000000050028dc      0x11c /home/nikola/intelFPGA_lite/21.1/nios2eds/bin/gnu/H-x86_64-pc-linux-gnu/bin/../lib/gcc/nios2-elf/10.3.1/../../../../../H-x86_64-pc-linux-gnu/nios2-elf/lib/mno-hw-mul/libc.a(lib_a-freer.o)
                0x00000000050028dc                _malloc_trim_r
 .text._free_r  0x00000000050029f8      0x2fc /home/nikola/intelFPGA_lite/21.1/nios2eds/bin/gnu/H-x86_64-pc-linux-gnu/bin/../lib/gcc/nios2-elf/10.3.1/../../../../../H-x86_64-pc-linux-gnu/nios2-elf/lib/mno-hw-mul/libc.a(lib_a-freer.o)
                0x00000000050029f8                _free_r
 .text          0x0000000005002cf4        0x0 /home/nikola/intelFPGA_lite/21.1/nios2eds/bin/gnu/H-x86_64-pc-linux-gnu/bin/../lib/gcc/nios2-elf/10.3.1/../../../../../H-x86_64-pc-linux-gnu/nios2-elf/lib/mno-hw-mul/libc.a(lib_a-int_errno.o)
 .text          0x0000000005002cf4        0x0 /home/nikola/intelFPGA_lite/21.1/nios2eds/bin/gnu/H-x86_64-pc-linux-gnu/bin/../lib/gcc/nios2-elf/10.3.1/../../../../../H-x86_64-pc-linux-gnu/nios2-elf/lib/mno-hw-mul/libc.a(lib_a-lseekr.o)
 .text._lseek_r
                0x0000000005002cf4       0x64 /home/nikola/intelFPGA_lite/21.1/nios2eds/bin/gnu/H-x86_64-pc-linux-gnu/bin/../lib/gcc/nios2-elf/10.3.1/../../../../../H-x86_64-pc-linux-gnu/nios2-elf/lib/mno-hw-mul/libc.a(lib_a-lseekr.o)
                0x0000000005002cf4                _lseek_r
 .text          0x0000000005002d58        0x0 /home/nikola/intelFPGA_lite/21.1/nios2eds/bin/gnu/H-x86_64-pc-linux-gnu/bin/../lib/gcc/nios2-elf/10.3.1/../../../../../H-x86_64-pc-linux-gnu/nios2-elf/lib/mno-hw-mul/libc.a(lib_a-makebuf.o)
 .text.__smakebuf_r
                0x0000000005002d58      0x1b0 /home/nikola/intelFPGA_lite/21.1/nios2eds/bin/gnu/H-x86_64-pc-linux-gnu/bin/../lib/gcc/nios2-elf/10.3.1/../../../../../H-x86_64-pc-linux-gnu/nios2-elf/lib/mno-hw-mul/libc.a(lib_a-makebuf.o)
                0x0000000005002d58                __smakebuf_r
 .text.__swhatbuf_r
                0x0000000005002f08       0x98 /home/nikola/intelFPGA_lite/21.1/nios2eds/bin/gnu/H-x86_64-pc-linux-gnu/bin/../lib/gcc/nios2-elf/10.3.1/../../../../../H-x86_64-pc-linux-gnu/nios2-elf/lib/mno-hw-mul/libc.a(lib_a-makebuf.o)
                0x0000000005002f08                __swhatbuf_r
 .text          0x0000000005002fa0        0x0 /home/nikola/intelFPGA_lite/21.1/nios2eds/bin/gnu/H-x86_64-pc-linux-gnu/bin/../lib/gcc/nios2-elf/10.3.1/../../../../../H-x86_64-pc-linux-gnu/nios2-elf/lib/mno-hw-mul/libc.a(lib_a-readr.o)
 .text._read_r  0x0000000005002fa0       0x64 /home/nikola/intelFPGA_lite/21.1/nios2eds/bin/gnu/H-x86_64-pc-linux-gnu/bin/../lib/gcc/nios2-elf/10.3.1/../../../../../H-x86_64-pc-linux-gnu/nios2-elf/lib/mno-hw-mul/libc.a(lib_a-readr.o)
                0x0000000005002fa0                _read_r
 .text          0x0000000005003004        0x0 /home/nikola/intelFPGA_lite/21.1/nios2eds/bin/gnu/H-x86_64-pc-linux-gnu/bin/../lib/gcc/nios2-elf/10.3.1/../../../../../H-x86_64-pc-linux-gnu/nios2-elf/lib/mno-hw-mul/libc.a(lib_a-fstatr.o)
 .text._fstat_r
                0x0000000005003004       0x60 /home/nikola/intelFPGA_lite/21.1/nios2eds/bin/gnu/H-x86_64-pc-linux-gnu/bin/../lib/gcc/nios2-elf/10.3.1/../../../../../H-x86_64-pc-linux-gnu/nios2-elf/lib/mno-hw-mul/libc.a(lib_a-fstatr.o)
                0x0000000005003004                _fstat_r
 .text          0x0000000005003064        0x0 /home/nikola/intelFPGA_lite/21.1/nios2eds/bin/gnu/H-x86_64-pc-linux-gnu/bin/../lib/gcc/nios2-elf/10.3.1/../../../../../H-x86_64-pc-linux-gnu/nios2-elf/lib/mno-hw-mul/libc.a(lib_a-isattyr.o)
 .text._isatty_r
                0x0000000005003064       0x58 /home/nikola/intelFPGA_lite/21.1/nios2eds/bin/gnu/H-x86_64-pc-linux-gnu/bin/../lib/gcc/nios2-elf/10.3.1/../../../../../H-x86_64-pc-linux-gnu/nios2-elf/lib/mno-hw-mul/libc.a(lib_a-isattyr.o)
                0x0000000005003064                _isatty_r
 .text          0x00000000050030bc      0x1b4 /home/nikola/intelFPGA_lite/21.1/nios2eds/bin/gnu/H-x86_64-pc-linux-gnu/bin/../lib/gcc/nios2-elf/10.3.1/mno-hw-mul/libgcc.a(lib2-divmod.o)
                0x00000000050030bc                __divsi3
                0x000000000500313c                __modsi3
                0x00000000050031b0                __udivsi3
                0x0000000005003214                __umodsi3
 .text          0x0000000005003270       0x28 /home/nikola/intelFPGA_lite/21.1/nios2eds/bin/gnu/H-x86_64-pc-linux-gnu/bin/../lib/gcc/nios2-elf/10.3.1/mno-hw-mul/libgcc.a(lib2-mul.o)
                0x0000000005003270                __mulsi3
 .text          0x0000000005003298      0x118 /home/nikola/PNRS/pnrs-2023/de1-soc-demo/sw/nios/individual/paper_bsp//libhal_bsp.a(alt_close.o)
                0x00000000050032d4                close
 .text          0x00000000050033b0       0x2c /home/nikola/PNRS/pnrs-2023/de1-soc-demo/sw/nios/individual/paper_bsp//libhal_bsp.a(alt_dev.o)
 .text          0x00000000050033dc        0x0 /home/nikola/PNRS/pnrs-2023/de1-soc-demo/sw/nios/individual/paper_bsp//libhal_bsp.a(alt_errno.o)
 .text          0x00000000050033dc       0xf8 /home/nikola/PNRS/pnrs-2023/de1-soc-demo/sw/nios/individual/paper_bsp//libhal_bsp.a(alt_fstat.o)
                0x0000000005003418                fstat
 .text          0x00000000050034d4       0xec /home/nikola/PNRS/pnrs-2023/de1-soc-demo/sw/nios/individual/paper_bsp//libhal_bsp.a(alt_isatty.o)
                0x0000000005003510                isatty
 .text          0x00000000050035c0       0xec /home/nikola/PNRS/pnrs-2023/de1-soc-demo/sw/nios/individual/paper_bsp//libhal_bsp.a(alt_load.o)
                0x0000000005003628                alt_load
 .text          0x00000000050036ac      0x11c /home/nikola/PNRS/pnrs-2023/de1-soc-demo/sw/nios/individual/paper_bsp//libhal_bsp.a(alt_lseek.o)
                0x00000000050036e8                lseek
 .text          0x00000000050037c8       0x7c /home/nikola/PNRS/pnrs-2023/de1-soc-demo/sw/nios/individual/paper_bsp//libhal_bsp.a(alt_main.o)
                0x00000000050037c8                alt_main
 .text          0x0000000005003844       0x48 /home/nikola/PNRS/pnrs-2023/de1-soc-demo/sw/nios/individual/paper_bsp//libhal_bsp.a(alt_malloc_lock.o)
                0x0000000005003844                __malloc_lock
                0x0000000005003868                __malloc_unlock
 .text          0x000000000500388c      0x144 /home/nikola/PNRS/pnrs-2023/de1-soc-demo/sw/nios/individual/paper_bsp//libhal_bsp.a(alt_read.o)
                0x00000000050038c8                read
 .text          0x00000000050039d0       0x70 /home/nikola/PNRS/pnrs-2023/de1-soc-demo/sw/nios/individual/paper_bsp//libhal_bsp.a(alt_release_fd.o)
                0x00000000050039d0                alt_release_fd
 .text          0x0000000005003a40       0xb8 /home/nikola/PNRS/pnrs-2023/de1-soc-demo/sw/nios/individual/paper_bsp//libhal_bsp.a(alt_sbrk.o)
                0x0000000005003a40                sbrk
 .text          0x0000000005003af8       0x30 /home/nikola/PNRS/pnrs-2023/de1-soc-demo/sw/nios/individual/paper_bsp//libhal_bsp.a(alt_usleep.o)
                0x0000000005003af8                usleep
 .text          0x0000000005003b28      0x140 /home/nikola/PNRS/pnrs-2023/de1-soc-demo/sw/nios/individual/paper_bsp//libhal_bsp.a(alt_write.o)
                0x0000000005003b64                write
 .text          0x0000000005003c68      0x1a4 /home/nikola/PNRS/pnrs-2023/de1-soc-demo/sw/nios/individual/paper_bsp//libhal_bsp.a(alt_sys_init.o)
                0x0000000005003d40                alt_irq_init
                0x0000000005003d7c                alt_sys_init
 .text          0x0000000005003e0c      0x164 /home/nikola/PNRS/pnrs-2023/de1-soc-demo/sw/nios/individual/paper_bsp//libhal_bsp.a(altera_avalon_jtag_uart_fd.o)
                0x0000000005003e0c                altera_avalon_jtag_uart_read_fd
                0x0000000005003e6c                altera_avalon_jtag_uart_write_fd
                0x0000000005003ecc                altera_avalon_jtag_uart_close_fd
                0x0000000005003f1c                altera_avalon_jtag_uart_ioctl_fd
 .text          0x0000000005003f70      0x3d4 /home/nikola/PNRS/pnrs-2023/de1-soc-demo/sw/nios/individual/paper_bsp//libhal_bsp.a(altera_avalon_jtag_uart_init.o)
                0x0000000005003f70                altera_avalon_jtag_uart_init
                0x00000000050042dc                altera_avalon_jtag_uart_close
 .text          0x0000000005004344       0xf4 /home/nikola/PNRS/pnrs-2023/de1-soc-demo/sw/nios/individual/paper_bsp//libhal_bsp.a(altera_avalon_jtag_uart_ioctl.o)
                0x0000000005004344                altera_avalon_jtag_uart_ioctl
 .text          0x0000000005004438      0x220 /home/nikola/PNRS/pnrs-2023/de1-soc-demo/sw/nios/individual/paper_bsp//libhal_bsp.a(altera_avalon_jtag_uart_read.o)
                0x0000000005004438                altera_avalon_jtag_uart_read
 .text          0x0000000005004658      0x228 /home/nikola/PNRS/pnrs-2023/de1-soc-demo/sw/nios/individual/paper_bsp//libhal_bsp.a(altera_avalon_jtag_uart_write.o)
                0x0000000005004658                altera_avalon_jtag_uart_write
 .text          0x0000000005004880      0x2d0 /home/nikola/PNRS/pnrs-2023/de1-soc-demo/sw/nios/individual/paper_bsp//libhal_bsp.a(altera_avalon_mutex.o)
                0x0000000005004938                altera_avalon_mutex_open
                0x000000000500498c                altera_avalon_mutex_close
                0x00000000050049b0                altera_avalon_mutex_lock
                0x00000000050049f8                altera_avalon_mutex_trylock
                0x0000000005004a38                altera_avalon_mutex_unlock
                0x0000000005004a8c                altera_avalon_mutex_is_mine
                0x0000000005004b00                altera_avalon_mutex_first_lock
 .text          0x0000000005004b50      0x100 /home/nikola/PNRS/pnrs-2023/de1-soc-demo/sw/nios/individual/paper_bsp//libhal_bsp.a(altera_avalon_timer_sc.o)
                0x0000000005004bcc                alt_avalon_timer_sc_init
 .text          0x0000000005004c50      0x160 /home/nikola/PNRS/pnrs-2023/de1-soc-demo/sw/nios/individual/paper_bsp//libhal_bsp.a(alt_alarm_start.o)
                0x0000000005004c50                alt_alarm_start
 .text          0x0000000005004db0      0x158 /home/nikola/PNRS/pnrs-2023/de1-soc-demo/sw/nios/individual/paper_bsp//libhal_bsp.a(alt_busy_sleep.o)
                0x0000000005004db0                alt_busy_sleep
 .text          0x0000000005004f08       0x20 /home/nikola/PNRS/pnrs-2023/de1-soc-demo/sw/nios/individual/paper_bsp//libhal_bsp.a(alt_dcache_flush_all.o)
                0x0000000005004f08                alt_dcache_flush_all
 .text          0x0000000005004f28       0xe4 /home/nikola/PNRS/pnrs-2023/de1-soc-demo/sw/nios/individual/paper_bsp//libhal_bsp.a(alt_dev_llist_insert.o)
                0x0000000005004f64                alt_dev_llist_insert
 .text          0x000000000500500c       0x64 /home/nikola/PNRS/pnrs-2023/de1-soc-demo/sw/nios/individual/paper_bsp//libhal_bsp.a(alt_do_ctors.o)
                0x000000000500500c                _do_ctors
 .text          0x0000000005005070       0x64 /home/nikola/PNRS/pnrs-2023/de1-soc-demo/sw/nios/individual/paper_bsp//libhal_bsp.a(alt_do_dtors.o)
                0x0000000005005070                _do_dtors
 .text          0x00000000050050d4       0x90 /home/nikola/PNRS/pnrs-2023/de1-soc-demo/sw/nios/individual/paper_bsp//libhal_bsp.a(alt_find_dev.o)
                0x00000000050050d4                alt_find_dev
 .text          0x0000000005005164       0x20 /home/nikola/PNRS/pnrs-2023/de1-soc-demo/sw/nios/individual/paper_bsp//libhal_bsp.a(alt_icache_flush_all.o)
                0x0000000005005164                alt_icache_flush_all
 .text          0x0000000005005184      0x1b0 /home/nikola/PNRS/pnrs-2023/de1-soc-demo/sw/nios/individual/paper_bsp//libhal_bsp.a(alt_iic.o)
                0x0000000005005184                alt_ic_isr_register
                0x00000000050051d4                alt_ic_irq_enable
                0x000000000500525c                alt_ic_irq_disable
                0x00000000050052e8                alt_ic_irq_enabled
 .text          0x0000000005005334       0xe8 /home/nikola/PNRS/pnrs-2023/de1-soc-demo/sw/nios/individual/paper_bsp//libhal_bsp.a(alt_iic_isr_register.o)
                0x0000000005005334                alt_iic_isr_register
 .text          0x000000000500541c      0x150 /home/nikola/PNRS/pnrs-2023/de1-soc-demo/sw/nios/individual/paper_bsp//libhal_bsp.a(alt_io_redirect.o)
                0x00000000050054f0                alt_io_redirect
 .text          0x000000000500556c        0x0 /home/nikola/PNRS/pnrs-2023/de1-soc-demo/sw/nios/individual/paper_bsp//libhal_bsp.a(alt_irq_entry.o)
 .text          0x000000000500556c        0x0 /home/nikola/PNRS/pnrs-2023/de1-soc-demo/sw/nios/individual/paper_bsp//libhal_bsp.a(alt_irq_handler.o)
 .text          0x000000000500556c        0x0 /home/nikola/PNRS/pnrs-2023/de1-soc-demo/sw/nios/individual/paper_bsp//libhal_bsp.a(alt_irq_vars.o)
 .text          0x000000000500556c      0x278 /home/nikola/PNRS/pnrs-2023/de1-soc-demo/sw/nios/individual/paper_bsp//libhal_bsp.a(alt_open.o)
                0x0000000005005684                open
 .text          0x00000000050057e4      0x1d0 /home/nikola/PNRS/pnrs-2023/de1-soc-demo/sw/nios/individual/paper_bsp//libhal_bsp.a(alt_tick.o)
                0x00000000050057e4                alt_alarm_stop
                0x0000000005005888                alt_tick
 .text          0x00000000050059b4       0x24 /home/nikola/PNRS/pnrs-2023/de1-soc-demo/sw/nios/individual/paper_bsp//libhal_bsp.a(altera_nios2_gen2_irq.o)
                0x00000000050059b4                altera_nios2_gen2_irq_init
 .text          0x00000000050059d8        0x0 /home/nikola/PNRS/pnrs-2023/de1-soc-demo/sw/nios/individual/paper_bsp//libhal_bsp.a(alt_exception_entry.o)
 .text          0x00000000050059d8      0x108 /home/nikola/PNRS/pnrs-2023/de1-soc-demo/sw/nios/individual/paper_bsp//libhal_bsp.a(alt_find_file.o)
                0x00000000050059d8                alt_find_file
 .text          0x0000000005005ae0       0xb8 /home/nikola/PNRS/pnrs-2023/de1-soc-demo/sw/nios/individual/paper_bsp//libhal_bsp.a(alt_get_fd.o)
                0x0000000005005ae0                alt_get_fd
 .text          0x0000000005005b98       0x98 /home/nikola/PNRS/pnrs-2023/de1-soc-demo/sw/nios/individual/paper_bsp//libhal_bsp.a(alt_instruction_exception_entry.o)
                0x0000000005005b98                alt_exception_cause_generated_bad_addr
 .text          0x0000000005005c30        0x0 /home/nikola/intelFPGA_lite/21.1/nios2eds/bin/gnu/H-x86_64-pc-linux-gnu/bin/../lib/gcc/nios2-elf/10.3.1/../../../../../H-x86_64-pc-linux-gnu/nios2-elf/lib/mno-hw-mul/libc.a(lib_a-atexit.o)
 .text.atexit   0x0000000005005c30       0x14 /home/nikola/intelFPGA_lite/21.1/nios2eds/bin/gnu/H-x86_64-pc-linux-gnu/bin/../lib/gcc/nios2-elf/10.3.1/../../../../../H-x86_64-pc-linux-gnu/nios2-elf/lib/mno-hw-mul/libc.a(lib_a-atexit.o)
                0x0000000005005c30                atexit
 .text          0x0000000005005c44        0x0 /home/nikola/intelFPGA_lite/21.1/nios2eds/bin/gnu/H-x86_64-pc-linux-gnu/bin/../lib/gcc/nios2-elf/10.3.1/../../../../../H-x86_64-pc-linux-gnu/nios2-elf/lib/mno-hw-mul/libc.a(lib_a-exit.o)
 .text.exit     0x0000000005005c44       0x34 /home/nikola/intelFPGA_lite/21.1/nios2eds/bin/gnu/H-x86_64-pc-linux-gnu/bin/../lib/gcc/nios2-elf/10.3.1/../../../../../H-x86_64-pc-linux-gnu/nios2-elf/lib/mno-hw-mul/libc.a(lib_a-exit.o)
                0x0000000005005c44                exit
 .text          0x0000000005005c78        0x0 /home/nikola/intelFPGA_lite/21.1/nios2eds/bin/gnu/H-x86_64-pc-linux-gnu/bin/../lib/gcc/nios2-elf/10.3.1/../../../../../H-x86_64-pc-linux-gnu/nios2-elf/lib/mno-hw-mul/libc.a(lib_a-memcmp.o)
 .text.memcmp   0x0000000005005c78       0x78 /home/nikola/intelFPGA_lite/21.1/nios2eds/bin/gnu/H-x86_64-pc-linux-gnu/bin/../lib/gcc/nios2-elf/10.3.1/../../../../../H-x86_64-pc-linux-gnu/nios2-elf/lib/mno-hw-mul/libc.a(lib_a-memcmp.o)
                0x0000000005005c78                memcmp
 .text          0x0000000005005cf0        0x0 /home/nikola/intelFPGA_lite/21.1/nios2eds/bin/gnu/H-x86_64-pc-linux-gnu/bin/../lib/gcc/nios2-elf/10.3.1/../../../../../H-x86_64-pc-linux-gnu/nios2-elf/lib/mno-hw-mul/libc.a(lib_a-__atexit.o)
 .text.__register_exitproc
                0x0000000005005cf0       0x90 /home/nikola/intelFPGA_lite/21.1/nios2eds/bin/gnu/H-x86_64-pc-linux-gnu/bin/../lib/gcc/nios2-elf/10.3.1/../../../../../H-x86_64-pc-linux-gnu/nios2-elf/lib/mno-hw-mul/libc.a(lib_a-__atexit.o)
                0x0000000005005cf0                __register_exitproc
 .text          0x0000000005005d80        0x0 /home/nikola/intelFPGA_lite/21.1/nios2eds/bin/gnu/H-x86_64-pc-linux-gnu/bin/../lib/gcc/nios2-elf/10.3.1/../../../../../H-x86_64-pc-linux-gnu/nios2-elf/lib/mno-hw-mul/libc.a(lib_a-__call_atexit.o)
 .text.__call_exitprocs
                0x0000000005005d80      0x120 /home/nikola/intelFPGA_lite/21.1/nios2eds/bin/gnu/H-x86_64-pc-linux-gnu/bin/../lib/gcc/nios2-elf/10.3.1/../../../../../H-x86_64-pc-linux-gnu/nios2-elf/lib/mno-hw-mul/libc.a(lib_a-__call_atexit.o)
                0x0000000005005d80                __call_exitprocs
 .text          0x0000000005005ea0       0x38 /home/nikola/PNRS/pnrs-2023/de1-soc-demo/sw/nios/individual/paper_bsp//libhal_bsp.a(alt_exit.o)
                0x0000000005005ea0                _exit
 *(.gnu.warning.*)
 *(.fini)
                [!provide]                        PROVIDE (__etext = ABSOLUTE (.))
                [!provide]                        PROVIDE (_etext = ABSOLUTE (.))
                [!provide]                        PROVIDE (etext = ABSOLUTE (.))
 *(.eh_frame_hdr)
                0x0000000005005ed8                . = ALIGN (0x4)
                [!provide]                        PROVIDE (__preinit_array_start = ABSOLUTE (.))
 *(.preinit_array)
                [!provide]                        PROVIDE (__preinit_array_end = ABSOLUTE (.))
                [!provide]                        PROVIDE (__init_array_start = ABSOLUTE (.))
 *(.init_array)
                [!provide]                        PROVIDE (__init_array_end = ABSOLUTE (.))
                [!provide]                        PROVIDE (__fini_array_start = ABSOLUTE (.))
 *(.fini_array)
                [!provide]                        PROVIDE (__fini_array_end = ABSOLUTE (.))
 *(.eh_frame)
 *(.gcc_except_table .gcc_except_table.*)
 *(.dynamic)
                0x0000000005005ed8                PROVIDE (__CTOR_LIST__ = ABSOLUTE (.))
 *(.ctors)
 *(SORT_BY_NAME(.ctors.*))
                0x0000000005005ed8                PROVIDE (__CTOR_END__ = ABSOLUTE (.))
                0x0000000005005ed8                PROVIDE (__DTOR_LIST__ = ABSOLUTE (.))
 *(.dtors)
 *(SORT_BY_NAME(.dtors.*))
                0x0000000005005ed8                PROVIDE (__DTOR_END__ = ABSOLUTE (.))
 *(.jcr)
                0x0000000005005ed8                . = ALIGN (0x4)

.rodata         0x0000000005005ed8       0xc4
                0x0000000005005ed8                PROVIDE (__ram_rodata_start = ABSOLUTE (.))
                0x0000000005005ed8                . = ALIGN (0x4)
 *(.rodata .rodata.* .gnu.linkonce.r.*)
 .rodata        0x0000000005005ed8       0x3b obj/default/paper.o
 *fill*         0x0000000005005f13        0x1 
 .rodata._puts_r.str1.4
                0x0000000005005f14        0x2 /home/nikola/intelFPGA_lite/21.1/nios2eds/bin/gnu/H-x86_64-pc-linux-gnu/bin/../lib/gcc/nios2-elf/10.3.1/../../../../../H-x86_64-pc-linux-gnu/nios2-elf/lib/mno-hw-mul/libc.a(lib_a-puts.o)
 *fill*         0x0000000005005f16        0x2 
 .rodata        0x0000000005005f18        0xa /home/nikola/PNRS/pnrs-2023/de1-soc-demo/sw/nios/individual/paper_bsp//libhal_bsp.a(alt_dev.o)
 *fill*         0x0000000005005f22        0x2 
 .rodata        0x0000000005005f24       0x11 /home/nikola/PNRS/pnrs-2023/de1-soc-demo/sw/nios/individual/paper_bsp//libhal_bsp.a(alt_main.o)
 *fill*         0x0000000005005f35        0x3 
 .rodata        0x0000000005005f38       0x63 /home/nikola/PNRS/pnrs-2023/de1-soc-demo/sw/nios/individual/paper_bsp//libhal_bsp.a(alt_sys_init.o)
 *(.rodata1)
                0x0000000005005f9c                . = ALIGN (0x4)
 *fill*         0x0000000005005f9b        0x1 
                0x0000000005005f9c                PROVIDE (__ram_rodata_end = ABSOLUTE (.))
                0x0000000005005ed8                PROVIDE (__flash_rodata_start = LOADADDR (.rodata))

.rwdata         0x0000000005005f9c     0x1ab4 load address 0x0000000005007a50
                0x0000000005005f9c                PROVIDE (__ram_rwdata_start = ABSOLUTE (.))
                0x0000000005005f9c                . = ALIGN (0x4)
 *(.got.plt)
 *(.got)
 *(.data1)
 *(.data .data.* .gnu.linkonce.d.*)
 .data          0x0000000005005f9c        0x0 /home/nikola/PNRS/pnrs-2023/de1-soc-demo/sw/nios/individual/paper_bsp//obj/HAL/src/crt0.o
 .data          0x0000000005005f9c        0x0 obj/default/paper.o
 .data          0x0000000005005f9c        0x0 /home/nikola/intelFPGA_lite/21.1/nios2eds/bin/gnu/H-x86_64-pc-linux-gnu/bin/../lib/gcc/nios2-elf/10.3.1/../../../../../H-x86_64-pc-linux-gnu/nios2-elf/lib/mno-hw-mul/libc.a(lib_a-puts.o)
 .data          0x0000000005005f9c        0x0 /home/nikola/intelFPGA_lite/21.1/nios2eds/bin/gnu/H-x86_64-pc-linux-gnu/bin/../lib/gcc/nios2-elf/10.3.1/../../../../../H-x86_64-pc-linux-gnu/nios2-elf/lib/mno-hw-mul/libc.a(lib_a-strlen.o)
 .data          0x0000000005005f9c        0x0 /home/nikola/intelFPGA_lite/21.1/nios2eds/bin/gnu/H-x86_64-pc-linux-gnu/bin/../lib/gcc/nios2-elf/10.3.1/../../../../../H-x86_64-pc-linux-gnu/nios2-elf/lib/mno-hw-mul/libc.a(lib_a-findfp.o)
 .data          0x0000000005005f9c        0x0 /home/nikola/intelFPGA_lite/21.1/nios2eds/bin/gnu/H-x86_64-pc-linux-gnu/bin/../lib/gcc/nios2-elf/10.3.1/../../../../../H-x86_64-pc-linux-gnu/nios2-elf/lib/mno-hw-mul/libc.a(lib_a-fvwrite.o)
 .data          0x0000000005005f9c        0x0 /home/nikola/intelFPGA_lite/21.1/nios2eds/bin/gnu/H-x86_64-pc-linux-gnu/bin/../lib/gcc/nios2-elf/10.3.1/../../../../../H-x86_64-pc-linux-gnu/nios2-elf/lib/mno-hw-mul/libc.a(lib_a-fwalk.o)
 .data          0x0000000005005f9c        0x0 /home/nikola/intelFPGA_lite/21.1/nios2eds/bin/gnu/H-x86_64-pc-linux-gnu/bin/../lib/gcc/nios2-elf/10.3.1/../../../../../H-x86_64-pc-linux-gnu/nios2-elf/lib/mno-hw-mul/libc.a(lib_a-impure.o)
 .data.impure_data
                0x0000000005005f9c      0x424 /home/nikola/intelFPGA_lite/21.1/nios2eds/bin/gnu/H-x86_64-pc-linux-gnu/bin/../lib/gcc/nios2-elf/10.3.1/../../../../../H-x86_64-pc-linux-gnu/nios2-elf/lib/mno-hw-mul/libc.a(lib_a-impure.o)
 .data          0x00000000050063c0        0x0 /home/nikola/intelFPGA_lite/21.1/nios2eds/bin/gnu/H-x86_64-pc-linux-gnu/bin/../lib/gcc/nios2-elf/10.3.1/../../../../../H-x86_64-pc-linux-gnu/nios2-elf/lib/mno-hw-mul/libc.a(lib_a-mallocr.o)
 .data.__malloc_av_
                0x00000000050063c0      0x408 /home/nikola/intelFPGA_lite/21.1/nios2eds/bin/gnu/H-x86_64-pc-linux-gnu/bin/../lib/gcc/nios2-elf/10.3.1/../../../../../H-x86_64-pc-linux-gnu/nios2-elf/lib/mno-hw-mul/libc.a(lib_a-mallocr.o)
                0x00000000050063c0                __malloc_av_
 .data          0x00000000050067c8        0x0 /home/nikola/intelFPGA_lite/21.1/nios2eds/bin/gnu/H-x86_64-pc-linux-gnu/bin/../lib/gcc/nios2-elf/10.3.1/../../../../../H-x86_64-pc-linux-gnu/nios2-elf/lib/mno-hw-mul/libc.a(lib_a-memchr.o)
 .data          0x00000000050067c8        0x0 /home/nikola/intelFPGA_lite/21.1/nios2eds/bin/gnu/H-x86_64-pc-linux-gnu/bin/../lib/gcc/nios2-elf/10.3.1/../../../../../H-x86_64-pc-linux-gnu/nios2-elf/lib/mno-hw-mul/libc.a(lib_a-memcpy.o)
 .data          0x00000000050067c8        0x0 /home/nikola/intelFPGA_lite/21.1/nios2eds/bin/gnu/H-x86_64-pc-linux-gnu/bin/../lib/gcc/nios2-elf/10.3.1/../../../../../H-x86_64-pc-linux-gnu/nios2-elf/lib/mno-hw-mul/libc.a(lib_a-memmove.o)
 .data          0x00000000050067c8        0x0 /home/nikola/intelFPGA_lite/21.1/nios2eds/bin/gnu/H-x86_64-pc-linux-gnu/bin/../lib/gcc/nios2-elf/10.3.1/../../../../../H-x86_64-pc-linux-gnu/nios2-elf/lib/mno-hw-mul/libc.a(lib_a-memset.o)
 .data          0x00000000050067c8        0x0 /home/nikola/intelFPGA_lite/21.1/nios2eds/bin/gnu/H-x86_64-pc-linux-gnu/bin/../lib/gcc/nios2-elf/10.3.1/../../../../../H-x86_64-pc-linux-gnu/nios2-elf/lib/mno-hw-mul/libc.a(lib_a-reallocr.o)
 .data          0x00000000050067c8        0x0 /home/nikola/intelFPGA_lite/21.1/nios2eds/bin/gnu/H-x86_64-pc-linux-gnu/bin/../lib/gcc/nios2-elf/10.3.1/../../../../../H-x86_64-pc-linux-gnu/nios2-elf/lib/mno-hw-mul/libc.a(lib_a-sbrkr.o)
 .data          0x00000000050067c8        0x0 /home/nikola/intelFPGA_lite/21.1/nios2eds/bin/gnu/H-x86_64-pc-linux-gnu/bin/../lib/gcc/nios2-elf/10.3.1/../../../../../H-x86_64-pc-linux-gnu/nios2-elf/lib/mno-hw-mul/libc.a(lib_a-stdio.o)
 .data          0x00000000050067c8        0x0 /home/nikola/intelFPGA_lite/21.1/nios2eds/bin/gnu/H-x86_64-pc-linux-gnu/bin/../lib/gcc/nios2-elf/10.3.1/../../../../../H-x86_64-pc-linux-gnu/nios2-elf/lib/mno-hw-mul/libc.a(lib_a-writer.o)
 .data          0x00000000050067c8        0x0 /home/nikola/intelFPGA_lite/21.1/nios2eds/bin/gnu/H-x86_64-pc-linux-gnu/bin/../lib/gcc/nios2-elf/10.3.1/../../../../../H-x86_64-pc-linux-gnu/nios2-elf/lib/mno-hw-mul/libc.a(lib_a-wsetup.o)
 .data          0x00000000050067c8        0x0 /home/nikola/intelFPGA_lite/21.1/nios2eds/bin/gnu/H-x86_64-pc-linux-gnu/bin/../lib/gcc/nios2-elf/10.3.1/../../../../../H-x86_64-pc-linux-gnu/nios2-elf/lib/mno-hw-mul/libc.a(closer.o)
 .data          0x00000000050067c8        0x0 /home/nikola/intelFPGA_lite/21.1/nios2eds/bin/gnu/H-x86_64-pc-linux-gnu/bin/../lib/gcc/nios2-elf/10.3.1/../../../../../H-x86_64-pc-linux-gnu/nios2-elf/lib/mno-hw-mul/libc.a(lib_a-fclose.o)
 .data          0x00000000050067c8        0x0 /home/nikola/intelFPGA_lite/21.1/nios2eds/bin/gnu/H-x86_64-pc-linux-gnu/bin/../lib/gcc/nios2-elf/10.3.1/../../../../../H-x86_64-pc-linux-gnu/nios2-elf/lib/mno-hw-mul/libc.a(lib_a-fflush.o)
 .data          0x00000000050067c8        0x0 /home/nikola/intelFPGA_lite/21.1/nios2eds/bin/gnu/H-x86_64-pc-linux-gnu/bin/../lib/gcc/nios2-elf/10.3.1/../../../../../H-x86_64-pc-linux-gnu/nios2-elf/lib/mno-hw-mul/libc.a(lib_a-freer.o)
 .data          0x00000000050067c8        0x0 /home/nikola/intelFPGA_lite/21.1/nios2eds/bin/gnu/H-x86_64-pc-linux-gnu/bin/../lib/gcc/nios2-elf/10.3.1/../../../../../H-x86_64-pc-linux-gnu/nios2-elf/lib/mno-hw-mul/libc.a(lib_a-int_errno.o)
 .data          0x00000000050067c8        0x0 /home/nikola/intelFPGA_lite/21.1/nios2eds/bin/gnu/H-x86_64-pc-linux-gnu/bin/../lib/gcc/nios2-elf/10.3.1/../../../../../H-x86_64-pc-linux-gnu/nios2-elf/lib/mno-hw-mul/libc.a(lib_a-lseekr.o)
 .data          0x00000000050067c8        0x0 /home/nikola/intelFPGA_lite/21.1/nios2eds/bin/gnu/H-x86_64-pc-linux-gnu/bin/../lib/gcc/nios2-elf/10.3.1/../../../../../H-x86_64-pc-linux-gnu/nios2-elf/lib/mno-hw-mul/libc.a(lib_a-makebuf.o)
 .data          0x00000000050067c8        0x0 /home/nikola/intelFPGA_lite/21.1/nios2eds/bin/gnu/H-x86_64-pc-linux-gnu/bin/../lib/gcc/nios2-elf/10.3.1/../../../../../H-x86_64-pc-linux-gnu/nios2-elf/lib/mno-hw-mul/libc.a(lib_a-readr.o)
 .data          0x00000000050067c8        0x0 /home/nikola/intelFPGA_lite/21.1/nios2eds/bin/gnu/H-x86_64-pc-linux-gnu/bin/../lib/gcc/nios2-elf/10.3.1/../../../../../H-x86_64-pc-linux-gnu/nios2-elf/lib/mno-hw-mul/libc.a(lib_a-fstatr.o)
 .data          0x00000000050067c8        0x0 /home/nikola/intelFPGA_lite/21.1/nios2eds/bin/gnu/H-x86_64-pc-linux-gnu/bin/../lib/gcc/nios2-elf/10.3.1/../../../../../H-x86_64-pc-linux-gnu/nios2-elf/lib/mno-hw-mul/libc.a(lib_a-isattyr.o)
 .data          0x00000000050067c8        0x0 /home/nikola/intelFPGA_lite/21.1/nios2eds/bin/gnu/H-x86_64-pc-linux-gnu/bin/../lib/gcc/nios2-elf/10.3.1/mno-hw-mul/libgcc.a(lib2-divmod.o)
 .data          0x00000000050067c8        0x0 /home/nikola/intelFPGA_lite/21.1/nios2eds/bin/gnu/H-x86_64-pc-linux-gnu/bin/../lib/gcc/nios2-elf/10.3.1/mno-hw-mul/libgcc.a(lib2-mul.o)
 .data          0x00000000050067c8        0x0 /home/nikola/PNRS/pnrs-2023/de1-soc-demo/sw/nios/individual/paper_bsp//libhal_bsp.a(alt_close.o)
 .data          0x00000000050067c8      0x1a8 /home/nikola/PNRS/pnrs-2023/de1-soc-demo/sw/nios/individual/paper_bsp//libhal_bsp.a(alt_dev.o)
                0x00000000050067c8                alt_dev_null
                0x00000000050067f0                alt_fd_list
 .data          0x0000000005006970        0x0 /home/nikola/PNRS/pnrs-2023/de1-soc-demo/sw/nios/individual/paper_bsp//libhal_bsp.a(alt_errno.o)
 .data          0x0000000005006970        0x0 /home/nikola/PNRS/pnrs-2023/de1-soc-demo/sw/nios/individual/paper_bsp//libhal_bsp.a(alt_fstat.o)
 .data          0x0000000005006970        0x0 /home/nikola/PNRS/pnrs-2023/de1-soc-demo/sw/nios/individual/paper_bsp//libhal_bsp.a(alt_isatty.o)
 .data          0x0000000005006970        0x0 /home/nikola/PNRS/pnrs-2023/de1-soc-demo/sw/nios/individual/paper_bsp//libhal_bsp.a(alt_load.o)
 .data          0x0000000005006970        0x0 /home/nikola/PNRS/pnrs-2023/de1-soc-demo/sw/nios/individual/paper_bsp//libhal_bsp.a(alt_lseek.o)
 .data          0x0000000005006970        0x0 /home/nikola/PNRS/pnrs-2023/de1-soc-demo/sw/nios/individual/paper_bsp//libhal_bsp.a(alt_main.o)
 .data          0x0000000005006970        0x0 /home/nikola/PNRS/pnrs-2023/de1-soc-demo/sw/nios/individual/paper_bsp//libhal_bsp.a(alt_malloc_lock.o)
 .data          0x0000000005006970        0x0 /home/nikola/PNRS/pnrs-2023/de1-soc-demo/sw/nios/individual/paper_bsp//libhal_bsp.a(alt_read.o)
 .data          0x0000000005006970        0x0 /home/nikola/PNRS/pnrs-2023/de1-soc-demo/sw/nios/individual/paper_bsp//libhal_bsp.a(alt_release_fd.o)
 .data          0x0000000005006970        0x0 /home/nikola/PNRS/pnrs-2023/de1-soc-demo/sw/nios/individual/paper_bsp//libhal_bsp.a(alt_sbrk.o)
 .data          0x0000000005006970        0x0 /home/nikola/PNRS/pnrs-2023/de1-soc-demo/sw/nios/individual/paper_bsp//libhal_bsp.a(alt_usleep.o)
 .data          0x0000000005006970        0x0 /home/nikola/PNRS/pnrs-2023/de1-soc-demo/sw/nios/individual/paper_bsp//libhal_bsp.a(alt_write.o)
 .data          0x0000000005006970     0x10a0 /home/nikola/PNRS/pnrs-2023/de1-soc-demo/sw/nios/individual/paper_bsp//libhal_bsp.a(alt_sys_init.o)
 .data          0x0000000005007a10        0x0 /home/nikola/PNRS/pnrs-2023/de1-soc-demo/sw/nios/individual/paper_bsp//libhal_bsp.a(altera_avalon_jtag_uart_fd.o)
 .data          0x0000000005007a10        0x0 /home/nikola/PNRS/pnrs-2023/de1-soc-demo/sw/nios/individual/paper_bsp//libhal_bsp.a(altera_avalon_jtag_uart_init.o)
 .data          0x0000000005007a10        0x0 /home/nikola/PNRS/pnrs-2023/de1-soc-demo/sw/nios/individual/paper_bsp//libhal_bsp.a(altera_avalon_jtag_uart_ioctl.o)
 .data          0x0000000005007a10        0x0 /home/nikola/PNRS/pnrs-2023/de1-soc-demo/sw/nios/individual/paper_bsp//libhal_bsp.a(altera_avalon_jtag_uart_read.o)
 .data          0x0000000005007a10        0x0 /home/nikola/PNRS/pnrs-2023/de1-soc-demo/sw/nios/individual/paper_bsp//libhal_bsp.a(altera_avalon_jtag_uart_write.o)
 .data          0x0000000005007a10        0x0 /home/nikola/PNRS/pnrs-2023/de1-soc-demo/sw/nios/individual/paper_bsp//libhal_bsp.a(altera_avalon_mutex.o)
 .data          0x0000000005007a10        0x0 /home/nikola/PNRS/pnrs-2023/de1-soc-demo/sw/nios/individual/paper_bsp//libhal_bsp.a(altera_avalon_timer_sc.o)
 .data          0x0000000005007a10        0x0 /home/nikola/PNRS/pnrs-2023/de1-soc-demo/sw/nios/individual/paper_bsp//libhal_bsp.a(alt_alarm_start.o)
 .data          0x0000000005007a10        0x0 /home/nikola/PNRS/pnrs-2023/de1-soc-demo/sw/nios/individual/paper_bsp//libhal_bsp.a(alt_busy_sleep.o)
 .data          0x0000000005007a10        0x0 /home/nikola/PNRS/pnrs-2023/de1-soc-demo/sw/nios/individual/paper_bsp//libhal_bsp.a(alt_dcache_flush_all.o)
 .data          0x0000000005007a10        0x0 /home/nikola/PNRS/pnrs-2023/de1-soc-demo/sw/nios/individual/paper_bsp//libhal_bsp.a(alt_dev_llist_insert.o)
 .data          0x0000000005007a10        0x0 /home/nikola/PNRS/pnrs-2023/de1-soc-demo/sw/nios/individual/paper_bsp//libhal_bsp.a(alt_do_ctors.o)
 .data          0x0000000005007a10        0x0 /home/nikola/PNRS/pnrs-2023/de1-soc-demo/sw/nios/individual/paper_bsp//libhal_bsp.a(alt_do_dtors.o)
 .data          0x0000000005007a10        0x0 /home/nikola/PNRS/pnrs-2023/de1-soc-demo/sw/nios/individual/paper_bsp//libhal_bsp.a(alt_find_dev.o)
 .data          0x0000000005007a10        0x0 /home/nikola/PNRS/pnrs-2023/de1-soc-demo/sw/nios/individual/paper_bsp//libhal_bsp.a(alt_icache_flush_all.o)
 .data          0x0000000005007a10        0x0 /home/nikola/PNRS/pnrs-2023/de1-soc-demo/sw/nios/individual/paper_bsp//libhal_bsp.a(alt_iic.o)
 .data          0x0000000005007a10        0x0 /home/nikola/PNRS/pnrs-2023/de1-soc-demo/sw/nios/individual/paper_bsp//libhal_bsp.a(alt_iic_isr_register.o)
 .data          0x0000000005007a10        0x0 /home/nikola/PNRS/pnrs-2023/de1-soc-demo/sw/nios/individual/paper_bsp//libhal_bsp.a(alt_io_redirect.o)
 .data          0x0000000005007a10        0x0 /home/nikola/PNRS/pnrs-2023/de1-soc-demo/sw/nios/individual/paper_bsp//libhal_bsp.a(alt_irq_entry.o)
 .data          0x0000000005007a10        0x0 /home/nikola/PNRS/pnrs-2023/de1-soc-demo/sw/nios/individual/paper_bsp//libhal_bsp.a(alt_irq_handler.o)
 .data          0x0000000005007a10        0x0 /home/nikola/PNRS/pnrs-2023/de1-soc-demo/sw/nios/individual/paper_bsp//libhal_bsp.a(alt_irq_vars.o)
 .data          0x0000000005007a10        0x0 /home/nikola/PNRS/pnrs-2023/de1-soc-demo/sw/nios/individual/paper_bsp//libhal_bsp.a(alt_open.o)
 .data          0x0000000005007a10        0x0 /home/nikola/PNRS/pnrs-2023/de1-soc-demo/sw/nios/individual/paper_bsp//libhal_bsp.a(alt_tick.o)
 .data          0x0000000005007a10        0x0 /home/nikola/PNRS/pnrs-2023/de1-soc-demo/sw/nios/individual/paper_bsp//libhal_bsp.a(altera_nios2_gen2_irq.o)
 .data          0x0000000005007a10        0x0 /home/nikola/PNRS/pnrs-2023/de1-soc-demo/sw/nios/individual/paper_bsp//libhal_bsp.a(alt_exception_entry.o)
 .data          0x0000000005007a10        0x0 /home/nikola/PNRS/pnrs-2023/de1-soc-demo/sw/nios/individual/paper_bsp//libhal_bsp.a(alt_find_file.o)
 .data          0x0000000005007a10        0x0 /home/nikola/PNRS/pnrs-2023/de1-soc-demo/sw/nios/individual/paper_bsp//libhal_bsp.a(alt_get_fd.o)
 .data          0x0000000005007a10        0x0 /home/nikola/PNRS/pnrs-2023/de1-soc-demo/sw/nios/individual/paper_bsp//libhal_bsp.a(alt_instruction_exception_entry.o)
 .data          0x0000000005007a10        0x0 /home/nikola/intelFPGA_lite/21.1/nios2eds/bin/gnu/H-x86_64-pc-linux-gnu/bin/../lib/gcc/nios2-elf/10.3.1/../../../../../H-x86_64-pc-linux-gnu/nios2-elf/lib/mno-hw-mul/libc.a(lib_a-atexit.o)
 .data          0x0000000005007a10        0x0 /home/nikola/intelFPGA_lite/21.1/nios2eds/bin/gnu/H-x86_64-pc-linux-gnu/bin/../lib/gcc/nios2-elf/10.3.1/../../../../../H-x86_64-pc-linux-gnu/nios2-elf/lib/mno-hw-mul/libc.a(lib_a-exit.o)
 .data          0x0000000005007a10        0x0 /home/nikola/intelFPGA_lite/21.1/nios2eds/bin/gnu/H-x86_64-pc-linux-gnu/bin/../lib/gcc/nios2-elf/10.3.1/../../../../../H-x86_64-pc-linux-gnu/nios2-elf/lib/mno-hw-mul/libc.a(lib_a-memcmp.o)
 .data          0x0000000005007a10        0x0 /home/nikola/intelFPGA_lite/21.1/nios2eds/bin/gnu/H-x86_64-pc-linux-gnu/bin/../lib/gcc/nios2-elf/10.3.1/../../../../../H-x86_64-pc-linux-gnu/nios2-elf/lib/mno-hw-mul/libc.a(lib_a-__atexit.o)
 .data          0x0000000005007a10        0x0 /home/nikola/intelFPGA_lite/21.1/nios2eds/bin/gnu/H-x86_64-pc-linux-gnu/bin/../lib/gcc/nios2-elf/10.3.1/../../../../../H-x86_64-pc-linux-gnu/nios2-elf/lib/mno-hw-mul/libc.a(lib_a-__call_atexit.o)
 .data          0x0000000005007a10        0x0 /home/nikola/PNRS/pnrs-2023/de1-soc-demo/sw/nios/individual/paper_bsp//libhal_bsp.a(alt_exit.o)
                0x000000000500fa10                _gp = ABSOLUTE ((. + 0x8000))
                [!provide]                        PROVIDE (gp = _gp)
 *(.rwdata .rwdata.*)
 *(.sdata .sdata.* .gnu.linkonce.s.*)
 .sdata._global_impure_ptr
                0x0000000005007a10        0x4 /home/nikola/intelFPGA_lite/21.1/nios2eds/bin/gnu/H-x86_64-pc-linux-gnu/bin/../lib/gcc/nios2-elf/10.3.1/../../../../../H-x86_64-pc-linux-gnu/nios2-elf/lib/mno-hw-mul/libc.a(lib_a-impure.o)
                0x0000000005007a10                _global_impure_ptr
 .sdata._impure_ptr
                0x0000000005007a14        0x4 /home/nikola/intelFPGA_lite/21.1/nios2eds/bin/gnu/H-x86_64-pc-linux-gnu/bin/../lib/gcc/nios2-elf/10.3.1/../../../../../H-x86_64-pc-linux-gnu/nios2-elf/lib/mno-hw-mul/libc.a(lib_a-impure.o)
                0x0000000005007a14                _impure_ptr
 .sdata.__malloc_sbrk_base
                0x0000000005007a18        0x4 /home/nikola/intelFPGA_lite/21.1/nios2eds/bin/gnu/H-x86_64-pc-linux-gnu/bin/../lib/gcc/nios2-elf/10.3.1/../../../../../H-x86_64-pc-linux-gnu/nios2-elf/lib/mno-hw-mul/libc.a(lib_a-mallocr.o)
                0x0000000005007a18                __malloc_sbrk_base
 .sdata.__malloc_trim_threshold
                0x0000000005007a1c        0x4 /home/nikola/intelFPGA_lite/21.1/nios2eds/bin/gnu/H-x86_64-pc-linux-gnu/bin/../lib/gcc/nios2-elf/10.3.1/../../../../../H-x86_64-pc-linux-gnu/nios2-elf/lib/mno-hw-mul/libc.a(lib_a-mallocr.o)
                0x0000000005007a1c                __malloc_trim_threshold
 .sdata         0x0000000005007a20       0x14 /home/nikola/PNRS/pnrs-2023/de1-soc-demo/sw/nios/individual/paper_bsp//libhal_bsp.a(alt_dev.o)
                0x0000000005007a20                alt_fs_list
                0x0000000005007a28                alt_dev_list
                0x0000000005007a30                alt_max_fd
 .sdata         0x0000000005007a34        0x4 /home/nikola/PNRS/pnrs-2023/de1-soc-demo/sw/nios/individual/paper_bsp//libhal_bsp.a(alt_errno.o)
                0x0000000005007a34                alt_errno
 .sdata         0x0000000005007a38        0x4 /home/nikola/PNRS/pnrs-2023/de1-soc-demo/sw/nios/individual/paper_bsp//libhal_bsp.a(alt_sbrk.o)
 .sdata         0x0000000005007a3c        0x8 /home/nikola/PNRS/pnrs-2023/de1-soc-demo/sw/nios/individual/paper_bsp//libhal_bsp.a(altera_avalon_mutex.o)
                0x0000000005007a3c                alt_mutex_list
 .sdata         0x0000000005007a44        0x4 /home/nikola/PNRS/pnrs-2023/de1-soc-demo/sw/nios/individual/paper_bsp//libhal_bsp.a(alt_irq_vars.o)
                0x0000000005007a44                alt_priority_mask
 .sdata         0x0000000005007a48        0x8 /home/nikola/PNRS/pnrs-2023/de1-soc-demo/sw/nios/individual/paper_bsp//libhal_bsp.a(alt_tick.o)
                0x0000000005007a48                alt_alarm_list
 *(.sdata2 .sdata2.* .gnu.linkonce.s2.*)
                0x0000000005007a50                . = ALIGN (0x4)
                0x0000000005007a50                _edata = ABSOLUTE (.)
                [!provide]                        PROVIDE (edata = ABSOLUTE (.))
                0x0000000005007a50                PROVIDE (__ram_rwdata_end = ABSOLUTE (.))
                0x0000000005007a50                PROVIDE (__flash_rwdata_start = LOADADDR (.rwdata))

.bss            0x0000000005009504      0x160
                0x0000000005009504                __bss_start = ABSOLUTE (.)
                [!provide]                        PROVIDE (__sbss_start = ABSOLUTE (.))
                [!provide]                        PROVIDE (___sbss_start = ABSOLUTE (.))
 *(.dynsbss)
 *(.sbss .sbss.* .gnu.linkonce.sb.*)
 .sbss          0x0000000005009504        0x8 obj/default/paper.o
                0x0000000005009504                mutex
                0x0000000005009508                agent_mutex
 .sbss.__malloc_max_total_mem
                0x000000000500950c        0x4 /home/nikola/intelFPGA_lite/21.1/nios2eds/bin/gnu/H-x86_64-pc-linux-gnu/bin/../lib/gcc/nios2-elf/10.3.1/../../../../../H-x86_64-pc-linux-gnu/nios2-elf/lib/mno-hw-mul/libc.a(lib_a-mallocr.o)
                0x000000000500950c                __malloc_max_total_mem
 .sbss.__malloc_max_sbrked_mem
                0x0000000005009510        0x4 /home/nikola/intelFPGA_lite/21.1/nios2eds/bin/gnu/H-x86_64-pc-linux-gnu/bin/../lib/gcc/nios2-elf/10.3.1/../../../../../H-x86_64-pc-linux-gnu/nios2-elf/lib/mno-hw-mul/libc.a(lib_a-mallocr.o)
                0x0000000005009510                __malloc_max_sbrked_mem
 .sbss.__malloc_top_pad
                0x0000000005009514        0x4 /home/nikola/intelFPGA_lite/21.1/nios2eds/bin/gnu/H-x86_64-pc-linux-gnu/bin/../lib/gcc/nios2-elf/10.3.1/../../../../../H-x86_64-pc-linux-gnu/nios2-elf/lib/mno-hw-mul/libc.a(lib_a-mallocr.o)
                0x0000000005009514                __malloc_top_pad
 .sbss.errno    0x0000000005009518        0x4 /home/nikola/intelFPGA_lite/21.1/nios2eds/bin/gnu/H-x86_64-pc-linux-gnu/bin/../lib/gcc/nios2-elf/10.3.1/../../../../../H-x86_64-pc-linux-gnu/nios2-elf/lib/mno-hw-mul/libc.a(lib_a-int_errno.o)
                0x0000000005009518                errno
 .sbss          0x000000000500951c        0xc /home/nikola/PNRS/pnrs-2023/de1-soc-demo/sw/nios/individual/paper_bsp//libhal_bsp.a(alt_main.o)
                0x000000000500951c                alt_argc
                0x0000000005009520                alt_argv
                0x0000000005009524                alt_envp
 .sbss          0x0000000005009528        0x4 /home/nikola/PNRS/pnrs-2023/de1-soc-demo/sw/nios/individual/paper_bsp//libhal_bsp.a(alt_irq_vars.o)
                0x0000000005009528                alt_irq_active
 .sbss          0x000000000500952c        0xc /home/nikola/PNRS/pnrs-2023/de1-soc-demo/sw/nios/individual/paper_bsp//libhal_bsp.a(alt_tick.o)
                0x000000000500952c                _alt_tick_rate
                0x0000000005009530                _alt_nticks
 .sbss          0x0000000005009538        0x4 /home/nikola/PNRS/pnrs-2023/de1-soc-demo/sw/nios/individual/paper_bsp//libhal_bsp.a(alt_instruction_exception_entry.o)
                0x0000000005009538                alt_instruction_exception_handler
 *(.sbss2 .sbss2.* .gnu.linkonce.sb2.*)
 *(.scommon)
                [!provide]                        PROVIDE (__sbss_end = ABSOLUTE (.))
                [!provide]                        PROVIDE (___sbss_end = ABSOLUTE (.))
 *(.dynbss)
 *(.bss .bss.* .gnu.linkonce.b.*)
 .bss           0x000000000500953c        0x0 /home/nikola/PNRS/pnrs-2023/de1-soc-demo/sw/nios/individual/paper_bsp//obj/HAL/src/crt0.o
 .bss           0x000000000500953c        0x0 obj/default/paper.o
 .bss           0x000000000500953c        0x0 /home/nikola/intelFPGA_lite/21.1/nios2eds/bin/gnu/H-x86_64-pc-linux-gnu/bin/../lib/gcc/nios2-elf/10.3.1/../../../../../H-x86_64-pc-linux-gnu/nios2-elf/lib/mno-hw-mul/libc.a(lib_a-puts.o)
 .bss           0x000000000500953c        0x0 /home/nikola/intelFPGA_lite/21.1/nios2eds/bin/gnu/H-x86_64-pc-linux-gnu/bin/../lib/gcc/nios2-elf/10.3.1/../../../../../H-x86_64-pc-linux-gnu/nios2-elf/lib/mno-hw-mul/libc.a(lib_a-strlen.o)
 .bss           0x000000000500953c        0x0 /home/nikola/intelFPGA_lite/21.1/nios2eds/bin/gnu/H-x86_64-pc-linux-gnu/bin/../lib/gcc/nios2-elf/10.3.1/../../../../../H-x86_64-pc-linux-gnu/nios2-elf/lib/mno-hw-mul/libc.a(lib_a-findfp.o)
 .bss           0x000000000500953c        0x0 /home/nikola/intelFPGA_lite/21.1/nios2eds/bin/gnu/H-x86_64-pc-linux-gnu/bin/../lib/gcc/nios2-elf/10.3.1/../../../../../H-x86_64-pc-linux-gnu/nios2-elf/lib/mno-hw-mul/libc.a(lib_a-fvwrite.o)
 .bss           0x000000000500953c        0x0 /home/nikola/intelFPGA_lite/21.1/nios2eds/bin/gnu/H-x86_64-pc-linux-gnu/bin/../lib/gcc/nios2-elf/10.3.1/../../../../../H-x86_64-pc-linux-gnu/nios2-elf/lib/mno-hw-mul/libc.a(lib_a-fwalk.o)
 .bss           0x000000000500953c        0x0 /home/nikola/intelFPGA_lite/21.1/nios2eds/bin/gnu/H-x86_64-pc-linux-gnu/bin/../lib/gcc/nios2-elf/10.3.1/../../../../../H-x86_64-pc-linux-gnu/nios2-elf/lib/mno-hw-mul/libc.a(lib_a-impure.o)
 .bss           0x000000000500953c        0x0 /home/nikola/intelFPGA_lite/21.1/nios2eds/bin/gnu/H-x86_64-pc-linux-gnu/bin/../lib/gcc/nios2-elf/10.3.1/../../../../../H-x86_64-pc-linux-gnu/nios2-elf/lib/mno-hw-mul/libc.a(lib_a-mallocr.o)
 .bss.__malloc_current_mallinfo
                0x000000000500953c       0x28 /home/nikola/intelFPGA_lite/21.1/nios2eds/bin/gnu/H-x86_64-pc-linux-gnu/bin/../lib/gcc/nios2-elf/10.3.1/../../../../../H-x86_64-pc-linux-gnu/nios2-elf/lib/mno-hw-mul/libc.a(lib_a-mallocr.o)
                0x000000000500953c                __malloc_current_mallinfo
 .bss           0x0000000005009564        0x0 /home/nikola/intelFPGA_lite/21.1/nios2eds/bin/gnu/H-x86_64-pc-linux-gnu/bin/../lib/gcc/nios2-elf/10.3.1/../../../../../H-x86_64-pc-linux-gnu/nios2-elf/lib/mno-hw-mul/libc.a(lib_a-memchr.o)
 .bss           0x0000000005009564        0x0 /home/nikola/intelFPGA_lite/21.1/nios2eds/bin/gnu/H-x86_64-pc-linux-gnu/bin/../lib/gcc/nios2-elf/10.3.1/../../../../../H-x86_64-pc-linux-gnu/nios2-elf/lib/mno-hw-mul/libc.a(lib_a-memcpy.o)
 .bss           0x0000000005009564        0x0 /home/nikola/intelFPGA_lite/21.1/nios2eds/bin/gnu/H-x86_64-pc-linux-gnu/bin/../lib/gcc/nios2-elf/10.3.1/../../../../../H-x86_64-pc-linux-gnu/nios2-elf/lib/mno-hw-mul/libc.a(lib_a-memmove.o)
 .bss           0x0000000005009564        0x0 /home/nikola/intelFPGA_lite/21.1/nios2eds/bin/gnu/H-x86_64-pc-linux-gnu/bin/../lib/gcc/nios2-elf/10.3.1/../../../../../H-x86_64-pc-linux-gnu/nios2-elf/lib/mno-hw-mul/libc.a(lib_a-memset.o)
 .bss           0x0000000005009564        0x0 /home/nikola/intelFPGA_lite/21.1/nios2eds/bin/gnu/H-x86_64-pc-linux-gnu/bin/../lib/gcc/nios2-elf/10.3.1/../../../../../H-x86_64-pc-linux-gnu/nios2-elf/lib/mno-hw-mul/libc.a(lib_a-reallocr.o)
 .bss           0x0000000005009564        0x0 /home/nikola/intelFPGA_lite/21.1/nios2eds/bin/gnu/H-x86_64-pc-linux-gnu/bin/../lib/gcc/nios2-elf/10.3.1/../../../../../H-x86_64-pc-linux-gnu/nios2-elf/lib/mno-hw-mul/libc.a(lib_a-sbrkr.o)
 .bss           0x0000000005009564        0x0 /home/nikola/intelFPGA_lite/21.1/nios2eds/bin/gnu/H-x86_64-pc-linux-gnu/bin/../lib/gcc/nios2-elf/10.3.1/../../../../../H-x86_64-pc-linux-gnu/nios2-elf/lib/mno-hw-mul/libc.a(lib_a-stdio.o)
 .bss           0x0000000005009564        0x0 /home/nikola/intelFPGA_lite/21.1/nios2eds/bin/gnu/H-x86_64-pc-linux-gnu/bin/../lib/gcc/nios2-elf/10.3.1/../../../../../H-x86_64-pc-linux-gnu/nios2-elf/lib/mno-hw-mul/libc.a(lib_a-writer.o)
 .bss           0x0000000005009564        0x0 /home/nikola/intelFPGA_lite/21.1/nios2eds/bin/gnu/H-x86_64-pc-linux-gnu/bin/../lib/gcc/nios2-elf/10.3.1/../../../../../H-x86_64-pc-linux-gnu/nios2-elf/lib/mno-hw-mul/libc.a(lib_a-wsetup.o)
 .bss           0x0000000005009564        0x0 /home/nikola/intelFPGA_lite/21.1/nios2eds/bin/gnu/H-x86_64-pc-linux-gnu/bin/../lib/gcc/nios2-elf/10.3.1/../../../../../H-x86_64-pc-linux-gnu/nios2-elf/lib/mno-hw-mul/libc.a(closer.o)
 .bss           0x0000000005009564        0x0 /home/nikola/intelFPGA_lite/21.1/nios2eds/bin/gnu/H-x86_64-pc-linux-gnu/bin/../lib/gcc/nios2-elf/10.3.1/../../../../../H-x86_64-pc-linux-gnu/nios2-elf/lib/mno-hw-mul/libc.a(lib_a-fclose.o)
 .bss           0x0000000005009564        0x0 /home/nikola/intelFPGA_lite/21.1/nios2eds/bin/gnu/H-x86_64-pc-linux-gnu/bin/../lib/gcc/nios2-elf/10.3.1/../../../../../H-x86_64-pc-linux-gnu/nios2-elf/lib/mno-hw-mul/libc.a(lib_a-fflush.o)
 .bss           0x0000000005009564        0x0 /home/nikola/intelFPGA_lite/21.1/nios2eds/bin/gnu/H-x86_64-pc-linux-gnu/bin/../lib/gcc/nios2-elf/10.3.1/../../../../../H-x86_64-pc-linux-gnu/nios2-elf/lib/mno-hw-mul/libc.a(lib_a-freer.o)
 .bss           0x0000000005009564        0x0 /home/nikola/intelFPGA_lite/21.1/nios2eds/bin/gnu/H-x86_64-pc-linux-gnu/bin/../lib/gcc/nios2-elf/10.3.1/../../../../../H-x86_64-pc-linux-gnu/nios2-elf/lib/mno-hw-mul/libc.a(lib_a-int_errno.o)
 .bss           0x0000000005009564        0x0 /home/nikola/intelFPGA_lite/21.1/nios2eds/bin/gnu/H-x86_64-pc-linux-gnu/bin/../lib/gcc/nios2-elf/10.3.1/../../../../../H-x86_64-pc-linux-gnu/nios2-elf/lib/mno-hw-mul/libc.a(lib_a-lseekr.o)
 .bss           0x0000000005009564        0x0 /home/nikola/intelFPGA_lite/21.1/nios2eds/bin/gnu/H-x86_64-pc-linux-gnu/bin/../lib/gcc/nios2-elf/10.3.1/../../../../../H-x86_64-pc-linux-gnu/nios2-elf/lib/mno-hw-mul/libc.a(lib_a-makebuf.o)
 .bss           0x0000000005009564        0x0 /home/nikola/intelFPGA_lite/21.1/nios2eds/bin/gnu/H-x86_64-pc-linux-gnu/bin/../lib/gcc/nios2-elf/10.3.1/../../../../../H-x86_64-pc-linux-gnu/nios2-elf/lib/mno-hw-mul/libc.a(lib_a-readr.o)
 .bss           0x0000000005009564        0x0 /home/nikola/intelFPGA_lite/21.1/nios2eds/bin/gnu/H-x86_64-pc-linux-gnu/bin/../lib/gcc/nios2-elf/10.3.1/../../../../../H-x86_64-pc-linux-gnu/nios2-elf/lib/mno-hw-mul/libc.a(lib_a-fstatr.o)
 .bss           0x0000000005009564        0x0 /home/nikola/intelFPGA_lite/21.1/nios2eds/bin/gnu/H-x86_64-pc-linux-gnu/bin/../lib/gcc/nios2-elf/10.3.1/../../../../../H-x86_64-pc-linux-gnu/nios2-elf/lib/mno-hw-mul/libc.a(lib_a-isattyr.o)
 .bss           0x0000000005009564        0x0 /home/nikola/intelFPGA_lite/21.1/nios2eds/bin/gnu/H-x86_64-pc-linux-gnu/bin/../lib/gcc/nios2-elf/10.3.1/mno-hw-mul/libgcc.a(lib2-divmod.o)
 .bss           0x0000000005009564        0x0 /home/nikola/intelFPGA_lite/21.1/nios2eds/bin/gnu/H-x86_64-pc-linux-gnu/bin/../lib/gcc/nios2-elf/10.3.1/mno-hw-mul/libgcc.a(lib2-mul.o)
 .bss           0x0000000005009564        0x0 /home/nikola/PNRS/pnrs-2023/de1-soc-demo/sw/nios/individual/paper_bsp//libhal_bsp.a(alt_close.o)
 .bss           0x0000000005009564        0x0 /home/nikola/PNRS/pnrs-2023/de1-soc-demo/sw/nios/individual/paper_bsp//libhal_bsp.a(alt_dev.o)
 .bss           0x0000000005009564        0x0 /home/nikola/PNRS/pnrs-2023/de1-soc-demo/sw/nios/individual/paper_bsp//libhal_bsp.a(alt_errno.o)
 .bss           0x0000000005009564        0x0 /home/nikola/PNRS/pnrs-2023/de1-soc-demo/sw/nios/individual/paper_bsp//libhal_bsp.a(alt_fstat.o)
 .bss           0x0000000005009564        0x0 /home/nikola/PNRS/pnrs-2023/de1-soc-demo/sw/nios/individual/paper_bsp//libhal_bsp.a(alt_isatty.o)
 .bss           0x0000000005009564        0x0 /home/nikola/PNRS/pnrs-2023/de1-soc-demo/sw/nios/individual/paper_bsp//libhal_bsp.a(alt_load.o)
 .bss           0x0000000005009564        0x0 /home/nikola/PNRS/pnrs-2023/de1-soc-demo/sw/nios/individual/paper_bsp//libhal_bsp.a(alt_lseek.o)
 .bss           0x0000000005009564        0x0 /home/nikola/PNRS/pnrs-2023/de1-soc-demo/sw/nios/individual/paper_bsp//libhal_bsp.a(alt_main.o)
 .bss           0x0000000005009564        0x0 /home/nikola/PNRS/pnrs-2023/de1-soc-demo/sw/nios/individual/paper_bsp//libhal_bsp.a(alt_malloc_lock.o)
 .bss           0x0000000005009564        0x0 /home/nikola/PNRS/pnrs-2023/de1-soc-demo/sw/nios/individual/paper_bsp//libhal_bsp.a(alt_read.o)
 .bss           0x0000000005009564        0x0 /home/nikola/PNRS/pnrs-2023/de1-soc-demo/sw/nios/individual/paper_bsp//libhal_bsp.a(alt_release_fd.o)
 .bss           0x0000000005009564        0x0 /home/nikola/PNRS/pnrs-2023/de1-soc-demo/sw/nios/individual/paper_bsp//libhal_bsp.a(alt_sbrk.o)
 .bss           0x0000000005009564        0x0 /home/nikola/PNRS/pnrs-2023/de1-soc-demo/sw/nios/individual/paper_bsp//libhal_bsp.a(alt_usleep.o)
 .bss           0x0000000005009564        0x0 /home/nikola/PNRS/pnrs-2023/de1-soc-demo/sw/nios/individual/paper_bsp//libhal_bsp.a(alt_write.o)
 .bss           0x0000000005009564        0x0 /home/nikola/PNRS/pnrs-2023/de1-soc-demo/sw/nios/individual/paper_bsp//libhal_bsp.a(alt_sys_init.o)
 .bss           0x0000000005009564        0x0 /home/nikola/PNRS/pnrs-2023/de1-soc-demo/sw/nios/individual/paper_bsp//libhal_bsp.a(altera_avalon_jtag_uart_fd.o)
 .bss           0x0000000005009564        0x0 /home/nikola/PNRS/pnrs-2023/de1-soc-demo/sw/nios/individual/paper_bsp//libhal_bsp.a(altera_avalon_jtag_uart_init.o)
 .bss           0x0000000005009564        0x0 /home/nikola/PNRS/pnrs-2023/de1-soc-demo/sw/nios/individual/paper_bsp//libhal_bsp.a(altera_avalon_jtag_uart_ioctl.o)
 .bss           0x0000000005009564        0x0 /home/nikola/PNRS/pnrs-2023/de1-soc-demo/sw/nios/individual/paper_bsp//libhal_bsp.a(altera_avalon_jtag_uart_read.o)
 .bss           0x0000000005009564        0x0 /home/nikola/PNRS/pnrs-2023/de1-soc-demo/sw/nios/individual/paper_bsp//libhal_bsp.a(altera_avalon_jtag_uart_write.o)
 .bss           0x0000000005009564        0x0 /home/nikola/PNRS/pnrs-2023/de1-soc-demo/sw/nios/individual/paper_bsp//libhal_bsp.a(altera_avalon_mutex.o)
 .bss           0x0000000005009564        0x0 /home/nikola/PNRS/pnrs-2023/de1-soc-demo/sw/nios/individual/paper_bsp//libhal_bsp.a(altera_avalon_timer_sc.o)
 .bss           0x0000000005009564        0x0 /home/nikola/PNRS/pnrs-2023/de1-soc-demo/sw/nios/individual/paper_bsp//libhal_bsp.a(alt_alarm_start.o)
 .bss           0x0000000005009564        0x0 /home/nikola/PNRS/pnrs-2023/de1-soc-demo/sw/nios/individual/paper_bsp//libhal_bsp.a(alt_busy_sleep.o)
 .bss           0x0000000005009564        0x0 /home/nikola/PNRS/pnrs-2023/de1-soc-demo/sw/nios/individual/paper_bsp//libhal_bsp.a(alt_dcache_flush_all.o)
 .bss           0x0000000005009564        0x0 /home/nikola/PNRS/pnrs-2023/de1-soc-demo/sw/nios/individual/paper_bsp//libhal_bsp.a(alt_dev_llist_insert.o)
 .bss           0x0000000005009564        0x0 /home/nikola/PNRS/pnrs-2023/de1-soc-demo/sw/nios/individual/paper_bsp//libhal_bsp.a(alt_do_ctors.o)
 .bss           0x0000000005009564        0x0 /home/nikola/PNRS/pnrs-2023/de1-soc-demo/sw/nios/individual/paper_bsp//libhal_bsp.a(alt_do_dtors.o)
 .bss           0x0000000005009564        0x0 /home/nikola/PNRS/pnrs-2023/de1-soc-demo/sw/nios/individual/paper_bsp//libhal_bsp.a(alt_find_dev.o)
 .bss           0x0000000005009564        0x0 /home/nikola/PNRS/pnrs-2023/de1-soc-demo/sw/nios/individual/paper_bsp//libhal_bsp.a(alt_icache_flush_all.o)
 .bss           0x0000000005009564        0x0 /home/nikola/PNRS/pnrs-2023/de1-soc-demo/sw/nios/individual/paper_bsp//libhal_bsp.a(alt_iic.o)
 .bss           0x0000000005009564        0x0 /home/nikola/PNRS/pnrs-2023/de1-soc-demo/sw/nios/individual/paper_bsp//libhal_bsp.a(alt_iic_isr_register.o)
 .bss           0x0000000005009564        0x0 /home/nikola/PNRS/pnrs-2023/de1-soc-demo/sw/nios/individual/paper_bsp//libhal_bsp.a(alt_io_redirect.o)
 .bss           0x0000000005009564        0x0 /home/nikola/PNRS/pnrs-2023/de1-soc-demo/sw/nios/individual/paper_bsp//libhal_bsp.a(alt_irq_entry.o)
 .bss           0x0000000005009564      0x100 /home/nikola/PNRS/pnrs-2023/de1-soc-demo/sw/nios/individual/paper_bsp//libhal_bsp.a(alt_irq_handler.o)
                0x0000000005009564                alt_irq
 .bss           0x0000000005009664        0x0 /home/nikola/PNRS/pnrs-2023/de1-soc-demo/sw/nios/individual/paper_bsp//libhal_bsp.a(alt_irq_vars.o)
 .bss           0x0000000005009664        0x0 /home/nikola/PNRS/pnrs-2023/de1-soc-demo/sw/nios/individual/paper_bsp//libhal_bsp.a(alt_open.o)
 .bss           0x0000000005009664        0x0 /home/nikola/PNRS/pnrs-2023/de1-soc-demo/sw/nios/individual/paper_bsp//libhal_bsp.a(alt_tick.o)
 .bss           0x0000000005009664        0x0 /home/nikola/PNRS/pnrs-2023/de1-soc-demo/sw/nios/individual/paper_bsp//libhal_bsp.a(altera_nios2_gen2_irq.o)
 .bss           0x0000000005009664        0x0 /home/nikola/PNRS/pnrs-2023/de1-soc-demo/sw/nios/individual/paper_bsp//libhal_bsp.a(alt_exception_entry.o)
 .bss           0x0000000005009664        0x0 /home/nikola/PNRS/pnrs-2023/de1-soc-demo/sw/nios/individual/paper_bsp//libhal_bsp.a(alt_find_file.o)
 .bss           0x0000000005009664        0x0 /home/nikola/PNRS/pnrs-2023/de1-soc-demo/sw/nios/individual/paper_bsp//libhal_bsp.a(alt_get_fd.o)
 .bss           0x0000000005009664        0x0 /home/nikola/PNRS/pnrs-2023/de1-soc-demo/sw/nios/individual/paper_bsp//libhal_bsp.a(alt_instruction_exception_entry.o)
 .bss           0x0000000005009664        0x0 /home/nikola/intelFPGA_lite/21.1/nios2eds/bin/gnu/H-x86_64-pc-linux-gnu/bin/../lib/gcc/nios2-elf/10.3.1/../../../../../H-x86_64-pc-linux-gnu/nios2-elf/lib/mno-hw-mul/libc.a(lib_a-atexit.o)
 .bss           0x0000000005009664        0x0 /home/nikola/intelFPGA_lite/21.1/nios2eds/bin/gnu/H-x86_64-pc-linux-gnu/bin/../lib/gcc/nios2-elf/10.3.1/../../../../../H-x86_64-pc-linux-gnu/nios2-elf/lib/mno-hw-mul/libc.a(lib_a-exit.o)
 .bss           0x0000000005009664        0x0 /home/nikola/intelFPGA_lite/21.1/nios2eds/bin/gnu/H-x86_64-pc-linux-gnu/bin/../lib/gcc/nios2-elf/10.3.1/../../../../../H-x86_64-pc-linux-gnu/nios2-elf/lib/mno-hw-mul/libc.a(lib_a-memcmp.o)
 .bss           0x0000000005009664        0x0 /home/nikola/intelFPGA_lite/21.1/nios2eds/bin/gnu/H-x86_64-pc-linux-gnu/bin/../lib/gcc/nios2-elf/10.3.1/../../../../../H-x86_64-pc-linux-gnu/nios2-elf/lib/mno-hw-mul/libc.a(lib_a-__atexit.o)
 .bss           0x0000000005009664        0x0 /home/nikola/intelFPGA_lite/21.1/nios2eds/bin/gnu/H-x86_64-pc-linux-gnu/bin/../lib/gcc/nios2-elf/10.3.1/../../../../../H-x86_64-pc-linux-gnu/nios2-elf/lib/mno-hw-mul/libc.a(lib_a-__call_atexit.o)
 .bss           0x0000000005009664        0x0 /home/nikola/PNRS/pnrs-2023/de1-soc-demo/sw/nios/individual/paper_bsp//libhal_bsp.a(alt_exit.o)
 *(COMMON)
                0x0000000005009664                . = ALIGN (0x4)
                0x0000000005009664                __bss_end = ABSOLUTE (.)

.sdram_controller_0
                0x0000000005009664        0x0
                [!provide]                        PROVIDE (_alt_partition_sdram_controller_0_start = ABSOLUTE (.))
 *(.sdram_controller_0 .sdram_controller_0. sdram_controller_0.*)
                0x0000000005009664                . = ALIGN (0x4)
                [!provide]                        PROVIDE (_alt_partition_sdram_controller_0_end = ABSOLUTE (.))
                0x0000000005009664                _end = ABSOLUTE (.)
                0x0000000005009664                end = ABSOLUTE (.)
                0x0000000005009664                __alt_stack_base = ABSOLUTE (.)
                [!provide]                        PROVIDE (_alt_partition_sdram_controller_0_load_addr = LOADADDR (.sdram_controller_0))

.stab
 *(.stab)

.stabstr
 *(.stabstr)

.stab.excl
 *(.stab.excl)

.stab.exclstr
 *(.stab.exclstr)

.stab.index
 *(.stab.index)

.stab.indexstr
 *(.stab.indexstr)

.comment        0x0000000000000000       0x2d
 *(.comment)
 .comment       0x0000000000000000       0x2d obj/default/paper.o
                                         0x2e (size before relaxing)
 .comment       0x000000000000002d       0x2e /home/nikola/intelFPGA_lite/21.1/nios2eds/bin/gnu/H-x86_64-pc-linux-gnu/bin/../lib/gcc/nios2-elf/10.3.1/../../../../../H-x86_64-pc-linux-gnu/nios2-elf/lib/mno-hw-mul/libc.a(lib_a-puts.o)
 .comment       0x000000000000002d       0x2e /home/nikola/intelFPGA_lite/21.1/nios2eds/bin/gnu/H-x86_64-pc-linux-gnu/bin/../lib/gcc/nios2-elf/10.3.1/../../../../../H-x86_64-pc-linux-gnu/nios2-elf/lib/mno-hw-mul/libc.a(lib_a-strlen.o)
 .comment       0x000000000000002d       0x2e /home/nikola/intelFPGA_lite/21.1/nios2eds/bin/gnu/H-x86_64-pc-linux-gnu/bin/../lib/gcc/nios2-elf/10.3.1/../../../../../H-x86_64-pc-linux-gnu/nios2-elf/lib/mno-hw-mul/libc.a(lib_a-findfp.o)
 .comment       0x000000000000002d       0x2e /home/nikola/intelFPGA_lite/21.1/nios2eds/bin/gnu/H-x86_64-pc-linux-gnu/bin/../lib/gcc/nios2-elf/10.3.1/../../../../../H-x86_64-pc-linux-gnu/nios2-elf/lib/mno-hw-mul/libc.a(lib_a-fvwrite.o)
 .comment       0x000000000000002d       0x2e /home/nikola/intelFPGA_lite/21.1/nios2eds/bin/gnu/H-x86_64-pc-linux-gnu/bin/../lib/gcc/nios2-elf/10.3.1/../../../../../H-x86_64-pc-linux-gnu/nios2-elf/lib/mno-hw-mul/libc.a(lib_a-fwalk.o)
 .comment       0x000000000000002d       0x2e /home/nikola/intelFPGA_lite/21.1/nios2eds/bin/gnu/H-x86_64-pc-linux-gnu/bin/../lib/gcc/nios2-elf/10.3.1/../../../../../H-x86_64-pc-linux-gnu/nios2-elf/lib/mno-hw-mul/libc.a(lib_a-impure.o)
 .comment       0x000000000000002d       0x2e /home/nikola/intelFPGA_lite/21.1/nios2eds/bin/gnu/H-x86_64-pc-linux-gnu/bin/../lib/gcc/nios2-elf/10.3.1/../../../../../H-x86_64-pc-linux-gnu/nios2-elf/lib/mno-hw-mul/libc.a(lib_a-mallocr.o)
 .comment       0x000000000000002d       0x2e /home/nikola/intelFPGA_lite/21.1/nios2eds/bin/gnu/H-x86_64-pc-linux-gnu/bin/../lib/gcc/nios2-elf/10.3.1/../../../../../H-x86_64-pc-linux-gnu/nios2-elf/lib/mno-hw-mul/libc.a(lib_a-memchr.o)
 .comment       0x000000000000002d       0x2e /home/nikola/intelFPGA_lite/21.1/nios2eds/bin/gnu/H-x86_64-pc-linux-gnu/bin/../lib/gcc/nios2-elf/10.3.1/../../../../../H-x86_64-pc-linux-gnu/nios2-elf/lib/mno-hw-mul/libc.a(lib_a-memcpy.o)
 .comment       0x000000000000002d       0x2e /home/nikola/intelFPGA_lite/21.1/nios2eds/bin/gnu/H-x86_64-pc-linux-gnu/bin/../lib/gcc/nios2-elf/10.3.1/../../../../../H-x86_64-pc-linux-gnu/nios2-elf/lib/mno-hw-mul/libc.a(lib_a-memmove.o)
 .comment       0x000000000000002d       0x2e /home/nikola/intelFPGA_lite/21.1/nios2eds/bin/gnu/H-x86_64-pc-linux-gnu/bin/../lib/gcc/nios2-elf/10.3.1/../../../../../H-x86_64-pc-linux-gnu/nios2-elf/lib/mno-hw-mul/libc.a(lib_a-memset.o)
 .comment       0x000000000000002d       0x2e /home/nikola/intelFPGA_lite/21.1/nios2eds/bin/gnu/H-x86_64-pc-linux-gnu/bin/../lib/gcc/nios2-elf/10.3.1/../../../../../H-x86_64-pc-linux-gnu/nios2-elf/lib/mno-hw-mul/libc.a(lib_a-reallocr.o)
 .comment       0x000000000000002d       0x2e /home/nikola/intelFPGA_lite/21.1/nios2eds/bin/gnu/H-x86_64-pc-linux-gnu/bin/../lib/gcc/nios2-elf/10.3.1/../../../../../H-x86_64-pc-linux-gnu/nios2-elf/lib/mno-hw-mul/libc.a(lib_a-sbrkr.o)
 .comment       0x000000000000002d       0x2e /home/nikola/intelFPGA_lite/21.1/nios2eds/bin/gnu/H-x86_64-pc-linux-gnu/bin/../lib/gcc/nios2-elf/10.3.1/../../../../../H-x86_64-pc-linux-gnu/nios2-elf/lib/mno-hw-mul/libc.a(lib_a-stdio.o)
 .comment       0x000000000000002d       0x2e /home/nikola/intelFPGA_lite/21.1/nios2eds/bin/gnu/H-x86_64-pc-linux-gnu/bin/../lib/gcc/nios2-elf/10.3.1/../../../../../H-x86_64-pc-linux-gnu/nios2-elf/lib/mno-hw-mul/libc.a(lib_a-writer.o)
 .comment       0x000000000000002d       0x2e /home/nikola/intelFPGA_lite/21.1/nios2eds/bin/gnu/H-x86_64-pc-linux-gnu/bin/../lib/gcc/nios2-elf/10.3.1/../../../../../H-x86_64-pc-linux-gnu/nios2-elf/lib/mno-hw-mul/libc.a(lib_a-wsetup.o)
 .comment       0x000000000000002d       0x2e /home/nikola/intelFPGA_lite/21.1/nios2eds/bin/gnu/H-x86_64-pc-linux-gnu/bin/../lib/gcc/nios2-elf/10.3.1/../../../../../H-x86_64-pc-linux-gnu/nios2-elf/lib/mno-hw-mul/libc.a(closer.o)
 .comment       0x000000000000002d       0x2e /home/nikola/intelFPGA_lite/21.1/nios2eds/bin/gnu/H-x86_64-pc-linux-gnu/bin/../lib/gcc/nios2-elf/10.3.1/../../../../../H-x86_64-pc-linux-gnu/nios2-elf/lib/mno-hw-mul/libc.a(lib_a-fclose.o)
 .comment       0x000000000000002d       0x2e /home/nikola/intelFPGA_lite/21.1/nios2eds/bin/gnu/H-x86_64-pc-linux-gnu/bin/../lib/gcc/nios2-elf/10.3.1/../../../../../H-x86_64-pc-linux-gnu/nios2-elf/lib/mno-hw-mul/libc.a(lib_a-fflush.o)
 .comment       0x000000000000002d       0x2e /home/nikola/intelFPGA_lite/21.1/nios2eds/bin/gnu/H-x86_64-pc-linux-gnu/bin/../lib/gcc/nios2-elf/10.3.1/../../../../../H-x86_64-pc-linux-gnu/nios2-elf/lib/mno-hw-mul/libc.a(lib_a-freer.o)
 .comment       0x000000000000002d       0x2e /home/nikola/intelFPGA_lite/21.1/nios2eds/bin/gnu/H-x86_64-pc-linux-gnu/bin/../lib/gcc/nios2-elf/10.3.1/../../../../../H-x86_64-pc-linux-gnu/nios2-elf/lib/mno-hw-mul/libc.a(lib_a-int_errno.o)
 .comment       0x000000000000002d       0x2e /home/nikola/intelFPGA_lite/21.1/nios2eds/bin/gnu/H-x86_64-pc-linux-gnu/bin/../lib/gcc/nios2-elf/10.3.1/../../../../../H-x86_64-pc-linux-gnu/nios2-elf/lib/mno-hw-mul/libc.a(lib_a-lseekr.o)
 .comment       0x000000000000002d       0x2e /home/nikola/intelFPGA_lite/21.1/nios2eds/bin/gnu/H-x86_64-pc-linux-gnu/bin/../lib/gcc/nios2-elf/10.3.1/../../../../../H-x86_64-pc-linux-gnu/nios2-elf/lib/mno-hw-mul/libc.a(lib_a-makebuf.o)
 .comment       0x000000000000002d       0x2e /home/nikola/intelFPGA_lite/21.1/nios2eds/bin/gnu/H-x86_64-pc-linux-gnu/bin/../lib/gcc/nios2-elf/10.3.1/../../../../../H-x86_64-pc-linux-gnu/nios2-elf/lib/mno-hw-mul/libc.a(lib_a-readr.o)
 .comment       0x000000000000002d       0x2e /home/nikola/intelFPGA_lite/21.1/nios2eds/bin/gnu/H-x86_64-pc-linux-gnu/bin/../lib/gcc/nios2-elf/10.3.1/../../../../../H-x86_64-pc-linux-gnu/nios2-elf/lib/mno-hw-mul/libc.a(lib_a-fstatr.o)
 .comment       0x000000000000002d       0x2e /home/nikola/intelFPGA_lite/21.1/nios2eds/bin/gnu/H-x86_64-pc-linux-gnu/bin/../lib/gcc/nios2-elf/10.3.1/../../../../../H-x86_64-pc-linux-gnu/nios2-elf/lib/mno-hw-mul/libc.a(lib_a-isattyr.o)
 .comment       0x000000000000002d       0x2e /home/nikola/intelFPGA_lite/21.1/nios2eds/bin/gnu/H-x86_64-pc-linux-gnu/bin/../lib/gcc/nios2-elf/10.3.1/mno-hw-mul/libgcc.a(lib2-divmod.o)
 .comment       0x000000000000002d       0x2e /home/nikola/intelFPGA_lite/21.1/nios2eds/bin/gnu/H-x86_64-pc-linux-gnu/bin/../lib/gcc/nios2-elf/10.3.1/mno-hw-mul/libgcc.a(lib2-mul.o)
 .comment       0x000000000000002d       0x2e /home/nikola/PNRS/pnrs-2023/de1-soc-demo/sw/nios/individual/paper_bsp//libhal_bsp.a(alt_close.o)
 .comment       0x000000000000002d       0x2e /home/nikola/PNRS/pnrs-2023/de1-soc-demo/sw/nios/individual/paper_bsp//libhal_bsp.a(alt_dev.o)
 .comment       0x000000000000002d       0x2e /home/nikola/PNRS/pnrs-2023/de1-soc-demo/sw/nios/individual/paper_bsp//libhal_bsp.a(alt_errno.o)
 .comment       0x000000000000002d       0x2e /home/nikola/PNRS/pnrs-2023/de1-soc-demo/sw/nios/individual/paper_bsp//libhal_bsp.a(alt_fstat.o)
 .comment       0x000000000000002d       0x2e /home/nikola/PNRS/pnrs-2023/de1-soc-demo/sw/nios/individual/paper_bsp//libhal_bsp.a(alt_isatty.o)
 .comment       0x000000000000002d       0x2e /home/nikola/PNRS/pnrs-2023/de1-soc-demo/sw/nios/individual/paper_bsp//libhal_bsp.a(alt_load.o)
 .comment       0x000000000000002d       0x2e /home/nikola/PNRS/pnrs-2023/de1-soc-demo/sw/nios/individual/paper_bsp//libhal_bsp.a(alt_lseek.o)
 .comment       0x000000000000002d       0x2e /home/nikola/PNRS/pnrs-2023/de1-soc-demo/sw/nios/individual/paper_bsp//libhal_bsp.a(alt_main.o)
 .comment       0x000000000000002d       0x2e /home/nikola/PNRS/pnrs-2023/de1-soc-demo/sw/nios/individual/paper_bsp//libhal_bsp.a(alt_malloc_lock.o)
 .comment       0x000000000000002d       0x2e /home/nikola/PNRS/pnrs-2023/de1-soc-demo/sw/nios/individual/paper_bsp//libhal_bsp.a(alt_read.o)
 .comment       0x000000000000002d       0x2e /home/nikola/PNRS/pnrs-2023/de1-soc-demo/sw/nios/individual/paper_bsp//libhal_bsp.a(alt_release_fd.o)
 .comment       0x000000000000002d       0x2e /home/nikola/PNRS/pnrs-2023/de1-soc-demo/sw/nios/individual/paper_bsp//libhal_bsp.a(alt_sbrk.o)
 .comment       0x000000000000002d       0x2e /home/nikola/PNRS/pnrs-2023/de1-soc-demo/sw/nios/individual/paper_bsp//libhal_bsp.a(alt_usleep.o)
 .comment       0x000000000000002d       0x2e /home/nikola/PNRS/pnrs-2023/de1-soc-demo/sw/nios/individual/paper_bsp//libhal_bsp.a(alt_write.o)
 .comment       0x000000000000002d       0x2e /home/nikola/PNRS/pnrs-2023/de1-soc-demo/sw/nios/individual/paper_bsp//libhal_bsp.a(alt_sys_init.o)
 .comment       0x000000000000002d       0x2e /home/nikola/PNRS/pnrs-2023/de1-soc-demo/sw/nios/individual/paper_bsp//libhal_bsp.a(altera_avalon_jtag_uart_fd.o)
 .comment       0x000000000000002d       0x2e /home/nikola/PNRS/pnrs-2023/de1-soc-demo/sw/nios/individual/paper_bsp//libhal_bsp.a(altera_avalon_jtag_uart_init.o)
 .comment       0x000000000000002d       0x2e /home/nikola/PNRS/pnrs-2023/de1-soc-demo/sw/nios/individual/paper_bsp//libhal_bsp.a(altera_avalon_jtag_uart_ioctl.o)
 .comment       0x000000000000002d       0x2e /home/nikola/PNRS/pnrs-2023/de1-soc-demo/sw/nios/individual/paper_bsp//libhal_bsp.a(altera_avalon_jtag_uart_read.o)
 .comment       0x000000000000002d       0x2e /home/nikola/PNRS/pnrs-2023/de1-soc-demo/sw/nios/individual/paper_bsp//libhal_bsp.a(altera_avalon_jtag_uart_write.o)
 .comment       0x000000000000002d       0x2e /home/nikola/PNRS/pnrs-2023/de1-soc-demo/sw/nios/individual/paper_bsp//libhal_bsp.a(altera_avalon_mutex.o)
 .comment       0x000000000000002d       0x2e /home/nikola/PNRS/pnrs-2023/de1-soc-demo/sw/nios/individual/paper_bsp//libhal_bsp.a(altera_avalon_timer_sc.o)
 .comment       0x000000000000002d       0x2e /home/nikola/PNRS/pnrs-2023/de1-soc-demo/sw/nios/individual/paper_bsp//libhal_bsp.a(alt_alarm_start.o)
 .comment       0x000000000000002d       0x2e /home/nikola/PNRS/pnrs-2023/de1-soc-demo/sw/nios/individual/paper_bsp//libhal_bsp.a(alt_busy_sleep.o)
 .comment       0x000000000000002d       0x2e /home/nikola/PNRS/pnrs-2023/de1-soc-demo/sw/nios/individual/paper_bsp//libhal_bsp.a(alt_dcache_flush_all.o)
 .comment       0x000000000000002d       0x2e /home/nikola/PNRS/pnrs-2023/de1-soc-demo/sw/nios/individual/paper_bsp//libhal_bsp.a(alt_dev_llist_insert.o)
 .comment       0x000000000000002d       0x2e /home/nikola/PNRS/pnrs-2023/de1-soc-demo/sw/nios/individual/paper_bsp//libhal_bsp.a(alt_do_ctors.o)
 .comment       0x000000000000002d       0x2e /home/nikola/PNRS/pnrs-2023/de1-soc-demo/sw/nios/individual/paper_bsp//libhal_bsp.a(alt_do_dtors.o)
 .comment       0x000000000000002d       0x2e /home/nikola/PNRS/pnrs-2023/de1-soc-demo/sw/nios/individual/paper_bsp//libhal_bsp.a(alt_find_dev.o)
 .comment       0x000000000000002d       0x2e /home/nikola/PNRS/pnrs-2023/de1-soc-demo/sw/nios/individual/paper_bsp//libhal_bsp.a(alt_icache_flush_all.o)
 .comment       0x000000000000002d       0x2e /home/nikola/PNRS/pnrs-2023/de1-soc-demo/sw/nios/individual/paper_bsp//libhal_bsp.a(alt_iic.o)
 .comment       0x000000000000002d       0x2e /home/nikola/PNRS/pnrs-2023/de1-soc-demo/sw/nios/individual/paper_bsp//libhal_bsp.a(alt_iic_isr_register.o)
 .comment       0x000000000000002d       0x2e /home/nikola/PNRS/pnrs-2023/de1-soc-demo/sw/nios/individual/paper_bsp//libhal_bsp.a(alt_io_redirect.o)
 .comment       0x000000000000002d       0x2e /home/nikola/PNRS/pnrs-2023/de1-soc-demo/sw/nios/individual/paper_bsp//libhal_bsp.a(alt_irq_handler.o)
 .comment       0x000000000000002d       0x2e /home/nikola/PNRS/pnrs-2023/de1-soc-demo/sw/nios/individual/paper_bsp//libhal_bsp.a(alt_irq_vars.o)